03-25 09:36:33.261  2397  5615 I MiuiSplitInputMethodImpl: Skpi check shouldUpdateImeTargetForBackScreen.
03-25 09:36:33.261  2397  5615 I MiuiSplitInputMethodImpl: Skpi check shouldUpdateImeTargetForBackScreen.
03-25 09:36:33.261  2397  5615 I MiuiSplitInputMethodImpl: Skpi check shouldUpdateImeTargetForBackScreen.
03-25 09:36:33.261  2397  5615 I MiuiSplitInputMethodImpl: Skpi check shouldUpdateImeTargetForBackScreen.
03-25 09:36:33.261  2397  5615 I MiuiSplitInputMethodImpl: Skpi check shouldUpdateImeTargetForBackScreen.
03-25 09:36:33.261  2397  5615 I MiuiSplitInputMethodImpl: Skpi check shouldUpdateImeTargetForBackScreen.
03-25 09:36:33.261  2397  5615 I MiuiSplitInputMethodImpl: Skpi check shouldUpdateImeTargetForBackScreen.
03-25 09:36:33.261  2397  5615 I MiuiSplitInputMethodImpl: Skpi check shouldUpdateImeTargetForBackScreen.
03-25 09:36:33.261  2397  5615 I MiuiSplitInputMethodImpl: Skpi check shouldUpdateImeTargetForBackScreen.
03-25 09:36:33.261  2397  5615 I MiuiSplitInputMethodImpl: Skpi check shouldUpdateImeTargetForBackScreen.
03-25 09:36:33.261  2397  5615 I MiuiSplitInputMethodImpl: Skpi check shouldUpdateImeTargetForBackScreen.
03-25 09:36:33.261  2397  5615 I MiuiSplitInputMethodImpl: Skpi check shouldUpdateImeTargetForBackScreen.
03-25 09:36:33.261  2397  5615 I MiuiSplitInputMethodImpl: Skpi check shouldUpdateImeTargetForBackScreen.
03-25 09:36:33.261  2397  5615 I MiuiSplitInputMethodImpl: Skpi check shouldUpdateImeTargetForBackScreen.
03-25 09:36:33.261  2397  5615 I MiuiSplitInputMethodImpl: Skpi check shouldUpdateImeTargetForBackScreen.
03-25 09:36:33.261  2397  5615 I MiuiSplitInputMethodImpl: Skpi check shouldUpdateImeTargetForBackScreen.
03-25 09:36:33.261  2397  5615 I WindowManager: Allow fixed rotation for not collecting:ActivityRecord{169678592 u0 com.rootguard.app/.MainActivity t2334}
03-25 09:36:33.265  2397  5615 D BarFollowAnimation: pairAppearanceRegionAndWin win=Window{723e548 u0 Splash Screen com.rootguard.app} 0
03-25 09:36:33.265  2397  5615 D BarFollowAnimation: isAppTaskBarOnTop win:Window{723e548 u0 Splash Screen com.rootguard.app} (mCurrentTopTask:Task{7a0857e #2334 type=standard A=10438:com.rootguard.app} : true); (mAssociatedTask:Task{7a0857e #2334 type=standard A=10438:com.rootguard.app} : true); (mHomeTask:Task{3542c5 #1 type=home} : false); mReparentToOriginParent:false mLastAppBarVisible:true mLastHomeBarVisible:false
03-25 09:36:33.265  2397  5615 D WindowManager: updateSystemBarAttributes displayId: 16777216 Window{723e548 u0 Splash Screen com.rootguard.app} winAppearance=
03-25 09:36:33.265  2397  5615 D MiuiRefreshRatePolicy: reset
03-25 09:36:33.266  2397  5615 I WindowManager: Allow fixed rotation for not collecting:ActivityRecord{169678592 u0 com.rootguard.app/.MainActivity t2334}
03-25 09:36:33.267  2397  3084 D WmSystemUiDebug: on system bar attributes changed displayId=16777216 appearance= appearanceRegions=[AppearanceRegion{ bounds=[0,0][1080,2400]}] navbarColorManagedByIme=false behavior=1 requestedVisibleTypes=[statusBars navigationBars captionBar systemGestures mandatorySystemGestures tappableElement displayCutout windowDecor systemOverlays] packageName=com.rootguard.app letterboxDetails=[]
03-25 09:36:33.273  2397  3088 D BarFollowAnimation: pairAppearanceRegionAndWin win=Window{723e548 u0 Splash Screen com.rootguard.app} 0
03-25 09:36:33.273  2397  3088 D BarFollowAnimation: isAppTaskBarOnTop win:Window{723e548 u0 Splash Screen com.rootguard.app} (mCurrentTopTask:Task{7a0857e #2334 type=standard A=10438:com.rootguard.app} : true); (mAssociatedTask:Task{7a0857e #2334 type=standard A=10438:com.rootguard.app} : true); (mHomeTask:Task{3542c5 #1 type=home} : false); mReparentToOriginParent:false mLastAppBarVisible:true mLastHomeBarVisible:false
03-25 09:36:33.273  2397  3088 D MiuiRefreshRatePolicy: reset
03-25 09:36:33.274  2397  3088 I WindowManager: wms.showSurfaceRobustly mWin:Window{bb27da4 u0 Toast} in Surface(name=Toast#354)/@0x5e0d0e
03-25 09:36:33.289  2397  3088 I DisplayPolicyStubImpl: com.android.server.wm.WindowState hide ime, enable touchboost
03-25 09:36:33.289  2397  3088 I DisplayPolicyStubImpl: com.android.server.wm.WindowState hide ime, enable touchboost
03-25 09:36:33.327  2397  3269 E BatteryStatsService: note StopAudioToPower BatteryStatsservices10383 8526 113 52 2
03-25 09:36:33.328  2397  3269 D ProcessManager: add temp remove audio inactive uid : 10383
03-25 09:36:33.338 19606 19606 D Activity: Activity = ActivityInfo{ea46d80 com.rootguard.app.MainActivity}, Resume onConfigurationChanged = {1.0 460mcc?mnc [zh_CN] ldltr sw411dp w411dp h875dp 420dpi nrml long hdr widecg port finger -keyb/v/h -nav/h winConfig={ mBounds=Rect(0, 0 - 1080, 2400) mAppBounds=Rect(0, 104 - 1080, 2400) mMaxBounds=Rect(0, 0 - 1080, 2400) mDisplayRotation=ROTATION_0 mWindowingMode=fullscreen mActivityType=standard mAlwaysOnTop=undefined mRotation=ROTATION_0 mInSplitScreen=false letterBoxed=false foScaled=false isSpecificEmbedded=false embeddingScale=1.0} as.3 s.2 fontWeightAdjustment=0/dc themeChanged=0 themeChangedFlags=0 display=0 extraData = Bundle[{}] screenType=0c}
03-25 09:36:33.346  2397  5615 I DataHub : registerUIAgentListener packageName: com.rootguard.app~10438, client:miui.security.IUIAgentInteractionClient$Stub$Proxy@9390d6c
03-25 09:36:33.346  2397  5615 I RemoteCallbackList: register success, put callback for com.rootguard.app~10438
03-25 09:36:33.350 19606 19606 D FramePredict: init success
03-25 09:36:33.350  2397  5196 W ActivityManager: Permission Denial: getCurrentUser() from pid=19606, uid=10438 requires android.permission.INTERACT_ACROSS_USERS
03-25 09:36:33.351 19606 26417 E FramePredict: registerContentObserver fail
03-25 09:36:33.352  2397  5607 D ProcessManager: beginSchedThreads is not Enabled
03-25 09:36:33.355  2397  5607 I MiuiSplitInputMethodImpl: Skpi check shouldUpdateImeTargetForBackScreen.
03-25 09:36:33.355  2397  5607 I MiuiSplitInputMethodImpl: Skpi check shouldUpdateImeTargetForBackScreen.
03-25 09:36:33.355  2397  5607 I MiuiSplitInputMethodImpl: Skpi check shouldUpdateImeTargetForBackScreen.
03-25 09:36:33.355  2397  5607 I MiuiSplitInputMethodImpl: Skpi check shouldUpdateImeTargetForBackScreen.
03-25 09:36:33.355  2397  5607 I MiuiSplitInputMethodImpl: Skpi check shouldUpdateImeTargetForBackScreen.
03-25 09:36:33.355  2397  5607 I MiuiSplitInputMethodImpl: Skpi check shouldUpdateImeTargetForBackScreen.
03-25 09:36:33.355  2397  5607 I MiuiSplitInputMethodImpl: Skpi check shouldUpdateImeTargetForBackScreen.
03-25 09:36:33.355  2397  5607 I MiuiSplitInputMethodImpl: Skpi check shouldUpdateImeTargetForBackScreen.
03-25 09:36:33.355  2397  5607 I MiuiSplitInputMethodImpl: Skpi check shouldUpdateImeTargetForBackScreen.
03-25 09:36:33.355  2397  5607 I MiuiSplitInputMethodImpl: Skpi check shouldUpdateImeTargetForBackScreen.
03-25 09:36:33.355  2397  5607 I MiuiSplitInputMethodImpl: Skpi check shouldUpdateImeTargetForBackScreen.
03-25 09:36:33.355  2397  5607 I MiuiSplitInputMethodImpl: Skpi check shouldUpdateImeTargetForBackScreen.
03-25 09:36:33.355  2397  5607 I MiuiSplitInputMethodImpl: Skpi check shouldUpdateImeTargetForBackScreen.
03-25 09:36:33.355  2397  5607 I MiuiSplitInputMethodImpl: Skpi check shouldUpdateImeTargetForBackScreen.
03-25 09:36:33.355  2397  5607 I MiuiSplitInputMethodImpl: Skpi check shouldUpdateImeTargetForBackScreen.
03-25 09:36:33.356  2397  5607 I MiuiSplitInputMethodImpl: Skpi check shouldUpdateImeTargetForBackScreen.
03-25 09:36:33.356  2397  5607 I MiuiSplitInputMethodImpl: Skpi check shouldUpdateImeTargetForBackScreen.
03-25 09:36:33.356  2397  5607 I MiuiSplitInputMethodImpl: Skpi check shouldUpdateImeTargetForBackScreen.
03-25 09:36:33.356  2397  5607 I MiuiSplitInputMethodImpl: Skpi check shouldUpdateImeTargetForBackScreen.
03-25 09:36:33.356  2397  5607 I MiuiSplitInputMethodImpl: Skpi check shouldUpdateImeTargetForBackScreen.
03-25 09:36:33.360  2397  2397 W AccessibilityManagerService:  wait for adding window timeout: 30
03-25 09:36:33.362 19606 19606 D DecorViewImmersiveImpl: getWindowType: 1 title:com.rootguard.app/com.rootguard.app.MainActivity
03-25 09:36:33.362 19606 19606 D MiuiNBIManagerImpl: init success, pkgName=com.rootguard.app mIsNBIEnable=false mDisableVersionCode=-1 mActivityRulesSize=0
03-25 09:36:33.362 19606 19606 D DecorViewImmersiveImpl: isNBIEnable=false
03-25 09:36:33.421  2397  5607 D BarFollowAnimation: onTaskInfoChanedForCaptionBar Task{7a0857e #2334 type=standard A=10438:com.rootguard.app} shouldbeVisible:true isVisible:true isOnTop:true windowMode:1 preDisplayId:-1 displayId:0 mCaptionAssociatedTask:null mIsTouchedInCaption:false
03-25 09:36:33.423  2397  5607 D CoreBackPreview: Window{780aa17 u0 com.rootguard.app/com.rootguard.app.MainActivity}: Setting back callback OnBackInvokedCallbackInfo{mCallback=android.window.IOnBackInvokedCallback$Stub$Proxy@ca09670, mPriority=0, mIsAnimationCallback=false, mOverrideBehavior=0}
03-25 09:36:33.429  2397  4729 I ProcessManager: getRenderThreadTidByPid, caller=2397
03-25 09:36:33.441  2397  5952 D BarFollowAnimation: onTaskInfoChanedForCaptionBar Task{7a0857e #2334 type=standard A=10438:com.rootguard.app} shouldbeVisible:true isVisible:true isOnTop:true windowMode:1 preDisplayId:-1 displayId:0 mCaptionAssociatedTask:null mIsTouchedInCaption:false
03-25 09:36:33.442  2397  5196 D BarFollowAnimation: pairAppearanceRegionAndWin win=Window{723e548 u0 Splash Screen com.rootguard.app} 0
03-25 09:36:33.442  2397  5196 D BarFollowAnimation: isAppTaskBarOnTop win:Window{723e548 u0 Splash Screen com.rootguard.app} (mCurrentTopTask:Task{7a0857e #2334 type=standard A=10438:com.rootguard.app} : true); (mAssociatedTask:Task{7a0857e #2334 type=standard A=10438:com.rootguard.app} : true); (mHomeTask:Task{3542c5 #1 type=home} : false); mReparentToOriginParent:false mLastAppBarVisible:true mLastHomeBarVisible:false
03-25 09:36:33.442  2397  5196 D MiuiRefreshRatePolicy: reset
03-25 09:36:33.443  2397  5196 I MiuiSplitInputMethodImpl: Skpi check shouldUpdateImeTargetForBackScreen.
03-25 09:36:33.443  2397  5196 I MiuiSplitInputMethodImpl: Skpi check shouldUpdateImeTargetForBackScreen.
03-25 09:36:33.443  2397  5196 I MiuiSplitInputMethodImpl: Skpi check shouldUpdateImeTargetForBackScreen.
03-25 09:36:33.443  2397  5196 I MiuiSplitInputMethodImpl: Skpi check shouldUpdateImeTargetForBackScreen.
03-25 09:36:33.443  2397  5196 I MiuiSplitInputMethodImpl: Skpi check shouldUpdateImeTargetForBackScreen.
03-25 09:36:33.443  2397  5196 I MiuiSplitInputMethodImpl: Skpi check shouldUpdateImeTargetForBackScreen.
03-25 09:36:33.443  2397  5196 I MiuiSplitInputMethodImpl: Skpi check shouldUpdateImeTargetForBackScreen.
03-25 09:36:33.443  2397  5196 I MiuiSplitInputMethodImpl: Skpi check shouldUpdateImeTargetForBackScreen.
03-25 09:36:33.443  2397  5196 I MiuiSplitInputMethodImpl: Skpi check shouldUpdateImeTargetForBackScreen.
03-25 09:36:33.443  2397  5196 I MiuiSplitInputMethodImpl: Skpi check shouldUpdateImeTargetForBackScreen.
03-25 09:36:33.443  2397  5196 I MiuiSplitInputMethodImpl: Skpi check shouldUpdateImeTargetForBackScreen.
03-25 09:36:33.443  2397  5196 I MiuiSplitInputMethodImpl: Skpi check shouldUpdateImeTargetForBackScreen.
03-25 09:36:33.443  2397  5196 I MiuiSplitInputMethodImpl: Skpi check shouldUpdateImeTargetForBackScreen.
03-25 09:36:33.443  2397  5196 I MiuiSplitInputMethodImpl: Skpi check shouldUpdateImeTargetForBackScreen.
03-25 09:36:33.443  2397  5196 I MiuiSplitInputMethodImpl: Skpi check shouldUpdateImeTargetForBackScreen.
03-25 09:36:33.443  2397  5196 I MiuiSplitInputMethodImpl: Skpi check shouldUpdateImeTargetForBackScreen.
03-25 09:36:33.443  2397  5196 I MiuiSplitInputMethodImpl: Skpi check shouldUpdateImeTargetForBackScreen.
03-25 09:36:33.443  2397  5196 I MiuiSplitInputMethodImpl: Skpi check shouldUpdateImeTargetForBackScreen.
03-25 09:36:33.443  2397  5196 I MiuiSplitInputMethodImpl: Skpi check shouldUpdateImeTargetForBackScreen.
03-25 09:36:33.443  2397  5196 I MiuiSplitInputMethodImpl: Skpi check shouldUpdateImeTargetForBackScreen.
03-25 09:36:33.443  2397  5196 D BarFollowAnimation: isAppTaskBarOnTop win:Window{780aa17 u0 com.rootguard.app/com.rootguard.app.MainActivity} (mCurrentTopTask:Task{7a0857e #2334 type=standard A=10438:com.rootguard.app} : true); (mAssociatedTask:Task{7a0857e #2334 type=standard A=10438:com.rootguard.app} : true); (mHomeTask:Task{3542c5 #1 type=home} : false); mReparentToOriginParent:false mLastAppBarVisible:true mLastHomeBarVisible:false
03-25 09:36:33.444  5503  5715 I MultiTaskingTaskInfo: MultiTaskingBaseTaskInfo::update::mTaskBounds = Rect(0, 0 - 1080, 2400), mTaskId = 2334
03-25 09:36:33.444  2397  5196 D WindowManager: updateSystemBarAttributes displayId: 16777216 Window{780aa17 u0 com.rootguard.app/com.rootguard.app.MainActivity} winAppearance=LIGHT_STATUS_BARS LIGHT_NAVIGATION_BARS
03-25 09:36:33.444  2397  5196 D WindowManager: wms.Input focus has changed to Window{780aa17 u0 com.rootguard.app/com.rootguard.app.MainActivity} display=0 updateInputWindows = true
03-25 09:36:33.444  2397  5196 I MultiSenceManagerInternalStub: getInstance
03-25 09:36:33.444  2397  5196 I WindowManager: Allow fixed rotation for not collecting:ActivityRecord{169678592 u0 com.rootguard.app/.MainActivity t2334}
03-25 09:36:33.444  2397  3084 D WmSystemUiDebug: on system bar attributes changed displayId=16777216 appearance=LIGHT_STATUS_BARS appearanceRegions=[AppearanceRegion{ bounds=[0,0][1080,2400]}] navbarColorManagedByIme=false behavior=1 requestedVisibleTypes=[statusBars navigationBars captionBar systemGestures mandatorySystemGestures tappableElement displayCutout windowDecor systemOverlays] packageName=com.rootguard.app letterboxDetails=[]
03-25 09:36:33.445  5503  5715 D MultiTaskingTransitionsHelper: skip updateBaseAnimParam taskId: 2334 pendingTransitions: [] readyDuringSync: [] tracks: [Track #0 activeTransition: {id=13 t=OPEN f=0x0 trk=0 r=[0@Point(0, 0)] c=[{m=OPEN f=NONE leash=Surface(name=Task=2334#340)/@0x5c5f19c sb=Rect(0, 0 - 1080, 2400) eb=Rect(0, 0 - 1080, 2400) epz=Point(1080, 2400) d=0 taskParent=-1 v=trueMiuiChangeImpl {miuiEmbedding:false, scale:1.0}},{m=TO_BACK f=NONE leash=Surface(name=Task=2333#191)/@0x2928b2b sb=Rect(0, 0 - 1080, 2400) eb=Rect(0, 0 - 1080, 2400) epz=Point(1080, 2400) d=0 taskParent=-1 v=falseMiuiChangeImpl {miuiEmbedding:false, scale:1.0}}] mk=[false] noAni=[false] df=[false] rsa=[false] oa=[false] nc=[0] ho=[false] hla=[true] iSync=[-1]}android.os.BinderProxy@e4a2540 readyTransitions: []]
03-25 09:36:33.446  5503  5715 I MultiTaskingTaskRepository: onTaskInfoChanged::taskId = 2334, windowingMode = 1, mMultiWindowTaskIdsInZOrder = [5, 4], mFullscreenTaskIdsInZOrder = [2334, 2333], mFreeformTaskIdsInZOrder = [], mTasks: 2334, 2333, 8, 7, 6, 5, 4, 3, 1, 
03-25 09:36:33.446  5503  5715 D MiuiDecorationController: relayout:: taskId=2334 mRunningTaskInfo.mStatusBarParent=Surface(name=StatusBar Container of Task = 2334#342)/@0xa9e3ce7 taskInfo.mStatusBarParent=Surface(name=StatusBar Container of Task = 2334#342)/@0xddefdd5
03-25 09:36:33.446  5503  5715 D MiuiDecorationController: relayout:: taskId=2334 mRunningTaskInfo.mNavBarParent=Surface(name=NavigationBar Container of Task = 2334#341)/@0xd988094 taskInfo.mNavBarParent=Surface(name=NavigationBar Container of Task = 2334#341)/@0x10729ea
03-25 09:36:33.446  5503  5715 D MiuiDecorationController: relayout::taskId=2334, visible=true, bounds=Rect(0, 0 - 1080, 2400), focused=true, oldImmersive=false, newImmersive=false, windowMode=1, activityType=1, displayId=0, baseActivity=ComponentInfo{com.rootguard.app/com.rootguard.app.MainActivity}, topActivity=ComponentInfo{com.rootguard.app/com.rootguard.app.MainActivity}, callers=com.android.wm.shell.multitasking.miuimultiwinswitch.miuiwindowdecor.decoration.MiuiDecorationController.relayout:4 com.android.wm.shell.multitasking.miuimultiwinswitch.miuiwindowdecor.MulWinSwitchDecorViewModel.onTaskInfoChanged:18 com.android.wm.shell.multitasking.common.taskmanager.MultiTaskingTaskListener.onTaskInfoChanged:47 com.android.wm.shell.ShellTaskOrganizer.onTaskInfoChanged:136 android.window.TaskOrganizer$1.lambda$onTaskInfoChanged$6:300 
03-25 09:36:33.446  5503  5715 D MiuiDecorationDot: needTopCaption: isFullscreen = true isPadDevice = false isFoldInnerScreen = false canShowCaptionWhenCasting = false
03-25 09:36:33.446  5503  5715 D MiuiDecorationDot: releaseViews_TopCaption: taskId=2334
03-25 09:36:33.446  5503  5715 D MiuiDecorationDot: releaseViews_TopCaption: taskId=2334
03-25 09:36:33.446  5503  5715 D MiuiDecorationBottom: needBottomCaption: needSupportNavigationHandle = false
03-25 09:36:33.446  5503  5715 D MiuiDecorationBottom: releaseViews_BottomCaption: taskId=2334
03-25 09:36:33.446  5503  5715 D MiuiDecorationBottom: releaseViews_BottomCaption: taskId=2334
03-25 09:36:33.448  2397  6994 E TransitionChain: Can't collect into a chain with no transition
03-25 09:36:33.448  2397  6994 D ActivityTaskManager:  setSkipCaptureLayers tr: Task{7a0857e #2334 type=standard A=10438:com.rootguard.app}
03-25 09:36:33.455  2397  3088 I DisplayPolicyStubImpl: com.android.server.wm.WindowState hide ime, enable touchboost
03-25 09:36:33.456  2397  3088 I DisplayPolicyStubImpl: com.android.server.wm.WindowState hide ime, enable touchboost
03-25 09:36:33.462 19606 19606 I NativeTurboSchedManager: Load libmiui_runtime
03-25 09:36:33.463  2397  5099 D WindowManager: wms.finishDrawingLocked: mDrawState=COMMIT_DRAW_PENDING Window{780aa17 u0 com.rootguard.app/com.rootguard.app.MainActivity} in Surface(name=com.rootguard.app/com.rootguard.app.MainActivity#358)/@0x8d65de9
03-25 09:36:33.464  2397  3088 D BarFollowAnimation: pairAppearanceRegionAndWin win=Window{723e548 u0 Splash Screen com.rootguard.app} 0
03-25 09:36:33.464  2397  3088 D BarFollowAnimation: isAppTaskBarOnTop win:Window{780aa17 u0 com.rootguard.app/com.rootguard.app.MainActivity} (mCurrentTopTask:Task{7a0857e #2334 type=standard A=10438:com.rootguard.app} : true); (mAssociatedTask:Task{7a0857e #2334 type=standard A=10438:com.rootguard.app} : true); (mHomeTask:Task{3542c5 #1 type=home} : false); mReparentToOriginParent:false mLastAppBarVisible:true mLastHomeBarVisible:false
03-25 09:36:33.465  2397  3088 D MiuiRefreshRatePolicy: reset
03-25 09:36:33.465  2397  3088 D WindowManager: wms.commitFinishDrawingLocked: mDrawState=READY_TO_SHOW Window{780aa17 u0 com.rootguard.app/com.rootguard.app.MainActivity} in Surface(name=com.rootguard.app/com.rootguard.app.MainActivity#358)/@0x8d65de9
03-25 09:36:33.466  2397  3088 I WindowManager: onFirstWindowDrawn, try to remove startingWindow. ar: ActivityRecord{169678592 u0 com.rootguard.app/.MainActivity t2334}  associatedTask: null  isMainWindow: true  startingWindow: Window{723e548 u0 Splash Screen com.rootguard.app}  startingData: SplashScreenStartingData{2b3d5fb removeAfterTransaction= 0}
03-25 09:36:33.466  2397  3088 D PreStartingManager: Reset colorSurfaceControl: Surface(name=PreColorStarting#344)/@0xd2dd871  ColorSurfaceSize: 0
03-25 09:36:33.466  2397  3088 D TaskSnapshot_Helper: shouldDelay()... Not launched by home, no delay needed.
03-25 09:36:33.468  2397  3088 I ATMSImpl: No snapshot since not start by launcher, activity=com.rootguard.app/.MainActivity
03-25 09:36:33.469  2397  3088 I SmartPower: Miui monitor launch : com.rootguard.app/.MainActivity  transitionTime:390  launchTime:677  launchFrom:com.ss.android.ugc.aweme  launchType:1
03-25 09:36:33.469  2397  3088 I Perf[AppStartScene]: onSceneChangeNotify:Bundle[{renderThreadId=26394, pid=19606, uid=10438, name=com.rootguard.app.MainActivity, type=1, begin=false, state=0, processName=com.rootguard.app, packageName=com.rootguard.app}]
03-25 09:36:33.472  2397  3088 D BarFollowAnimation: pairAppearanceRegionAndWin win=Window{723e548 u0 Splash Screen com.rootguard.app} 0
03-25 09:36:33.472  2397  3088 D BarFollowAnimation: isAppTaskBarOnTop win:Window{780aa17 u0 com.rootguard.app/com.rootguard.app.MainActivity} (mCurrentTopTask:Task{7a0857e #2334 type=standard A=10438:com.rootguard.app} : true); (mAssociatedTask:Task{7a0857e #2334 type=standard A=10438:com.rootguard.app} : true); (mHomeTask:Task{3542c5 #1 type=home} : false); mReparentToOriginParent:false mLastAppBarVisible:true mLastHomeBarVisible:false
03-25 09:36:33.472  2397  3088 D MiuiRefreshRatePolicy: reset
03-25 09:36:33.474  2397  3088 I WindowManager: wms.showSurfaceRobustly mWin:Window{780aa17 u0 com.rootguard.app/com.rootguard.app.MainActivity} in Surface(name=com.rootguard.app/com.rootguard.app.MainActivity#358)/@0x8d65de9
03-25 09:36:33.476  2397  5615 D CoreBackPreview: Window{723e548 u0 Splash Screen com.rootguard.app}: Setting back callback null
03-25 09:36:33.478  2397  5099 D WindowManager: Starting window removed Window{723e548 u0 Splash Screen com.rootguard.app}
03-25 09:36:33.479  2397  5099 W AppCompatLetterboxPolicy: start not layout letterbox Window{723e548 u0 Splash Screen com.rootguard.app EXITING}
03-25 09:36:33.479  2397  5099 D BarFollowAnimation: pairAppearanceRegionAndWin win=Window{723e548 u0 Splash Screen com.rootguard.app EXITING} 0
03-25 09:36:33.479  2397  5099 D BarFollowAnimation: isAppTaskBarOnTop win:Window{780aa17 u0 com.rootguard.app/com.rootguard.app.MainActivity} (mCurrentTopTask:Task{7a0857e #2334 type=standard A=10438:com.rootguard.app} : true); (mAssociatedTask:Task{7a0857e #2334 type=standard A=10438:com.rootguard.app} : true); (mHomeTask:Task{3542c5 #1 type=home} : false); mReparentToOriginParent:false mLastAppBarVisible:true mLastHomeBarVisible:false
03-25 09:36:33.479  2397  5099 D MiuiRefreshRatePolicy: reset
03-25 09:36:33.480  2397  3088 D BarFollowAnimation: pairAppearanceRegionAndWin win=Window{723e548 u0 Splash Screen com.rootguard.app EXITING} 0
03-25 09:36:33.480  2397  3088 D BarFollowAnimation: isAppTaskBarOnTop win:Window{780aa17 u0 com.rootguard.app/com.rootguard.app.MainActivity} (mCurrentTopTask:Task{7a0857e #2334 type=standard A=10438:com.rootguard.app} : true); (mAssociatedTask:Task{7a0857e #2334 type=standard A=10438:com.rootguard.app} : true); (mHomeTask:Task{3542c5 #1 type=home} : false); mReparentToOriginParent:false mLastAppBarVisible:true mLastHomeBarVisible:false
03-25 09:36:33.480  2397  3088 D MiuiRefreshRatePolicy: reset
03-25 09:36:33.566  2397  4746 I SmartPower: com.google.android.gms/10129(7336): background->idle(3002ms) R(service start com.google.android.gms/.statementservice.OperationService) adj=500.
03-25 09:36:33.605  2397  5952 D BarFollowAnimation: onTaskInfoChanedForCaptionBar Task{7a0857e #2334 type=standard A=10438:com.rootguard.app} shouldbeVisible:true isVisible:true isOnTop:true windowMode:1 preDisplayId:-1 displayId:0 mCaptionAssociatedTask:null mIsTouchedInCaption:false
03-25 09:36:33.629  2397  3088 I WindowManager: StartingWindow exit animation finished, win = Window{723e548 u0 Splash Screen com.rootguard.app EXITING} remove = true
03-25 09:36:33.629  2397  3088 I WindowManager: wms.hideSurface mWin:Window{723e548 u0 Splash Screen com.rootguard.app EXITING} reason:(onExitAnimationDone) in Surface(name=Splash Screen com.rootguard.app#346)/@0xbc5c4bf
03-25 09:36:33.629  2397  3088 I MiuiSplitInputMethodImpl: Skpi check shouldUpdateImeTargetForBackScreen.
03-25 09:36:33.629  2397  3088 I MiuiSplitInputMethodImpl: Skpi check shouldUpdateImeTargetForBackScreen.
03-25 09:36:33.629  2397  3088 I MiuiSplitInputMethodImpl: Skpi check shouldUpdateImeTargetForBackScreen.
03-25 09:36:33.629  2397  3088 I MiuiSplitInputMethodImpl: Skpi check shouldUpdateImeTargetForBackScreen.
03-25 09:36:33.629  2397  3088 I MiuiSplitInputMethodImpl: Skpi check shouldUpdateImeTargetForBackScreen.
03-25 09:36:33.629  2397  3088 I MiuiSplitInputMethodImpl: Skpi check shouldUpdateImeTargetForBackScreen.
03-25 09:36:33.629  2397  3088 I MiuiSplitInputMethodImpl: Skpi check shouldUpdateImeTargetForBackScreen.
03-25 09:36:33.629  2397  3088 I MiuiSplitInputMethodImpl: Skpi check shouldUpdateImeTargetForBackScreen.
03-25 09:36:33.629  2397  3088 I MiuiSplitInputMethodImpl: Skpi check shouldUpdateImeTargetForBackScreen.
03-25 09:36:33.629  2397  3088 I MiuiSplitInputMethodImpl: Skpi check shouldUpdateImeTargetForBackScreen.
03-25 09:36:33.629  2397  3088 I MiuiSplitInputMethodImpl: Skpi check shouldUpdateImeTargetForBackScreen.
03-25 09:36:33.629  2397  3088 I MiuiSplitInputMethodImpl: Skpi check shouldUpdateImeTargetForBackScreen.
03-25 09:36:33.630  2397  3088 I MiuiSplitInputMethodImpl: Skpi check shouldUpdateImeTargetForBackScreen.
03-25 09:36:33.630  2397  3088 I MiuiSplitInputMethodImpl: Skpi check shouldUpdateImeTargetForBackScreen.
03-25 09:36:33.630  2397  3088 I MiuiSplitInputMethodImpl: Skpi check shouldUpdateImeTargetForBackScreen.
03-25 09:36:33.630  2397  3088 I MiuiSplitInputMethodImpl: Skpi check shouldUpdateImeTargetForBackScreen.
03-25 09:36:33.630  2397  3088 I MiuiSplitInputMethodImpl: Skpi check shouldUpdateImeTargetForBackScreen.
03-25 09:36:33.630  2397  3088 I MiuiSplitInputMethodImpl: Skpi check shouldUpdateImeTargetForBackScreen.
03-25 09:36:33.630  2397  3088 I MiuiSplitInputMethodImpl: Skpi check shouldUpdateImeTargetForBackScreen.
03-25 09:36:33.630  2397  3088 I MiuiSplitInputMethodImpl: Skpi check shouldUpdateImeTargetForBackScreen.
03-25 09:36:33.630  2397  3088 D WindowManager: postWindowRemoveCleanupLocked: Removing startingWindow Window{723e548 u0 Splash Screen com.rootguard.app} from ActivityRecord{169678592 u0 com.rootguard.app/.MainActivity t2334} activity = ActivityRecord{169678592 u0 com.rootguard.app/.MainActivity t2334}
03-25 09:36:33.630  2397  3088 D BarFollowAnimation: pairAppearanceRegionAndWin win=Window{780aa17 u0 com.rootguard.app/com.rootguard.app.MainActivity} 8
03-25 09:36:33.630  2397  3088 D BarFollowAnimation: isAppTaskBarOnTop win:Window{780aa17 u0 com.rootguard.app/com.rootguard.app.MainActivity} (mCurrentTopTask:Task{7a0857e #2334 type=standard A=10438:com.rootguard.app} : true); (mAssociatedTask:Task{7a0857e #2334 type=standard A=10438:com.rootguard.app} : true); (mHomeTask:Task{3542c5 #1 type=home} : false); mReparentToOriginParent:false mLastAppBarVisible:true mLastHomeBarVisible:false
03-25 09:36:33.630  2397  3088 D BarFollowAnimation: updateSystemBarAttributes index=0 statusId=1 key=1
03-25 09:36:33.631  2397  3088 D WindowManager: updateSystemBarAttributes displayId: 16777216 Window{780aa17 u0 com.rootguard.app/com.rootguard.app.MainActivity} winAppearance=LIGHT_STATUS_BARS LIGHT_NAVIGATION_BARS
03-25 09:36:33.631  2397  3088 D MiuiRefreshRatePolicy: reset
03-25 09:36:33.631  2397  3084 D WmSystemUiDebug: on system bar attributes changed displayId=16777216 appearance=LIGHT_STATUS_BARS appearanceRegions=[AppearanceRegion{LIGHT_STATUS_BARS bounds=[0,0][1080,2400]}] navbarColorManagedByIme=false behavior=1 requestedVisibleTypes=[statusBars navigationBars captionBar systemGestures mandatorySystemGestures tappableElement displayCutout windowDecor systemOverlays] packageName=com.rootguard.app letterboxDetails=[]
03-25 09:36:33.634  5503  5715 I MultiTaskingTaskInfo: MultiTaskingBaseTaskInfo::update::mTaskBounds = Rect(0, 0 - 1080, 2400), mTaskId = 2334
03-25 09:36:33.634  5503  5715 D MultiTaskingTransitionsHelper: skip updateBaseAnimParam taskId: 2334 pendingTransitions: [] readyDuringSync: [] tracks: [Track #0 activeTransition: {id=13 t=OPEN f=0x0 trk=0 r=[0@Point(0, 0)] c=[{m=OPEN f=NONE leash=Surface(name=Task=2334#340)/@0x5c5f19c sb=Rect(0, 0 - 1080, 2400) eb=Rect(0, 0 - 1080, 2400) epz=Point(1080, 2400) d=0 taskParent=-1 v=trueMiuiChangeImpl {miuiEmbedding:false, scale:1.0}},{m=TO_BACK f=NONE leash=Surface(name=Task=2333#191)/@0x2928b2b sb=Rect(0, 0 - 1080, 2400) eb=Rect(0, 0 - 1080, 2400) epz=Point(1080, 2400) d=0 taskParent=-1 v=falseMiuiChangeImpl {miuiEmbedding:false, scale:1.0}}] mk=[false] noAni=[false] df=[false] rsa=[false] oa=[false] nc=[0] ho=[false] hla=[true] iSync=[-1]}android.os.BinderProxy@e4a2540 readyTransitions: []]
03-25 09:36:33.634  5503  5715 I MultiTaskingTaskRepository: onTaskInfoChanged::taskId = 2334, windowingMode = 1, mMultiWindowTaskIdsInZOrder = [5, 4], mFullscreenTaskIdsInZOrder = [2334, 2333], mFreeformTaskIdsInZOrder = [], mTasks: 2334, 2333, 8, 7, 6, 5, 4, 3, 1, 
03-25 09:36:33.634  5503  5715 D MiuiDecorationController: relayout:: taskId=2334 mRunningTaskInfo.mStatusBarParent=Surface(name=StatusBar Container of Task = 2334#342)/@0xddefdd5 taskInfo.mStatusBarParent=Surface(name=StatusBar Container of Task = 2334#342)/@0xd25fab6
03-25 09:36:33.634  5503  5715 D MiuiDecorationController: relayout:: taskId=2334 mRunningTaskInfo.mNavBarParent=Surface(name=NavigationBar Container of Task = 2334#341)/@0x10729ea taskInfo.mNavBarParent=Surface(name=NavigationBar Container of Task = 2334#341)/@0xa5363b7
03-25 09:36:33.634  5503  5715 D MiuiDecorationController: relayout::taskId=2334, visible=true, bounds=Rect(0, 0 - 1080, 2400), focused=true, oldImmersive=false, newImmersive=false, windowMode=1, activityType=1, displayId=0, baseActivity=ComponentInfo{com.rootguard.app/com.rootguard.app.MainActivity}, topActivity=ComponentInfo{com.rootguard.app/com.rootguard.app.MainActivity}, callers=com.android.wm.shell.multitasking.miuimultiwinswitch.miuiwindowdecor.decoration.MiuiDecorationController.relayout:4 com.android.wm.shell.multitasking.miuimultiwinswitch.miuiwindowdecor.MulWinSwitchDecorViewModel.onTaskInfoChanged:18 com.android.wm.shell.multitasking.common.taskmanager.MultiTaskingTaskListener.onTaskInfoChanged:47 com.android.wm.shell.ShellTaskOrganizer.onTaskInfoChanged:136 android.window.TaskOrganizer$1.lambda$onTaskInfoChanged$6:300 
03-25 09:36:33.634  5503  5715 D MiuiDecorationDot: needTopCaption: isFullscreen = true isPadDevice = false isFoldInnerScreen = false canShowCaptionWhenCasting = false
03-25 09:36:33.634  5503  5715 D MiuiDecorationDot: releaseViews_TopCaption: taskId=2334
03-25 09:36:33.634  5503  5715 D MiuiDecorationDot: releaseViews_TopCaption: taskId=2334
03-25 09:36:33.634  5503  5715 D MiuiDecorationBottom: needBottomCaption: needSupportNavigationHandle = false
03-25 09:36:33.635  5503  5715 D MiuiDecorationBottom: releaseViews_BottomCaption: taskId=2334
03-25 09:36:33.635  5503  5715 D MiuiDecorationBottom: releaseViews_BottomCaption: taskId=2334
03-25 09:36:33.635  2397  5952 E TransitionChain: Can't collect into a chain with no transition
03-25 09:36:33.635  2397  5952 D ActivityTaskManager:  setSkipCaptureLayers tr: Task{7a0857e #2334 type=standard A=10438:com.rootguard.app}
03-25 09:36:33.638  2397  3088 D BarFollowAnimation: pairAppearanceRegionAndWin win=Window{780aa17 u0 com.rootguard.app/com.rootguard.app.MainActivity} 8
03-25 09:36:33.638  2397  3088 D BarFollowAnimation: isAppTaskBarOnTop win:Window{780aa17 u0 com.rootguard.app/com.rootguard.app.MainActivity} (mCurrentTopTask:Task{7a0857e #2334 type=standard A=10438:com.rootguard.app} : true); (mAssociatedTask:Task{7a0857e #2334 type=standard A=10438:com.rootguard.app} : true); (mHomeTask:Task{3542c5 #1 type=home} : false); mReparentToOriginParent:false mLastAppBarVisible:true mLastHomeBarVisible:false
03-25 09:36:33.638  2397  3088 D MiuiRefreshRatePolicy: reset
03-25 09:36:33.837  2397  4750 I DisplayModeDirectorImpl: SmartDisplayPolicyEnd
03-25 09:36:33.837  2397  3087 I DisplayModeDirectorImpl: updateRefreshRateResultIfNeeded after:baseModeId=2 allowGroupSwitching=false primary=physical: (0.0 Infinity) render:  (0.0 120.0) appRequest=physical: (0.0 Infinity) render:  (0.0 120.0) idleScreenRefreshRateConfig=null mNormalModeSkipOveride: false
03-25 09:36:33.928  2397  4648 D AurogonImmobulusMode: updateAppScore uid =10383 add=false type=8
03-25 09:36:33.929  2397  4699 D ProcessManager: real remove inactive uid : 10383 flag : 1
03-25 09:36:33.958  2397  3087 W AccessibilityWindowsPopulator: Windows change within in 2 frames continuously over 500 ms and notify windows changed immediately
03-25 09:36:34.015  5503  5715 I MultiTaskingTaskRepository: try to update multiTaskingTaskInfo taskInfo taskId = 2333
03-25 09:36:34.015  5503  5715 I MultiTaskingTaskInfo: MultiTaskingBaseTaskInfo::update::mTaskBounds = Rect(0, 0 - 1080, 2400), mTaskId = 2333
03-25 09:36:34.015  5503  5715 D MultiTaskingAnimTarget: setAnimParam bounds: Rect(0, 0 - 1080, 2400) scaleX: 1.0 scaleY: 1.0
03-25 09:36:34.015  5503  5715 D MultiTaskingAnimTarget: java.lang.Throwable
03-25 09:36:34.015  5503  5715 D MultiTaskingAnimTarget: 	at com.android.wm.shell.multitasking.common.animation.MultiTaskingAnimTarget.setAnimParam(go/retraceme 905fe248eee73ec01aa5e2c7e8e2a5d900513e8d0994e37081a1508aaf5ff25f:35)
03-25 09:36:34.015  5503  5715 D MultiTaskingAnimTarget: 	at com.android.wm.shell.multitasking.common.animation.MultiTaskingFolmeControl.updateBaseAnimParam(go/retraceme 905fe248eee73ec01aa5e2c7e8e2a5d900513e8d0994e37081a1508aaf5ff25f:15)
03-25 09:36:34.015  5503  5715 D MultiTaskingAnimTarget: 	at com.android.wm.shell.multitasking.common.taskmanager.MultiTaskingTaskInfo.update(go/retraceme 905fe248eee73ec01aa5e2c7e8e2a5d900513e8d0994e37081a1508aaf5ff25f:23)
03-25 09:36:34.015  5503  5715 D MultiTaskingAnimTarget: 	at com.android.wm.shell.multitasking.common.taskmanager.MultiTaskingTaskRepository.updateAllPendingBaseAnimParam(go/retraceme 905fe248eee73ec01aa5e2c7e8e2a5d900513e8d0994e37081a1508aaf5ff25f:60)
03-25 09:36:34.015  5503  5715 D MultiTaskingAnimTarget: 	at com.android.wm.shell.multitasking.common.taskmanager.MultiTaskingTransitionObserver.onTransitionFinished(go/retraceme 905fe248eee73ec01aa5e2c7e8e2a5d900513e8d0994e37081a1508aaf5ff25f:27)
03-25 09:36:34.015  5503  5715 D MultiTaskingAnimTarget: 	at com.android.wm.shell.transition.Transitions.onFinish(go/retraceme 905fe248eee73ec01aa5e2c7e8e2a5d900513e8d0994e37081a1508aaf5ff25f:155)
03-25 09:36:34.015  5503  5715 D MultiTaskingAnimTarget: 	at com.android.wm.shell.transition.Transitions.lambda$playTransition$3(go/retraceme 905fe248eee73ec01aa5e2c7e8e2a5d900513e8d0994e37081a1508aaf5ff25f:1)
03-25 09:36:34.015  5503  5715 D MultiTaskingAnimTarget: 	at com.android.wm.shell.transition.Transitions.$r8$lambda$96XCaSAhJXxB3nlVJy1TNPeH46k(go/retraceme 905fe248eee73ec01aa5e2c7e8e2a5d900513e8d0994e37081a1508aaf5ff25f:1)
03-25 09:36:34.015  5503  5715 D MultiTaskingAnimTarget: 	at com.android.wm.shell.transition.Transitions$$ExternalSyntheticLambda4.onTransitionFinished(go/retraceme 905fe248eee73ec01aa5e2c7e8e2a5d900513e8d0994e37081a1508aaf5ff25f:10)
03-25 09:36:34.015  5503  5715 D MultiTaskingAnimTarget: 	at com.android.wm.shell.transition.DefaultTransitionHandler$$ExternalSyntheticLambda0.run(go/retraceme 905fe248eee73ec01aa5e2c7e8e2a5d900513e8d0994e37081a1508aaf5ff25f:51)
03-25 09:36:34.015  5503  5715 D MultiTaskingAnimTarget: 	at com.android.wm.shell.transition.DefaultSurfaceAnimator$$ExternalSyntheticLambda1.run(go/retraceme 905fe248eee73ec01aa5e2c7e8e2a5d900513e8d0994e37081a1508aaf5ff25f:15)
03-25 09:36:34.015  5503  5715 D MultiTaskingAnimTarget: 	at android.os.Handler.handleCallback(Handler.java:1029)
03-25 09:36:34.015  5503  5715 D MultiTaskingAnimTarget: 	at android.os.Handler.dispatchMessage(Handler.java:107)
03-25 09:36:34.015  5503  5715 D MultiTaskingAnimTarget: 	at android.os.Looper.loopOnce(Looper.java:267)
03-25 09:36:34.015  5503  5715 D MultiTaskingAnimTarget: 	at android.os.Looper.loop(Looper.java:360)
03-25 09:36:34.015  5503  5715 D MultiTaskingAnimTarget: 	at android.os.HandlerThread.run(HandlerThread.java:85)
03-25 09:36:34.016  5503  5715 D MultiTaskingFolmeControl: updateBaseAnimParam taskId = 2333 taskBounds : Rect(0, 0 - 1080, 2400)
03-25 09:36:34.016  5503  5715 I MultiTaskingTaskRepository: try to update multiTaskingTaskInfo taskInfo taskId = 2334
03-25 09:36:34.016  5503  5715 I MultiTaskingTaskInfo: MultiTaskingBaseTaskInfo::update::mTaskBounds = Rect(0, 0 - 1080, 2400), mTaskId = 2334
03-25 09:36:34.016  5503  5715 D MultiTaskingAnimTarget: setAnimParam bounds: Rect(0, 0 - 1080, 2400) scaleX: 1.0 scaleY: 1.0
03-25 09:36:34.016  5503  5715 D MultiTaskingAnimTarget: java.lang.Throwable
03-25 09:36:34.016  5503  5715 D MultiTaskingAnimTarget: 	at com.android.wm.shell.multitasking.common.animation.MultiTaskingAnimTarget.setAnimParam(go/retraceme 905fe248eee73ec01aa5e2c7e8e2a5d900513e8d0994e37081a1508aaf5ff25f:35)
03-25 09:36:34.016  5503  5715 D MultiTaskingAnimTarget: 	at com.android.wm.shell.multitasking.common.animation.MultiTaskingFolmeControl.updateBaseAnimParam(go/retraceme 905fe248eee73ec01aa5e2c7e8e2a5d900513e8d0994e37081a1508aaf5ff25f:15)
03-25 09:36:34.016  5503  5715 D MultiTaskingAnimTarget: 	at com.android.wm.shell.multitasking.common.taskmanager.MultiTaskingTaskInfo.update(go/retraceme 905fe248eee73ec01aa5e2c7e8e2a5d900513e8d0994e37081a1508aaf5ff25f:23)
03-25 09:36:34.016  5503  5715 D MultiTaskingAnimTarget: 	at com.android.wm.shell.multitasking.common.taskmanager.MultiTaskingTaskRepository.updateAllPendingBaseAnimParam(go/retraceme 905fe248eee73ec01aa5e2c7e8e2a5d900513e8d0994e37081a1508aaf5ff25f:60)
03-25 09:36:34.016  5503  5715 D MultiTaskingAnimTarget: 	at com.android.wm.shell.multitasking.common.taskmanager.MultiTaskingTransitionObserver.onTransitionFinished(go/retraceme 905fe248eee73ec01aa5e2c7e8e2a5d900513e8d0994e37081a1508aaf5ff25f:27)
03-25 09:36:34.016  5503  5715 D MultiTaskingAnimTarget: 	at com.android.wm.shell.transition.Transitions.onFinish(go/retraceme 905fe248eee73ec01aa5e2c7e8e2a5d900513e8d0994e37081a1508aaf5ff25f:155)
03-25 09:36:34.016  5503  5715 D MultiTaskingAnimTarget: 	at com.android.wm.shell.transition.Transitions.lambda$playTransition$3(go/retraceme 905fe248eee73ec01aa5e2c7e8e2a5d900513e8d0994e37081a1508aaf5ff25f:1)
03-25 09:36:34.016  5503  5715 D MultiTaskingAnimTarget: 	at com.android.wm.shell.transition.Transitions.$r8$lambda$96XCaSAhJXxB3nlVJy1TNPeH46k(go/retraceme 905fe248eee73ec01aa5e2c7e8e2a5d900513e8d0994e37081a1508aaf5ff25f:1)
03-25 09:36:34.016  5503  5715 D MultiTaskingAnimTarget: 	at com.android.wm.shell.transition.Transitions$$ExternalSyntheticLambda4.onTransitionFinished(go/retraceme 905fe248eee73ec01aa5e2c7e8e2a5d900513e8d0994e37081a1508aaf5ff25f:10)
03-25 09:36:34.016  5503  5715 D MultiTaskingAnimTarget: 	at com.android.wm.shell.transition.DefaultTransitionHandler$$ExternalSyntheticLambda0.run(go/retraceme 905fe248eee73ec01aa5e2c7e8e2a5d900513e8d0994e37081a1508aaf5ff25f:51)
03-25 09:36:34.016  5503  5715 D MultiTaskingAnimTarget: 	at com.android.wm.shell.transition.DefaultSurfaceAnimator$$ExternalSyntheticLambda1.run(go/retraceme 905fe248eee73ec01aa5e2c7e8e2a5d900513e8d0994e37081a1508aaf5ff25f:15)
03-25 09:36:34.016  5503  5715 D MultiTaskingAnimTarget: 	at android.os.Handler.handleCallback(Handler.java:1029)
03-25 09:36:34.016  5503  5715 D MultiTaskingAnimTarget: 	at android.os.Handler.dispatchMessage(Handler.java:107)
03-25 09:36:34.016  5503  5715 D MultiTaskingAnimTarget: 	at android.os.Looper.loopOnce(Looper.java:267)
03-25 09:36:34.016  5503  5715 D MultiTaskingAnimTarget: 	at android.os.Looper.loop(Looper.java:360)
03-25 09:36:34.016  5503  5715 D MultiTaskingAnimTarget: 	at android.os.HandlerThread.run(HandlerThread.java:85)
03-25 09:36:34.016  5503  5715 D MultiTaskingFolmeControl: updateBaseAnimParam taskId = 2334 taskBounds : Rect(0, 0 - 1080, 2400)
03-25 09:36:34.016  5503  5715 D MultiTaskingTransitionObserver: onTransitionFinished::mRunningTransitions = 0 mRemoteOpenFreeformTransitions = []
03-25 09:36:34.016  5503  5715 D SoScUtils: monitorTransitionFinished transition:android.os.BinderProxy@e4a2540 transaction: android.view.SurfaceControl$Transaction@d85aa8e mRequestCloseTransition:null mRequestOpenTransition:null mPairsOpenTransition:null mPairsOpenTransitionNull:null mRequestOpenTriggerTask:-1 mRequestCloseTriggerTask:-1 mOrientationTransition: null mPendingChange:null mMainStartingTask:-1 mSideStartingTask:-1
03-25 09:36:34.017  2397  5615 D BarFollowAnimation: onTaskInfoChanedForCaptionBar Task{9261177 #2333 type=standard A=10383:com.ss.android.ugc.aweme} shouldbeVisible:false isVisible:false isOnTop:false windowMode:1 preDisplayId:-1 displayId:0 mCaptionAssociatedTask:null mIsTouchedInCaption:false
03-25 09:36:34.018  2397  5615 I TransitionImpl: finishTransition: updateLastSurfacePosition tf=Task{7a0857e #2334 type=standard A=10438:com.rootguard.app}
03-25 09:36:34.019  5503  5715 I RemoteTransitionHandlerStubImpl: invokeAndRemoveWctCB transition is null, curWctCB: null
03-25 09:36:34.019  2397  4874 D BarFollowAnimation: checkBarStatus mReparentToOriginParent:false hasTopFullAppTask:true mHomeTask:Task{3542c5 #1 type=home} mCurrentTopTask: Task{7a0857e #2334 type=standard A=10438:com.rootguard.app} mAssociatedTask: Task{7a0857e #2334 type=standard A=10438:com.rootguard.app} homeTaskonTop:false mLastAppBarVisible:true mLastHomeBarVisible:false isInSplitScreen:false
03-25 09:36:34.020  2397  3088 I WindowManager: wms.hideSurface mWin:Window{78fb898 u0 com.miui.miwallpaper.wallpaperservice.ImageWallpaper} reason:(prepareSurfaceLocked) in Surface(name=com.miui.miwallpaper.wallpaperservice.ImageWallpaper#57)/@0x9e7f529
03-25 09:36:34.020  2397  3088 I WindowManager: wms.hideSurface mWin:Window{15a029f u0 com.ss.android.ugc.aweme/com.ss.android.ugc.aweme.splash.SplashActivity} reason:(prepareSurfaceLocked) in Surface(name=com.ss.android.ugc.aweme/com.ss.android.ugc.aweme.splash.SplashActivity#308)/@0x8ca65f7
03-25 09:36:34.021  5503  5715 I MultiTaskingTaskInfo: MultiTaskingBaseTaskInfo::update::mTaskBounds = Rect(0, 0 - 1080, 2400), mTaskId = 2333
03-25 09:36:34.021  5503  5760 I MultiTaskingTaskInfo: releaseCoverLayerControl::mTaskId = 2333
03-25 09:36:34.021  5503  5715 D MultiTaskingAnimTarget: setAnimParam bounds: Rect(0, 0 - 1080, 2400) scaleX: 1.0 scaleY: 1.0
03-25 09:36:34.021  5503  5715 D MultiTaskingAnimTarget: java.lang.Throwable
03-25 09:36:34.021  5503  5715 D MultiTaskingAnimTarget: 	at com.android.wm.shell.multitasking.common.animation.MultiTaskingAnimTarget.setAnimParam(go/retraceme 905fe248eee73ec01aa5e2c7e8e2a5d900513e8d0994e37081a1508aaf5ff25f:35)
03-25 09:36:34.021  5503  5715 D MultiTaskingAnimTarget: 	at com.android.wm.shell.multitasking.common.animation.MultiTaskingFolmeControl.updateBaseAnimParam(go/retraceme 905fe248eee73ec01aa5e2c7e8e2a5d900513e8d0994e37081a1508aaf5ff25f:15)
03-25 09:36:34.021  5503  5715 D MultiTaskingAnimTarget: 	at com.android.wm.shell.multitasking.common.taskmanager.MultiTaskingTaskInfo.update(go/retraceme 905fe248eee73ec01aa5e2c7e8e2a5d900513e8d0994e37081a1508aaf5ff25f:23)
03-25 09:36:34.021  5503  5715 D MultiTaskingAnimTarget: 	at com.android.wm.shell.multitasking.common.taskmanager.MultiTaskingTaskRepository.onTaskInfoChanged(go/retraceme 905fe248eee73ec01aa5e2c7e8e2a5d900513e8d0994e37081a1508aaf5ff25f:133)
03-25 09:36:34.021  5503  5715 D MultiTaskingAnimTarget: 	at com.android.wm.shell.multitasking.common.taskmanager.MultiTaskingTaskListener.onTaskInfoChanged(go/retraceme 905fe248eee73ec01aa5e2c7e8e2a5d900513e8d0994e37081a1508aaf5ff25f:3)
03-25 09:36:34.021  5503  5715 D MultiTaskingAnimTarget: 	at com.android.wm.shell.ShellTaskOrganizer.onTaskInfoChanged(go/retraceme 905fe248eee73ec01aa5e2c7e8e2a5d900513e8d0994e37081a1508aaf5ff25f:136)
03-25 09:36:34.021  5503  5715 D MultiTaskingAnimTarget: 	at android.window.TaskOrganizer$1.lambda$onTaskInfoChanged$6(TaskOrganizer.java:300)
03-25 09:36:34.021  5503  5715 D MultiTaskingAnimTarget: 	at android.window.TaskOrganizer$1.$r8$lambda$ymyF3xZeY830CRyp4eBo81WJpe0(Unknown Source:0)
03-25 09:36:34.021  5503  5715 D MultiTaskingAnimTarget: 	at android.window.TaskOrganizer$1$$ExternalSyntheticLambda6.run(D8$$SyntheticClass:0)
03-25 09:36:34.021  5503  5715 D MultiTaskingAnimTarget: 	at android.os.Handler.handleCallback(Handler.java:1029)
03-25 09:36:34.021  5503  5715 D MultiTaskingAnimTarget: 	at android.os.Handler.dispatchMessage(Handler.java:107)
03-25 09:36:34.021  5503  5715 D MultiTaskingAnimTarget: 	at android.os.Looper.loopOnce(Looper.java:267)
03-25 09:36:34.021  5503  5715 D MultiTaskingAnimTarget: 	at android.os.Looper.loop(Looper.java:360)
03-25 09:36:34.021  5503  5715 D MultiTaskingAnimTarget: 	at android.os.HandlerThread.run(HandlerThread.java:85)
03-25 09:36:34.021  5503  5715 D MultiTaskingFolmeControl: updateBaseAnimParam taskId = 2333 taskBounds : Rect(0, 0 - 1080, 2400)
03-25 09:36:34.021  5503  5715 I MultiTaskingTaskRepository: onTaskInfoChanged::taskId = 2333, windowingMode = 1, mMultiWindowTaskIdsInZOrder = [5, 4], mFullscreenTaskIdsInZOrder = [2334, 2333], mFreeformTaskIdsInZOrder = [], mTasks: 2334, 2333, 8, 7, 6, 5, 4, 3, 1, 
03-25 09:36:34.022  5503  5715 D MiuiDecorationController: relayout:: taskId=2333 mRunningTaskInfo.mStatusBarParent=Surface(name=StatusBar Container of Task = 2333#193)/@0xd0e8b88 taskInfo.mStatusBarParent=null
03-25 09:36:34.022  5503  5715 D MiuiDecorationController: relayout:: taskId=2333 mRunningTaskInfo.mNavBarParent=Surface(name=NavigationBar Container of Task = 2333#192)/@0xe50921 taskInfo.mNavBarParent=null
03-25 09:36:34.022  5503  5715 D MiuiDecorationController: relayout::taskId=2333, visible=false, bounds=Rect(0, 0 - 1080, 2400), focused=false, oldImmersive=false, newImmersive=false, windowMode=1, activityType=1, displayId=0, baseActivity=ComponentInfo{com.ss.android.ugc.aweme/com.ss.android.ugc.aweme.main.MainActivity}, topActivity=ComponentInfo{com.ss.android.ugc.aweme/com.ss.android.ugc.aweme.main.MainActivity}, callers=com.android.wm.shell.multitasking.miuimultiwinswitch.miuiwindowdecor.decoration.MiuiDecorationController.relayout:4 com.android.wm.shell.multitasking.miuimultiwinswitch.miuiwindowdecor.MulWinSwitchDecorViewModel.onTaskInfoChanged:18 com.android.wm.shell.multitasking.common.taskmanager.MultiTaskingTaskListener.onTaskInfoChanged:47 com.android.wm.shell.ShellTaskOrganizer.onTaskInfoChanged:136 android.window.TaskOrganizer$1.lambda$onTaskInfoChanged$6:300 
03-25 09:36:34.022  5503  5715 D MiuiDecorationDot: releaseViews_TopCaption: taskId=2333
03-25 09:36:34.022  5503  5715 D MiuiDecorationBottom: releaseViews_BottomCaption: taskId=2333
03-25 09:36:34.026  8526  8526 D ViewRootImplStubImpl: onSurfaceViewDetached:
03-25 09:36:34.026  8526  8526 D ViewRootImplStubImpl: , vri:android.view.ViewRootImpl@b302669, com.ss.android.ugc.aweme/com.ss.android.ugc.aweme.splash.SplashActivity
03-25 09:36:34.026  8526  8526 D ViewRootImplStubImpl: , vri size:1080x2400
03-25 09:36:34.026  8526  8526 D ViewRootImplStubImpl: , surfaceView:X.0wVK{9e0fe98 V.E...... ........ 0,758-1080,1365}, SurfaceView[com.ss.android.ugc.aweme/com.ss.android.ugc.aweme.splash.SplashActivity]
03-25 09:36:34.026  8526  8526 D ViewRootImplStubImpl: , surfaceView size:1080x607
03-25 09:36:34.026  8526  8526 D ViewRootImplStubImpl: , surfaceControl:Surface(name=9e0fe98 SurfaceView[com.ss.android.ugc.aweme/com.ss.android.ugc.aweme.splash.SplashActivity](BLAST)#316)/@0x408592d
03-25 09:36:34.028  8526  8526 D ViewRootImplStubImpl: onSurfaceViewDetached:
03-25 09:36:34.028  8526  8526 D ViewRootImplStubImpl: , vri:android.view.ViewRootImpl@b302669, com.ss.android.ugc.aweme/com.ss.android.ugc.aweme.splash.SplashActivity
03-25 09:36:34.028  8526  8526 D ViewRootImplStubImpl: , vri size:1080x2400
03-25 09:36:34.028  8526  8526 D ViewRootImplStubImpl: , surfaceView:com.bytedance.android.livesdkapi.view.SurfaceRenderView{630f5de V.E...... ........ 0,240-1080,2160 #7f0abb06 app:id/2pu}, SurfaceView[com.ss.android.ugc.aweme/com.ss.android.ugc.aweme.splash.SplashActivity]
03-25 09:36:34.028  8526  8526 D ViewRootImplStubImpl: , surfaceView size:1080x1920
03-25 09:36:34.028  8526  8526 D ViewRootImplStubImpl: , surfaceControl:Surface(name=630f5de SurfaceView[com.ss.android.ugc.aweme/com.ss.android.ugc.aweme.splash.SplashActivity](BLAST)#319)/@0x32e4e47
03-25 09:36:34.028  8526  8526 D ViewRootImplStubImpl: onSurfaceViewDetached:
03-25 09:36:34.028  8526  8526 D ViewRootImplStubImpl: , vri:android.view.ViewRootImpl@b302669, com.ss.android.ugc.aweme/com.ss.android.ugc.aweme.splash.SplashActivity
03-25 09:36:34.028  8526  8526 D ViewRootImplStubImpl: , vri size:1080x2400
03-25 09:36:34.028  8526  8526 D ViewRootImplStubImpl: , surfaceView:X.0wVK{bbbff9f V.E...... ........ 0,0-1080,2271}, SurfaceView[com.ss.android.ugc.aweme/com.ss.android.ugc.aweme.splash.SplashActivity]
03-25 09:36:34.028  8526  8526 D ViewRootImplStubImpl: , surfaceView size:1080x2271
03-25 09:36:34.028  8526  8526 D ViewRootImplStubImpl: , surfaceControl:Surface(name=bbbff9f SurfaceView[com.ss.android.ugc.aweme/com.ss.android.ugc.aweme.splash.SplashActivity](BLAST)#334)/@0xe7d9c76
03-25 09:36:34.034  2397  5952 D BarFollowAnimation: pairAppearanceRegionAndWin win=Window{780aa17 u0 com.rootguard.app/com.rootguard.app.MainActivity} 8
03-25 09:36:34.037  2397  5952 D BarFollowAnimation: isAppTaskBarOnTop win:Window{780aa17 u0 com.rootguard.app/com.rootguard.app.MainActivity} (mCurrentTopTask:Task{7a0857e #2334 type=standard A=10438:com.rootguard.app} : true); (mAssociatedTask:Task{7a0857e #2334 type=standard A=10438:com.rootguard.app} : true); (mHomeTask:Task{3542c5 #1 type=home} : false); mReparentToOriginParent:false mLastAppBarVisible:true mLastHomeBarVisible:false
03-25 09:36:34.037  2397  5952 D MiuiRefreshRatePolicy: reset
03-25 09:36:34.051  2397  4448 I MiuiSplitInputMethodImpl: Skpi check shouldUpdateImeTargetForBackScreen.
03-25 09:36:34.051  2397  4448 I MiuiSplitInputMethodImpl: Skpi check shouldUpdateImeTargetForBackScreen.
03-25 09:36:34.051  2397  4448 I MiuiSplitInputMethodImpl: Skpi check shouldUpdateImeTargetForBackScreen.
03-25 09:36:34.051  2397  4448 I MiuiSplitInputMethodImpl: Skpi check shouldUpdateImeTargetForBackScreen.
03-25 09:36:34.051  2397  4448 I MiuiSplitInputMethodImpl: Skpi check shouldUpdateImeTargetForBackScreen.
03-25 09:36:34.051  2397  4448 I MiuiSplitInputMethodImpl: Skpi check shouldUpdateImeTargetForBackScreen.
03-25 09:36:34.051  2397  4448 I MiuiSplitInputMethodImpl: Skpi check shouldUpdateImeTargetForBackScreen.
03-25 09:36:34.051  2397  4448 I MiuiSplitInputMethodImpl: Skpi check shouldUpdateImeTargetForBackScreen.
