03-22 14:52:23.011 W/ContextImpl( 2504): Calling a method in the system process without a qualified user: android.app.ContextImpl.sendBroadcast:1280 com.qualcomm.qti.Performance$SendGameLaunchBroadcast.run:289 java.lang.Thread.run:1119 <bottom of call stack> <bottom of call stack> 
03-22 14:52:23.011 I/ActivityManager( 2504): Start proc 31903:com.rootguard.app/u0a374 for next-top-activity {com.rootguard.app/com.rootguard.app.MainActivity} caller=null
03-22 14:52:23.012 D/BarFollowAnimation( 2504): onTaskAppearedForCaptionBar Task{2f997db #1142 type=standard}
03-22 14:52:23.013 D/BarFollowAnimation( 2504):  CreateBarRunnable  mTask = Task{2f997db #1142 type=standard} mSurfaceControl = Surface(name=Task=1142#8042)/@0xe9998ea currentPid = 2504 currentThread name = BarFollowAnimation Thread currentThread id = 376
03-22 14:52:23.013 D/OneHandedController( 5847): stopOneHanded state is 0
03-22 14:52:23.014 D/WindowManager( 2504): Collecting in transition 472: Task{2f997db #1142 type=standard A=10374:com.rootguard.app} init visibleRequested:false dc:Display{#0 state=ON size=1080x2400 ROTATION_0}
03-22 14:52:23.014 D/BarFollowAnimation( 2504): onTaskInfoChanedForCaptionBar Task{2f997db #1142 type=standard A=10374:com.rootguard.app} shouldbeVisible:true isVisible:false isOnTop:true windowMode:1 preDisplayId:-1 displayId:0 mCaptionAssociatedTask:null mIsTouchedInCaption:false
03-22 14:52:23.014 D/BarFollowAnimation( 2504): onTaskInfoChanedForCaptionBar Task{2f997db #1142 type=standard A=10374:com.rootguard.app} shouldbeVisible:true isVisible:false isOnTop:true windowMode:1 preDisplayId:-1 displayId:0 mCaptionAssociatedTask:null mIsTouchedInCaption:false
03-22 14:52:23.015 W/OptProp ( 2504): Cannot read opt property android.window.PROPERTY_COMPAT_ALLOW_ORIENTATION_OVERRIDE
03-22 14:52:23.015 D/BarFollowAnimation( 2504): onTaskInfoChanedForCaptionBar Task{2f997db #1142 type=standard A=10374:com.rootguard.app} shouldbeVisible:true isVisible:false isOnTop:true windowMode:1 preDisplayId:-1 displayId:0 mCaptionAssociatedTask:null mIsTouchedInCaption:false
03-22 14:52:23.016 D/MiuiFreeFormManagerService( 2504): onStartActivityInner as = Task{2f997db #1142 type=standard A=10374:com.rootguard.app} op = ActivityOptions(261381668), mPackageName=null, mAnimationType=13, mStartX=0, mStartY=0, mWidth=0, mHeight=0, mLaunchDisplayId=-1, mLaunchBoundsnull, mElementSurfaceTransition = null, activityOptionsInjector=ActivityOptionsInjector={freeformScale: -1.0 mIsNormalFreeForm: true}
03-22 14:52:23.016 D/TaskStubImpl( 2504): setToBackByHome false for Task#1142
03-22 14:52:23.016 I/ActivityTaskManager( 2504): moveTaskToFront: Task{2f997db #1142 type=standard A=10374:com.rootguard.app} caller trace:com.android.server.wm.TaskDisplayArea.onTaskMoved:461 com.android.server.wm.Task.updateTaskMovement:1756 com.android.server.wm.TaskDisplayArea.positionChildTaskAt:425 com.android.server.wm.TaskDisplayArea.positionChildAt:386 com.android.server.wm.Task.moveToFront:6245 com.android.server.wm.Task.moveToFront:6215 com.android.server.wm.ActivityStarter.startActivityInner:2455 com.android.server.wm.ActivityStarter.startActivityUnchecked:1958 com.android.server.wm.ActivityStarter.executeRequest:1770 com.android.server.wm.ActivityStarter.execute:997 
03-22 14:52:23.016 I/ActivityRecordImpl( 2504): home top resume state lost
03-22 14:52:23.019 D/ActivityTaskManager( 2504): Task#startActivityLocked isThisOrHasChildTask=true newTask=true
03-22 14:52:23.020 I/WindowManager( 2504): Try to add startingWindow type = STARTING_WINDOW_TYPE_SPLASH_SCREEN this = ActivityRecord{219965836 u0 com.rootguard.app/.MainActivity t1142} mOccludesParent = true preAllowTaskSnapshot = true afterAllowTaskSnapshot = true newTask = true taskSwitch = true processRunning = false activityCreated = false activityAllDrawn = false isSnapshotCompatible = false snapshotRotation = NaN resolvedTheme = 2131492879 theme = 2131492879
03-22 14:52:23.020 D/TaskSnapshot_Helper( 2504): SYS is normal.
03-22 14:52:23.021 D/PreStartingManager( 2504): Get background color: ff303030  key: com.rootguard.app_light  containColor: true
03-22 14:52:23.022 I/ATMSImpl( 2504): pauseImmediately isLaunchFromHome
03-22 14:52:23.022 D/PreStartingManager( 2504): Successfully loaded mColorSurfaceControl. color: ff303030  isNextTransitionForward: true  isLetterboxed: false  colorSurfaceControl: Surface(name=PreColorStarting#8046)/@0x7a12753  ColorSurfaceSize: 1
03-22 14:52:23.023 D/WindowManager( 2504): Collecting in transition 472: ActivityRecord{219965836 u0 com.rootguard.app/.MainActivity t1142} init visibleRequested:false dc:Display{#0 state=ON size=1080x2400 ROTATION_0}
03-22 14:52:23.023 D/Transition( 2504): setReady 472 wc=Display{#0 state=ON size=1080x2400 ROTATION_0} ready=true
03-22 14:52:23.023 D/PreStartingManager( 2504): Execute transition immediately.
03-22 14:52:23.023 D/WindowManager( 2504): Set transition=TransitionRecord{bbccebf id=472 type=OPEN flags=0x0 c=[
03-22 14:52:23.023 D/WindowManager( 2504):    ChangeInfo{f232589 container=DefaultTaskDisplayArea@38648152 flags=0x0}
03-22 14:52:23.023 D/WindowManager( 2504):    ChangeInfo{85ce98e container=Task{2f997db #1142 type=standard A=10374:com.rootguard.app} flags=0x0}
03-22 14:52:23.023 D/WindowManager( 2504):    ChangeInfo{8ce5af container=Display{#0 state=ON size=1080x2400 ROTATION_0} flags=0x0}
03-22 14:52:23.023 D/WindowManager( 2504):    ChangeInfo{e534dbc container=ActivityRecord{219965836 u0 com.rootguard.app/.MainActivity t1142} flags=0x0}
03-22 14:52:23.023 D/WindowManager( 2504): ]
03-22 14:52:23.023 D/WindowManager( 2504): }, ready=true, SyncId=472 info=used=true, override=false, defer=0, states=Display{#0 state=ON size=1080x2400 ROTATION_0}:true reason=com.android.server.wm.Transition.applyReady:1266 com.android.server.wm.Transition.start:892 com.android.server.wm.PreStartingManager.setReadyForPreStarting:318 com.android.server.wm.ActivityRecordImpl.setReadyForStartingWindow:2472 com.android.server.wm.ActivityRecord.setVisibleRequested:6202 com.android.server.wm.ActivityRecord.setVisibility:6317 com.android.server.wm.ActivityRecord.setVisibility:6251 com.android.server.wm.EnsureActivitiesVisibleHelper.makeVisibleAndRestartIfNeeded:249 
03-22 14:52:23.023 D/PreStartingManager( 2504): Start transition by preStarting. mStartTransitionToken: 472_binder:2504_19
03-22 14:52:23.023 D/WindowManager( 2504): Collecting in transition 472: ActivityRecord{75598259 u0 com.miui.home/.launcher.Launcher t2} init visibleRequested:true dc:Display{#0 state=ON size=1080x2400 ROTATION_0}
03-22 14:52:23.023 D/WindowManager( 2504): Collecting in transition 472: WallpaperWindowToken{d960831 showWhenLocked=true} init visibleRequested:true dc:Display{#0 state=ON size=1080x2400 ROTATION_0}
03-22 14:52:23.024 I/ATMSImpl( 2504): cacheTasksForDefaultDisplay size=2 topId=1142
03-22 14:52:23.025 I/ActivityTaskManager( 2504): removedForAddTask notifyTaskRemoved Task{1cc77fe #1140 type=standard A=10374:com.rootguard.app}, call from com.android.server.wm.ActivityStarter.startActivityUnchecked:1958 com.android.server.wm.ActivityStarter.executeRequest:1770 com.android.server.wm.ActivityStarter.execute:997 java.lang.reflect.Method.invoke:-2 dgxnkVekJxJdonEOwNPlgZM.dNPJu.HookBridge.invokeOriginalMethod:-2 org.lsposed.lspd.impl.LSPosedBridge$NativeHooker.callback:157 LSPHooker_.execute:8 com.android.server.wm.ActivityTaskManagerService.startActivityAsUser:1558 
03-22 14:52:23.025 D/WindowManager( 2504): Collecting in transition 472: ActivityRecord{219965836 u0 com.rootguard.app/.MainActivity t1142} init visibleRequested:true dc:Display{#0 state=ON size=1080x2400 ROTATION_0}
03-22 14:52:23.025 D/PreStartingManager( 2504): Create preSplashStarting by disk cache, preSurfaceControl: Surface(name=preSplashStarting#8047)/@0x6cb3890  PreSurfaceSize: 1
03-22 14:52:23.025 I/AnimInterruptController( 2504): mark Foresee interrupt start 471
03-22 14:52:23.025 I/AnimInterruptController( 2504): remove FO timeout
03-22 14:52:23.025 D/DisplayContentStubImpl( 2504): Remove FixedRotationTimeoutRunnable
03-22 14:52:23.026 I/Perf[AppStartScene]( 2504): onSceneChangeNotify:Bundle[{renderThreadId=0, pid=31903, uid=10374, name=com.rootguard.app.MainActivity, type=1, preStartProc=true, begin=true, state=0, processName=com.rootguard.app, packageName=com.rootguard.app, homeApp=false, appSwitch=true}]
03-22 14:52:23.026 D/PreStartingManager( 2504): Get background color: ff303030  key: com.rootguard.app_light  containColor: true
03-22 14:52:23.026 D/TaskStubImpl( 2504): setToBackByHome false for Task#1142
03-22 14:52:23.026 D/ActivityStarterImpl( 2504): notifyHomeStartActivityFinish info = ActivityStartInfo{mPackageName='com.rootguard.app', mIsTranslucent=false, mTransitionSyncId=472, mStartingWindowColor=ff303030, mBounds=Rect(0, 0 - 1080, 2400), mLaunchFromHome=true, mLaunchSuccess=true, mFixedRotation=0, mStartingWindowType=0, mTaskId=1142, mHomeActivityLeash=Surface(name=ActivityRecord{75598259 u0 com.miui.home/.launcher.Launcher t2}#62)/@0x3193ee9, mHomeTaskLeash=Surface(name=Task=2#59)/@0xec0b96, mWindowRotation=-1}
03-22 14:52:23.027 D/WindowManager( 2504): Collecting in transition 472: ActivityRecord{75598259 u0 com.miui.home/.launcher.Launcher t2} init visibleRequested:false dc:Display{#0 state=ON size=1080x2400 ROTATION_0}
03-22 14:52:23.027 D/WindowManager( 2504): New lock/shared screen wallpaper: Window{9238cc7 u0 com.miui.miwallpaper.wallpaperservice.ImageWallpaper}, prev: null
03-22 14:52:23.027 I/WallpaperControllerImpl( 2504): updateWallpaperTokens requestedVisibility=false on keyguardLocked=false topWallpaper=Window{9238cc7 u0 com.miui.miwallpaper.wallpaperservice.ImageWallpaper}
03-22 14:52:23.027 D/WindowManager( 2504): Wallpaper token android.os.Binder@b96dcd8 visible=false
03-22 14:52:23.027 D/WindowManager( 2504): Collecting in transition 472: WallpaperWindowToken{d960831 showWhenLocked=true} init visibleRequested:true dc:Display{#0 state=ON size=1080x2400 ROTATION_0}
03-22 14:52:23.027 D/WindowManager( 2504): Wallpaper target=Window{fe986d6 u0 com.miui.home/com.miui.home.launcher.Launcher} prev=null
03-22 14:52:23.027 D/BarFollowAnimation( 2504): pairAppearanceRegionAndWin win=Window{fe986d6 u0 com.miui.home/com.miui.home.launcher.Launcher} 0
03-22 14:52:23.027 D/BarFollowAnimation( 2504): isAppTaskBarOnTop win:Window{fe986d6 u0 com.miui.home/com.miui.home.launcher.Launcher} (mCurrentTopTask:Task{2f997db #1142 type=standard A=10374:com.rootguard.app} : true); (mAssociatedTask:null : false); (mHomeTask:Task{462bb77 #1 type=home} : true); mReparentToOriginParent:true mLastAppBarVisible:false mLastHomeBarVisible:true
03-22 14:52:23.028 D/WindowManager( 2504): updateSystemBarAttributes displayId: 16777216 Window{fe986d6 u0 com.miui.home/com.miui.home.launcher.Launcher} winAppearance=
03-22 14:52:23.028 D/MiuiRefreshRatePolicy( 2504): reset
03-22 14:52:23.028 D/WmSystemUiDebug( 2504): on system bar attributes changed displayId=16777216 appearance= appearanceRegions=[AppearanceRegion{ bounds=[0,0][1080,2400]}] navbarColorManagedByIme=false behavior=1 requestedVisibleTypes=[statusBars navigationBars captionBar systemGestures mandatorySystemGestures tappableElement displayCutout windowDecor systemOverlays] packageName=com.miui.home letterboxDetails=[]
03-22 14:52:23.028 D/WindowManager( 2504): isSyncFinished true. ar: ActivityRecord{219965836 u0 com.rootguard.app/.MainActivity t1142}
03-22 14:52:23.029 D/WindowManager( 2504): isSyncFinished true. ar: ActivityRecord{219965836 u0 com.rootguard.app/.MainActivity t1142}
03-22 14:52:23.029 D/QcomSchedBoost( 2504): stopBoostInternal
03-22 14:52:23.029 D/QcomSchedBoost( 2504): stopBoostInternal
03-22 14:52:23.029 D/QcomSchedBoost( 2504): stopBoostInternal
03-22 14:52:23.029 I/AnimInterruptController( 2504): FIS reset Foresee interrupt status
03-22 14:52:23.029 D/PreStartingManager( 2504): showPreStarting, colorSurfaceControl: Surface(name=PreColorStarting#8046)/@0x7a12753  preSurfaceControl: Surface(name=preSplashStarting#8047)/@0x6cb3890
03-22 14:52:23.029 D/QcomSchedBoost( 2504): stopBoostInternal
03-22 14:52:23.029 D/QcomSchedBoost( 2504): stopBoostInternal
03-22 14:52:23.029 I/SmartPower: com.rootguard.app/10374(0)( 2504): died->visible(10068ms) R(become visible) adj=-10000.
03-22 14:52:23.029 D/QcomSchedBoost( 2504): stopBoostInternal
03-22 14:52:23.029 D/BarFollowAnimation( 2504): onTaskInfoChanedForCaptionBar Task{2f997db #1142 type=standard A=10374:com.rootguard.app} shouldbeVisible:true isVisible:true isOnTop:true windowMode:1 preDisplayId:-1 displayId:0 mCaptionAssociatedTask:null mIsTouchedInCaption:false
03-22 14:52:23.029 D/BarFollowAnimation( 2504): onTaskAppearedForCaptionBar Task{2f997db #1142 type=standard A=10374:com.rootguard.app}
03-22 14:52:23.029 D/miuiBarFollowAnimation( 2504):  BarFollowAnimation core services Flag is effective锛?
03-22 14:52:23.029 D/miuiElementAnimation( 2504):  ElementAnimation core services Flag is effective锛?
03-22 14:52:23.029 I/Transition( 2504): calculateTargets isHomeOpen = false, isHomeLaunchApp = true
03-22 14:52:23.029 D/TransitionImpl( 2504): forceAddToTransition
03-22 14:52:23.029 D/TransitionImpl( 2504): forceAddToTransition
03-22 14:52:23.029 D/TransitionImpl( 2504): forceAddToTransition
03-22 14:52:23.029 D/TransitionImpl( 2504): forceAddToTransition
03-22 14:52:23.029 D/TransitionImpl( 2504): forceAddToTransition
03-22 14:52:23.029 D/MiuiFreeFormManagerService( 2504): getAllFreeFormStackInfosOnDisplay list=0
03-22 14:52:23.029 D/WindowManager( 2504): Final targets: [ChangeInfo{85ce98e container=Task{2f997db #1142 type=standard A=10374:com.rootguard.app} flags=0x10}, ChangeInfo{9cc2dcb container=Task{462bb77 #1 type=home} flags=0x10}, ChangeInfo{7e589a8 container=WallpaperWindowToken{d960831 showWhenLocked=true} flags=0x0}]
03-22 14:52:23.030 I/DynamicIslandService( 2504): elementSurfaceTransition is null for:com.rootguard.app
03-22 14:52:23.030 D/ShellSplitScreen( 5847): logExit: no-op, mLoggerSessionId is null
03-22 14:52:23.030 I/SoScStageCoordinator( 5847): Transition requested:TransitionRequestInfo { type = OPEN, triggerTask = TaskInfo{userId=0 taskId=1142 effectiveUid=10374 displayId=0 isRunning=true baseIntent=Intent { act=android.intent.action.MAIN cat=[android.intent.category.LAUNCHER] flg=0x10200000 cmp=com.rootguard.app/.MainActivity } baseActivity=ComponentInfo{com.rootguard.app/com.rootguard.app.MainActivity} topActivity=ComponentInfo{com.rootguard.app/com.rootguard.app.MainActivity} origActivity=null realActivity=ComponentInfo{com.rootguard.app/com.rootguard.app.MainActivity} numActivities=1 lastActiveTime=12484132 supportsSplitScreenMultiWindow=true mSoScDisplayMode=-1 supportsMultiWindow=true resizeMode=1 isResizeable=true minWidth=-1 minHeight=-1 defaultMinSize=200 token=WCT{android.window.IWindowContainerToken$Stub$Proxy@18baf9f} topActivityType=1 pictureInPictureParams=null shouldDockBigOverlays=false launchIntoPipHostTaskId=-1 lastParentTaskIdBeforePip=-1 displayCutoutSafeInsets=Rect(0, 104 - 0, 0) topActivityInfo=ActivityInfo{bf668ec com.rootguard.app.MainActivity} launchCookies=[] positionInParent=Point(0, 0) parentTaskId=-1 isFocused=false isVisible=false isVisibleRequested=true isTopActivityNoDisplay=false isSleeping=false locusId=null displayAreaFeatureId=1 isTopActivityTransparent=false isActivityStackTransparent=false lastNonFullscreenBounds=Rect(286, 712 - 794, 1792) capturedLink=null capturedLinkTimestamp=0 requestedVisibleTypes=-9 topActivityRequestOpenInBrowserEducationTimestamp=0 appCompatTaskInfo=AppCompatTaskInfo { topActivityInSizeCompat=false eligibleForLetterboxEducation= false topActivityInMiuiSizeCompat=false isLetterboxEducationEnabled= false isLetterboxDoubleTapEnabled= false eligibleForUserAspectRatioButton= false topActivityBoundsLetterboxed= false isFromLetterboxDoubleTap= false topActivityLetterboxVerticalPosition= -1 topActivityLetterboxHorizontalPosition= -1 topActivityLetterboxWidth=-1 topActivityLetterboxHeight=-1 topActivityAppBounds=Rect(0, 104 - 1080, 2400) isUserFullscreenOverrideEnabled=false isSystemFullscreenOverrideEnabled=false hasMinAspectRatioOverride=false topActivityLetterboxBounds=null cameraCompatTaskInfo=CameraCompatTaskInfo { freeformCameraCompatMode=inactive}} isImmersive=false mTopActivityRequestOrientation=-1 mStatusBarParent=null mNavBarParent=null mBehindAppLockPkg=null mOriginatingUid=0 isEmbedded=false shouldBeVisible=true isCreatedByOrganizer=false mIsCastMode=false mTopActivityMediaSize=null mTopActivityRecordName=ActivityRecord{219965836 u0 com.rootguard.app/.MainActivity t1142} mTopActivityOrientation=-1 topActivityMainWindowFrame=null}, pipChange = null, remoteTransition = RemoteTransition { remoteTransition = android.window.IRemoteTransition$Stub$Proxy@e6ac4b5, appThread = null, debugName = null, hyperRemoteTransition = android.window.IHyperRemoteTransition$Stub$Proxy@463174a }, displayChange = null, flags = 0, debugId = 472 } isSoScActive:false triggerTask:TaskInfo{userId=0 taskId=1142 effectiveUid=10374 displayId=0 isRunning=true baseIntent=Intent { act=android.intent.action.MAIN cat=[android.intent.category.LAUNCHER] flg=0x10200000 cmp=com.rootguard.app/.MainActivity } baseActivity=ComponentInfo{com.rootguard.app/com.rootguard.app.MainActivity} topActivity=ComponentInfo{com.rootguard.app/com.rootguard.app.MainActivity} origActivity=null realActivity=ComponentInfo{com.rootguard.app/com.rootguard.app.MainActivity} numActivities=1 lastActiveTime=12484132 supportsSplitScreenMultiWindow=true mSoScDisplayMode=-1 supportsMultiWindow=true resizeMode=1 isResizeable=true minWidth=-1 minHeight=-1 defaultMinSize=200 token=WCT{android.window.IWindowContainerToken$Stub$Proxy@18baf9f} topActivityType=1 pictureInPictureParams=null shouldDockBigOverlays=false launchIntoPipHostTaskId=-1 lastParentTaskIdBeforePip=-1 displayCutoutSafeInsets=Rect(0, 104 - 0, 0) topActivityInfo=ActivityInfo{bf668ec com.rootguard.app.MainActivity} launchCookies=[] positionInParent=Point(0, 0) parentTaskId=-1 isFocused=false isVisible=false isVisibleRequested=true isTopActivityNoDisplay=
03-22 14:52:23.031 D/WindowManager( 2504): Calling onTransitionReady info={id=472 t=OPEN f=0x0 trk=0 r=[0@Point(0, 0)] c=[{WCT{RemoteToken{2209c66 Task{2f997db #1142 type=standard A=10374:com.rootguard.app}}} m=OPEN f=NONE leash=Surface(name=Task=1142#8042)/@0xe9998ea sb=Rect(0, 0 - 1080, 2400) eb=Rect(0, 0 - 1080, 2400) epz=Point(1080, 2400) d=0 taskParent=-1 v=trueMiuiChangeImpl {miuiEmbedding:false, scale:1.0}},{WCT{RemoteToken{7a7aaa Task{462bb77 #1 type=home}}} m=TO_BACK f=SHOW_WALLPAPER leash=Surface(name=Task=1#51)/@0x1c39c38 sb=Rect(0, 0 - 1080, 2400) eb=Rect(0, 0 - 1080, 2400) epz=Point(1080, 2400) d=0 taskParent=-1 v=falseMiuiChangeImpl {miuiEmbedding:false, scale:1.0}},{m=TO_BACK f=IS_WALLPAPER leash=Surface(name=WallpaperWindowToken{d960831 showWhenLocked=false}#55)/@0x8ee84 sb=Rect(0, 0 - 1080, 2400) eb=Rect(0, 0 - 1080, 2400) epz=Point(1080, 2400) d=0 v=falseMiuiChangeImpl {miuiEmbedding:false, scale:1.0}}] mk=[false] noAni=[false] df=[false] rsa=[false] oa=[false] nc=[0] ho=[false] hla=[true] iSync=[-1]}, mToken=Token{46ddba7 TransitionRecord{bbccebf id=472 type=OPEN flags=0x0 c=[
03-22 14:52:23.031 D/WindowManager( 2504):    ChangeInfo{f232589 container=DefaultTaskDisplayArea@38648152 flags=0x0}
03-22 14:52:23.031 D/WindowManager( 2504):    ChangeInfo{85ce98e container=Task{2f997db #1142 type=standard A=10374:com.rootguard.app} flags=0x10}
03-22 14:52:23.031 D/WindowManager( 2504):    ChangeInfo{8ce5af container=Display{#0 state=ON size=1080x2400 ROTATION_0} flags=0x0}
03-22 14:52:23.031 D/WindowManager( 2504):    ChangeInfo{9cc2dcb container=Task{462bb77 #1 type=home} flags=0x10}
03-22 14:52:23.031 D/WindowManager( 2504):    ChangeInfo{5dd9854 container=ActivityRecord{75598259 u0 com.miui.home/.launcher.Launcher t2} flags=0x0}
03-22 14:52:23.031 D/WindowManager( 2504):    ChangeInfo{8bba3fd container=Task{c0cd317 #2 type=home I=com.miui.home/.launcher.Launcher} flags=0x10}
03-22 14:52:23.031 D/WindowManager( 2504):    ChangeInfo{e534dbc container=ActivityRecord{219965836 u0 com.rootguard.app/.MainActivity t1142} flags=0x0}
03-22 14:52:23.031 D/WindowManager( 2504):    ChangeInfo{7e589a8 container=WallpaperWindowToken{d960831 showWhenLocked=true} flags=0x0}
03-22 14:52:23.031 D/WindowManager( 2504): ]
03-22 14:52:23.031 D/WindowManager( 2504): }}
03-22 14:52:23.031 D/BarFollowAnimation( 2504): disableBarAnimation change={WCT{RemoteToken{2209c66 Task{2f997db #1142 type=standard A=10374:com.rootguard.app}}} m=OPEN f=NONE leash=Surface(name=Task=1142#8042)/@0xe9998ea sb=Rect(0, 0 - 1080, 2400) eb=Rect(0, 0 - 1080, 2400) epz=Point(1080, 2400) d=0 taskParent=-1 v=trueMiuiChangeImpl {miuiEmbedding:false, scale:1.0}} 1 1
03-22 14:52:23.031 D/BarFollowAnimation( 2504): disableBarAnimation change={WCT{RemoteToken{7a7aaa Task{462bb77 #1 type=home}}} m=TO_BACK f=SHOW_WALLPAPER leash=Surface(name=Task=1#51)/@0x1c39c38 sb=Rect(0, 0 - 1080, 2400) eb=Rect(0, 0 - 1080, 2400) epz=Point(1080, 2400) d=0 taskParent=-1 v=falseMiuiChangeImpl {miuiEmbedding:false, scale:1.0}} 1 1
03-22 14:52:23.031 D/BarFollowAnimation( 2504): disableBarAnimation change={m=TO_BACK f=IS_WALLPAPER leash=Surface(name=WallpaperWindowToken{d960831 showWhenLocked=false}#55)/@0x8ee84 sb=Rect(0, 0 - 1080, 2400) eb=Rect(0, 0 - 1080, 2400) epz=Point(1080, 2400) d=0 v=falseMiuiChangeImpl {miuiEmbedding:false, scale:1.0}} 1 1
03-22 14:52:23.031 D/BarFollowAnimation( 2504): startStatusBarAnimation change= {WCT{RemoteToken{2209c66 Task{2f997db #1142 type=standard A=10374:com.rootguard.app}}} m=OPEN f=NONE leash=Surface(name=Task=1142#8042)/@0xe9998ea sb=Rect(0, 0 - 1080, 2400) eb=Rect(0, 0 - 1080, 2400) epz=Point(1080, 2400) d=0 taskParent=-1 v=trueMiuiChangeImpl {miuiEmbedding:false, scale:1.0}} isRecent=false startWindowMode=1 endWindowMode=1 statusState=-1 isRotationAnimation=false
03-22 14:52:23.031 D/BarFollowAnimation( 2504): startStatusBarAnimation change= {WCT{RemoteToken{7a7aaa Task{462bb77 #1 type=home}}} m=TO_BACK f=SHOW_WALLPAPER leash=Surface(name=Task=1#51)/@0x1c39c38 sb=Rect(0, 0 - 1080, 2400) eb=Rect(0, 0 - 1080, 2400) epz=Point(1080, 2400) d=0 taskParent=-1 v=falseMiuiChangeImpl {miuiEmbedding:false, scale:1.0}} isRecent=false startWindowMode=1 endWindowMode=1 statusState=-1 isRotationAnimation=false
03-22 14:52:23.031 D/BarFollowAnimation( 2504): startStatusBarAnimation hometask=Task{462bb77 #1 type=home}
03-22 14:52:23.031 D/BarFollowAnimation( 2504): startStatusBarAnimation mHomeSurface=Surface(name=StatusBar Container of Task = 1#53)/@0x480d976
03-22 14:52:23.031 D/BarFollowAnimation( 2504): startStatusBarAnimation task=Task{2f997db #1142 type=standard A=10374:com.rootguard.app}
03-22 14:52:23.031 D/BarFollowAnimation( 2504): startStatusBarAnimation mAppSurface=Surface(name=StatusBar Container of Task = 1142#8044)/@0x2b1d51
03-22 14:52:23.031 D/BarFollowAnimation( 2504): bindAssociatedTask task=Task{2f997db #1142 type=standard A=10374:com.rootguard.app}
03-22 14:52:23.031 D/BarFollowAnimation( 2504): bindAssociatedTask task=Task{2f997db #1142 type=standard A=10374:com.rootguard.app}
03-22 14:52:23.031 D/BLASTSyncEngine( 2504): [DH_DEBUG]remove timeout #472 callback=com.android.server.wm.BLASTSyncEngine$SyncGroup$$ExternalSyntheticLambda2@9c58cde
03-22 14:52:23.032 I/ActivityTaskManager( 2504): START u0 {act=android.intent.action.MAIN cat=[android.intent.category.LAUNCHER] flg=0x10200000 xflg=0x4 cmp=com.rootguard.app/.MainActivity bnds=[36,12][166,142] (has extras)} with LAUNCH_SINGLE_TASK from uid 10144 from pid 5214 callingPackage com.miui.home (sr=75598259) (BAL_ALLOW_VISIBLE_WINDOW) result code=0
03-22 14:52:23.032 I/ActivityManager( 2504): ProcessObserver broadcast disabled
03-22 14:52:23.034 E/WindowOrganizerController( 2504): Trying to start a transition that isn't collecting. This probably means Shell took too long to respond to a request. WM State may be incorrect now, please file a bug
03-22 14:52:23.034 I/SmartPower: com.qualcomm.qti.workloadclassifier/10241(30356)( 2504): idle->background(6665ms) R(broadcast start Intent { act=com.qualcomm.qti.workloadclassifier.APP_LAUNCH flg=0x30 xflg=0x4 pkg=com.qualcomm.qti.workloadclassifier (has extras) }) adj=500.
03-22 14:52:23.035 D/WindowManager( 2504): wms.Focus not requested for window=Window{fe986d6 u0 com.miui.home/com.miui.home.launcher.Launcher} because it has no surface or is not focusable.
03-22 14:52:23.035 D/MiuiWallpaperAnimationManager( 2504): startScaleAnimation  from: 1.0 to: 1.14 by window: Window{fe986d6 u0 com.miui.home/com.miui.home.launcher.Launcher}
03-22 14:52:23.035 D/MiuiWallpaperSurfaceAnimation( 2504): setAnimationState curState: INITIALIZED
03-22 14:52:23.035 D/MultiTaskingTaskRepository( 5847): addOrMoveFullscreenTaskToTop::taskId = 1142
03-22 14:52:23.036 D/MiuiMultiWindowUtils( 5847): supportMultiWindow: isSupportDevice = -1
03-22 14:52:23.036 D/MiuiMultiWindowUtils( 5847): supportMultiWindow: isSupportDevice = -1
03-22 14:52:23.036 D/MiuiMultiWindowRecommendHelper( 5847): device not support split screen recommend
03-22 14:52:23.036 D/MultiTaskingTaskRepository( 5847): putOrUpdateTaskInfo::taskInfo.taskId = 1142 current mMultiTaskingTaskInfoList:  ,5 ,4
03-22 14:52:23.036 D/MultiTaskingTaskRepository( 5847): java.lang.Throwable
03-22 14:52:23.036 D/MultiTaskingTaskRepository( 5847): 	at com.android.wm.shell.multitasking.common.taskmanager.MultiTaskingTaskRepository.updateMultiTaskingTaskInfo(go/retraceme 905fe248eee73ec01aa5e2c7e8e2a5d900513e8d0994e37081a1508aaf5ff25f:71)
03-22 14:52:23.036 D/MultiTaskingTaskRepository( 5847): 	at com.android.wm.shell.multitasking.common.taskmanager.MultiTaskingTaskRepository.putOrUpdateTaskInfo(go/retraceme 905fe248eee73ec01aa5e2c7e8e2a5d900513e8d0994e37081a1508aaf5ff25f:40)
03-22 14:52:23.036 D/MultiTaskingTaskRepository( 5847): 	at com.android.wm.shell.multitasking.common.taskmanager.MultiTaskingTaskRepository.onOpenTransitionReady(go/retraceme 905fe248eee73ec01aa5e2c7e8e2a5d900513e8d0994e37081a1508aaf5ff25f:2)
03-22 14:52:23.036 D/MultiTaskingTaskRepository( 5847): 	at com.android.wm.shell.multitasking.common.taskmanager.MultiTaskingTransitionObserver.onOpenTransitionReady(go/retraceme 905fe248eee73ec01aa5e2c7e8e2a5d900513e8d0994e37081a1508aaf5ff25f:11)
03-22 14:52:23.036 D/MultiTaskingTaskRepository( 5847): 	at com.android.wm.shell.multitasking.common.taskmanager.MultiTaskingTransitionObserver.onTransitionReady(go/retraceme 905fe248eee73ec01aa5e2c7e8e2a5d900513e8d0994e37081a1508aaf5ff25f:64)
03-22 14:52:23.036 D/MultiTaskingTaskRepository( 5847): 	at com.android.wm.shell.transition.Transitions.dispatchReady(go/retraceme 905fe248eee73ec01aa5e2c7e8e2a5d900513e8d0994e37081a1508aaf5ff25f:241)
03-22 14:52:23.036 D/MultiTaskingTaskRepository( 5847): 	at com.android.wm.shell.transition.Transitions.onTransitionReady(go/retraceme 905fe248eee73ec01aa5e2c7e8e2a5d900513e8d0994e37081a1508aaf5ff25f:269)
03-22 14:52:23.036 D/MultiTaskingTaskRepository( 5847): 	at com.android.wm.shell.transition.Transitions$TransitionPlayerImpl$$ExternalSyntheticLambda1.run(go/retraceme 905fe248eee73ec01aa5e2c7e8e2a5d900513e8d0994e37081a1508aaf5ff25f:48)
03-22 14:52:23.036 D/MultiTaskingTaskRepository( 5847): 	at android.os.Handler.handleCallback(Handler.java:1029)
03-22 14:52:23.036 D/MultiTaskingTaskRepository( 5847): 	at android.os.Handler.dispatchMessage(Handler.java:107)
03-22 14:52:23.036 D/MultiTaskingTaskRepository( 5847): 	at android.os.Looper.loopOnce(Looper.java:267)
03-22 14:52:23.036 D/MultiTaskingTaskRepository( 5847): 	at android.os.Looper.loop(Looper.java:360)
03-22 14:52:23.036 D/MultiTaskingTaskRepository( 5847): 	at android.os.HandlerThread.run(HandlerThread.java:85)
03-22 14:52:23.036 I/MultiTaskingTaskInfo( 5847): MultiTaskingBaseTaskInfo::MultiTaskingBaseTaskInfo::mTaskBounds = Rect(0, 0 - 1080, 2400), mTaskId = 1142
03-22 14:52:23.036 D/MultiTaskingAnimTarget( 5847): setAnimParam bounds: Rect(0, 0 - 1080, 2400) scaleX: 1.0 scaleY: 1.0
03-22 14:52:23.036 D/MultiTaskingAnimTarget( 5847): java.lang.Throwable
03-22 14:52:23.036 D/MultiTaskingAnimTarget( 5847): 	at com.android.wm.shell.multitasking.common.animation.MultiTaskingAnimTarget.setAnimParam(go/retraceme 905fe248eee73ec01aa5e2c7e8e2a5d900513e8d0994e37081a1508aaf5ff25f:35)
03-22 14:52:23.036 D/MultiTaskingAnimTarget( 5847): 	at com.android.wm.shell.multitasking.common.animation.MultiTaskingFolmeControl.updateBaseAnimParam(go/retraceme 905fe248eee73ec01aa5e2c7e8e2a5d900513e8d0994e37081a1508aaf5ff25f:15)
03-22 14:52:23.036 D/MultiTaskingAnimTarget( 5847): 	at com.android.wm.shell.multitasking.common.taskmanager.MultiTaskingTaskInfo.<init>(go/retraceme 905fe248eee73ec01aa5e2c7e8e2a5d900513e8d0994e37081a1508aaf5ff25f:35)
03-22 14:52:23.036 D/MultiTaskingAnimTarget( 5847): 	at com.android.wm.shell.multitasking.common.taskmanager.MultiTaskingTaskRepository.updateMultiTaskingTaskInfo(go/retraceme 905fe248eee73ec01aa5e2c7e8e2a5d900513e8d0994e37081a1508aaf5ff25f:102)
03-22 14:52:23.036 D/MultiTaskingAnimTarget( 5847): 	at com.android.wm.shell.multitasking.common.taskmanager.MultiTaskingTaskRepository.putOrUpdateTaskInfo(go/retraceme 905fe248eee73ec01aa5e2c7e8e2a5d900513e8d0994e37081a1508aaf5ff25f:40)
03-22 14:52:23.036 D/MultiTaskingAnimTarget( 5847): 	at com.android.wm.shell.multitasking.common.taskmanager.MultiTaskingTaskRepository.onOpenTransitionReady(go/retraceme 905fe248eee73ec01aa5e2c7e8e2a5d900513e8d0994e37081a1508aaf5ff25f:2)
03-22 14:52:23.036 D/MultiTaskingAnimTarget( 5847): 	at com.android.wm.shell.multitasking.common.taskmanager.MultiTaskingTransitionObserver.onOpenTransitionReady(go/retraceme 905fe248eee73ec01aa5e2c7e8e2a5d900513e8d0994e37081a1508aaf5ff25f:11)
03-22 14:52:23.036 D/MultiTaskingAnimTarget( 5847): 	at com.android.wm.shell.multitasking.common.taskmanager.MultiTaskingTransitionObserver.onTransitionReady(go/retraceme 905fe248eee73ec01aa5e2c7e8e2a5d900513e8d0994e37081a1508aaf5ff25f:64)
03-22 14:52:23.036 D/MultiTaskingAnimTarget( 5847): 	at com.android.wm.shell.transition.Transitions.dispatchReady(go/retraceme 905fe248eee73ec01aa5e2c7e8e2a5d900513e8d0994e37081a1508aaf5ff25f:241)
03-22 14:52:23.036 D/MultiTaskingAnimTarget( 5847): 	at com.android.wm.shell.transition.Transitions.onTransitionReady(go/retraceme 905fe248eee73ec01aa5e2c7e8e2a5d900513e8d0994e37081a1508aaf5ff25f:269)
03-22 14:52:23.036 D/MultiTaskingAnimTarget( 5847): 	at com.android.wm.shell.transition.Transitions$TransitionPlayerImpl$$ExternalSyntheticLambda1.run(go/retraceme 905fe248eee73ec01aa5e2c7e8e2a5d900513e8d0994e37081a1508aaf5ff25f:48)
03-22 14:52:23.036 D/MultiTaskingAnimTarget( 5847): 	at android.os.Handler.handleCallback(Handler.java:1029)
03-22 14:52:23.036 D/MultiTaskingAnimTarget( 5847): 	at android.os.Handler.dispatchMessage(Handler.java:107)
03-22 14:52:23.036 D/MultiTaskingAnimTarget( 5847): 	at android.os.Looper.loopOnce(Looper.java:267)
03-22 14:52:23.036 D/MultiTaskingAnimTarget( 5847): 	at android.os.Looper.loop(Looper.java:360)
03-22 14:52:23.036 D/MultiTaskingAnimTarget( 5847): 	at android.os.HandlerThread.run(HandlerThread.java:85)
03-22 14:52:23.036 D/MultiTaskingFolmeControl( 5847): updateBaseAnimParam taskId = 1142 taskBounds : Rect(0, 0 - 1080, 2400)
03-22 14:52:23.036 D/MulWinSwitchDecorViewModel( 5847): createWindowDecoration: taskId=1142, isHome=false, windowingMode=1, mWindowDecorByTaskId.size()=2, callers=com.android.wm.shell.multitasking.miuimultiwinswitch.miuiwindowdecor.MulWinSwitchDecorViewModel.onTaskOpening:10 com.android.wm.shell.freeform.FreeformTaskTransitionObserver.onTransitionReady:334 com.android.wm.shell.transition.Transitions.dispatchReady:241 com.android.wm.shell.transition.Transitions.onTransitionReady:269 com.android.wm.shell.transition.Transitions$TransitionPlayerImpl$$ExternalSyntheticLambda1.run:48 
03-22 14:52:23.036 D/MiuiDecorationController( 5847): relayout::taskId=1142, visible=true, bounds=Rect(0, 0 - 1080, 2400), focused=false, oldImmersive=false, newImmersive=false, windowMode=1, activityType=1, displayId=0, baseActivity=ComponentInfo{com.rootguard.app/com.rootguard.app.MainActivity}, topActivity=ComponentInfo{com.rootguard.app/com.rootguard.app.MainActivity}, callers=com.android.wm.shell.multitasking.miuimultiwinswitch.miuiwindowdecor.MulWinSwitchDecorViewModel.createWindowDecoration:317 com.android.wm.shell.multitasking.miuimultiwinswitch.miuiwindowdecor.MulWinSwitchDecorViewModel.onTaskOpening:10 com.android.wm.shell.freeform.FreeformTaskTransitionObserver.onTransitionReady:334 com.android.wm.shell.transition.Transitions.dispatchReady:241 com.android.wm.shell.transition.Transitions.onTransitionReady:269 
03-22 14:52:23.036 D/MiuiWallpaperSurfaceAnimation( 2504): setAnimationState curState: STARTED
03-22 14:52:23.037 D/MiuiDecorationDot( 5847): needTopCaption: isFullscreen = true isPadDevice = false isFoldInnerScreen = false canShowCaptionWhenCasting = false
03-22 14:52:23.037 D/TaskSnapshot_Helper( 5847): SYS is normal.
03-22 14:52:23.037 D/MiuiDecorationDot( 5847): releaseViews_TopCaption: taskId=1142
03-22 14:52:23.037 D/MiuiDecorationDot( 5847): releaseViews_TopCaption: taskId=1142
03-22 14:52:23.037 D/MiuiDecorationBottom( 5847): needBottomCaption: needSupportNavigationHandle = false
03-22 14:52:23.037 D/MiuiDecorationBottom( 5847): releaseViews_BottomCaption: taskId=1142
03-22 14:52:23.037 D/MiuiDecorationBottom( 5847): releaseViews_BottomCaption: taskId=1142
03-22 14:52:23.037 D/MulWinSwitchDecorViewModel( 5847): onTaskChanging taskId:1 decoration = com.android.wm.shell.multitasking.miuimultiwinswitch.miuiwindowdecor.decoration.MiuiDecorationHomeController@a7108b4
03-22 14:52:23.037 D/MiuiDecorationHomeController( 5847): relayout::taskId=1, userId=0, visible=true, bounds=Rect(0, 0 - 1080, 2400), focused=true, activityType=2, displayId=0, baseActivity=ComponentInfo{com.miui.home/com.miui.home.launcher.Launcher}, topActivity=ComponentInfo{com.miui.home/com.miui.home.launcher.Launcher}, callers=com.android.wm.shell.multitasking.miuimultiwinswitch.miuiwindowdecor.MulWinSwitchDecorViewModel.onTaskChanging:110 com.android.wm.shell.freeform.FreeformTaskTransitionObserver.onTransitionReady:187 com.android.wm.shell.transition.Transitions.dispatchReady:241 com.android.wm.shell.transition.Transitions.onTransitionReady:269 com.android.wm.shell.transition.Transitions$TransitionPlayerImpl$$ExternalSyntheticLambda1.run:48 
03-22 14:52:23.037 D/MiuiDecorationHomeBottom( 5847): needHomeBottomCaption: needSupportNavigationHandle = false
03-22 14:52:23.037 D/MiuiDecorationBottom( 5847): releaseViews_HomeBottomCaption: taskId=1
03-22 14:52:23.037 D/MiuiDecorationBottom( 5847): releaseViews_HomeBottomCaption: taskId=1
03-22 14:52:23.037 E/TransitionChain( 2504): Can't collect into a chain with no transition
03-22 14:52:23.037 D/ActivityTaskManager( 2504):  setSkipCaptureLayers tr: Task{2f997db #1142 type=standard A=10374:com.rootguard.app}
03-22 14:52:23.037 D/SoScUtils( 5847): isSingle: false, isFullMode: false, isActive: false, soscState: -1, isSoScVisible: false
03-22 14:52:23.037 D/SoScUtils( 5847): fullRoot : null, 
03-22 14:52:23.037 D/SoScUtils( 5847): mainStage : null, 
03-22 14:52:23.037 D/SoScUtils( 5847): sideStage : null, 
03-22 14:52:23.037 D/SoScUtils( 5847): mainActive : false, sideActive : false
03-22 14:52:23.037 D/MultiTaskingTransitionObserver( 5847): onRemoteAnimationStart::mRemoteOpenFreeformTransitions = [android.os.BinderProxy@eb1e53e]
03-22 14:52:23.038 D/ShellTransitions( 5847):  DefaultMixedHandler.recentsTransitionHandler = com.android.wm.shell.recents.RecentsTransitionHandler@4b9e01e mGestureStateUpdateCallback = android.window.IGestureStateUpdateCallback$Stub$Proxy@449f3dd
03-22 14:52:23.038 W/ActivityThread( 5214): Activity top position already set to onTop=true
03-22 14:52:23.038 I/MultiTaskingTaskRepository( 5847): onTaskAppeared::taskId = 1142 mTasks: 8, 7, 6, 5, 4, 3, 1, 
03-22 14:52:23.038 D/MultiTaskingTaskRepository( 5847): addOrMoveFullscreenTaskToTop::taskId = 1142
03-22 14:52:23.038 D/MiuiMultiWindowUtils( 5847): supportMultiWindow: isSupportDevice = -1
03-22 14:52:23.038 D/MiuiMultiWindowUtils( 5847): supportMultiWindow: isSupportDevice = -1
03-22 14:52:23.038 D/MiuiMultiWindowRecommendHelper( 5847): device not support split screen recommend
03-22 14:52:23.038 I/MultiTaskingTaskInfo( 5847): MultiTaskingBaseTaskInfo::update::mTaskBounds = Rect(0, 0 - 1080, 2400), mTaskId = 1142
03-22 14:52:23.038 D/MultiTaskingTransitionsHelper( 5847): skip updateBaseAnimParam taskId: 1142 pendingTransitions: [] readyDuringSync: [] tracks: [Track #0 activeTransition: {id=472 t=OPEN f=0x0 trk=0 r=[0@Point(0, 0)] c=[{m=OPEN f=NONE leash=Surface(name=Task=1142#8042)/@0xc85a6bb sb=Rect(0, 0 - 1080, 2400) eb=Rect(0, 0 - 1080, 2400) epz=Point(1080, 2400) d=0 taskParent=-1 v=trueMiuiChangeImpl {miuiEmbedding:false, scale:1.0}},{m=TO_BACK f=SHOW_WALLPAPER leash=Surface(name=Task=1#51)/@0xb043233 sb=Rect(0, 0 - 1080, 2400) eb=Rect(0, 0 - 1080, 2400) epz=Point(1080, 2400) d=0 taskParent=-1 v=falseMiuiChangeImpl {miuiEmbedding:false, scale:1.0}},{m=TO_BACK f=IS_WALLPAPER leash=Surface(name=WallpaperWindowToken{d960831 showWhenLocked=false}#55)/@0x8c019ee sb=Rect(0, 0 - 1080, 2400) eb=Rect(0, 0 - 1080, 2400) epz=Point(1080, 2400) d=0 v=falseMiuiChangeImpl {miuiEmbedding:false, scale:1.0}}] mk=[false] noAni=[false] df=[false] rsa=[false] oa=[false] nc=[0] ho=[false] hla=[true] iSync=[-1]}android.os.BinderProxy@eb1e53e readyTransitions: []Track #1 readyTransitions: []Track #2 readyTransitions: []]
03-22 14:52:23.038 D/ExternalInterface( 2504): setUidState, uid = 10117 allow = false
03-22 14:52:23.038 D/QcomSchedBoost( 2504): stopBoostInternal
03-22 14:52:23.038 D/QcomSchedBoost( 2504): stopBoostInternal
03-22 14:52:23.039 D/QcomSchedBoost( 2504): stopBoostInternal
03-22 14:52:23.039 I/MultiTaskingCoverLayerController( 5847): create cover layer, tag = 1142
03-22 14:52:23.040 D/OneHandedController( 5847): stopOneHanded state is 0
03-22 14:52:23.043 D/ExternalInterface( 2504): setUidState, uid = 10221 allow = false
03-22 14:52:23.046 D/OneHandedController( 5847): stopOneHanded state is 0
03-22 14:52:23.047 D/PerfShielderService( 2504): Add animation response: HOME_START_APP_ANIMATION_RESPONSE  package:com.rootguard.app duration:35 startTime: 12484106 endTime:12484141
03-22 14:52:23.047 E/PerfShielderService( 2504): onScenarioChanged end type: 296 time:12484141, startTime : 12484106
03-22 14:52:23.048 D/MiuiForceVkService( 2504): shouldUseVk, pkg=com.rootguard.app useVk 0
03-22 14:52:23.048 I/ActivityThread(31903): Current dynamic renderEngine type=0
03-22 14:52:23.048 D/PreStartingManager( 2504): notifyStartingAdded success, preSurfaceControl: Surface(name=preSplashStarting#8047)/@0x6cb3890  colorSurfaceControl: Surface(name=PreColorStarting#8046)/@0x7a12753
03-22 14:52:23.048 D/PreStartingManager( 2504): Reset colorSurfaceControl: Surface(name=PreColorStarting#8046)/@0x7a12753  ColorSurfaceSize: 0
03-22 14:52:23.048 D/PreStartingManager( 2504): Get background color: ff303030  key: com.rootguard.app_light  containColor: true
03-22 14:52:23.048 I/MiuiSplitInputMethodImpl( 2504): Skpi check shouldUpdateImeTargetForBackScreen.
03-22 14:52:23.048 I/MiuiSplitInputMethodImpl( 2504): Skpi check shouldUpdateImeTargetForBackScreen.
03-22 14:52:23.048 I/MiuiSplitInputMethodImpl( 2504): Skpi check shouldUpdateImeTargetForBackScreen.
03-22 14:52:23.048 I/MiuiSplitInputMethodImpl( 2504): Skpi check shouldUpdateImeTargetForBackScreen.
03-22 14:52:23.048 I/MiuiSplitInputMethodImpl( 2504): Skpi check shouldUpdateImeTargetForBackScreen.
03-22 14:52:23.048 I/MiuiSplitInputMethodImpl( 2504): Skpi check shouldUpdateImeTargetForBackScreen.
03-22 14:52:23.048 I/MiuiSplitInputMethodImpl( 2504): Skpi check shouldUpdateImeTargetForBackScreen.
03-22 14:52:23.048 I/MiuiSplitInputMethodImpl( 2504): Skpi check shouldUpdateImeTargetForBackScreen.
03-22 14:52:23.048 I/MiuiSplitInputMethodImpl( 2504): Skpi check shouldUpdateImeTargetForBackScreen.
03-22 14:52:23.048 I/MiuiSplitInputMethodImpl( 2504): Skpi check shouldUpdateImeTargetForBackScreen.
03-22 14:52:23.048 I/MiuiSplitInputMethodImpl( 2504): Skpi check shouldUpdateImeTargetForBackScreen.
03-22 14:52:23.048 I/MiuiSplitInputMethodImpl( 2504): Skpi check shouldUpdateImeTargetForBackScreen.
03-22 14:52:23.048 I/MiuiSplitInputMethodImpl( 2504): Skpi check shouldUpdateImeTargetForBackScreen.
03-22 14:52:23.048 I/MiuiSplitInputMethodImpl( 2504): Skpi check shouldUpdateImeTargetForBackScreen.
03-22 14:52:23.048 I/MiuiSplitInputMethodImpl( 2504): Skpi check shouldUpdateImeTargetForBackScreen.
03-22 14:52:23.048 I/MiuiSplitInputMethodImpl( 2504): Skpi check shouldUpdateImeTargetForBackScreen.
03-22 14:52:23.048 I/MiuiSplitInputMethodImpl( 2504): Skpi check shouldUpdateImeTargetForBackScreen.
03-22 14:52:23.048 I/MiuiSplitInputMethodImpl( 2504): Skpi check shouldUpdateImeTargetForBackScreen.
03-22 14:52:23.048 I/MiuiSplitInputMethodImpl( 2504): Skpi check shouldUpdateImeTargetForBackScreen.
03-22 14:52:23.049 I/WindowManager( 2504): Allow fixed rotation for not collecting:ActivityRecord{219965836 u0 com.rootguard.app/.MainActivity t1142}
03-22 14:52:23.049 D/BarFollowAnimation( 2504): pairAppearanceRegionAndWin win=Window{f2efc97 u0 Splash Screen com.rootguard.app} 0
03-22 14:52:23.049 D/BarFollowAnimation( 2504): isAppTaskBarOnTop win:Window{fe986d6 u0 com.miui.home/com.miui.home.launcher.Launcher} (mCurrentTopTask:Task{2f997db #1142 type=standard A=10374:com.rootguard.app} : true); (mAssociatedTask:Task{2f997db #1142 type=standard A=10374:com.rootguard.app} : true); (mHomeTask:Task{462bb77 #1 type=home} : true); mReparentToOriginParent:false mLastAppBarVisible:true mLastHomeBarVisible:false
03-22 14:52:23.049 D/MiuiRefreshRatePolicy( 2504): reset
03-22 14:52:23.051 D/WindowManager( 2504): wms.Focus not requested for window=Window{fe986d6 u0 com.miui.home/com.miui.home.launcher.Launcher} because it has no surface or is not focusable.
03-22 14:52:23.051 I/Perf[AppStartScene]( 2504): onSceneChangeNotify:Bundle[{applicationThread=android.os.BinderProxy@a76a2a2, hostingRecordName={com.rootguard.app/com.rootguard.app.MainActivity}, hostingRecordType=next-top-activity, pid=31903, uid=10374, type=0, state=3, processName=com.rootguard.app, packageName=com.rootguard.app, applicationThreadExt=android.os.BinderProxy@55ccb33}]
03-22 14:52:23.053 D/CoreBackPreview( 2504): Window{f2efc97 u0 Splash Screen com.rootguard.app}: Setting back callback OnBackInvokedCallbackInfo{mCallback=android.window.IOnBackInvokedCallback$Stub$Proxy@ec046ee, mPriority=0, mIsAnimationCallback=false, mOverrideBehavior=0}
03-22 14:52:23.054 D/BarFollowAnimation( 2504): pairAppearanceRegionAndWin win=Window{f2efc97 u0 Splash Screen com.rootguard.app} 0
03-22 14:52:23.055 D/BarFollowAnimation( 2504): isAppTaskBarOnTop win:Window{fe986d6 u0 com.miui.home/com.miui.home.launcher.Launcher} (mCurrentTopTask:Task{2f997db #1142 type=standard A=10374:com.rootguard.app} : true); (mAssociatedTask:Task{2f997db #1142 type=standard A=10374:com.rootguard.app} : true); (mHomeTask:Task{462bb77 #1 type=home} : true); mReparentToOriginParent:false mLastAppBarVisible:true mLastHomeBarVisible:false
03-22 14:52:23.055 D/MiuiRefreshRatePolicy( 2504): reset
03-22 14:52:23.056 D/ExternalInterface( 2504): setUidState, uid = 10234 allow = false
03-22 14:52:23.057 I/MiuiSplitInputMethodImpl( 2504): Skpi check shouldUpdateImeTargetForBackScreen.
03-22 14:52:23.057 I/MiuiSplitInputMethodImpl( 2504): Skpi check shouldUpdateImeTargetForBackScreen.
03-22 14:52:23.057 I/MiuiSplitInputMethodImpl( 2504): Skpi check shouldUpdateImeTargetForBackScreen.
03-22 14:52:23.057 I/MiuiSplitInputMethodImpl( 2504): Skpi check shouldUpdateImeTargetForBackScreen.
03-22 14:52:23.057 I/MiuiSplitInputMethodImpl( 2504): Skpi check shouldUpdateImeTargetForBackScreen.
03-22 14:52:23.057 I/MiuiSplitInputMethodImpl( 2504): Skpi check shouldUpdateImeTargetForBackScreen.
03-22 14:52:23.057 I/MiuiSplitInputMethodImpl( 2504): Skpi check shouldUpdateImeTargetForBackScreen.
03-22 14:52:23.057 I/MiuiSplitInputMethodImpl( 2504): Skpi check shouldUpdateImeTargetForBackScreen.
03-22 14:52:23.057 I/MiuiSplitInputMethodImpl( 2504): Skpi check shouldUpdateImeTargetForBackScreen.
03-22 14:52:23.057 I/MiuiSplitInputMethodImpl( 2504): Skpi check shouldUpdateImeTargetForBackScreen.
03-22 14:52:23.057 I/MiuiSplitInputMethodImpl( 2504): Skpi check shouldUpdateImeTargetForBackScreen.
03-22 14:52:23.057 I/MiuiSplitInputMethodImpl( 2504): Skpi check shouldUpdateImeTargetForBackScreen.
03-22 14:52:23.057 I/MiuiSplitInputMethodImpl( 2504): Skpi check shouldUpdateImeTargetForBackScreen.
03-22 14:52:23.057 I/MiuiSplitInputMethodImpl( 2504): Skpi check shouldUpdateImeTargetForBackScreen.
03-22 14:52:23.057 I/MiuiSplitInputMethodImpl( 2504): Skpi check shouldUpdateImeTargetForBackScreen.
03-22 14:52:23.057 I/MiuiSplitInputMethodImpl( 2504): Skpi check shouldUpdateImeTargetForBackScreen.
03-22 14:52:23.057 I/MiuiSplitInputMethodImpl( 2504): Skpi check shouldUpdateImeTargetForBackScreen.
03-22 14:52:23.057 I/MiuiSplitInputMethodImpl( 2504): Skpi check shouldUpdateImeTargetForBackScreen.
03-22 14:52:23.057 I/MiuiSplitInputMethodImpl( 2504): Skpi check shouldUpdateImeTargetForBackScreen.
03-22 14:52:23.057 D/BarFollowAnimation( 2504): isAppTaskBarOnTop win:Window{f2efc97 u0 Splash Screen com.rootguard.app} (mCurrentTopTask:Task{2f997db #1142 type=standard A=10374:com.rootguard.app} : true); (mAssociatedTask:Task{2f997db #1142 type=standard A=10374:com.rootguard.app} : true); (mHomeTask:Task{462bb77 #1 type=home} : true); mReparentToOriginParent:false mLastAppBarVisible:true mLastHomeBarVisible:false
03-22 14:52:23.058 D/WindowManager( 2504): updateSystemBarAttributes displayId: 16777216 Window{f2efc97 u0 Splash Screen com.rootguard.app} winAppearance=
03-22 14:52:23.058 D/WindowManager( 2504): wms.Input focus has changed to null display=0 updateInputWindows = true
03-22 14:52:23.058 I/MultiSenceManagerInternalStub( 2504): getInstance
03-22 14:52:23.058 D/WmSystemUiDebug( 2504): on system bar attributes changed displayId=16777216 appearance= appearanceRegions=[AppearanceRegion{ bounds=[0,0][1080,2400]}] navbarColorManagedByIme=false behavior=1 requestedVisibleTypes=[statusBars navigationBars captionBar systemGestures mandatorySystemGestures tappableElement displayCutout windowDecor systemOverlays] packageName=com.rootguard.app letterboxDetails=[]
03-22 14:52:23.058 I/WindowManager( 2504): Allow fixed rotation for not collecting:ActivityRecord{219965836 u0 com.rootguard.app/.MainActivity t1142}
03-22 14:52:23.059 I/ActivityTaskManager( 2504): Process com.rootguard.app restarted
03-22 14:52:23.059 W/ActivityTaskManager( 2504): takeTaskSnapshot: taskId=1136 not found or not visible
03-22 14:52:23.062 W/MiuiBoosterUtils( 2504): enable_miuibooster_launch : false
03-22 14:52:23.063 D/Aurogon ( 2504):  uid = 10374 switch to FG
03-22 14:52:23.064 D/MiuiDownscaleImpl(31903): set override inverted scale : 1.0
03-22 14:52:23.065 D/ActivityManager( 2504): Logging startService for com.qualcomm.qti.workloadclassifier, stopped=false, firstLaunch=false, intent=Intent { act=com.qualcomm.qti.workloadclassifier.APP_LAUNCH flg=0x30 xflg=0x4 pkg=com.qualcomm.qti.workloadclassifier cmp=com.qualcomm.qti.workloadclassifier/.WLCService (has extras) }, r.app=ProcessRecord{f78b736 30356:com.qualcomm.qti.workloadclassifier/u0a241}
03-22 14:52:23.065 D/BroadcastQueue( 2504): Logging broadcast for com.qualcomm.qti.workloadclassifier, stopped=false, firstLaunch=false
03-22 14:52:23.067 I/DisplayPolicyStubImpl( 2504): com.android.server.wm.WindowState hide ime, enable touchboost
03-22 14:52:23.067 I/DisplayPolicyStubImpl( 2504): com.android.server.wm.WindowState hide ime, enable touchboost
03-22 14:52:23.071 D/WindowManager( 2504): Finishing drawing starting window: Window{f2efc97 u0 Splash Screen com.rootguard.app} mDrawState: DRAW_PENDING
03-22 14:52:23.071 D/BarFollowAnimation( 2504): pairAppearanceRegionAndWin win=Window{f2efc97 u0 Splash Screen com.rootguard.app} 0
03-22 14:52:23.071 D/BarFollowAnimation( 2504): isAppTaskBarOnTop win:Window{f2efc97 u0 Splash Screen com.rootguard.app} (mCurrentTopTask:Task{2f997db #1142 type=standard A=10374:com.rootguard.app} : true); (mAssociatedTask:Task{2f997db #1142 type=standard A=10374:com.rootguard.app} : true); (mHomeTask:Task{462bb77 #1 type=home} : true); mReparentToOriginParent:false mLastAppBarVisible:true mLastHomeBarVisible:false
03-22 14:52:23.072 D/MiuiRefreshRatePolicy( 2504): reset
03-22 14:52:23.072 I/ActivityRecordImpl( 2504): onStartingWindowDrawn setDeferTaskAppear false
03-22 14:52:23.074 I/WindowManager( 2504): wms.showSurfaceRobustly mWin:Window{f2efc97 u0 Splash Screen com.rootguard.app} in Surface(name=Splash Screen com.rootguard.app#8058)/@0x78ee78f
03-22 14:52:23.078 D/ExternalInterface( 2504): setUidState, uid = 10252 allow = false
03-22 14:52:23.085 I/SmartPower: com.miui.gallery/10283(7992)( 2504): idle->background(6821ms) R(content provider start ContentProviderRecord{ffbfcd5 u0 com.miui.gallery/.provider.GalleryOpenHelperProvider}) adj=500.
03-22 14:52:23.089 D/ExternalInterface( 2504): setUidState, uid = 10332 allow = false
03-22 14:52:23.091 D/ExternalInterface( 2504): setUidState, uid = 10180 allow = false
03-22 14:52:23.092 D/ExternalInterface( 2504): setUidState, uid = 10102 allow = false
03-22 14:52:23.123 D/ExternalInterface( 2504): setUidState, uid = 10189 allow = false
03-22 14:52:23.125 D/ExternalInterface( 2504): setUidState, uid = 10288 allow = false
03-22 14:52:23.126 D/ExternalInterface( 2504): setUidState, uid = 10094 allow = false
03-22 14:52:23.127 D/ExternalInterface( 2504): setUidState, uid = 10131 allow = false
03-22 14:52:23.130 D/ExternalInterface( 2504): setUidState, uid = 10168 allow = false
03-22 14:52:23.134 D/ExternalInterface( 2504): setUidState, uid = 10161 allow = false
