03-25 09:35:02.228  2397  4741 W ActivityManager: pid 2397 system sent binder code 31101 with flags 0 to frozen apps and got error -74
03-25 09:35:02.295  2397  4741 W ActivityManager: pid 2397 system sent binder code 31101 with flags 0 to frozen apps and got error -74
03-25 09:35:02.333  2397  6996 D WindowManager: reportSystemGestureExclusionChanged(): state for package: com.ss.android.ugc.aweme, exclusionRects =[Rect(457, 2245 - 504, 2292), Rect(0, 2184 - 1080, 2342)]
03-25 09:35:02.362  2397  4741 W ActivityManager: pid 2397 system sent binder code 31101 with flags 0 to frozen apps and got error -74
03-25 09:35:02.430  2397  4741 W ActivityManager: pid 2397 system sent binder code 31101 with flags 0 to frozen apps and got error -74
03-25 09:35:02.499  2397  4741 W ActivityManager: pid 2397 system sent binder code 31101 with flags 0 to frozen apps and got error -74
03-25 09:35:02.570  2397  4741 W ActivityManager: pid 2397 system sent binder code 31101 with flags 0 to frozen apps and got error -74
03-25 09:35:02.582  2397  4574 D NetworkMetricsTracker: calcNWCause:0
03-25 09:35:02.641  2397  4741 W ActivityManager: pid 2397 system sent binder code 31101 with flags 0 to frozen apps and got error -74
03-25 09:35:02.710  2397  4741 W ActivityManager: pid 2397 system sent binder code 31101 with flags 0 to frozen apps and got error -74
03-25 09:35:02.776  2397  4741 W ActivityManager: pid 2397 system sent binder code 31101 with flags 0 to frozen apps and got error -74
03-25 09:35:02.844  2397  4741 W ActivityManager: pid 2397 system sent binder code 31101 with flags 0 to frozen apps and got error -74
03-25 09:35:02.911  2397  4741 W ActivityManager: pid 2397 system sent binder code 31101 with flags 0 to frozen apps and got error -74
03-25 09:35:02.933  2397  6996 D WindowManager: reportSystemGestureExclusionChanged(): state for package: com.ss.android.ugc.aweme, exclusionRects =[Rect(458, 2245 - 505, 2292), Rect(0, 2184 - 1080, 2342)]
03-25 09:35:02.979  2397  4741 W ActivityManager: pid 2397 system sent binder code 31101 with flags 0 to frozen apps and got error -74
03-25 09:35:03.048  2397  4741 W ActivityManager: pid 2397 system sent binder code 31101 with flags 0 to frozen apps and got error -74
03-25 09:35:03.115  2397  4741 W ActivityManager: pid 2397 system sent binder code 31101 with flags 0 to frozen apps and got error -74
03-25 09:35:03.183  2397  4741 W ActivityManager: pid 2397 system sent binder code 31101 with flags 0 to frozen apps and got error -74
03-25 09:35:03.250  2397  4741 W ActivityManager: pid 2397 system sent binder code 31101 with flags 0 to frozen apps and got error -74
03-25 09:35:03.317  2397  4741 W ActivityManager: pid 2397 system sent binder code 31101 with flags 0 to frozen apps and got error -74
03-25 09:35:03.387  2397  4741 W ActivityManager: pid 2397 system sent binder code 31101 with flags 0 to frozen apps and got error -74
03-25 09:35:03.454  2397  4741 W ActivityManager: pid 2397 system sent binder code 31101 with flags 0 to frozen apps and got error -74
03-25 09:35:03.523  2397  4741 W ActivityManager: pid 2397 system sent binder code 31101 with flags 0 to frozen apps and got error -74
03-25 09:35:03.535  2397  5615 D WindowManager: reportSystemGestureExclusionChanged(): state for package: com.ss.android.ugc.aweme, exclusionRects =[Rect(460, 2245 - 507, 2292), Rect(0, 2184 - 1080, 2342)]
03-25 09:35:03.592  2397  4741 W ActivityManager: pid 2397 system sent binder code 31101 with flags 0 to frozen apps and got error -74
03-25 09:35:03.664  2397  4741 W ActivityManager: pid 2397 system sent binder code 31101 with flags 0 to frozen apps and got error -74
03-25 09:35:03.732  2397  4741 W ActivityManager: pid 2397 system sent binder code 31101 with flags 0 to frozen apps and got error -74
03-25 09:35:03.799  2397  4741 W ActivityManager: pid 2397 system sent binder code 31101 with flags 0 to frozen apps and got error -74
03-25 09:35:03.868  2397  4741 W ActivityManager: pid 2397 system sent binder code 31101 with flags 0 to frozen apps and got error -74
03-25 09:35:03.939  2397  4741 W ActivityManager: pid 2397 system sent binder code 31101 with flags 0 to frozen apps and got error -74
03-25 09:35:04.008  2397  4741 W ActivityManager: pid 2397 system sent binder code 31101 with flags 0 to frozen apps and got error -74
03-25 09:35:04.077  2397  4741 W ActivityManager: pid 2397 system sent binder code 31101 with flags 0 to frozen apps and got error -74
03-25 09:35:04.140  2397  5615 D WindowManager: reportSystemGestureExclusionChanged(): state for package: com.ss.android.ugc.aweme, exclusionRects =[Rect(462, 2245 - 509, 2292), Rect(0, 2184 - 1080, 2342)]
03-25 09:35:04.143  2397  4741 W ActivityManager: pid 2397 system sent binder code 31101 with flags 0 to frozen apps and got error -74
03-25 09:35:04.210  2397  4741 W ActivityManager: pid 2397 system sent binder code 31101 with flags 0 to frozen apps and got error -74
03-25 09:35:04.279  2397  4741 W ActivityManager: pid 2397 system sent binder code 31101 with flags 0 to frozen apps and got error -74
03-25 09:35:04.346  2397  4741 W ActivityManager: pid 2397 system sent binder code 31101 with flags 0 to frozen apps and got error -74
03-25 09:35:04.415  2397  4741 W ActivityManager: pid 2397 system sent binder code 31101 with flags 0 to frozen apps and got error -74
03-25 09:35:04.482  2397  4741 W ActivityManager: pid 2397 system sent binder code 31101 with flags 0 to frozen apps and got error -74
03-25 09:35:04.550  2397  4741 W ActivityManager: pid 2397 system sent binder code 31101 with flags 0 to frozen apps and got error -74
03-25 09:35:04.589  2397  4574 D NetworkMetricsTracker: calcNWCause:0
03-25 09:35:04.617  2397  4741 W ActivityManager: pid 2397 system sent binder code 31101 with flags 0 to frozen apps and got error -74
03-25 09:35:04.684  2397  4741 W ActivityManager: pid 2397 system sent binder code 31101 with flags 0 to frozen apps and got error -74
03-25 09:35:04.739  2397  5607 D WindowManager: reportSystemGestureExclusionChanged(): state for package: com.ss.android.ugc.aweme, exclusionRects =[Rect(464, 2245 - 511, 2292), Rect(0, 2184 - 1080, 2342)]
03-25 09:35:04.753  2397  4741 W ActivityManager: pid 2397 system sent binder code 31101 with flags 0 to frozen apps and got error -74
03-25 09:35:04.823  2397  4741 W ActivityManager: pid 2397 system sent binder code 31101 with flags 0 to frozen apps and got error -74
03-25 09:35:04.890  2397  4741 W ActivityManager: pid 2397 system sent binder code 31101 with flags 0 to frozen apps and got error -74
03-25 09:35:04.959  2397  4741 W ActivityManager: pid 2397 system sent binder code 31101 with flags 0 to frozen apps and got error -74
03-25 09:35:05.024  2397  4741 W ActivityManager: pid 2397 system sent binder code 31101 with flags 0 to frozen apps and got error -74
03-25 09:35:05.091  2397  4741 W ActivityManager: pid 2397 system sent binder code 31101 with flags 0 to frozen apps and got error -74
03-25 09:35:05.159  2397  4741 W ActivityManager: pid 2397 system sent binder code 31101 with flags 0 to frozen apps and got error -74
03-25 09:35:05.224  2397  4741 W ActivityManager: pid 2397 system sent binder code 31101 with flags 0 to frozen apps and got error -74
03-25 09:35:05.293  2397  4741 W ActivityManager: pid 2397 system sent binder code 31101 with flags 0 to frozen apps and got error -74
03-25 09:35:05.339  2397  5607 D WindowManager: reportSystemGestureExclusionChanged(): state for package: com.ss.android.ugc.aweme, exclusionRects =[Rect(466, 2245 - 513, 2292), Rect(0, 2184 - 1080, 2342)]
03-25 09:35:05.360  2397  4741 W ActivityManager: pid 2397 system sent binder code 31101 with flags 0 to frozen apps and got error -74
03-25 09:35:05.432  2397  4741 W ActivityManager: pid 2397 system sent binder code 31101 with flags 0 to frozen apps and got error -74
03-25 09:35:05.501  2397  4741 W ActivityManager: pid 2397 system sent binder code 31101 with flags 0 to frozen apps and got error -74
03-25 09:35:05.570  2397  4741 W ActivityManager: pid 2397 system sent binder code 31101 with flags 0 to frozen apps and got error -74
03-25 09:35:05.636  2397  4741 W ActivityManager: pid 2397 system sent binder code 31101 with flags 0 to frozen apps and got error -74
03-25 09:35:05.703  2397  4741 W ActivityManager: pid 2397 system sent binder code 31101 with flags 0 to frozen apps and got error -74
03-25 09:35:05.770  2397  4741 W ActivityManager: pid 2397 system sent binder code 31101 with flags 0 to frozen apps and got error -74
03-25 09:35:05.840  2397  4741 W ActivityManager: pid 2397 system sent binder code 31101 with flags 0 to frozen apps and got error -74
03-25 09:35:05.909  2397  4741 W ActivityManager: pid 2397 system sent binder code 31101 with flags 0 to frozen apps and got error -74
03-25 09:35:05.937  2397  5607 D WindowManager: reportSystemGestureExclusionChanged(): state for package: com.ss.android.ugc.aweme, exclusionRects =[Rect(468, 2245 - 515, 2292), Rect(0, 2184 - 1080, 2342)]
03-25 09:35:05.977  2397  4741 W ActivityManager: pid 2397 system sent binder code 31101 with flags 0 to frozen apps and got error -74
03-25 09:35:05.998  2397  4388 D AlarmManager: mBroadcastRefCount -> 1
03-25 09:35:05.998  2397  3168 D MiuiEmbeddingWindow: blacklistedAppRunningOnPhone: package=com.mobiletools.systemhelperisNotProjeciton=true isHavingJeppackDisabledConfig=false isRunningOnPhone=true isAppleConnection=false
03-25 09:35:05.998  2397  3168 D MiuiEmbeddingWindow: MiuiEmbeddingWindowService: updateApplicationInfo for com.mobiletools.systemhelper, blacklistedAppRunningOnPhone updated: clear
03-25 09:35:06.001  2397  3168 I ActivityManager: Posting procStart msg for 0:com.mobiletools.systemhelper/u0a102
03-25 09:35:06.002  2397  3171 W ActivityManager: Unknown package:com.xiaomi.aiservice
03-25 09:35:06.010  2397  3171 I ActivityManager: Start proc 18910:com.mobiletools.systemhelper/u0a102 for broadcast {com.mobiletools.systemhelper/com.mobiletools.systemhelper.control.SIMStateReceiver} caller=com.mobiletools.systemhelper
03-25 09:35:06.011  2397  3171 I ActivityManager: ProcessObserver broadcast disabled
03-25 09:35:06.043  2397  4741 W ActivityManager: pid 2397 system sent binder code 31101 with flags 0 to frozen apps and got error -74
03-25 09:35:06.071  2397  6996 D MiuiForceVkService: shouldUseVk, pkg=com.mobiletools.systemhelper useVk 0
03-25 09:35:06.071 18910 18910 I ActivityThread: Current dynamic renderEngine type=0
03-25 09:35:06.075  2397  6996 I SmartPower: com.mobiletools.systemhelper/10102(18910): died->background(166767ms) R(process start ) adj=-10000.
03-25 09:35:06.080  2397  6996 D OomAdjuster: Not killing cached processes
03-25 09:35:06.083 18910 25359 D MiuiDownscaleImpl: set override inverted scale : 1.0
03-25 09:35:06.110 18910 25365 D ActivityThread: the event that target app starts is : AppLaunchEvent{mType='441', mProcessName='com.mobiletools.systemhelper', mPackageName='com.mobiletools.systemhelper', mIsMainProcess='true', mVersionCode='31', mVersionName='', mLaunchTime='2026-03-25'}
03-25 09:35:06.111  2397  4741 W ActivityManager: pid 2397 system sent binder code 31101 with flags 0 to frozen apps and got error -74
03-25 09:35:06.112 18910 25361 I ActivityThread: TrafficStats init done
03-25 09:35:06.119 18910 25361 I ActivityThread: Miui Feature Init done
03-25 09:35:06.125  2397  3168 D BroadcastQueue: Logging broadcast for android, stopped=false, firstLaunch=false
03-25 09:35:06.138  2397  5615 D PackageManager: MIUILOG- Permission Denied Get Telephony identifier :  pkg : com.mobiletools.systemhelper action : getImei
03-25 09:35:06.139  2397  5615 D PackageManager: MIUILOG- Permission Denied Get Telephony identifier :  pkg : com.mobiletools.systemhelper action : getImei
03-25 09:35:06.177  2397  4741 W ActivityManager: pid 2397 system sent binder code 31101 with flags 0 to frozen apps and got error -74
03-25 09:35:06.187  2397  5607 D PackageManager: MIUILOG- Permission Denied Get Telephony identifier :  pkg : com.mobiletools.systemhelper action : getImei
03-25 09:35:06.188  2397  5607 D PackageManager: MIUILOG- Permission Denied Get Telephony identifier :  pkg : com.mobiletools.systemhelper action : getImei
03-25 09:35:06.214  2397  5607 D BroadcastQueue: Logging broadcast for com.mobiletools.systemhelper, stopped=false, firstLaunch=false
03-25 09:35:06.215  2397  2397 D AlarmManager: mBroadcastRefCount -> 0
03-25 09:35:06.216  2397  2397 D AlarmManager: mPendingIntent -> PendingIntent{4513fb7: PendingIntentRecord{68c1324 com.mobiletools.systemhelper broadcastIntent}}
03-25 09:35:06.245  2397  4741 W ActivityManager: pid 2397 system sent binder code 31101 with flags 0 to frozen apps and got error -74
03-25 09:35:06.310  2397  4741 W ActivityManager: pid 2397 system sent binder code 31101 with flags 0 to frozen apps and got error -74
03-25 09:35:06.379  2397  4741 W ActivityManager: pid 2397 system sent binder code 31101 with flags 0 to frozen apps and got error -74
03-25 09:35:06.449  2397  4741 W ActivityManager: pid 2397 system sent binder code 31101 with flags 0 to frozen apps and got error -74
03-25 09:35:06.518  2397  4741 W ActivityManager: pid 2397 system sent binder code 31101 with flags 0 to frozen apps and got error -74
03-25 09:35:06.535  2397  5615 D WindowManager: reportSystemGestureExclusionChanged(): state for package: com.ss.android.ugc.aweme, exclusionRects =[Rect(470, 2245 - 517, 2292), Rect(0, 2184 - 1080, 2342)]
03-25 09:35:06.585  2397  4741 W ActivityManager: pid 2397 system sent binder code 31101 with flags 0 to frozen apps and got error -74
03-25 09:35:06.608  2397  4574 D NetworkMetricsTracker: calcNWCause:0
03-25 09:35:06.653  2397  4741 W ActivityManager: pid 2397 system sent binder code 31101 with flags 0 to frozen apps and got error -74
03-25 09:35:06.724  2397  4741 W ActivityManager: pid 2397 system sent binder code 31101 with flags 0 to frozen apps and got error -74
03-25 09:35:06.802  2397  4741 W ActivityManager: pid 2397 system sent binder code 31101 with flags 0 to frozen apps and got error -74
03-25 09:35:06.869  2397  4741 W ActivityManager: pid 2397 system sent binder code 31101 with flags 0 to frozen apps and got error -74
03-25 09:35:06.936  2397  4741 W ActivityManager: pid 2397 system sent binder code 31101 with flags 0 to frozen apps and got error -74
03-25 09:35:07.004  2397  4741 W ActivityManager: pid 2397 system sent binder code 31101 with flags 0 to frozen apps and got error -74
03-25 09:35:07.075  2397  4741 W ActivityManager: pid 2397 system sent binder code 31101 with flags 0 to frozen apps and got error -74
03-25 09:35:07.135  2397  5615 D WindowManager: reportSystemGestureExclusionChanged(): state for package: com.ss.android.ugc.aweme, exclusionRects =[Rect(472, 2245 - 519, 2292), Rect(0, 2184 - 1080, 2342)]
03-25 09:35:07.145  2397  4741 W ActivityManager: pid 2397 system sent binder code 31101 with flags 0 to frozen apps and got error -74
03-25 09:35:07.214  2397  4741 W ActivityManager: pid 2397 system sent binder code 31101 with flags 0 to frozen apps and got error -74
03-25 09:35:07.283  2397  4741 W ActivityManager: pid 2397 system sent binder code 31101 with flags 0 to frozen apps and got error -74
03-25 09:35:07.350  2397  4741 W ActivityManager: pid 2397 system sent binder code 31101 with flags 0 to frozen apps and got error -74
03-25 09:35:07.418  2397  4741 W ActivityManager: pid 2397 system sent binder code 31101 with flags 0 to frozen apps and got error -74
03-25 09:35:07.485  2397  4741 W ActivityManager: pid 2397 system sent binder code 31101 with flags 0 to frozen apps and got error -74
03-25 09:35:07.555  2397  4741 W ActivityManager: pid 2397 system sent binder code 31101 with flags 0 to frozen apps and got error -74
03-25 09:35:07.625  2397  4741 W ActivityManager: pid 2397 system sent binder code 31101 with flags 0 to frozen apps and got error -74
03-25 09:35:07.695  2397  4741 W ActivityManager: pid 2397 system sent binder code 31101 with flags 0 to frozen apps and got error -74
03-25 09:35:07.735  2397  5615 D WindowManager: reportSystemGestureExclusionChanged(): state for package: com.ss.android.ugc.aweme, exclusionRects =[Rect(474, 2245 - 521, 2292), Rect(0, 2184 - 1080, 2342)]
03-25 09:35:07.800  2397  4741 W ActivityManager: pid 2397 system sent binder code 31101 with flags 0 to frozen apps and got error -74
03-25 09:35:07.867  2397  4741 W ActivityManager: pid 2397 system sent binder code 31101 with flags 0 to frozen apps and got error -74
03-25 09:35:07.934  2397  4741 W ActivityManager: pid 2397 system sent binder code 31101 with flags 0 to frozen apps and got error -74
03-25 09:35:08.003  2397  4741 W ActivityManager: pid 2397 system sent binder code 31101 with flags 0 to frozen apps and got error -74
03-25 09:35:08.070  2397  4741 W ActivityManager: pid 2397 system sent binder code 31101 with flags 0 to frozen apps and got error -74
03-25 09:35:08.139  2397  4741 W ActivityManager: pid 2397 system sent binder code 31101 with flags 0 to frozen apps and got error -74
03-25 09:35:08.209  2397  4741 W ActivityManager: pid 2397 system sent binder code 31101 with flags 0 to frozen apps and got error -74
03-25 09:35:08.275  2397  4741 W ActivityManager: pid 2397 system sent binder code 31101 with flags 0 to frozen apps and got error -74
03-25 09:35:08.335  2397  6996 D WindowManager: reportSystemGestureExclusionChanged(): state for package: com.ss.android.ugc.aweme, exclusionRects =[Rect(476, 2245 - 523, 2292), Rect(0, 2184 - 1080, 2342)]
03-25 09:35:08.344  2397  4741 W ActivityManager: pid 2397 system sent binder code 31101 with flags 0 to frozen apps and got error -74
03-25 09:35:08.411  2397  4741 W ActivityManager: pid 2397 system sent binder code 31101 with flags 0 to frozen apps and got error -74
03-25 09:35:08.477  2397  4741 W ActivityManager: pid 2397 system sent binder code 31101 with flags 0 to frozen apps and got error -74
03-25 09:35:08.546  2397  4741 W ActivityManager: pid 2397 system sent binder code 31101 with flags 0 to frozen apps and got error -74
03-25 09:35:08.613  2397  4574 D NetworkMetricsTracker: calcNWCause:0
03-25 09:35:08.615  2397  4741 W ActivityManager: pid 2397 system sent binder code 31101 with flags 0 to frozen apps and got error -74
03-25 09:35:08.682  2397  4741 W ActivityManager: pid 2397 system sent binder code 31101 with flags 0 to frozen apps and got error -74
03-25 09:35:08.751  2397  4741 W ActivityManager: pid 2397 system sent binder code 31101 with flags 0 to frozen apps and got error -74
03-25 09:35:08.817  2397  4741 W ActivityManager: pid 2397 system sent binder code 31101 with flags 0 to frozen apps and got error -74
03-25 09:35:08.888  2397  4741 W ActivityManager: pid 2397 system sent binder code 31101 with flags 0 to frozen apps and got error -74
03-25 09:35:08.933  2397  5615 D WindowManager: reportSystemGestureExclusionChanged(): state for package: com.ss.android.ugc.aweme, exclusionRects =[Rect(478, 2245 - 525, 2292), Rect(0, 2184 - 1080, 2342)]
03-25 09:35:08.957  2397  4741 W ActivityManager: pid 2397 system sent binder code 31101 with flags 0 to frozen apps and got error -74
03-25 09:35:09.026  2397  4741 W ActivityManager: pid 2397 system sent binder code 31101 with flags 0 to frozen apps and got error -74
03-25 09:35:09.101  2397  4741 W ActivityManager: pid 2397 system sent binder code 31101 with flags 0 to frozen apps and got error -74
03-25 09:35:09.163  2397  4741 W ActivityManager: pid 2397 system sent binder code 31101 with flags 0 to frozen apps and got error -74
03-25 09:35:09.215  2397  4746 I SmartPower: com.mobiletools.systemhelper/10102(18910): background->idle(3140ms) R(broadcast end Intent { flg=0x10 xflg=0x4 cmp=com.mobiletools.systemhelper/.control.SIMStateReceiver }) adj=905.
03-25 09:35:09.230  2397  4741 W ActivityManager: pid 2397 system sent binder code 31101 with flags 0 to frozen apps and got error -74
03-25 09:35:09.297  2397  4741 W ActivityManager: pid 2397 system sent binder code 31101 with flags 0 to frozen apps and got error -74
03-25 09:35:09.368  2397  4741 W ActivityManager: pid 2397 system sent binder code 31101 with flags 0 to frozen apps and got error -74
03-25 09:35:09.435  2397  4741 W ActivityManager: pid 2397 system sent binder code 31101 with flags 0 to frozen apps and got error -74
03-25 09:35:09.500  2397  4741 W ActivityManager: pid 2397 system sent binder code 31101 with flags 0 to frozen apps and got error -74
03-25 09:35:09.540  2397  5615 D WindowManager: reportSystemGestureExclusionChanged(): state for package: com.ss.android.ugc.aweme, exclusionRects =[Rect(480, 2245 - 527, 2292), Rect(0, 2184 - 1080, 2342)]
03-25 09:35:09.569  2397  4741 W ActivityManager: pid 2397 system sent binder code 31101 with flags 0 to frozen apps and got error -74
03-25 09:35:09.637  2397  4741 W ActivityManager: pid 2397 system sent binder code 31101 with flags 0 to frozen apps and got error -74
03-25 09:35:09.708  2397  4741 W ActivityManager: pid 2397 system sent binder code 31101 with flags 0 to frozen apps and got error -74
03-25 09:35:09.777  2397  4741 W ActivityManager: pid 2397 system sent binder code 31101 with flags 0 to frozen apps and got error -74
03-25 09:35:09.845  2397  4741 W ActivityManager: pid 2397 system sent binder code 31101 with flags 0 to frozen apps and got error -74
03-25 09:35:09.913  2397  4741 W ActivityManager: pid 2397 system sent binder code 31101 with flags 0 to frozen apps and got error -74
03-25 09:35:09.981  2397  4741 W ActivityManager: pid 2397 system sent binder code 31101 with flags 0 to frozen apps and got error -74
03-25 09:35:10.049  2397  4741 W ActivityManager: pid 2397 system sent binder code 31101 with flags 0 to frozen apps and got error -74
03-25 09:35:10.117  2397  4741 W ActivityManager: pid 2397 system sent binder code 31101 with flags 0 to frozen apps and got error -74
03-25 09:35:10.138  2397  5615 D WindowManager: reportSystemGestureExclusionChanged(): state for package: com.ss.android.ugc.aweme, exclusionRects =[Rect(482, 2245 - 529, 2292), Rect(0, 2184 - 1080, 2342)]
03-25 09:35:10.184  2397  4741 W ActivityManager: pid 2397 system sent binder code 31101 with flags 0 to frozen apps and got error -74
03-25 09:35:10.252  2397  4741 W ActivityManager: pid 2397 system sent binder code 31101 with flags 0 to frozen apps and got error -74
03-25 09:35:10.320  2397  4741 W ActivityManager: pid 2397 system sent binder code 31101 with flags 0 to frozen apps and got error -74
03-25 09:35:10.387  2397  4741 W ActivityManager: pid 2397 system sent binder code 31101 with flags 0 to frozen apps and got error -74
03-25 09:35:10.455  2397  4741 W ActivityManager: pid 2397 system sent binder code 31101 with flags 0 to frozen apps and got error -74
03-25 09:35:10.526  2397  4741 W ActivityManager: pid 2397 system sent binder code 31101 with flags 0 to frozen apps and got error -74
03-25 09:35:10.590  2397  3168 D BroadcastQueue: Logging broadcast for com.android.phone, stopped=false, firstLaunch=false
03-25 09:35:10.591  2397  3168 D BroadcastQueue: Logging broadcast for com.android.phone, stopped=false, firstLaunch=false
03-25 09:35:10.592  2397  4741 W ActivityManager: pid 2397 system sent binder code 31101 with flags 0 to frozen apps and got error -74
03-25 09:35:10.624  2397  4574 D NetworkMetricsTracker: calcNWCause:0
03-25 09:35:10.659  2397  4741 W ActivityManager: pid 2397 system sent binder code 31101 with flags 0 to frozen apps and got error -74
03-25 09:35:10.730  2397  4741 W ActivityManager: pid 2397 system sent binder code 31101 with flags 0 to frozen apps and got error -74
03-25 09:35:10.737  2397  5615 D WindowManager: reportSystemGestureExclusionChanged(): state for package: com.ss.android.ugc.aweme, exclusionRects =[Rect(484, 2245 - 531, 2292), Rect(0, 2184 - 1080, 2342)]
03-25 09:35:10.799  2397  4741 W ActivityManager: pid 2397 system sent binder code 31101 with flags 0 to frozen apps and got error -74
03-25 09:35:10.868  2397  4741 W ActivityManager: pid 2397 system sent binder code 31101 with flags 0 to frozen apps and got error -74
03-25 09:35:10.936  2397  4741 W ActivityManager: pid 2397 system sent binder code 31101 with flags 0 to frozen apps and got error -74
03-25 09:35:11.004  2397  4741 W ActivityManager: pid 2397 system sent binder code 31101 with flags 0 to frozen apps and got error -74
03-25 09:35:11.071  2397  4741 W ActivityManager: pid 2397 system sent binder code 31101 with flags 0 to frozen apps and got error -74
03-25 09:35:11.139  2397  4741 W ActivityManager: pid 2397 system sent binder code 31101 with flags 0 to frozen apps and got error -74
03-25 09:35:11.211  2397  4741 W ActivityManager: pid 2397 system sent binder code 31101 with flags 0 to frozen apps and got error -74
03-25 09:35:11.280  2397  4741 W ActivityManager: pid 2397 system sent binder code 31101 with flags 0 to frozen apps and got error -74
03-25 09:35:11.336  2397  5615 D WindowManager: reportSystemGestureExclusionChanged(): state for package: com.ss.android.ugc.aweme, exclusionRects =[Rect(485, 2245 - 532, 2292), Rect(0, 2184 - 1080, 2342)]
03-25 09:35:11.347  2397  4741 W ActivityManager: pid 2397 system sent binder code 31101 with flags 0 to frozen apps and got error -74
03-25 09:35:11.416  2397  4741 W ActivityManager: pid 2397 system sent binder code 31101 with flags 0 to frozen apps and got error -74
03-25 09:35:11.481  2397  4741 W ActivityManager: pid 2397 system sent binder code 31101 with flags 0 to frozen apps and got error -74
03-25 09:35:11.549  2397  4741 W ActivityManager: pid 2397 system sent binder code 31101 with flags 0 to frozen apps and got error -74
03-25 09:35:11.617  2397  4741 W ActivityManager: pid 2397 system sent binder code 31101 with flags 0 to frozen apps and got error -74
03-25 09:35:11.684  2397  4741 W ActivityManager: pid 2397 system sent binder code 31101 with flags 0 to frozen apps and got error -74
03-25 09:35:11.754  2397  4741 W ActivityManager: pid 2397 system sent binder code 31101 with flags 0 to frozen apps and got error -74
03-25 09:35:11.821  2397  4741 W ActivityManager: pid 2397 system sent binder code 31101 with flags 0 to frozen apps and got error -74
03-25 09:35:11.888  2397  4741 W ActivityManager: pid 2397 system sent binder code 31101 with flags 0 to frozen apps and got error -74
03-25 09:35:11.935  2397  5615 D WindowManager: reportSystemGestureExclusionChanged(): state for package: com.ss.android.ugc.aweme, exclusionRects =[Rect(487, 2245 - 534, 2292), Rect(0, 2184 - 1080, 2342)]
03-25 09:35:11.955  2397  4741 W ActivityManager: pid 2397 system sent binder code 31101 with flags 0 to frozen apps and got error -74
03-25 09:35:12.023  2397  4741 W ActivityManager: pid 2397 system sent binder code 31101 with flags 0 to frozen apps and got error -74
03-25 09:35:12.091  2397  4741 W ActivityManager: pid 2397 system sent binder code 31101 with flags 0 to frozen apps and got error -74
03-25 09:35:12.158  2397  4741 W ActivityManager: pid 2397 system sent binder code 31101 with flags 0 to frozen apps and got error -74
03-25 09:35:12.225  2397  4741 W ActivityManager: pid 2397 system sent binder code 31101 with flags 0 to frozen apps and got error -74
03-25 09:35:12.293  2397  4741 W ActivityManager: pid 2397 system sent binder code 31101 with flags 0 to frozen apps and got error -74
03-25 09:35:12.362  2397  4741 W ActivityManager: pid 2397 system sent binder code 31101 with flags 0 to frozen apps and got error -74
03-25 09:35:12.428  2397  4741 W ActivityManager: pid 2397 system sent binder code 31101 with flags 0 to frozen apps and got error -74
03-25 09:35:12.496  2397  4741 W ActivityManager: pid 2397 system sent binder code 31101 with flags 0 to frozen apps and got error -74
03-25 09:35:12.534  2397  6996 D WindowManager: reportSystemGestureExclusionChanged(): state for package: com.ss.android.ugc.aweme, exclusionRects =[Rect(489, 2245 - 536, 2292), Rect(0, 2184 - 1080, 2342)]
03-25 09:35:12.563  2397  4741 W ActivityManager: pid 2397 system sent binder code 31101 with flags 0 to frozen apps and got error -74
03-25 09:35:12.631  2397  4574 D NetworkMetricsTracker: calcNWCause:0
03-25 09:35:12.632  2397  4741 W ActivityManager: pid 2397 system sent binder code 31101 with flags 0 to frozen apps and got error -74
03-25 09:35:12.700  2397  4741 W ActivityManager: pid 2397 system sent binder code 31101 with flags 0 to frozen apps and got error -74
03-25 09:35:12.772  2397  4741 W ActivityManager: pid 2397 system sent binder code 31101 with flags 0 to frozen apps and got error -74
03-25 09:35:12.838  2397  4741 W ActivityManager: pid 2397 system sent binder code 31101 with flags 0 to frozen apps and got error -74
03-25 09:35:12.907  2397  4741 W ActivityManager: pid 2397 system sent binder code 31101 with flags 0 to frozen apps and got error -74
03-25 09:35:12.974  2397  4741 W ActivityManager: pid 2397 system sent binder code 31101 with flags 0 to frozen apps and got error -74
03-25 09:35:13.043  2397  4741 W ActivityManager: pid 2397 system sent binder code 31101 with flags 0 to frozen apps and got error -74
03-25 09:35:13.113  2397  4741 W ActivityManager: pid 2397 system sent binder code 31101 with flags 0 to frozen apps and got error -74
03-25 09:35:13.132  2397  5615 D WindowManager: reportSystemGestureExclusionChanged(): state for package: com.ss.android.ugc.aweme, exclusionRects =[Rect(491, 2245 - 538, 2292), Rect(0, 2184 - 1080, 2342)]
03-25 09:35:13.183  2397  4741 W ActivityManager: pid 2397 system sent binder code 31101 with flags 0 to frozen apps and got error -74
03-25 09:35:13.252  2397  4741 W ActivityManager: pid 2397 system sent binder code 31101 with flags 0 to frozen apps and got error -74
03-25 09:35:13.318  2397  4741 W ActivityManager: pid 2397 system sent binder code 31101 with flags 0 to frozen apps and got error -74
03-25 09:35:13.387  2397  4741 W ActivityManager: pid 2397 system sent binder code 31101 with flags 0 to frozen apps and got error -74
03-25 09:35:13.454  2397  4741 W ActivityManager: pid 2397 system sent binder code 31101 with flags 0 to frozen apps and got error -74
03-25 09:35:13.525  2397  4741 W ActivityManager: pid 2397 system sent binder code 31101 with flags 0 to frozen apps and got error -74
03-25 09:35:13.591  2397  4741 W ActivityManager: pid 2397 system sent binder code 31101 with flags 0 to frozen apps and got error -74
03-25 09:35:13.659  2397  4741 W ActivityManager: pid 2397 system sent binder code 31101 with flags 0 to frozen apps and got error -74
03-25 09:35:13.727  2397  4741 W ActivityManager: pid 2397 system sent binder code 31101 with flags 0 to frozen apps and got error -74
03-25 09:35:13.736  2397  5615 D WindowManager: reportSystemGestureExclusionChanged(): state for package: com.ss.android.ugc.aweme, exclusionRects =[Rect(493, 2245 - 540, 2292), Rect(0, 2184 - 1080, 2342)]
03-25 09:35:13.797  2397  4741 W ActivityManager: pid 2397 system sent binder code 31101 with flags 0 to frozen apps and got error -74
03-25 09:35:13.866  2397  4741 W ActivityManager: pid 2397 system sent binder code 31101 with flags 0 to frozen apps and got error -74
03-25 09:35:13.933  2397  4741 W ActivityManager: pid 2397 system sent binder code 31101 with flags 0 to frozen apps and got error -74
03-25 09:35:14.002  2397  4741 W ActivityManager: pid 2397 system sent binder code 31101 with flags 0 to frozen apps and got error -74
03-25 09:35:14.064  2397  4595 W ContextImpl: Calling a method in the system process without a qualified user: android.app.ContextImpl.startForegroundService:2019 com.android.server.audio.AudioServiceStubImpl.transportDataToService:1515 com.android.server.audio.AudioServiceStubImpl.onCheckMusicPlaybackContinuous:1623 com.android.server.audio.AudioPlayBackTrigger.onCheckMusicPlaybackContinuous:64 com.android.server.audio.AudioService$AudioHandler.handleMessage:12378 
03-25 09:35:14.067  2397  4595 D OomAdjuster: Not killing cached processes
03-25 09:35:14.067  2397  4595 D ActivityManager: Logging startService for com.miui.misound, stopped=false, firstLaunch=false, intent=Intent { act=com.miui.misound.write.data xflg=0x4 cmp=com.miui.misound/.hearingprotection.HearingProtectionService (has extras) }, r.app=ProcessRecord{2181446 23804:com.miui.misound/u0a173}
03-25 09:35:14.070  2397  4343 W SettingsProvider: Failed to notify for 999: content://settings/global/key_persist_playback_start_ms
03-25 09:35:14.070  2397  4343 W SettingsProvider: java.lang.SecurityException: Failed to find provider settings for user 999; expected to find a valid ContentProvider for this authority
03-25 09:35:14.070  2397  4343 W SettingsProvider: 	at com.android.server.content.ContentService.notifyChange(ContentService.java:463)
03-25 09:35:14.070  2397  4343 W SettingsProvider: 	at android.content.ContentResolver.notifyChange(ContentResolver.java:2946)
03-25 09:35:14.070  2397  4343 W SettingsProvider: 	at android.content.ContentResolver.notifyChange(ContentResolver.java:2935)
03-25 09:35:14.070  2397  4343 W SettingsProvider: 	at android.content.ContentResolver.notifyChange(ContentResolver.java:2929)
03-25 09:35:14.070  2397  4343 W SettingsProvider: 	at com.android.providers.settings.SettingsProvider$SettingsRegistry$MyHandler.handleMessage(SettingsProvider.java:4238)
03-25 09:35:14.070  2397  4343 W SettingsProvider: 	at android.os.Handler.dispatchMessage(Handler.java:114)
03-25 09:35:14.070  2397  4343 W SettingsProvider: 	at android.os.Looper.loopOnce(Looper.java:267)
03-25 09:35:14.070  2397  4343 W SettingsProvider: 	at android.os.Looper.loop(Looper.java:360)
03-25 09:35:14.070  2397  4343 W SettingsProvider: 	at android.os.HandlerThread.run(HandlerThread.java:85)
03-25 09:35:14.072  2397  4741 W ActivityManager: pid 2397 system sent binder code 31101 with flags 0 to frozen apps and got error -74
03-25 09:35:14.084  2397  6996 W ContentProviderHelper: No provider info for content provider com.mi.health.provider.main when providerRunning is false, caller is ProcessRecord{2181446 23804:com.miui.misound/u0a173}
03-25 09:35:14.084 23804 23831 E ActivityThread: Failed to find provider info for com.mi.health.provider.main
03-25 09:35:14.085  2397  6996 D ContentProviderHelper: getMimeTypeFilterAsync: sumbit task slot[0] for com.mi.health.provider.main callingUid: 10173 callingPid: 0
03-25 09:35:14.086  2397 25509 W ContentProviderHelper: No provider info for content provider com.mi.health.provider.main when providerRunning is false, caller is null
03-25 09:35:14.087  2397 25509 D ContentProviderHelper: getMimeTypeFilterAsync: task slot[0] finished. Remains: 0
03-25 09:35:14.087  2397  6996 W ContentProviderHelper: No provider info for content provider com.xiaomi.origin.kidspace.parentcenter.provider.EarProtectProvider when providerRunning is false, caller is ProcessRecord{2181446 23804:com.miui.misound/u0a173}
03-25 09:35:14.088 23804 23831 E ActivityThread: Failed to find provider info for com.xiaomi.origin.kidspace.parentcenter.provider.EarProtectProvider
03-25 09:35:14.139  2397  4741 W ActivityManager: pid 2397 system sent binder code 31101 with flags 0 to frozen apps and got error -74
03-25 09:35:14.209  2397  4741 W ActivityManager: pid 2397 system sent binder code 31101 with flags 0 to frozen apps and got error -74
03-25 09:35:14.277  2397  4741 W ActivityManager: pid 2397 system sent binder code 31101 with flags 0 to frozen apps and got error -74
03-25 09:35:14.290  2397  2397 W NotificationManagerServiceImpl: checkInterceptListenerForXiaomiInternal pkg:com.miui.misoundlistener:com.android.systemui/com.android.systemui.statusbar.notification.MiuiNotificationListener
03-25 09:35:14.290  2397  2397 D NotificationListeners: is mask intercept: com.android.systemui notification packagename: com.miui.misound
03-25 09:35:14.332  2397  6996 D WindowManager: reportSystemGestureExclusionChanged(): state for package: com.ss.android.ugc.aweme, exclusionRects =[Rect(495, 2245 - 542, 2292), Rect(0, 2184 - 1080, 2342)]
03-25 09:35:14.347  2397  4741 W ActivityManager: pid 2397 system sent binder code 31101 with flags 0 to frozen apps and got error -74
03-25 09:35:14.415  2397  4741 W ActivityManager: pid 2397 system sent binder code 31101 with flags 0 to frozen apps and got error -74
03-25 09:35:14.481  2397  4741 W ActivityManager: pid 2397 system sent binder code 31101 with flags 0 to frozen apps and got error -74
03-25 09:35:14.555  2397  4741 W ActivityManager: pid 2397 system sent binder code 31101 with flags 0 to frozen apps and got error -74
03-25 09:35:14.621  2397  4741 W ActivityManager: pid 2397 system sent binder code 31101 with flags 0 to frozen apps and got error -74
03-25 09:35:14.644  2397  4574 D NetworkMetricsTracker: calcNWCause:0
03-25 09:35:14.690  2397  4741 W ActivityManager: pid 2397 system sent binder code 31101 with flags 0 to frozen apps and got error -74
03-25 09:35:14.757  2397  4741 W ActivityManager: pid 2397 system sent binder code 31101 with flags 0 to frozen apps and got error -74
03-25 09:35:14.824  2397  4741 W ActivityManager: pid 2397 system sent binder code 31101 with flags 0 to frozen apps and got error -74
03-25 09:35:14.890  2397  4741 W ActivityManager: pid 2397 system sent binder code 31101 with flags 0 to frozen apps and got error -74
03-25 09:35:14.938  2397  5607 D WindowManager: reportSystemGestureExclusionChanged(): state for package: com.ss.android.ugc.aweme, exclusionRects =[Rect(497, 2245 - 544, 2292), Rect(0, 2184 - 1080, 2342)]
03-25 09:35:14.958  2397  4741 W ActivityManager: pid 2397 system sent binder code 31101 with flags 0 to frozen apps and got error -74
03-25 09:35:15.026  2397  4741 W ActivityManager: pid 2397 system sent binder code 31101 with flags 0 to frozen apps and got error -74
03-25 09:35:15.092  2397  4741 W ActivityManager: pid 2397 system sent binder code 31101 with flags 0 to frozen apps and got error -74
03-25 09:35:15.159  2397  4741 W ActivityManager: pid 2397 system sent binder code 31101 with flags 0 to frozen apps and got error -74
03-25 09:35:15.228  2397  4741 W ActivityManager: pid 2397 system sent binder code 31101 with flags 0 to frozen apps and got error -74
03-25 09:35:15.296  2397  4741 W ActivityManager: pid 2397 system sent binder code 31101 with flags 0 to frozen apps and got error -74
03-25 09:35:15.362  2397  4741 W ActivityManager: pid 2397 system sent binder code 31101 with flags 0 to frozen apps and got error -74
03-25 09:35:15.430  2397  4741 W ActivityManager: pid 2397 system sent binder code 31101 with flags 0 to frozen apps and got error -74
03-25 09:35:15.497  2397  4741 W ActivityManager: pid 2397 system sent binder code 31101 with flags 0 to frozen apps and got error -74
03-25 09:35:15.538  2397  5615 D WindowManager: reportSystemGestureExclusionChanged(): state for package: com.ss.android.ugc.aweme, exclusionRects =[Rect(499, 2245 - 546, 2292), Rect(0, 2184 - 1080, 2342)]
03-25 09:35:15.563  2397  4328 I JobServiceContext: Letting 9f80a58 #u0a345/15330 com.jingdong.app.mall/.bundle.jdattract.widget.service.NetworkService continue to run past min execution time
03-25 09:35:15.564  2397  4741 W ActivityManager: pid 2397 system sent binder code 31101 with flags 0 to frozen apps and got error -74
03-25 09:35:15.632  2397  4741 W ActivityManager: pid 2397 system sent binder code 31101 with flags 0 to frozen apps and got error -74
03-25 09:35:15.701  2397  4741 W ActivityManager: pid 2397 system sent binder code 31101 with flags 0 to frozen apps and got error -74
03-25 09:35:15.771  2397  4741 W ActivityManager: pid 2397 system sent binder code 31101 with flags 0 to frozen apps and got error -74
03-25 09:35:15.839  2397  4741 W ActivityManager: pid 2397 system sent binder code 31101 with flags 0 to frozen apps and got error -74
03-25 09:35:15.906  2397  4741 W ActivityManager: pid 2397 system sent binder code 31101 with flags 0 to frozen apps and got error -74
03-25 09:35:15.975  2397  4741 W ActivityManager: pid 2397 system sent binder code 31101 with flags 0 to frozen apps and got error -74
03-25 09:35:16.044  2397  4741 W ActivityManager: pid 2397 system sent binder code 31101 with flags 0 to frozen apps and got error -74
03-25 09:35:16.118  2397  4741 W ActivityManager: pid 2397 system sent binder code 31101 with flags 0 to frozen apps and got error -74
03-25 09:35:16.125  2397  3168 D BroadcastQueue: Logging broadcast for android, stopped=false, firstLaunch=false
03-25 09:35:16.136  2397  5607 D WindowManager: reportSystemGestureExclusionChanged(): state for package: com.ss.android.ugc.aweme, exclusionRects =[Rect(501, 2245 - 548, 2292), Rect(0, 2184 - 1080, 2342)]
03-25 09:35:16.182  2397  4741 W ActivityManager: pid 2397 system sent binder code 31101 with flags 0 to frozen apps and got error -74
03-25 09:35:16.252  2397  4741 W ActivityManager: pid 2397 system sent binder code 31101 with flags 0 to frozen apps and got error -74
03-25 09:35:16.277  2397  6996 I UsbPortManager: AIDL UsbDataStatus:1
03-25 09:35:16.277  2397  6996 I UsbPortManager: ClientCallback AIDL V1: port0
03-25 09:35:16.278  2397  2598 I UsbPortManager: USB port changed: port=UsbPort{id=port0, supportedModes=dual, audio_acc, supportedContaminantProtectionModes=5, supportsEnableContaminantPresenceProtection=false, supportsEnableContaminantPresenceDetection=false, supportsComplianceWarnings=false, status=UsbPortStatus{connected=true, currentMode=ufp, currentPowerRole=sink, currentDataRole=device, supportedRoleCombinations=[source:host, sink:device], contaminantDetectionStatus=2, contaminantProtectionStatus=1, usbDataStatus=enabled, isPowerTransferLimited=false, powerBrickConnectionStatus=unknown, complianceWarnings=[], plugState=0, displayPortAltModeInfo=null}, canChangeMode=true, canChangePowerRole=false, canChangeDataRole=false, connectedAtMillis=244492, lastConnectDurationMillis=0
03-25 09:35:16.281  2397  3168 D BroadcastQueue: Logging broadcast for android, stopped=false, firstLaunch=false
03-25 09:35:16.281  2397  3168 D BroadcastQueue: Logging broadcast for android, stopped=false, firstLaunch=false
03-25 09:35:16.282  2397  3168 D BroadcastQueue: Logging broadcast for com.google.android.gms, stopped=false, firstLaunch=false
03-25 09:35:16.283  2397  3168 D BroadcastQueue: Logging broadcast for com.google.android.gms, stopped=false, firstLaunch=false
03-25 09:35:16.284  2397  2599 D MiuiBatteryStatsService: port change currentOtgConnectd =false
03-25 09:35:16.286  2397  6996 I UsbPortManager: AIDL UsbDataStatus:1
03-25 09:35:16.286  2397  6996 I UsbPortManager: ClientCallback AIDL V1: port0
03-25 09:35:16.320  2397  4741 W ActivityManager: pid 2397 system sent binder code 31101 with flags 0 to frozen apps and got error -74
03-25 09:35:16.391  2397  4741 W ActivityManager: pid 2397 system sent binder code 31101 with flags 0 to frozen apps and got error -74
03-25 09:35:16.459  2397  4741 W ActivityManager: pid 2397 system sent binder code 31101 with flags 0 to frozen apps and got error -74
03-25 09:35:16.529  2397  4741 W ActivityManager: pid 2397 system sent binder code 31101 with flags 0 to frozen apps and got error -74
03-25 09:35:16.598  2397  4741 W ActivityManager: pid 2397 system sent binder code 31101 with flags 0 to frozen apps and got error -74
03-25 09:35:16.652  2397  4574 D NetworkMetricsTracker: calcNWCause:0
03-25 09:35:16.667  2397  4741 W ActivityManager: pid 2397 system sent binder code 31101 with flags 0 to frozen apps and got error -74
03-25 09:35:16.734  2397  4741 W ActivityManager: pid 2397 system sent binder code 31101 with flags 0 to frozen apps and got error -74
03-25 09:35:16.735  2397  5607 D WindowManager: reportSystemGestureExclusionChanged(): state for package: com.ss.android.ugc.aweme, exclusionRects =[Rect(503, 2245 - 550, 2292), Rect(0, 2184 - 1080, 2342)]
03-25 09:35:16.802  2397  4741 W ActivityManager: pid 2397 system sent binder code 31101 with flags 0 to frozen apps and got error -74
03-25 09:35:16.872  2397  4741 W ActivityManager: pid 2397 system sent binder code 31101 with flags 0 to frozen apps and got error -74
03-25 09:35:16.941  2397  4741 W ActivityManager: pid 2397 system sent binder code 31101 with flags 0 to frozen apps and got error -74
03-25 09:35:16.984  2397  4407 D MiuiBatteryServiceImpl: currenet connector temp = 260 Last currenet connector temp = 230
03-25 09:35:16.984  2397  4407 E MiuiBatteryServiceImpl: Invalid integer argument 4294967274
03-25 09:35:16.984  2397  4407 E MiuiBatteryServiceImpl: Invalid integer argument 4294967274
03-25 09:35:16.984  2397  4407 E MiuiBatteryServiceImpl: Invalid integer argument 4294967274
03-25 09:35:16.984  2397  4407 E MiuiBatteryServiceImpl: Invalid integer argument 4294967274
03-25 09:35:16.984  2397  4407 E MiuiBatteryServiceImpl: Invalid integer argument 4294967274
03-25 09:35:16.984  2397  4407 E MiuiBatteryServiceImpl: Invalid integer argument 4294967274
03-25 09:35:16.985  2397  4407 E MiuiBatteryStatsService: Invalid integer argument 4294967274
03-25 09:35:16.985  2397  4407 E MiuiBatteryStatsService: Invalid integer argument 4294967274
03-25 09:35:16.985  2397  4407 E MiuiBatteryStatsService: Invalid integer argument 4294967274
03-25 09:35:17.008  2397  4741 W ActivityManager: pid 2397 system sent binder code 31101 with flags 0 to frozen apps and got error -74
03-25 09:35:17.019  2397  4407 E MiuiBatteryServiceImpl: Invalid integer argument 4294967274
03-25 09:35:17.020  2397  4407 E MiuiBatteryServiceImpl: Invalid integer argument 4294967274
03-25 09:35:17.020  2397  4407 E MiuiBatteryServiceImpl: Invalid integer argument 4294967274
03-25 09:35:17.020  2397  4407 E MiuiBatteryServiceImpl: Invalid integer argument 4294967274
03-25 09:35:17.020  2397  4407 E MiuiBatteryServiceImpl: Invalid integer argument 4294967274
03-25 09:35:17.020  2397  4407 E MiuiBatteryServiceImpl: Invalid integer argument 4294967274
03-25 09:35:17.020  2397  4407 E MiuiBatteryStatsService: Invalid integer argument 4294967274
03-25 09:35:17.020  2397  4407 E MiuiBatteryStatsService: Invalid integer argument 4294967274
03-25 09:35:17.020  2397  4407 E MiuiBatteryStatsService: Invalid integer argument 4294967274
03-25 09:35:17.031  2397  5607 D MiuiFboService: msg.what = 6send message time = 1774402517031
03-25 09:35:17.036  2397  3168 D BroadcastQueue: Logging broadcast for android, stopped=false, firstLaunch=false
03-25 09:35:17.036  2397  3168 D BroadcastQueue: Logging broadcast for android, stopped=false, firstLaunch=false
03-25 09:35:17.037  2397  3168 D BroadcastQueue: Logging broadcast for android, stopped=false, firstLaunch=false
03-25 09:35:17.037  2397  3168 D BroadcastQueue: Logging broadcast for android, stopped=false, firstLaunch=false
03-25 09:35:17.037  2397  3168 D BroadcastQueue: Logging broadcast for android, stopped=false, firstLaunch=false
03-25 09:35:17.037  2397  3168 D BroadcastQueue: Logging broadcast for android, stopped=false, firstLaunch=false
03-25 09:35:17.037  2397  3168 D BroadcastQueue: Logging broadcast for android, stopped=false, firstLaunch=false
03-25 09:35:17.038  2397  3168 D BroadcastQueue: Logging broadcast for android, stopped=false, firstLaunch=false
03-25 09:35:17.038  2397  3168 D BroadcastQueue: Logging broadcast for com.xiaomi.hypercomm, stopped=false, firstLaunch=false
03-25 09:35:17.039  2397  3168 D BroadcastQueue: Logging broadcast for com.android.phone, stopped=false, firstLaunch=false
03-25 09:35:17.039  2397  3168 D BroadcastQueue: Logging broadcast for com.android.phone, stopped=false, firstLaunch=false
03-25 09:35:17.039  2397  3168 D BroadcastQueue: Logging broadcast for com.android.phone, stopped=false, firstLaunch=false
03-25 09:35:17.040  2397  3168 D BroadcastQueue: Logging broadcast for com.android.phone, stopped=false, firstLaunch=false
03-25 09:35:17.041  2397  3168 D BroadcastQueue: Logging broadcast for com.ss.android.ugc.aweme, stopped=false, firstLaunch=false
03-25 09:35:17.041  2397  3168 D BroadcastQueue: Logging broadcast for com.ss.android.ugc.aweme, stopped=false, firstLaunch=false
03-25 09:35:17.042  2397  3168 D BroadcastQueue: Logging broadcast for com.ss.android.ugc.aweme, stopped=false, firstLaunch=false
03-25 09:35:17.042  2397  3168 D BroadcastQueue: Logging broadcast for com.ss.android.ugc.aweme, stopped=false, firstLaunch=false
03-25 09:35:17.044  2397  3168 D BroadcastQueue: Logging broadcast for com.android.systemui, stopped=false, firstLaunch=false
03-25 09:35:17.044  2397  3168 D BroadcastQueue: Logging broadcast for com.android.systemui, stopped=false, firstLaunch=false
03-25 09:35:17.044  2397  3168 D BroadcastQueue: Logging broadcast for android, stopped=false, firstLaunch=false
03-25 09:35:17.044  2397  3168 D BroadcastQueue: Logging broadcast for android, stopped=false, firstLaunch=false
03-25 09:35:17.044  2397  3168 D BroadcastQueue: Logging broadcast for android, stopped=false, firstLaunch=false
03-25 09:35:17.044  2397  3168 D BroadcastQueue: Logging broadcast for android, stopped=false, firstLaunch=false
03-25 09:35:17.044  2397  3168 D BroadcastQueue: Logging broadcast for android, stopped=false, firstLaunch=false
03-25 09:35:17.044  2397  3168 D BroadcastQueue: Logging broadcast for android, stopped=false, firstLaunch=false
03-25 09:35:17.044  2397  3168 D BroadcastQueue: Logging broadcast for android, stopped=false, firstLaunch=false
03-25 09:35:17.044  2397  3168 D BroadcastQueue: Logging broadcast for android, stopped=false, firstLaunch=false
03-25 09:35:17.044  2397  3168 D BroadcastQueue: Logging broadcast for android, stopped=false, firstLaunch=false
03-25 09:35:17.044  5503  5503 I MiuiChargeManager: notifyBatteryStatusChanged:  status: 2 isPlugged: 2 level: 87 wireState: 11 chargeSpeed: 0 mChargeType: 0 chargeDeviceType: 0 maxChargingWattage: -1 isCarCharge: 0 isReverseCharging: 0 SUPPORT_BROADCAST_QUICK_CHARGE: true
03-25 09:35:17.044  2397  3168 D BroadcastQueue: Logging broadcast for android, stopped=false, firstLaunch=false
