03-22 14:52:23.711 D/BarFollowAnimation( 2504): isAppTaskBarOnTop win:Window{f721798 u0 com.rootguard.app/com.rootguard.app.MainActivity} (mCurrentTopTask:Task{2f997db #1142 type=standard A=10374:com.rootguard.app} : true); (mAssociatedTask:Task{2f997db #1142 type=standard A=10374:com.rootguard.app} : true); (mHomeTask:Task{462bb77 #1 type=home} : false); mReparentToOriginParent:false mLastAppBarVisible:true mLastHomeBarVisible:false
03-22 14:52:23.712 D/MiuiRefreshRatePolicy( 2504): reset
03-22 14:52:23.712 D/SoScSplitScreenController( 5847): updateDividerFixedState isFixed:false
03-22 14:52:23.713 I/MultiTaskingTaskRepository( 5847): needSkip::is home task
03-22 14:52:23.713 D/MiuiDecorationHomeController( 5847): relayout::taskId=1, userId=0, visible=false, bounds=Rect(0, 0 - 1080, 2400), focused=false, activityType=2, displayId=0, baseActivity=ComponentInfo{com.miui.home/com.miui.home.launcher.Launcher}, topActivity=ComponentInfo{com.miui.home/com.miui.home.launcher.Launcher}, callers=com.android.wm.shell.multitasking.miuimultiwinswitch.miuiwindowdecor.decoration.MiuiDecorationController.relayout:4 com.android.wm.shell.multitasking.miuimultiwinswitch.miuiwindowdecor.MulWinSwitchDecorViewModel.onTaskInfoChanged:18 com.android.wm.shell.multitasking.common.taskmanager.MultiTaskingTaskListener.onTaskInfoChanged:47 com.android.wm.shell.ShellTaskOrganizer.onTaskInfoChanged:136 android.window.TaskOrganizer$1.lambda$onTaskInfoChanged$6:300 
03-22 14:52:23.713 D/MiuiDecorationBottom( 5847): releaseViews_HomeBottomCaption: taskId=1
03-22 14:52:23.714 I/SmartPower: com.miui.personalassistant/10134(12610)( 2504): visible->invisible(10710ms) R(become invisible) adj=0.
03-22 14:52:23.714 I/SmartPower: com.miui.personalassistant/10134(12610)( 2504): invisible->background(0ms) R(become background) adj=0.
03-22 14:52:23.714 D/BarFollowAnimation( 2504): pairAppearanceRegionAndWin win=Window{f721798 u0 com.rootguard.app/com.rootguard.app.MainActivity} 8
03-22 14:52:23.714 D/BarFollowAnimation( 2504): isAppTaskBarOnTop win:Window{f721798 u0 com.rootguard.app/com.rootguard.app.MainActivity} (mCurrentTopTask:Task{2f997db #1142 type=standard A=10374:com.rootguard.app} : true); (mAssociatedTask:Task{2f997db #1142 type=standard A=10374:com.rootguard.app} : true); (mHomeTask:Task{462bb77 #1 type=home} : false); mReparentToOriginParent:false mLastAppBarVisible:true mLastHomeBarVisible:false
03-22 14:52:23.714 D/MiuiRefreshRatePolicy( 2504): reset
03-22 14:52:23.715 I/WindowManager( 2504): wms.hideSurface mWin:Window{9238cc7 u0 com.miui.miwallpaper.wallpaperservice.ImageWallpaper} reason:(prepareSurfaceLocked) in Surface(name=com.miui.miwallpaper.wallpaperservice.ImageWallpaper#57)/@0x8a103f2
03-22 14:52:23.715 D/WallpaperWindowTokenImpl( 2504): setVisibility for WallpaperWindowToken{d960831 showWhenLocked=true} isVisible=false mLastSurfaceShowing=true mEnforceApplyVisibility=true
03-22 14:52:23.715 I/WindowManager( 2504): wms.hideSurface mWin:Window{fe986d6 u0 com.miui.home/com.miui.home.launcher.Launcher} reason:(prepareSurfaceLocked) in Surface(name=com.miui.home/com.miui.home.launcher.Launcher#8030)/@0x85cc9d9
03-22 14:52:23.715 I/WindowManager( 2504): wms.hideSurface mWin:Window{778e846 u0 LauncherOverlayWindow:com.android.quicksearchbox} reason:(prepareSurfaceLocked) in Surface(name=LauncherOverlayWindow:com.android.quicksearchbox#8033)/@0xd5ef713
03-22 14:52:23.715 I/WindowManager( 2504): wms.hideSurface mWin:Window{7407ec8 u0 LauncherOverlayWindow:com.miui.personalassistant} reason:(prepareSurfaceLocked) in Surface(name=LauncherOverlayWindow:com.miui.personalassistant#8034)/@0x6bbce7c
03-22 14:52:23.718 D/WindowManager( 2504): New lock/shared screen wallpaper: Window{9238cc7 u0 com.miui.miwallpaper.wallpaperservice.ImageWallpaper}, prev: null
03-22 14:52:23.718 I/WallpaperControllerImpl( 2504): updateWallpaperTokens requestedVisibility=false on keyguardLocked=false topWallpaper=Window{9238cc7 u0 com.miui.miwallpaper.wallpaperservice.ImageWallpaper}
03-22 14:52:23.718 D/WindowManager( 2504): Wallpaper target=null prev=null
03-22 14:52:23.718 D/BarFollowAnimation( 2504): pairAppearanceRegionAndWin win=Window{f721798 u0 com.rootguard.app/com.rootguard.app.MainActivity} 8
03-22 14:52:23.718 D/BarFollowAnimation( 2504): isAppTaskBarOnTop win:Window{f721798 u0 com.rootguard.app/com.rootguard.app.MainActivity} (mCurrentTopTask:Task{2f997db #1142 type=standard A=10374:com.rootguard.app} : true); (mAssociatedTask:Task{2f997db #1142 type=standard A=10374:com.rootguard.app} : true); (mHomeTask:Task{462bb77 #1 type=home} : false); mReparentToOriginParent:false mLastAppBarVisible:true mLastHomeBarVisible:false
03-22 14:52:23.718 D/MiuiRefreshRatePolicy( 2504): reset
03-22 14:52:23.721 W/SSRU-ResourceUsageProxy( 2504): Nonexistent ongoing transaction AW_TOP:109992816 for u:0 pkg:com.miui.home ended
03-22 14:52:23.723 D/WallpaperWindowTokenImpl( 2504): setVisibility for WallpaperWindowToken{d960831 showWhenLocked=true} isVisible=false mLastSurfaceShowing=false mEnforceApplyVisibility=true
03-22 14:52:23.723 D/SchedBoost( 2504): com.miui.home boosting, skip reset priority
03-22 14:52:23.723 D/WindowManager( 2504): New lock/shared screen wallpaper: Window{9238cc7 u0 com.miui.miwallpaper.wallpaperservice.ImageWallpaper}, prev: null
03-22 14:52:23.723 I/WallpaperControllerImpl( 2504): updateWallpaperTokens requestedVisibility=false on keyguardLocked=false topWallpaper=Window{9238cc7 u0 com.miui.miwallpaper.wallpaperservice.ImageWallpaper}
03-22 14:52:23.723 D/WindowManager( 2504): Wallpaper target=null prev=null
03-22 14:52:23.723 D/Aurogon ( 2504):  uid = 10144 switch to BG
03-22 14:52:23.724 D/BarFollowAnimation( 2504): pairAppearanceRegionAndWin win=Window{f721798 u0 com.rootguard.app/com.rootguard.app.MainActivity} 8
03-22 14:52:23.724 D/BarFollowAnimation( 2504): isAppTaskBarOnTop win:Window{f721798 u0 com.rootguard.app/com.rootguard.app.MainActivity} (mCurrentTopTask:Task{2f997db #1142 type=standard A=10374:com.rootguard.app} : true); (mAssociatedTask:Task{2f997db #1142 type=standard A=10374:com.rootguard.app} : true); (mHomeTask:Task{462bb77 #1 type=home} : false); mReparentToOriginParent:false mLastAppBarVisible:true mLastHomeBarVisible:false
03-22 14:52:23.725 D/MiuiRefreshRatePolicy( 2504): reset
03-22 14:52:23.731 D/WallpaperWindowTokenImpl( 2504): setVisibility for WallpaperWindowToken{d960831 showWhenLocked=true} isVisible=false mLastSurfaceShowing=false mEnforceApplyVisibility=true
03-22 14:52:23.774 W/TaskSnapshot_CInjector( 2504): doSnapshotQS()...later! state=RESUMED
03-22 14:52:23.774 W/TaskSnapshot_CInjector( 2504): isTop()...current=com.rootguard.app/.MainActivity, topActivity=com.rootguard.app/.MainActivity
03-22 14:52:23.774 D/TaskSnapshot_Helper( 2504): SYS is normal.
03-22 14:52:23.774 W/TaskSnapshot_CInjector( 2504): couldPersist()... false.
03-22 14:52:23.924 D/Aurogon ( 2504):  onForegroundActivitiesChanged packageName = com.miui.home
03-22 14:52:23.959 D/BarFollowAnimation( 2504): onTaskInfoChanedForCaptionBar Task{2f997db #1142 type=standard A=10374:com.rootguard.app} shouldbeVisible:true isVisible:true isOnTop:true windowMode:1 preDisplayId:-1 displayId:0 mCaptionAssociatedTask:null mIsTouchedInCaption:false
03-22 14:52:23.991 I/MiuiSplitInputMethodImpl( 2504): Skpi check shouldUpdateImeTargetForBackScreen.
03-22 14:52:23.991 I/MiuiSplitInputMethodImpl( 2504): Skpi check shouldUpdateImeTargetForBackScreen.
03-22 14:52:23.991 I/MiuiSplitInputMethodImpl( 2504): Skpi check shouldUpdateImeTargetForBackScreen.
03-22 14:52:23.991 I/MiuiSplitInputMethodImpl( 2504): Skpi check shouldUpdateImeTargetForBackScreen.
03-22 14:52:23.991 I/MiuiSplitInputMethodImpl( 2504): Skpi check shouldUpdateImeTargetForBackScreen.
03-22 14:52:23.991 I/MiuiSplitInputMethodImpl( 2504): Skpi check shouldUpdateImeTargetForBackScreen.
03-22 14:52:23.991 I/MiuiSplitInputMethodImpl( 2504): Skpi check shouldUpdateImeTargetForBackScreen.
03-22 14:52:23.991 I/MiuiSplitInputMethodImpl( 2504): Skpi check shouldUpdateImeTargetForBackScreen.
03-22 14:52:23.991 I/MiuiSplitInputMethodImpl( 2504): Skpi check shouldUpdateImeTargetForBackScreen.
03-22 14:52:23.991 I/MiuiSplitInputMethodImpl( 2504): Skpi check shouldUpdateImeTargetForBackScreen.
03-22 14:52:23.991 I/MiuiSplitInputMethodImpl( 2504): Skpi check shouldUpdateImeTargetForBackScreen.
03-22 14:52:23.991 I/MiuiSplitInputMethodImpl( 2504): Skpi check shouldUpdateImeTargetForBackScreen.
03-22 14:52:23.991 I/MiuiSplitInputMethodImpl( 2504): Skpi check shouldUpdateImeTargetForBackScreen.
03-22 14:52:23.991 I/MiuiSplitInputMethodImpl( 2504): Skpi check shouldUpdateImeTargetForBackScreen.
03-22 14:52:23.991 I/MiuiSplitInputMethodImpl( 2504): Skpi check shouldUpdateImeTargetForBackScreen.
03-22 14:52:23.991 I/MiuiSplitInputMethodImpl( 2504): Skpi check shouldUpdateImeTargetForBackScreen.
03-22 14:52:23.991 I/MiuiSplitInputMethodImpl( 2504): Skpi check shouldUpdateImeTargetForBackScreen.
03-22 14:52:23.991 I/MiuiSplitInputMethodImpl( 2504): Skpi check shouldUpdateImeTargetForBackScreen.
03-22 14:52:23.991 I/MiuiSplitInputMethodImpl( 2504): Skpi check shouldUpdateImeTargetForBackScreen.
03-22 14:52:23.992 I/InputMethodManagerServiceImpl( 2504): Skip shouldIgnoreHideCurrentInputForBackDisplay check.
03-22 14:52:23.993 W/SecurityInputMethodSwitcher( 2504): first check switch to security ime: false
03-22 14:52:23.993 W/SecurityInputMethodSwitcher( 2504): double check switch to security ime: false
03-22 14:52:23.993 W/SecurityInputMethodSwitcher( 2504): switch to other input method from security ime:false mayChangeToMiuiSecurityInputMethod: false current focus window: android.os.BinderProxy@cfb7d7b
03-22 14:52:23.994 D/InputMethodManagerService( 2504): startInputUncheckedLocked:set client state as:ClientState{4ed210c mUid=10374 mPid=31903 mSelfReportedDisplayId=0}
03-22 14:52:23.996 D/InputMethodManagerServiceImpl( 2504): ime switch to security: false , switch to normal ime: false , switch from security: false
03-22 14:52:23.998 I/MiuiSplitInputMethodImpl( 2504): Skpi check shouldUpdateImeTargetForBackScreen.
03-22 14:52:23.999 D/BarFollowAnimation( 2504): pairAppearanceRegionAndWin win=Window{f721798 u0 com.rootguard.app/com.rootguard.app.MainActivity} 8
03-22 14:52:23.999 D/BarFollowAnimation( 2504): isAppTaskBarOnTop win:Window{f721798 u0 com.rootguard.app/com.rootguard.app.MainActivity} (mCurrentTopTask:Task{2f997db #1142 type=standard A=10374:com.rootguard.app} : true); (mAssociatedTask:Task{2f997db #1142 type=standard A=10374:com.rootguard.app} : true); (mHomeTask:Task{462bb77 #1 type=home} : false); mReparentToOriginParent:false mLastAppBarVisible:true mLastHomeBarVisible:false
03-22 14:52:24.001 D/MiuiRefreshRatePolicy( 2504): reset
03-22 14:52:24.004 I/MultiTaskingTaskInfo( 5847): MultiTaskingBaseTaskInfo::update::mTaskBounds = Rect(0, 0 - 1080, 2400), mTaskId = 1142
03-22 14:52:24.005 D/MultiTaskingAnimTarget( 5847): setAnimParam bounds: Rect(0, 0 - 1080, 2400) scaleX: 1.0 scaleY: 1.0
03-22 14:52:24.005 D/MultiTaskingAnimTarget( 5847): java.lang.Throwable
03-22 14:52:24.005 D/MultiTaskingAnimTarget( 5847): 	at com.android.wm.shell.multitasking.common.animation.MultiTaskingAnimTarget.setAnimParam(go/retraceme 905fe248eee73ec01aa5e2c7e8e2a5d900513e8d0994e37081a1508aaf5ff25f:35)
03-22 14:52:24.005 D/MultiTaskingAnimTarget( 5847): 	at com.android.wm.shell.multitasking.common.animation.MultiTaskingFolmeControl.updateBaseAnimParam(go/retraceme 905fe248eee73ec01aa5e2c7e8e2a5d900513e8d0994e37081a1508aaf5ff25f:15)
03-22 14:52:24.005 D/MultiTaskingAnimTarget( 5847): 	at com.android.wm.shell.multitasking.common.taskmanager.MultiTaskingTaskInfo.update(go/retraceme 905fe248eee73ec01aa5e2c7e8e2a5d900513e8d0994e37081a1508aaf5ff25f:23)
03-22 14:52:24.005 D/MultiTaskingAnimTarget( 5847): 	at com.android.wm.shell.multitasking.common.taskmanager.MultiTaskingTaskRepository.onTaskInfoChanged(go/retraceme 905fe248eee73ec01aa5e2c7e8e2a5d900513e8d0994e37081a1508aaf5ff25f:133)
03-22 14:52:24.005 D/MultiTaskingAnimTarget( 5847): 	at com.android.wm.shell.multitasking.common.taskmanager.MultiTaskingTaskListener.onTaskInfoChanged(go/retraceme 905fe248eee73ec01aa5e2c7e8e2a5d900513e8d0994e37081a1508aaf5ff25f:3)
03-22 14:52:24.005 D/MultiTaskingAnimTarget( 5847): 	at com.android.wm.shell.ShellTaskOrganizer.onTaskInfoChanged(go/retraceme 905fe248eee73ec01aa5e2c7e8e2a5d900513e8d0994e37081a1508aaf5ff25f:136)
03-22 14:52:24.005 D/MultiTaskingAnimTarget( 5847): 	at android.window.TaskOrganizer$1.lambda$onTaskInfoChanged$6(TaskOrganizer.java:300)
03-22 14:52:24.005 D/MultiTaskingAnimTarget( 5847): 	at android.window.TaskOrganizer$1.$r8$lambda$ymyF3xZeY830CRyp4eBo81WJpe0(Unknown Source:0)
03-22 14:52:24.005 D/MultiTaskingAnimTarget( 5847): 	at android.window.TaskOrganizer$1$$ExternalSyntheticLambda6.run(D8$$SyntheticClass:0)
03-22 14:52:24.005 D/MultiTaskingAnimTarget( 5847): 	at android.os.Handler.handleCallback(Handler.java:1029)
03-22 14:52:24.005 D/MultiTaskingAnimTarget( 5847): 	at android.os.Handler.dispatchMessage(Handler.java:107)
03-22 14:52:24.005 D/MultiTaskingAnimTarget( 5847): 	at android.os.Looper.loopOnce(Looper.java:267)
03-22 14:52:24.005 D/MultiTaskingAnimTarget( 5847): 	at android.os.Looper.loop(Looper.java:360)
03-22 14:52:24.005 D/MultiTaskingAnimTarget( 5847): 	at android.os.HandlerThread.run(HandlerThread.java:85)
03-22 14:52:24.006 D/MultiTaskingFolmeControl( 5847): updateBaseAnimParam taskId = 1142 taskBounds : Rect(0, 0 - 1080, 2400)
03-22 14:52:24.006 I/MultiTaskingTaskRepository( 5847): onTaskInfoChanged::taskId = 1142, windowingMode = 1, mMultiWindowTaskIdsInZOrder = [5, 4], mFullscreenTaskIdsInZOrder = [1142], mFreeformTaskIdsInZOrder = [], mTasks: 1142, 8, 7, 6, 5, 4, 3, 1, 
03-22 14:52:24.006 D/MiuiDecorationController( 5847): relayout:: taskId=1142 mRunningTaskInfo.mStatusBarParent=Surface(name=StatusBar Container of Task = 1142#8044)/@0xed0c9f3 taskInfo.mStatusBarParent=Surface(name=StatusBar Container of Task = 1142#8044)/@0xa8a1dba
03-22 14:52:24.006 D/MiuiDecorationController( 5847): relayout:: taskId=1142 mRunningTaskInfo.mNavBarParent=Surface(name=NavigationBar Container of Task = 1142#8043)/@0x16036b0 taskInfo.mNavBarParent=Surface(name=NavigationBar Container of Task = 1142#8043)/@0x9b9846b
03-22 14:52:24.006 D/MiuiDecorationController( 5847): relayout::taskId=1142, visible=true, bounds=Rect(0, 0 - 1080, 2400), focused=true, oldImmersive=false, newImmersive=false, windowMode=1, activityType=1, displayId=0, baseActivity=ComponentInfo{com.rootguard.app/com.rootguard.app.MainActivity}, topActivity=ComponentInfo{com.rootguard.app/com.rootguard.app.MainActivity}, callers=com.android.wm.shell.multitasking.miuimultiwinswitch.miuiwindowdecor.decoration.MiuiDecorationController.relayout:4 com.android.wm.shell.multitasking.miuimultiwinswitch.miuiwindowdecor.MulWinSwitchDecorViewModel.onTaskInfoChanged:18 com.android.wm.shell.multitasking.common.taskmanager.MultiTaskingTaskListener.onTaskInfoChanged:47 com.android.wm.shell.ShellTaskOrganizer.onTaskInfoChanged:136 android.window.TaskOrganizer$1.lambda$onTaskInfoChanged$6:300 
03-22 14:52:24.008 D/MiuiDecorationDot( 5847): needTopCaption: isFullscreen = true isPadDevice = false isFoldInnerScreen = false canShowCaptionWhenCasting = false
03-22 14:52:24.008 D/MiuiDecorationDot( 5847): releaseViews_TopCaption: taskId=1142
03-22 14:52:24.008 D/MiuiDecorationDot( 5847): releaseViews_TopCaption: taskId=1142
03-22 14:52:24.008 D/MiuiDecorationBottom( 5847): needBottomCaption: needSupportNavigationHandle = false
03-22 14:52:24.008 D/MiuiDecorationBottom( 5847): releaseViews_BottomCaption: taskId=1142
03-22 14:52:24.008 D/MiuiDecorationBottom( 5847): releaseViews_BottomCaption: taskId=1142
03-22 14:52:24.009 E/TransitionChain( 2504): Can't collect into a chain with no transition
03-22 14:52:24.009 D/ActivityTaskManager( 2504):  setSkipCaptureLayers tr: Task{2f997db #1142 type=standard A=10374:com.rootguard.app}
03-22 14:52:24.011 I/DisplayManagerServiceImpl( 2504): updateInputScene: , status: 0 targetPkg: input, cookie: 270
03-22 14:52:24.014 I/DisplayPolicyStubImpl( 2504): com.android.server.wm.WindowState hide ime, enable touchboost
03-22 14:52:24.015 I/DisplayPolicyStubImpl( 2504): com.android.server.wm.WindowState hide ime, enable touchboost
03-22 14:52:24.039 D/QcomSchedBoost( 2504): stopBoostInternal
03-22 14:52:24.041 D/QcomSchedBoost( 2504): stopBoostInternal
03-22 14:52:24.041 D/QcomSchedBoost( 2504): stopBoostInternal
03-22 14:52:24.338 D/NetworkMetricsTracker( 2504): handleMessage:4
03-22 14:52:24.407 D/ExternalInterface( 2504): setUidState, uid = 10345 allow = false
03-22 14:52:24.445 D/PreStartingCapture( 2504): Remove bitmap after load, pkg: com.rootguard.app  mBitmapDrawableCache: {}
03-22 14:52:24.507 W/ActivityTaskManager( 2504): MANAGE_ACTIVITY_STACKS is deprecated, please use alternative permission: MANAGE_ACTIVITY_TASKS
03-22 14:52:24.856 I/MiuiSplitInputMethodImpl( 2504): Skip onPointerDownOutsideFocusLocked
03-22 14:52:24.856 I/ProcessManager( 2504): getRenderThreadTidByPid, caller=2504
03-22 14:52:24.856 I/MiuiSplitInputMethodImpl( 2504): Skip onPointerDownOutsideFocusLocked
03-22 14:52:24.856 I/MiuiSplitInputMethodImpl( 2504): Skip onPointerDownOutsideFocusLocked
03-22 14:52:24.858 D/MiuiFreeformModeGestureHandler( 5847): start handle MotionEvents:(584.25,1221.75)
03-22 14:52:24.858 D/MiuiFreeformModeGestureHandler( 5847): handleMotionEvents mActiveMiuiFreeformTask null x: 584.25 y: 1221.75 current miuiFreeformModeTaskInfo: 
03-22 14:52:24.858 D/MultiTaskingTaskRepository( 5847): getTopFullscreenTaskInfo: taskId=1142 windowingMode=1 isVisible=true isTopActivityTransparent=false
03-22 14:52:24.858 D/MiuiDecorationRootViewHost( 5847): isTouchedInTopCaption: taskId = 1142, tempViewHost = null
03-22 14:52:24.858 D/MiuiDecorationDot( 5847): isTouchedInTopCaption: taskId = 1142, mMulWinSwitchVIewHost is not ready for layout
03-22 14:52:24.858 D/MulWinSwitchEventHandler( 5847): dispatchToFullOrSplitDecorationDot: touchedTaskId=-1
03-22 14:52:24.858 D/MulWinSwitchEventHandler( 5847): handleReceivedMotionEvent: mTouchedBottomTaskId=-1
03-22 14:52:24.859 D/VRI[MainActivity](31903): getMiuiFreeformStackInfo mTmpFrames.miuiFreeFormStackInfo: null
03-22 14:52:25.453 W/ActivityTaskManager( 2504): MANAGE_ACTIVITY_STACKS is deprecated, please use alternative permission: MANAGE_ACTIVITY_TASKS
03-22 14:52:25.627 D/NetworkMetricsTracker( 2504): calcNWCause:0
03-22 14:52:26.011 D/ExternalInterface( 2504): setUidState, uid = 10117 allow = true
03-22 14:52:26.014 D/ExternalInterface( 2504): setUidState, uid = 10221 allow = true
03-22 14:52:26.016 D/ExternalInterface( 2504): setUidState, uid = 10234 allow = true
03-22 14:52:26.019 D/ExternalInterface( 2504): setUidState, uid = 10252 allow = true
03-22 14:52:26.022 D/ExternalInterface( 2504): setUidState, uid = 10332 allow = true
03-22 14:52:26.023 D/ExternalInterface( 2504): setUidState, uid = 10180 allow = true
03-22 14:52:26.024 D/ExternalInterface( 2504): setUidState, uid = 10102 allow = true
03-22 14:52:26.024 D/ExternalInterface( 2504): setUidState, uid = 10189 allow = true
03-22 14:52:26.025 D/ExternalInterface( 2504): setUidState, uid = 10288 allow = true
03-22 14:52:26.027 D/ExternalInterface( 2504): setUidState, uid = 10094 allow = true
03-22 14:52:26.028 D/ExternalInterface( 2504): setUidState, uid = 10131 allow = true
03-22 14:52:26.030 D/ExternalInterface( 2504): setUidState, uid = 10168 allow = true
03-22 14:52:26.031 D/ExternalInterface( 2504): setUidState, uid = 10161 allow = true
03-22 14:52:26.032 D/ExternalInterface( 2504): setUidState, uid = 10127 allow = true
03-22 14:52:26.034 D/ExternalInterface( 2504): setUidState, uid = 10130 allow = true
03-22 14:52:26.035 D/GreezeCallback( 2504): thawedByOther uid=10332 pid=12737
03-22 14:52:26.035 D/GreezeCallback( 2504): thawedByOther uid=10288 pid=7777
03-22 14:52:26.036 D/GreezeManager( 2504): iso uid:10168 p:{26928} :false
03-22 14:52:26.037 D/GreezeManager( 2504): iso uid:10130 p:{32303} :false
03-22 14:52:26.062 I/SmartPower: com.qualcomm.qti.workloadclassifier/10241(30356)( 2504): background->idle(3027ms) R(broadcast start Intent { act=com.qualcomm.qti.workloadclassifier.APP_LAUNCH flg=0x30 xflg=0x4 pkg=com.qualcomm.qti.workloadclassifier (has extras) }) adj=500.
03-22 14:52:26.065 I/ProcessManager( 2504): getRenderThreadTidByPid, caller=2504
03-22 14:52:26.066 I/MiuiSplitInputMethodImpl( 2504): Skip onPointerDownOutsideFocusLocked
03-22 14:52:26.066 D/WindowManagerService( 2504): touch another display`s GestureStub,update focus!
03-22 14:52:26.066 I/MiuiSplitInputMethodImpl( 2504): Skip onPointerDownOutsideFocusLocked
03-22 14:52:26.066 I/MiuiSplitInputMethodImpl( 2504): Skip onPointerDownOutsideFocusLocked
03-22 14:52:26.066 I/MiuiSplitInputMethodImpl( 2504): Skip onPointerDownOutsideFocusLocked
03-22 14:52:26.065 D/MiuiFreeformModeGestureHandler( 5847): start handle MotionEvents:(1054.5,1720.5)
03-22 14:52:26.068 D/MiuiFreeformModeGestureHandler( 5847): handleMotionEvents mActiveMiuiFreeformTask null x: 1054.5 y: 1720.5 current miuiFreeformModeTaskInfo: 
03-22 14:52:26.068 D/MultiTaskingTaskRepository( 5847): getTopFullscreenTaskInfo: taskId=1142 windowingMode=1 isVisible=true isTopActivityTransparent=false
03-22 14:52:26.068 D/MiuiDecorationRootViewHost( 5847): isTouchedInTopCaption: taskId = 1142, tempViewHost = null
03-22 14:52:26.068 D/MiuiDecorationDot( 5847): isTouchedInTopCaption: taskId = 1142, mMulWinSwitchVIewHost is not ready for layout
03-22 14:52:26.068 D/MulWinSwitchEventHandler( 5847): dispatchToFullOrSplitDecorationDot: touchedTaskId=-1
03-22 14:52:26.068 I/ProcessManager( 2504): getRenderThreadTidByPid, caller=2504
03-22 14:52:26.068 D/MulWinSwitchEventHandler( 5847): handleReceivedMotionEvent: mTouchedBottomTaskId=-1
03-22 14:52:26.069 I/ProcessManager( 2504): getRenderThreadTidByPid, caller=2504
03-22 14:52:26.071 D/CoreBackPreview( 2504): startBackNavigation currentTask=Task{2f997db #1142 type=standard A=10374:com.rootguard.app}, topRunningActivity=ActivityRecord{219965836 u0 com.rootguard.app/.MainActivity t1142}, callbackInfo=OnBackInvokedCallbackInfo{mCallback=android.window.IOnBackInvokedCallback$Stub$Proxy@40620f3, mPriority=0, mIsAnimationCallback=false, mOverrideBehavior=0}, currentFocus=Window{f721798 u0 com.rootguard.app/com.rootguard.app.MainActivity}
03-22 14:52:26.072 D/VRI[GestureStubRight]( 5214): getMiuiFreeformStackInfo mTmpFrames.miuiFreeFormStackInfo: null
03-22 14:52:26.073 D/BarFollowAnimation( 2504): pairAppearanceRegionAndWin win=Window{f721798 u0 com.rootguard.app/com.rootguard.app.MainActivity} 8
03-22 14:52:26.073 D/BarFollowAnimation( 2504): isAppTaskBarOnTop win:Window{f721798 u0 com.rootguard.app/com.rootguard.app.MainActivity} (mCurrentTopTask:Task{2f997db #1142 type=standard A=10374:com.rootguard.app} : true); (mAssociatedTask:Task{2f997db #1142 type=standard A=10374:com.rootguard.app} : true); (mHomeTask:Task{462bb77 #1 type=home} : false); mReparentToOriginParent:false mLastAppBarVisible:true mLastHomeBarVisible:false
03-22 14:52:26.073 D/MiuiRefreshRatePolicy( 2504): reset
03-22 14:52:26.075 D/WindowManager( 2504): Swipe-up for navigation bar is disabled during setup,swipeTarget=null
03-22 14:52:26.076 D/BarFollowAnimation( 2504): pairAppearanceRegionAndWin win=Window{f721798 u0 com.rootguard.app/com.rootguard.app.MainActivity} 8
03-22 14:52:26.076 D/BarFollowAnimation( 2504): isAppTaskBarOnTop win:Window{f721798 u0 com.rootguard.app/com.rootguard.app.MainActivity} (mCurrentTopTask:Task{2f997db #1142 type=standard A=10374:com.rootguard.app} : true); (mAssociatedTask:Task{2f997db #1142 type=standard A=10374:com.rootguard.app} : true); (mHomeTask:Task{462bb77 #1 type=home} : false); mReparentToOriginParent:false mLastAppBarVisible:true mLastHomeBarVisible:false
03-22 14:52:26.076 D/MiuiRefreshRatePolicy( 2504): reset
03-22 14:52:26.092 I/SmartPower: com.miui.gallery/10283(7992)( 2504): background->idle(3007ms) R(content provider start ContentProviderRecord{ffbfcd5 u0 com.miui.gallery/.provider.GalleryOpenHelperProvider}) adj=700.
03-22 14:52:26.175 D/CoreBackPreview( 2504): onBackNavigationDone backType=4, triggerBack=true
03-22 14:52:26.180 D/VibratorManagerService( 2504): Starting vibrate for vibration 548
03-22 14:52:26.181 D/VibratorManagerService( 2504): Check AppOp mode VIBRATE for uid 10144 and package com.miui.home returned audio=allow, op=allow
03-22 14:52:26.181 D/VibratorManagerServiceImpl( 2504): attrs = VibrationAttributes{mUsage=HARDWARE_FEEDBACK, mAudioUsage= USAGE_UNKNOWN, mFlags=0}, attrs.usage = 50
03-22 14:52:26.181 D/VibratorManagerService( 2504): Starting vibration 548 on thread
03-22 14:52:26.181 D/VibratorManagerService( 2504): Start AppOp mode VIBRATE for uid 10144 and package com.miui.home returned allow
03-22 14:52:26.182 E/VibratorManagerServiceImpl( 2504): vibrationThreadSetParameters
03-22 14:52:26.243 D/VibratorManagerService( 2504): Vibration 548 step 0 on vibrator 0 complete, notifying thread
03-22 14:52:26.247 D/VibratorManagerService( 2504): VibrationThread released vibration 548
03-22 14:52:26.247 D/VibratorManagerServiceImpl( 2504): checkVibrationStop: vibrationId:548
03-22 14:52:26.247 D/VibratorManagerService( 2504): Finish AppOp mode VIBRATE for uid 10144 and package com.miui.home
03-22 14:52:26.248 D/VibratorManagerService( 2504): Vibration for uid=10144 and with attrs=VibrationAttributes{mUsage=HARDWARE_FEEDBACK, mAudioUsage= USAGE_UNKNOWN, mFlags=0} ended with status FINISHED
03-22 14:52:26.286 D/VRI[GestureStubRight]( 5214): getMiuiFreeformStackInfo mTmpFrames.miuiFreeFormStackInfo: null
03-22 14:52:26.287 D/BarFollowAnimation( 2504): pairAppearanceRegionAndWin win=Window{f721798 u0 com.rootguard.app/com.rootguard.app.MainActivity} 8
03-22 14:52:26.288 D/BarFollowAnimation( 2504): isAppTaskBarOnTop win:Window{f721798 u0 com.rootguard.app/com.rootguard.app.MainActivity} (mCurrentTopTask:Task{2f997db #1142 type=standard A=10374:com.rootguard.app} : true); (mAssociatedTask:Task{2f997db #1142 type=standard A=10374:com.rootguard.app} : true); (mHomeTask:Task{462bb77 #1 type=home} : false); mReparentToOriginParent:false mLastAppBarVisible:true mLastHomeBarVisible:false
03-22 14:52:26.288 D/MiuiRefreshRatePolicy( 2504): reset
03-22 14:52:26.297 D/BarFollowAnimation( 2504): pairAppearanceRegionAndWin win=Window{f721798 u0 com.rootguard.app/com.rootguard.app.MainActivity} 8
03-22 14:52:26.297 D/BarFollowAnimation( 2504): isAppTaskBarOnTop win:Window{f721798 u0 com.rootguard.app/com.rootguard.app.MainActivity} (mCurrentTopTask:Task{2f997db #1142 type=standard A=10374:com.rootguard.app} : true); (mAssociatedTask:Task{2f997db #1142 type=standard A=10374:com.rootguard.app} : true); (mHomeTask:Task{462bb77 #1 type=home} : false); mReparentToOriginParent:false mLastAppBarVisible:true mLastHomeBarVisible:false
03-22 14:52:26.297 D/MiuiRefreshRatePolicy( 2504): reset
03-22 14:52:26.376 D/PerfShielderService( 2504): com.rootguard.app|com.rootguard.app/com.rootguard.app.MainActivity|137|11750696669630|137|2|1
03-22 14:52:26.377 W/MiuiPerfServiceClient(12191): interceptAndQueuing:31903|com.rootguard.app|137|137|11750696669630|Slow handle animation|1
03-22 14:52:26.451 I/SmartPower: com.android.permissioncontroller/10267(23190)( 2504): background->idle(3001ms) R(service unbind com.android.permissioncontroller/.permission.service.PermissionControllerServiceImpl) adj=905.
03-22 14:52:26.455 W/ActivityManager( 2504): Idling uid u0a267 from package com.android.permissioncontroller user 0
03-22 14:52:26.682 W/ActivityTaskManager( 2504): MANAGE_ACTIVITY_STACKS is deprecated, please use alternative permission: MANAGE_ACTIVITY_TASKS
03-22 14:52:26.711 I/SmartPower: com.android.quicksearchbox/10135(12707)( 2504): background->idle(3001ms) R(become invisible) adj=100.
03-22 14:52:26.715 I/SmartPower: com.miui.personalassistant/10134(12610)( 2504): background->idle(3001ms) R(become background) adj=100.
03-22 14:52:27.034 E/TaskPersister( 2504): File error accessing recents directory (directory doesn't exist?).
03-22 14:52:27.255 I/MiuiSplitInputMethodImpl( 2504): Skip onPointerDownOutsideFocusLocked
03-22 14:52:27.256 I/MiuiSplitInputMethodImpl( 2504): Skip onPointerDownOutsideFocusLocked
03-22 14:52:27.256 I/MiuiSplitInputMethodImpl( 2504): Skip onPointerDownOutsideFocusLocked
03-22 14:52:27.256 D/VRI[MainActivity](31903): getMiuiFreeformStackInfo mTmpFrames.miuiFreeFormStackInfo: null
03-22 14:52:27.256 I/ProcessManager( 2504): getRenderThreadTidByPid, caller=2504
03-22 14:52:27.257 D/MiuiFreeformModeGestureHandler( 5847): start handle MotionEvents:(567.0,837.75)
03-22 14:52:27.260 D/MiuiFreeformModeGestureHandler( 5847): handleMotionEvents mActiveMiuiFreeformTask null x: 567.0 y: 837.75 current miuiFreeformModeTaskInfo: 
03-22 14:52:27.261 D/MultiTaskingTaskRepository( 5847): getTopFullscreenTaskInfo: taskId=1142 windowingMode=1 isVisible=true isTopActivityTransparent=false
03-22 14:52:27.261 D/MiuiDecorationRootViewHost( 5847): isTouchedInTopCaption: taskId = 1142, tempViewHost = null
03-22 14:52:27.261 D/MiuiDecorationDot( 5847): isTouchedInTopCaption: taskId = 1142, mMulWinSwitchVIewHost is not ready for layout
03-22 14:52:27.261 D/MulWinSwitchEventHandler( 5847): dispatchToFullOrSplitDecorationDot: touchedTaskId=-1
03-22 14:52:27.261 D/MulWinSwitchEventHandler( 5847): handleReceivedMotionEvent: mTouchedBottomTaskId=-1
03-22 14:52:27.368 I/AppsFilter( 2504): interaction: PackageSetting{e43fd89 com.rootguard.app/10374} -> PackageSetting{95e64bc com.miui.screenrecorder/10287} BLOCKED
03-22 14:52:27.368 I/AppsFilter( 2504): interaction: PackageSetting{e43fd89 com.rootguard.app/10374} -> PackageSetting{9b6766e com.android.ncm.overlay.common/10052} BLOCKED
03-22 14:52:27.368 I/AppsFilter( 2504): interaction: PackageSetting{e43fd89 com.rootguard.app/10374} -> PackageSetting{54a5c45 icu.nullptr.applistdetector/10309} BLOCKED
03-22 14:52:27.368 I/AppsFilter( 2504): interaction: PackageSetting{e43fd89 com.rootguard.app/10374} -> PackageSetting{b247f9a com.android.cts.priv.ctsshim/10247} BLOCKED
03-22 14:52:27.368 I/AppsFilter( 2504): interaction: PackageSetting{e43fd89 com.rootguard.app/10374} -> PackageSetting{88770cb com.quark.browser/10296} BLOCKED
03-22 14:52:27.368 I/AppsFilter( 2504): interaction: PackageSetting{e43fd89 com.rootguard.app/10374} -> PackageSetting{e0b10a8 com.android.uwb.resources/10262} BLOCKED
03-22 14:52:27.369 I/AppsFilter( 2504): interaction: PackageSetting{e43fd89 com.rootguard.app/10374} -> PackageSetting{3b977c1 com.byyang.appmodify/10291} BLOCKED
03-22 14:52:27.369 I/AppsFilter( 2504): interaction: PackageSetting{e43fd89 com.rootguard.app/10374} -> PackageSetting{75faf88 com.android.internal.display.cutout.emulation.corner/10010} BLOCKED
03-22 14:52:27.369 I/AppsFilter( 2504): interaction: PackageSetting{e43fd89 com.rootguard.app/10374} -> PackageSetting{6695d21 com.android.internal.display.cutout.emulation.double/10011} BLOCKED
03-22 14:52:27.369 I/AppsFilter( 2504): interaction: PackageSetting{e43fd89 com.rootguard.app/10374} -> PackageSetting{8bafb66 com.unionpay.tsmservice.mi/10183} BLOCKED
03-22 14:52:27.369 I/AppsFilter( 2504): interaction: PackageSetting{e43fd89 com.rootguard.app/10374} -> PackageSetting{71a4ea7 com.android.healthconnect.controller/10243} BLOCKED
03-22 14:52:27.369 I/AppsFilter( 2504): interaction: PackageSetting{e43fd89 com.rootguard.app/10374} -> PackageSetting{6548f54 com.xiaomi.hyper.aiphoto/10409} BLOCKED
03-22 14:52:27.369 I/AppsFilter( 2504): interaction: PackageSetting{e43fd89 com.rootguard.app/10374} -> PackageSetting{4a4cefd com.xiaomi.vipaccount/10299} BLOCKED
03-22 14:52:27.369 I/AppsFilter( 2504): interaction: PackageSetting{e43fd89 com.rootguard.app/10374} -> PackageSetting{5eb67f2 com.tencent.tmgp.sgame/10330} BLOCKED
03-22 14:52:27.369 I/AppsFilter( 2504): interaction: PackageSetting{e43fd89 com.rootguard.app/10374} -> PackageSetting{6132e43 com.qiyi.video/10388} BLOCKED
03-22 14:52:27.369 I/AppsFilter( 2504): interaction: PackageSetting{e43fd89 com.rootguard.app/10374} -> PackageSetting{9154cc0 com.google.android.onetimeinitializer/10124} BLOCKED
03-22 14:52:27.369 I/AppsFilter( 2504): interaction: PackageSetting{e43fd89 com.rootguard.app/10374} -> PackageSetting{7f45df9 com.android.health.connect.backuprestore/10244} BLOCKED
03-22 14:52:27.369 I/AppsFilter( 2504): interaction: PackageSetting{e43fd89 com.rootguard.app/10374} -> PackageSetting{f44113e com.google.android.ext.shared/10151} BLOCKED
03-22 14:52:27.369 I/AppsFilter( 2504): interaction: PackageSetting{e43fd89 com.rootguard.app/10374} -> PackageSetting{1306b9f com.android.virtualmachine.res/10261} BLOCKED
03-22 14:52:27.370 I/AppsFilter( 2504): interaction: PackageSetting{e43fd89 com.rootguard.app/10374} -> PackageSetting{e6274ec io.github.a13e300.ksuwebui/10312} BLOCKED
03-22 14:52:27.370 I/AppsFilter( 2504): interaction: PackageSetting{e43fd89 com.rootguard.app/10374} -> PackageSetting{a13e0b5 com.miui.themestore/10290} BLOCKED
03-22 14:52:27.370 I/AppsFilter( 2504): interaction: PackageSetting{e43fd89 com.rootguard.app/10374} -> PackageSetting{9ec034a com.android.bankabc/10357} BLOCKED
03-22 14:52:27.370 I/AppsFilter( 2504): interaction: PackageSetting{e43fd89 com.rootguard.app/10374} -> PackageSetting{7ba22bb com.youku.phone/10426} BLOCKED
03-22 14:52:27.370 I/AppsFilter( 2504): interaction: PackageSetting{e43fd89 com.rootguard.app/10374} -> PackageSetting{877f3d8 com.sinovatech.unicom.ui/10387} BLOCKED
03-22 14:52:27.370 I/AppsFilter( 2504): interaction: PackageSetting{e43fd89 com.rootguard.app/10374} -> PackageSetting{912d091 com.android.providers.telephony.auto_generated_characteristics_rro/10066} BLOCKED
03-22 14:52:27.370 I/AppsFilter( 2504): interaction: PackageSetting{e43fd89 com.rootguard.app/10374} -> PackageSetting{86ed331 com.xiaomi.gamecenter.sdk.service/10139} BLOCKED
03-22 14:52:27.370 I/AppsFilter( 2504): interaction: PackageSetting{e43fd89 com.rootguard.app/10374} -> PackageSetting{bf0ed06 com.phoenix.read/10329} BLOCKED
03-22 14:52:27.370 I/AppsFilter( 2504): interaction: PackageSetting{e43fd89 com.rootguard.app/10374} -> PackageSetting{b5e2f97 com.android.htmlviewer/10095} BLOCKED
03-22 14:52:27.370 I/AppsFilter( 2504): interaction: PackageSetting{e43fd89 com.rootguard.app/10374} -> PackageSetting{118ebdb com.miui.gallery/10283} BLOCKED
03-22 14:52:27.371 I/AppsFilter( 2504): interaction: PackageSetting{e43fd89 com.rootguard.app/10374} -> PackageSetting{1ac716d com.tencent.androidqqmail/10389} BLOCKED
03-22 14:52:27.371 I/AppsFilter( 2504): interaction: PackageSetting{e43fd89 com.rootguard.app/10374} -> PackageSetting{849b1a2 com.coderstory.toolkit/10404} BLOCKED
03-22 14:52:27.371 I/AppsFilter( 2504): interaction: PackageSetting{e43fd89 com.rootguard.app/10374} -> PackageSetting{cc2e33 com.mi.earphone/10371} BLOCKED
03-22 14:52:27.371 I/AppsFilter( 2504): interaction: PackageSetting{e43fd89 com.rootguard.app/10374} -> PackageSetting{b7565f0 com.byyoung.setting/10328} BLOCKED
03-22 14:52:27.371 I/AppsFilter( 2504): interaction: PackageSetting{e43fd89 com.rootguard.app/10374} -> PackageSetting{dabb769 com.zhenxi.hunter/10437} BLOCKED
03-22 14:52:27.371 I/AppsFilter( 2504): interaction: PackageSetting{e43fd89 com.rootguard.app/10374} -> PackageSetting{83545ee cn.gov.zcy.gpcclient/10421} BLOCKED
03-22 14:52:27.371 I/AppsFilter( 2504): interaction: PackageSetting{e43fd89 com.rootguard.app/10374} -> PackageSetting{e117a8f com.topmiaohan.sulist/10307} BLOCKED
03-22 14:52:27.371 I/AppsFilter( 2504): interaction: PackageSetting{e43fd89 com.rootguard.app/10374} -> PackageSetting{a62f11c cn.gov.tax.its/10429} BLOCKED
03-22 14:52:27.371 I/AppsFilter( 2504): interaction: PackageSetting{e43fd89 com.rootguard.app/10374} -> PackageSetting{93f6125 com.xiaomi.superhexa/10355} BLOCKED
03-22 14:52:27.371 I/AppsFilter( 2504): interaction: PackageSetting{e43fd89 com.rootguard.app/10374} -> PackageSetting{733d2fa com.miui.miwallpaper.snowmountain/10415} BLOCKED
03-22 14:52:27.371 I/AppsFilter( 2504): interaction: PackageSetting{e43fd89 com.rootguard.app/10374} -> PackageSetting{2b530ab com.google.android.configupdater/10122} BLOCKED
03-22 14:52:27.372 I/AppsFilter( 2504): interaction: PackageSetting{e43fd89 com.rootguard.app/10374} -> PackageSetting{b3c0308 com.android.soundrecorder/10292} BLOCKED
03-22 14:52:27.372 I/AppsFilter( 2504): interaction: PackageSetting{e43fd89 com.rootguard.app/10374} -> PackageSetting{1a9eaa1 com.baidu.input_mi/10270} BLOCKED
03-22 14:52:27.372 I/AppsFilter( 2504): interaction: PackageSetting{e43fd89 com.rootguard.app/10374} -> PackageSetting{45c24c6 com.zui.browser/10354} BLOCKED
03-22 14:52:27.372 I/AppsFilter( 2504): interaction: PackageSetting{e43fd89 com.rootguard.app/10374} -> PackageSetting{5942c87 io.github.a13e300.tricky_store/10411} BLOCKED
03-22 14:52:27.372 I/AppsFilter( 2504): interaction: PackageSetting{e43fd89 com.rootguard.app/10374} -> PackageSetting{d1247b4 com.hihonor.id/10408} BLOCKED
03-22 14:52:27.372 I/AppsFilter( 2504): interaction: PackageSetting{e43fd89 com.rootguard.app/10374} -> PackageSetting{bd98fdd me.ele/10380} BLOCKED
03-22 14:52:27.372 I/AppsFilter( 2504): interaction: PackageSetting{e43fd89 com.rootguard.app/10374} -> PackageSetting{765c752 com.android.safetycenter.resources/10266} BLOCKED
03-22 14:52:27.372 I/AppsFilter( 2504): interaction: PackageSetting{e43fd89 com.rootguard.app/10374} -> PackageSetting{47d0a23 com.android.providers.downloads.ui/10268} BLOCKED
03-22 14:52:27.372 I/AppsFilter( 2504): interaction: PackageSetting{e43fd89 com.rootguard.app/10374} -> PackageSetting{c662b20 com.android.simappdialog/10113} BLOCKED
03-22 14:52:27.372 I/AppsFilter( 2504): interaction: PackageSetting{e43fd89 com.rootguard.app/10374} -> PackageSetting{3644cd9 com.huawei.smarthome/10362} BLOCKED
03-22 14:52:27.373 I/AppsFilter( 2504): interaction: PackageSetting{e43fd89 com.rootguard.app/10374} -> PackageSetting{9f5069e com.android.connectivity.resources/10265} BLOCKED
03-22 14:52:27.373 I/AppsFilter( 2504): interaction: PackageSetting{e43fd89 com.rootguard.app/10374} -> PackageSetting{18c257f com.tencent.mm/10382} BLOCKED
03-22 14:52:27.373 I/AppsFilter( 2504): interaction: PackageSetting{e43fd89 com.rootguard.app/10374} -> PackageSetting{9d7f4f5 com.android.internal.display.cutout.emulation.hole/10012} BLOCKED
03-22 14:52:27.373 I/AppsFilter( 2504): interaction: PackageSetting{e43fd89 com.rootguard.app/10374} -> PackageSetting{814228a com.android.internal.display.cutout.emulation.tall/10022} BLOCKED
03-22 14:52:27.373 I/AppsFilter( 2504): interaction: PackageSetting{e43fd89 com.rootguard.app/10374} -> PackageSetting{b52d94c com.android.modulemetadata/10175} BLOCKED
03-22 14:52:27.373 I/AppsFilter( 2504): interaction: PackageSetting{e43fd89 com.rootguard.app/10374} -> PackageSetting{d43dd95 com.zbiti.qyt/10351} BLOCKED
03-22 14:52:27.373 I/AppsFilter( 2504): interaction: PackageSetting{e43fd89 com.rootguard.app/10374} -> PackageSetting{9a6eeaa com.xiaomi.mibrain.speech/10295} BLOCKED
03-22 14:52:27.373 I/AppsFilter( 2504): interaction: PackageSetting{e43fd89 com.rootguard.app/10374} -> PackageSetting{a479a9b com.miui.vipservice/10417} BLOCKED
03-22 14:52:27.373 I/AppsFilter( 2504): interaction: PackageSetting{e43fd89 com.rootguard.app/10374} -> PackageSetting{7a3e38 com.miui.findmy/10278} BLOCKED
03-22 14:52:27.373 I/AppsFilter( 2504): interaction: PackageSetting{e43fd89 com.rootguard.app/10374} -> PackageSetting{2099ac4 com.android.internal.systemui.navbar.threebutton/10049} BLOCKED
03-22 14:52:27.373 I/AppsFilter( 2504): interaction: PackageSetting{e43fd89 com.rootguard.app/10374} -> PackageSetting{a51be11 com.xunlei.downloadprovider/10385} BLOCKED
03-22 14:52:27.373 I/AppsFilter( 2504): interaction: PackageSetting{e43fd89 com.rootguard.app/10374} -> PackageSetting{edd4b76 com.xiaomi.migameservice/10403} BLOCKED
03-22 14:52:27.373 I/AppsFilter( 2504): interaction: PackageSetting{e43fd89 com.rootguard.app/10374} -> PackageSetting{47b4577 com.android.wifi.dialog/10211} BLOCKED
03-22 14:52:27.373 I/AppsFilter( 2504): interaction: PackageSetting{e43fd89 com.rootguard.app/10374} -> PackageSetting{8b105e4 org.lsposed.manager/10419} BLOCKED
03-22 14:52:27.374 I/AppsFilter( 2504): interaction: PackageSetting{e43fd89 com.rootguard.app/10374} -> PackageSetting{847d482 com.tencent.android.qqdownloader/10423} BLOCKED
03-22 14:52:27.374 I/AppsFilter( 2504): interaction: PackageSetting{e43fd89 com.rootguard.app/10374} -> PackageSetting{5832a4d com.huawei.hwid/10407} BLOCKED
03-22 14:52:27.374 I/AppsFilter( 2504): interaction: PackageSetting{e43fd89 com.rootguard.app/10374} -> PackageSetting{44aa902 com.android.contacts/10133} BLOCKED
03-22 14:52:27.374 I/AppsFilter( 2504): interaction: PackageSetting{e43fd89 com.rootguard.app/10374} -> PackageSetting{cd4c213 com.miui.securitymanager/10289} BLOCKED
03-22 14:52:27.374 I/AppsFilter( 2504): interaction: PackageSetting{e43fd89 com.rootguard.app/10374} -> PackageSetting{76a9c50 com.binary.hyperdroid/10298} BLOCKED
03-22 14:52:27.374 I/AppsFilter( 2504): interaction: PackageSetting{e43fd89 com.rootguard.app/10374} -> PackageSetting{9e51e49 com.example.saseandroid/10342} BLOCKED
03-22 14:52:27.374 I/AppsFilter( 2504): interaction: PackageSetting{e43fd89 com.rootguard.app/10374} -> PackageSetting{b3e534e cn.wps.moffice_eng.xiaomi.lite/10306} BLOCKED
03-22 14:52:27.374 I/AppsFilter( 2504): interaction: PackageSetting{e43fd89 com.rootguard.app/10374} -> PackageSetting{33f6c6f com.cmcc.simsecurity/10413} BLOCKED
03-22 14:52:27.374 I/AppsFilter( 2504): interaction: PackageSetting{e43fd89 com.rootguard.app/10374} -> PackageSetting{99cc290 bin.mt.termex/10271} BLOCKED
03-22 14:52:27.374 I/AppsFilter( 2504): interaction: PackageSetting{e43fd89 com.rootguard.app/10374} -> PackageSetting{1e52d7c com.android.mms/10142} BLOCKED
03-22 14:52:27.375 I/AppsFilter( 2504): interaction: PackageSetting{e43fd89 com.rootguard.app/10374} -> PackageSetting{c585605 com.mfashiongallery.emag/10269} BLOCKED
03-22 14:52:27.375 I/AppsFilter( 2504): interaction: PackageSetting{e43fd89 com.rootguard.app/10374} -> PackageSetting{8bd7f08 bin.mt.plus/10285} BLOCKED
03-22 14:52:27.375 I/AppsFilter( 2504): interaction: PackageSetting{e43fd89 com.rootguard.app/10374} -> PackageSetting{8b0565a com.android.compos.payload/10264} BLOCKED
03-22 14:52:27.375 I/AppsFilter( 2504): interaction: PackageSetting{e43fd89 com.rootguard.app/10374} -> PackageSetting{100608b com.microsoft.emmx/10350} BLOCKED
03-22 14:52:27.375 I/AppsFilter( 2504): interaction: PackageSetting{e43fd89 com.rootguard.app/10374} -> PackageSetting{115a568 com.android.settings.intelligence/10141} BLOCKED
03-22 14:52:27.375 I/AppsFilter( 2504): interaction: PackageSetting{e43fd89 com.rootguard.app/10374} -> PackageSetting{50d4d81 com.android.calendar/10275} BLOCKED
03-22 14:52:27.375 I/AppsFilter( 2504): interaction: PackageSetting{e43fd89 com.rootguard.app/10374} -> PackageSetting{70d7e26 com.mfcloudcalculate.networkdisk/10368} BLOCKED
03-22 14:52:27.375 I/AppsFilter( 2504): interaction: PackageSetting{e43fd89 com.rootguard.app/10374} -> PackageSetting{4927a67 com.miui.virtualsim/10293} BLOCKED
03-22 14:52:27.375 I/AppsFilter( 2504): interaction: PackageSetting{e43fd89 com.rootguard.app/10374} -> PackageSetting{653b014 com.omarea.vtools/10340} BLOCKED
03-22 14:52:27.375 I/AppsFilter( 2504): interaction: PackageSetting{e43fd89 com.rootguard.app/10374} -> PackageSetting{4c040bd com.miui.compass/10276} BLOCKED
03-22 14:52:27.376 I/AppsFilter( 2504): interaction: PackageSetting{e43fd89 com.rootguard.app/10374} -> PackageSetting{8c356b2 com.hanweb.android.zhejiang.activity/10358} BLOCKED
03-22 14:52:27.376 I/AppsFilter( 2504): interaction: PackageSetting{e43fd89 com.rootguard.app/10374} -> PackageSetting{f425603 com.xhey.xcamera/10334} BLOCKED
03-22 14:52:27.376 I/AppsFilter( 2504): interaction: PackageSetting{e43fd89 com.rootguard.app/10374} -> PackageSetting{ec5b980 com.android.printspooler/10229} BLOCKED
03-22 14:52:27.376 I/AppsFilter( 2504): interaction: PackageSetting{e43fd89 com.rootguard.app/10374} -> PackageSetting{95f0e1e com.tencent.qqpimsecure/10323} BLOCKED
03-22 14:52:27.376 I/AppsFilter( 2504): interaction: PackageSetting{e43fd89 com.rootguard.app/10374} -> PackageSetting{78c2bfe com.android.virtualization.terminal/10259} BLOCKED
03-22 14:52:27.376 I/AppsFilter( 2504): interaction: PackageSetting{e43fd89 com.rootguard.app/10374} -> PackageSetting{8a4f5f com.android.dreams.basic/10104} BLOCKED
03-22 14:52:27.376 I/AppsFilter( 2504): interaction: PackageSetting{e43fd89 com.rootguard.app/10374} -> PackageSetting{18cedac com.android.incallui/10126} BLOCKED
03-22 14:52:27.376 I/AppsFilter( 2504): interaction: PackageSetting{e43fd89 com.rootguard.app/10374} -> PackageSetting{873ca75 com.tencent.qqgame/10361} BLOCKED
03-22 14:52:27.376 I/AppsFilter( 2504): interaction: PackageSetting{e43fd89 com.rootguard.app/10374} -> PackageSetting{c7b0a0a com.tencent.qqlive/10348} BLOCKED
03-22 14:52:27.376 I/AppsFilter( 2504): interaction: PackageSetting{e43fd89 com.rootguard.app/10374} -> PackageSetting{b2e827b com.android.photopicker/10258} BLOCKED
03-22 14:52:27.376 I/AppsFilter( 2504): interaction: PackageSetting{e43fd89 com.rootguard.app/10374} -> PackageSetting{4b13898 com.duokan.phone.remotecontroller/10304} BLOCKED
03-22 14:52:27.377 I/AppsFilter( 2504): interaction: PackageSetting{e43fd89 com.rootguard.app/10374} -> PackageSetting{c4398f1 com.android.rkpdapp/10256} BLOCKED
03-22 14:52:27.377 I/AppsFilter( 2504): interaction: PackageSetting{e43fd89 com.rootguard.app/10374} -> PackageSetting{cc7bcd6 info.muge.appshare/10430} BLOCKED
03-22 14:52:27.377 I/AppsFilter( 2504): interaction: PackageSetting{e43fd89 com.rootguard.app/10374} -> PackageSetting{18cb57 com.xunmeng.pinduoduo/10384} BLOCKED
03-22 14:52:27.377 I/AppsFilter( 2504): interaction: PackageSetting{e43fd89 com.rootguard.app/10374} -> PackageSetting{4cd4644 com.miui.handwriting/10399} BLOCKED
03-22 14:52:27.377 I/AppsFilter( 2504): interaction: PackageSetting{e43fd89 com.rootguard.app/10374} -> PackageSetting{367d32d com.tencent.wetype/10359} BLOCKED
03-22 14:52:27.377 I/AppsFilter( 2504): interaction: PackageSetting{e43fd89 com.rootguard.app/10374} -> PackageSetting{d9706af android.auto_generated_characteristics_rro/10073} BLOCKED
03-22 14:52:27.377 I/AppsFilter( 2504): interaction: PackageSetting{e43fd89 com.rootguard.app/10374} -> PackageSetting{75ad062 com.android.musicfx/10096} BLOCKED
03-22 14:52:27.377 I/AppsFilter( 2504): interaction: PackageSetting{e43fd89 com.rootguard.app/10374} -> PackageSetting{af4c5f3 com.google.android.webview/10194} BLOCKED
03-22 14:52:27.377 I/AppsFilter( 2504): interaction: PackageSetting{e43fd89 com.rootguard.app/10374} -> PackageSetting{f27659a com.google.android.ncm.overlay.common/10051} BLOCKED
03-22 14:52:27.377 I/AppsFilter( 2504): interaction: PackageSetting{e43fd89 com.rootguard.app/10374} -> PackageSetting{b7a82b0 com.mipay.wallet/10297} BLOCKED
03-22 14:52:27.378 I/AppsFilter( 2504): interaction: PackageSetting{e43fd89 com.rootguard.app/10374} -> PackageSetting{d9766a8 com.android.phone.auto_generated_characteristics_rro/10063} BLOCKED
03-22 14:52:27.378 I/AppsFilter( 2504): interaction: PackageSetting{e43fd89 com.rootguard.app/10374} -> PackageSetting{b1b7529 com.xiaomi.mico/10339} BLOCKED
03-22 14:52:27.378 I/AppsFilter( 2504): interaction: PackageSetting{e43fd89 com.rootguard.app/10374} -> PackageSetting{6621ab3 me.weishu.kernelsu/10303} BLOCKED
03-22 14:52:27.378 I/AppsFilter( 2504): interaction: PackageSetting{e43fd89 com.rootguard.app/10374} -> PackageSetting{f7e6775 com.ss.android.ugc.aweme/10383} BLOCKED
03-22 14:52:27.378 I/AppsFilter( 2504): interaction: PackageSetting{e43fd89 com.rootguard.app/10374} -> PackageSetting{c8bce4f com.xunlei.browser/10352} BLOCKED
03-22 14:52:27.378 I/AppsFilter( 2504): interaction: PackageSetting{e43fd89 com.rootguard.app/10374} -> PackageSetting{7d19dc com.android.wifi.resources/10253} BLOCKED
03-22 14:52:27.378 I/AppsFilter( 2504): interaction: PackageSetting{e43fd89 com.rootguard.app/10374} -> PackageSetting{f4d3ae5 com.tencent.mobileqq/10386} BLOCKED
03-22 14:52:27.378 I/AppsFilter( 2504): interaction: PackageSetting{e43fd89 com.rootguard.app/10374} -> PackageSetting{df209ba com.miui.miwallpaper.moon/10410} BLOCKED
03-22 14:52:27.379 I/AppsFilter( 2504): interaction: PackageSetting{e43fd89 com.rootguard.app/10374} -> PackageSetting{71662c0 com.android.theme.font.notoserifsource/10015} BLOCKED
03-22 14:52:27.379 I/AppsFilter( 2504): interaction: PackageSetting{e43fd89 com.rootguard.app/10374} -> PackageSetting{71ebbf9 com.android.internal.display.cutout.emulation.waterfall/10013} BLOCKED
03-22 14:52:27.379 I/AppsFilter( 2504): interaction: PackageSetting{e43fd89 com.rootguard.app/10374} -> PackageSetting{ee1006b cn.du.hyperosperfutil/10324} BLOCKED
03-22 14:52:27.379 I/AppsFilter( 2504): interaction: PackageSetting{e43fd89 com.rootguard.app/10374} -> PackageSetting{1aff7c8 com.iflytek.inputmethod.miui/10305} BLOCKED
03-22 14:52:27.379 I/AppsFilter( 2504): interaction: PackageSetting{e43fd89 com.rootguard.app/10374} -> PackageSetting{a5eeaec com.android.internal.systemui.navbar.transparent/10067} BLOCKED
03-22 14:52:27.379 I/AppsFilter( 2504): interaction: PackageSetting{e43fd89 com.rootguard.app/10374} -> PackageSetting{21ba061 com.miui.newhome/10286} BLOCKED
03-22 14:52:27.379 I/AppsFilter( 2504): interaction: PackageSetting{e43fd89 com.rootguard.app/10374} -> PackageSetting{ca70786 com.miui.video/10294} BLOCKED
03-22 14:52:27.379 I/AppsFilter( 2504): interaction: PackageSetting{e43fd89 com.rootguard.app/10374} -> PackageSetting{f0d3847 com.zhiliaoapp.musically/10425} BLOCKED
03-22 14:52:27.379 I/AppsFilter( 2504): interaction: PackageSetting{e43fd89 com.rootguard.app/10374} -> PackageSetting{db0c874 com.tencent.jkchess/10331} BLOCKED
