03-25 09:36:34.051  2397  4448 I MiuiSplitInputMethodImpl: Skpi check shouldUpdateImeTargetForBackScreen.
03-25 09:36:34.051  2397  4448 I MiuiSplitInputMethodImpl: Skpi check shouldUpdateImeTargetForBackScreen.
03-25 09:36:34.051  2397  4448 I MiuiSplitInputMethodImpl: Skpi check shouldUpdateImeTargetForBackScreen.
03-25 09:36:34.051  2397  4448 I MiuiSplitInputMethodImpl: Skpi check shouldUpdateImeTargetForBackScreen.
03-25 09:36:34.051  2397  4448 I MiuiSplitInputMethodImpl: Skpi check shouldUpdateImeTargetForBackScreen.
03-25 09:36:34.051  2397  4448 I MiuiSplitInputMethodImpl: Skpi check shouldUpdateImeTargetForBackScreen.
03-25 09:36:34.051  2397  4448 I MiuiSplitInputMethodImpl: Skpi check shouldUpdateImeTargetForBackScreen.
03-25 09:36:34.051  2397  4448 I MiuiSplitInputMethodImpl: Skpi check shouldUpdateImeTargetForBackScreen.
03-25 09:36:34.051  2397  4448 I MiuiSplitInputMethodImpl: Skpi check shouldUpdateImeTargetForBackScreen.
03-25 09:36:34.051  2397  4448 I MiuiSplitInputMethodImpl: Skpi check shouldUpdateImeTargetForBackScreen.
03-25 09:36:34.051  2397  4448 I MiuiSplitInputMethodImpl: Skpi check shouldUpdateImeTargetForBackScreen.
03-25 09:36:34.051  2397  4448 I MiuiSplitInputMethodImpl: Skpi check shouldUpdateImeTargetForBackScreen.
03-25 09:36:34.052  2397  4448 I InputMethodManagerServiceImpl: Skip shouldIgnoreHideCurrentInputForBackDisplay check.
03-25 09:36:34.052  2397  4448 W SecurityInputMethodSwitcher: first check switch to security ime: false
03-25 09:36:34.053  2397  4448 W SecurityInputMethodSwitcher: double check switch to security ime: false
03-25 09:36:34.053  2397  4448 W SecurityInputMethodSwitcher: switch to other input method from security ime:false mayChangeToMiuiSecurityInputMethod: false current focus window: android.os.BinderProxy@afcde96
03-25 09:36:34.054  2397  3168 D BroadcastQueue: Logging broadcast for com.ss.android.ugc.aweme, stopped=false, firstLaunch=false
03-25 09:36:34.054  2397  4448 D InputMethodManagerService: startInputUncheckedLocked:set client state as:ClientState{9a98582 mUid=10438 mPid=19606 mSelfReportedDisplayId=0}
03-25 09:36:34.062  2397  5615 D InputMethodManagerServiceImpl: ime switch to security: false , switch to normal ime: false , switch from security: false
03-25 09:36:34.066  2397  5204 D ActivityManager: Logging bindService for com.ss.android.ugc.aweme, stopped=false, firstLaunch=false
03-25 09:36:34.071  2397  5615 I MiuiSplitInputMethodImpl: Skpi check shouldUpdateImeTargetForBackScreen.
03-25 09:36:34.075  2397  3088 D BarFollowAnimation: pairAppearanceRegionAndWin win=Window{780aa17 u0 com.rootguard.app/com.rootguard.app.MainActivity} 8
03-25 09:36:34.075  2397  3088 D BarFollowAnimation: isAppTaskBarOnTop win:Window{780aa17 u0 com.rootguard.app/com.rootguard.app.MainActivity} (mCurrentTopTask:Task{7a0857e #2334 type=standard A=10438:com.rootguard.app} : true); (mAssociatedTask:Task{7a0857e #2334 type=standard A=10438:com.rootguard.app} : true); (mHomeTask:Task{3542c5 #1 type=home} : false); mReparentToOriginParent:false mLastAppBarVisible:true mLastHomeBarVisible:false
03-25 09:36:34.075  2397  3088 D MiuiRefreshRatePolicy: reset
03-25 09:36:34.076  2397  3087 I DisplayManagerServiceImpl: updateInputScene: , status: 0 targetPkg: input, cookie: 270
03-25 09:36:34.081  2397  3168 D BroadcastQueue: Logging broadcast for com.android.phone, stopped=false, firstLaunch=false
03-25 09:36:34.081  2397  3168 D BroadcastQueue: Logging broadcast for com.android.phone, stopped=false, firstLaunch=false
03-25 09:36:34.087  2397  3088 I DisplayPolicyStubImpl: com.android.server.wm.WindowState hide ime, enable touchboost
03-25 09:36:34.088  2397  3088 I DisplayPolicyStubImpl: com.android.server.wm.WindowState hide ime, enable touchboost
03-25 09:36:34.097  2397  4759 D DouyinContentPagePolicy:  setRefreshRate:-1
03-25 09:36:34.101  2397  3168 D BroadcastQueue: Logging broadcast for com.android.phone, stopped=false, firstLaunch=false
03-25 09:36:34.112  2397  4723 W MiuiSentinelMemoryManager: Proc create was not completed, cmdline could not be read correctly
03-25 09:36:34.136  2397  6210 D CompatChangeReporter: Compat change id reported: 253665015; UID 10383; state: ENABLED
03-25 09:36:34.137  2397  6210 D JobScheduler.SSRU: canAfford: usr=0 pkg=com.ss.android.ugc.aweme canAfford = true jobStatus = JobStatus{96aeec4 #u0a383/1193041 com.ss.android.ugc.aweme/com.aweme.storage.CompatJobService u=0 s=10383 TIME=0:+3s0ms CHARGING satisfied:0x83600002 unsatisfied:0x8000001}
03-25 09:36:34.137  2397  6210 D JobScheduler.SSRU: canAfford: usr=0 pkg=com.ss.android.ugc.aweme canAfford = true jobStatus = JobStatus{96aeec4 #u0a383/1193041 com.ss.android.ugc.aweme/com.aweme.storage.CompatJobService u=0 s=10383 TIME=0:+3s0ms CHARGING satisfied:0x8b600002 unsatisfied:0x1}
03-25 09:36:34.143  2397  6210 D WindowManager: reportSystemGestureExclusionChanged(): state for package: com.ss.android.ugc.aweme, exclusionRects =[]
03-25 09:36:34.147  2397  2602 W SSRU-ResourceUsageProxy: Nonexistent ongoing transaction AW_TOP:182248706 for u:0 pkg:com.ss.android.ugc.aweme ended
03-25 09:36:34.150  2397  3084 D Aurogon :  uid = 10383 switch to BG
03-25 09:36:34.209  2397  4578 D NetworkMetricsTracker: handleMessage:4
03-25 09:36:34.209  2397  4578 D NetworkMetricsTracker: processForegroundInfoEvent ModemAiWhiteList exit
03-25 09:36:34.295  9798 22285 D com.miui.daemon: pid:19606:layer:allSame, rjf 14, VsyncId:519980, msg:66, dF:57, tu:0, sf:2,                    scene:134221824, core_scene:To_be_identified, sys_scene:FocusApp-Animating-Charging
03-25 09:36:34.295  9798 22285 D com.miui.daemon: Ldf GPU app:0, sf:1
03-25 09:36:34.295  9798 22285 D com.miui.daemon: Report critical jank!
03-25 09:36:34.351  2397  4648 D Aurogon :  onForegroundActivitiesChanged packageName = com.ss.android.ugc.aweme
03-25 09:36:34.452  2397  6210 I ActivityManager: unbindService com.android.server.am.ActiveServices@5e94e48 conn=android.app.LoadedApk$ServiceDispatcher$InnerConnection@3d0a5e8 callingPid=0 callers: com.android.server.accounts.AccountManagerService$Session.close:5455 com.android.server.accounts.AccountManagerService$Session.getResponseAndClose:5328 com.android.server.accounts.AccountManagerService$Session.onResult:5626 com.android.server.accounts.AccountManagerService$7.onResult:3471 android.accounts.IAccountAuthenticatorResponse$Stub.onTransact:106 android.os.Binder.execTransactInternal:1433 android.os.Binder.execTransact:1372 <bottom of call stack> <bottom of call stack> <bottom of call stack> 
03-25 09:36:34.459  2397  6210 D ActivityManager: Logging bindService for com.ss.android.ugc.aweme, stopped=false, firstLaunch=false
03-25 09:36:34.540  2397  2397 W AccessibilityManagerService:  wait for adding window timeout: 19
03-25 09:36:34.540  2397  2397 W AccessibilityManagerService:  wait for adding window timeout: 19
03-25 09:36:34.765  2397  6210 I ActivityManager: unbindService com.android.server.am.ActiveServices@5e94e48 conn=android.app.LoadedApk$ServiceDispatcher$InnerConnection@3c198cf callingPid=0 callers: com.android.server.accounts.AccountManagerService$Session.close:5455 com.android.server.accounts.AccountManagerService$Session.getResponseAndClose:5328 com.android.server.accounts.AccountManagerService$Session.onResult:5626 com.android.server.accounts.AccountManagerService$7.onResult:3471 android.accounts.IAccountAuthenticatorResponse$Stub.onTransact:106 android.os.Binder.execTransactInternal:1433 android.os.Binder.execTransact:1372 <bottom of call stack> <bottom of call stack> <bottom of call stack> 
03-25 09:36:34.771  2397  6210 D ActivityManager: Logging bindService for com.ss.android.ugc.aweme, stopped=false, firstLaunch=false
03-25 09:36:34.818  2397  3186 I ActivityManager: lmkd: proc died: pid=12612 uid=10128, status=null
03-25 09:36:34.830  2397  3147 D ThermalBrightnessController: updateSkinTemperature: actual temperature: 29.246, applied temperature: 29.246, displayId:0
03-25 09:36:34.830  2397  3147 I ThermalObserver: Temperature control has been released.
03-25 09:36:34.831  2397  3181 I ActivityManager: Got SIGCHLD from zygote: pid=12612, uid=10128, status=9
03-25 09:36:34.831  2397  3186 I ActivityManager: zygote: proc died: pid=12612 uid=10128, status=9
03-25 09:36:34.832  2397  6210 I ActivityManager: Process com.xiaomi.aicr:agentProvider (pid 12612) has died: cch+75 CEM 
03-25 09:36:34.832  2397  4699 E ProcessManager: error write exception log
03-25 09:36:34.832  2397  6210 I ActivityManager: note: ProcessRecord{c389e17 12612:com.xiaomi.aicr:agentProvider/u0a128} died, saving the exit info
03-25 09:36:34.835  2397  3186 I ActivityManager: Update process exit info for com.xiaomi.aicr(12612/u10128)
03-25 09:36:34.837  9798 22285 D com.miui.daemon: pid:19606:layer:allSame, rjf 14, VsyncId:521091, msg:0, dF:122, tu:0, sf:2,                    scene:134221824, core_scene:To_be_identified, sys_scene:FocusApp-Animating-Charging
03-25 09:36:34.837  9798 22285 D com.miui.daemon: Ldf GPU app:0, sf:1
03-25 09:36:34.837  9798 22285 D com.miui.daemon: Report critical jank!
--------- beginning of crash
03-25 09:36:34.978 26528 26528 F libc    : Fatal signal 6 (SIGABRT), code -1 (SI_QUEUE) in tid 26528 (main), pid 26528 (main)
03-25 09:36:34.980  2397 11796 D PreStartingCapture: Save bitmap to disk, fileName: /data/system_ce/0/pre_starting_bitmap/com.rootguard.app_0_normal_light.webp, count: 129
03-25 09:36:35.080  2397  5607 I ActivityManager: unbindService com.android.server.am.ActiveServices@5e94e48 conn=android.app.LoadedApk$ServiceDispatcher$InnerConnection@4f53848 callingPid=0 callers: com.android.server.accounts.AccountManagerService$Session.close:5455 com.android.server.accounts.AccountManagerService$Session.getResponseAndClose:5328 com.android.server.accounts.AccountManagerService$Session.onResult:5626 com.android.server.accounts.AccountManagerService$7.onResult:3471 android.accounts.IAccountAuthenticatorResponse$Stub.onTransact:106 android.os.Binder.execTransactInternal:1433 android.os.Binder.execTransact:1372 <bottom of call stack> <bottom of call stack> <bottom of call stack> 
03-25 09:36:35.081  2397  4574 D NetworkMetricsTracker: calcNWCause:0
03-25 09:36:35.091  2397  5607 D ActivityManager: Logging bindService for com.ss.android.ugc.aweme, stopped=false, firstLaunch=false
03-25 09:36:35.155 26557 26557 F DEBUG   : *** *** *** *** *** *** *** *** *** *** *** *** *** *** *** ***
03-25 09:36:35.155 26557 26557 F DEBUG   : Build fingerprint: 'Redmi/manet/manet:16/BP2A.250605.031.A3/OS3.0.9.0.WNMCNXM:user/release-keys'
03-25 09:36:35.155 26557 26557 F DEBUG   : Revision: '0'
03-25 09:36:35.155 26557 26557 F DEBUG   : ABI: 'arm64'
03-25 09:36:35.155 26557 26557 F DEBUG   : Timestamp: 2026-03-25 09:36:35.028976292+0800
03-25 09:36:35.155 26557 26557 F DEBUG   : Process uptime: 0s
03-25 09:36:35.155 26557 26557 F DEBUG   : Cmdline: app_process -Djava.class.path=/data/adb/modules/riru_lsposed/framework/lspd.dex /system/bin com.android.lsposed.core.HideHooker cn.gov.tax.its
03-25 09:36:35.155 26557 26557 F DEBUG   : pid: 26528, tid: 26528, name: main  >>> app_process <<<
03-25 09:36:35.155 26557 26557 F DEBUG   : uid: 0
03-25 09:36:35.155 26557 26557 F DEBUG   : tagged_addr_ctrl: 0000000000000001 (PR_TAGGED_ADDR_ENABLE)
03-25 09:36:35.155 26557 26557 F DEBUG   : pac_enabled_keys: 000000000000000f (PR_PAC_APIAKEY, PR_PAC_APIBKEY, PR_PAC_APDAKEY, PR_PAC_APDBKEY)
03-25 09:36:35.155 26557 26557 F DEBUG   : signal 6 (SIGABRT), code -1 (SI_QUEUE), fault addr --------
03-25 09:36:35.155 26557 26557 F DEBUG   : Abort message: 'No pending exception expected: java.lang.ClassNotFoundException: com.android.lsposed.core.HideHooker
03-25 09:36:35.155 26557 26557 F DEBUG   : (Throwable with empty stack trace)'
03-25 09:36:35.155 26557 26557 F DEBUG   :     x0  0000000000000000  x1  00000000000067a0  x2  0000000000000006  x3  0000007ff40f8f60
03-25 09:36:35.155 26557 26557 F DEBUG   :     x4  6f646277641f666d  x5  6f646277641f666d  x6  6f646277641f666d  x7  7f7f7f7f7f7f7f7f
03-25 09:36:35.155 26557 26557 F DEBUG   :     x8  00000000000000f0  x9  f580507bd1af5eb9  x10 000000ff00000020  x11 0000000080e59962
03-25 09:36:35.155 26557 26557 F DEBUG   :     x12 000000000012800c  x13 000000007fffffff  x14 0000000000027726  x15 000000017827f766
03-25 09:36:35.155 26557 26557 F DEBUG   :     x16 00000077611b7128  x17 000000776119e800  x18 0000007769320000  x19 00000000000067a0
03-25 09:36:35.155 26557 26557 F DEBUG   :     x20 00000000000067a0  x21 00000000ffffffff  x22 0000007489213000  x23 0000007489214428
03-25 09:36:35.155 26557 26557 F DEBUG   :     x24 b40000759ef9bbe0  x25 0000000000fffff9  x26 000000005a000000  x27 000000774792f676
03-25 09:36:35.155 26557 26557 F DEBUG   :     x28 b4000074eef9aa68  x29 0000007ff40f8fe0
03-25 09:36:35.155 26557 26557 F DEBUG   :     lr  0000007761139828  sp  0000007ff40f8f60  pc  000000776113984c  pst 0000000000001000
03-25 09:36:35.155 26557 26557 F DEBUG   : 12 total frames
03-25 09:36:35.155 26557 26557 F DEBUG   : backtrace:
03-25 09:36:35.155 26557 26557 F DEBUG   :       #00 pc 000000000007184c  /apex/com.android.runtime/lib64/bionic/libc.so (abort+160) (BuildId: 47e400def840e7f826a1d38e50a43a91)
03-25 09:36:35.155 26557 26557 F DEBUG   :       #01 pc 00000000008f112c  /apex/com.android.art/lib64/libart.so (art::Runtime::Abort(char const*)+480) (BuildId: 09f7bbcd75651c4933fb1a9c873ec4c7)
03-25 09:36:35.156 26557 26557 F DEBUG   :       #02 pc 00000000000163c4  /apex/com.android.art/lib64/libbase.so (android::base::SetAborter(std::__1::function<void (char const*)>&&)::$_0::__invoke(char const*)+84) (BuildId: f8c786bd4336a743d9d8bbb33d106914)
03-25 09:36:35.156 26557 26557 F DEBUG   :       #03 pc 0000000000015904  /apex/com.android.art/lib64/libbase.so (android::base::LogMessage::~LogMessage()+548) (BuildId: f8c786bd4336a743d9d8bbb33d106914)
03-25 09:36:35.156 26557 26557 F DEBUG   :       #04 pc 00000000003ab410  /apex/com.android.art/lib64/libart.so (art::Thread::AssertNoPendingException() const+580) (BuildId: 09f7bbcd75651c4933fb1a9c873ec4c7)
03-25 09:36:35.156 26557 26557 F DEBUG   :       #05 pc 0000000000205114  /apex/com.android.art/lib64/libart.so (art::ClassLinker::FindClass(art::Thread*, char const*, unsigned long, art::Handle<art::mirror::ClassLoader>)+72) (BuildId: 09f7bbcd75651c4933fb1a9c873ec4c7)
03-25 09:36:35.156 26557 26557 F DEBUG   :       #06 pc 000000000062da40  /apex/com.android.art/lib64/libart.so (art::JNI<false>::FindClass(_JNIEnv*, char const*)+484) (BuildId: 09f7bbcd75651c4933fb1a9c873ec4c7)
03-25 09:36:35.156 26557 26557 F DEBUG   :       #07 pc 000000000012b3d0  /system/lib64/libandroid_runtime.so (android::register_android_util_SeempLog(_JNIEnv*)+36) (BuildId: c2810fddd3b9879bba551d054dcd2e8e)
03-25 09:36:35.156 26557 26557 F DEBUG   :       #08 pc 0000000000141078  /system/lib64/libandroid_runtime.so (android::AndroidRuntime::startReg(_JNIEnv*)+68) (BuildId: c2810fddd3b9879bba551d054dcd2e8e)
03-25 09:36:35.156 26557 26557 F DEBUG   :       #09 pc 0000000000140d08  /system/lib64/libandroid_runtime.so (android::AndroidRuntime::start(char const*, android::Vector<android::String8> const&, bool)+720) (BuildId: c2810fddd3b9879bba551d054dcd2e8e)
03-25 09:36:35.156 26557 26557 F DEBUG   :       #10 pc 000000000000475c  /system/bin/app_process64 (main+1692) (BuildId: 301aa994fb549412103c12972d7d3af7)
03-25 09:36:35.156 26557 26557 F DEBUG   :       #11 pc 000000000006acf0  /apex/com.android.runtime/lib64/bionic/libc.so (__libc_init+124) (BuildId: 47e400def840e7f826a1d38e50a43a91)
03-25 09:36:35.172  2397  4981 W NativeCrashListener: Couldn't find ProcessRecord for pid 26528
03-25 09:36:35.175  2397  4336 E NativeTombstoneManager: Tombstone's UID (0) not an app, ignoring
03-25 09:36:35.178  2397  4336 E NativeTombstoneManager: Tombstone's UID (0) not an app, ignoring
03-25 09:36:35.230  2397  5952 D MiuiFreeFormManagerService: getAllFreeFormStackInfosOnDisplay list=0
03-25 09:36:35.399  2397  5952 I ActivityManager: unbindService com.android.server.am.ActiveServices@5e94e48 conn=android.app.LoadedApk$ServiceDispatcher$InnerConnection@79ed463 callingPid=0 callers: com.android.server.accounts.AccountManagerService$Session.close:5455 com.android.server.accounts.AccountManagerService$Session.getResponseAndClose:5328 com.android.server.accounts.AccountManagerService$Session.onResult:5626 com.android.server.accounts.AccountManagerService$7.onResult:3471 android.accounts.IAccountAuthenticatorResponse$Stub.onTransact:106 android.os.Binder.execTransactInternal:1433 android.os.Binder.execTransact:1372 <bottom of call stack> <bottom of call stack> <bottom of call stack> 
03-25 09:36:35.409  2397  5952 D ActivityManager: Logging bindService for com.ss.android.ugc.aweme, stopped=false, firstLaunch=false
03-25 09:36:35.724  2397  5607 I ActivityManager: unbindService com.android.server.am.ActiveServices@5e94e48 conn=android.app.LoadedApk$ServiceDispatcher$InnerConnection@ed1f24 callingPid=0 callers: com.android.server.accounts.AccountManagerService$Session.close:5455 com.android.server.accounts.AccountManagerService$Session.getResponseAndClose:5328 com.android.server.accounts.AccountManagerService$Session.onResult:5626 com.android.server.accounts.AccountManagerService$7.onResult:3471 android.accounts.IAccountAuthenticatorResponse$Stub.onTransact:106 android.os.Binder.execTransactInternal:1433 android.os.Binder.execTransact:1372 <bottom of call stack> <bottom of call stack> <bottom of call stack> 
03-25 09:36:35.732  2397  5952 D ActivityManager: Logging bindService for com.ss.android.ugc.aweme, stopped=false, firstLaunch=false
03-25 09:36:35.820  2397  4648 D ExternalInterface: setUidState, uid = 10117 allow = true
03-25 09:36:35.822  2397  4648 D ExternalInterface: setUidState, uid = 10221 allow = true
03-25 09:36:35.824  2397  4648 D ExternalInterface: setUidState, uid = 10234 allow = true
03-25 09:36:35.826  2397  4648 D ExternalInterface: setUidState, uid = 10252 allow = true
03-25 09:36:35.827  2397  4648 D ExternalInterface: setUidState, uid = 10332 allow = true
03-25 09:36:35.829  2397  4648 D ExternalInterface: setUidState, uid = 10180 allow = true
03-25 09:36:35.830  2397  4648 D ExternalInterface: setUidState, uid = 10102 allow = true
03-25 09:36:35.832  2397  4648 D ExternalInterface: setUidState, uid = 10289 allow = true
03-25 09:36:35.834  2397  4648 D ExternalInterface: setUidState, uid = 10288 allow = true
03-25 09:36:35.835  2397  4648 D ExternalInterface: setUidState, uid = 10189 allow = true
03-25 09:36:35.836  2397  4648 D ExternalInterface: setUidState, uid = 10094 allow = true
03-25 09:36:35.838  2397  4648 D ExternalInterface: setUidState, uid = 10168 allow = true
03-25 09:36:35.838  2397  9814 E TaskPersister: File error accessing recents directory (directory doesn't exist?).
03-25 09:36:35.839  2397  4648 D ExternalInterface: setUidState, uid = 10178 allow = true
03-25 09:36:35.839  2397  4648 D GreezeCallback: thawedByOther uid=10332 pid=9674
03-25 09:36:35.840  2397  4648 D GreezeCallback: thawedByOther uid=10289 pid=13514
03-25 09:36:35.840  2397  4648 D GreezeCallback: thawedByOther uid=10288 pid=14275
03-25 09:36:35.841  2397  4648 D GreezeManager: iso uid:10168 p:{15820} :false
03-25 09:36:35.887  2397  4746 I SmartPower: com.miui.analytics/10145(10237): background->idle(3001ms) R(service start com.miui.analytics/.onetrack.TrackService) adj=100.
03-25 09:36:35.964  2397  4746 I SmartPower: com.qualcomm.qti.workloadclassifier/10241(26348): background->idle(3038ms) R(broadcast end Intent { act=com.qualcomm.qti.workloadclassifier.APP_LAUNCH flg=0x30 xflg=0x4 pkg=com.qualcomm.qti.workloadclassifier (has extras) }) adj=500.
03-25 09:36:36.036  2397  5952 I ActivityManager: unbindService com.android.server.am.ActiveServices@5e94e48 conn=android.app.LoadedApk$ServiceDispatcher$InnerConnection@2dbaaaf callingPid=0 callers: com.android.server.accounts.AccountManagerService$Session.close:5455 com.android.server.accounts.AccountManagerService$Session.getResponseAndClose:5328 com.android.server.accounts.AccountManagerService$Session.onResult:5626 com.android.server.accounts.AccountManagerService$7.onResult:3471 android.accounts.IAccountAuthenticatorResponse$Stub.onTransact:106 android.os.Binder.execTransactInternal:1433 android.os.Binder.execTransact:1372 <bottom of call stack> <bottom of call stack> <bottom of call stack> 
03-25 09:36:36.052  2397  5952 D ActivityManager: Logging bindService for com.ss.android.ugc.aweme, stopped=false, firstLaunch=false
03-25 09:36:36.148  2397  5952 D ProcessMemoryCleaner: check app heap status: com.ss.android.ugc.aweme, 8526, 280944936, 0, 805306368, true
03-25 09:36:36.148  2397  5952 I ProcessMemoryCleaner: pid: 8526 level: -2147483647
03-25 09:36:36.152  2397  3168 D BroadcastQueue: Logging broadcast for com.xiaomi.bluetooth, stopped=false, firstLaunch=false
03-25 09:36:36.153  2397  3168 D BroadcastQueue: Logging broadcast for com.xiaomi.bluetooth, stopped=false, firstLaunch=false
03-25 09:36:36.158  2397  3168 D BroadcastQueue: Logging broadcast for com.xiaomi.finddevice, stopped=false, firstLaunch=false
03-25 09:36:36.163  2397  3168 D BroadcastQueue: Logging broadcast for com.xiaomi.mi_connect_service, stopped=false, firstLaunch=false
03-25 09:36:36.164  2397  5615 D ActivityManager: Logging startService for com.miui.analytics, stopped=false, firstLaunch=false, intent=Intent { act=onetrack.action.TRACK_EVENT flg=0x2 xflg=0x4 pkg=com.miui.analytics (has extras) }, r.app=ProcessRecord{3b9bb0f 10237:com.miui.analytics/u0a145}
03-25 09:36:36.165  2397  3168 D BroadcastQueue: Logging broadcast for android, stopped=false, firstLaunch=false
03-25 09:36:36.166  2397  3168 D BroadcastQueue: Logging broadcast for android, stopped=false, firstLaunch=false
03-25 09:36:36.167  2397  3168 D BroadcastQueue: Logging broadcast for android, stopped=false, firstLaunch=false
03-25 09:36:36.167  2397  5615 D ActivityManager: Logging startService for com.miui.analytics, stopped=false, firstLaunch=false, intent=Intent { act=onetrack.action.TRACK_EVENT flg=0x2 xflg=0x4 pkg=com.miui.analytics (has extras) }, r.app=ProcessRecord{3b9bb0f 10237:com.miui.analytics/u0a145}
03-25 09:36:36.195 26631 26631 F libc    : Fatal signal 6 (SIGABRT), code -1 (SI_QUEUE) in tid 26631 (main), pid 26631 (main)
03-25 09:36:36.232 11255 12128 I DisplayManager: Implicitly registering for refresh rate
03-25 09:36:36.292  2397  3168 D BroadcastQueue: Logging broadcast for android, stopped=false, firstLaunch=false
03-25 09:36:36.292  2397  3168 D BroadcastQueue: Logging broadcast for com.xiaomi.bluetooth, stopped=false, firstLaunch=false
03-25 09:36:36.293  2397  3168 D BroadcastQueue: Logging broadcast for com.xiaomi.bluetooth, stopped=false, firstLaunch=false
03-25 09:36:36.320 26643 26643 F DEBUG   : *** *** *** *** *** *** *** *** *** *** *** *** *** *** *** ***
03-25 09:36:36.320 26643 26643 F DEBUG   : Build fingerprint: 'Redmi/manet/manet:16/BP2A.250605.031.A3/OS3.0.9.0.WNMCNXM:user/release-keys'
03-25 09:36:36.320 26643 26643 F DEBUG   : Revision: '0'
03-25 09:36:36.320 26643 26643 F DEBUG   : ABI: 'arm64'
03-25 09:36:36.320 26643 26643 F DEBUG   : Timestamp: 2026-03-25 09:36:36.224683531+0800
03-25 09:36:36.320 26643 26643 F DEBUG   : Process uptime: 0s
03-25 09:36:36.320 26643 26643 F DEBUG   : Cmdline: app_process -Djava.class.path=/data/adb/modules/riru_lsposed/framework/lspd.dex /system/bin com.android.lsposed.core.HideHooker cn.gov.chinatax.gt4.app
03-25 09:36:36.320 26643 26643 F DEBUG   : pid: 26631, tid: 26631, name: main  >>> app_process <<<
03-25 09:36:36.320 26643 26643 F DEBUG   : uid: 0
03-25 09:36:36.320 26643 26643 F DEBUG   : tagged_addr_ctrl: 0000000000000001 (PR_TAGGED_ADDR_ENABLE)
03-25 09:36:36.320 26643 26643 F DEBUG   : pac_enabled_keys: 000000000000000f (PR_PAC_APIAKEY, PR_PAC_APIBKEY, PR_PAC_APDAKEY, PR_PAC_APDBKEY)
03-25 09:36:36.320 26643 26643 F DEBUG   : signal 6 (SIGABRT), code -1 (SI_QUEUE), fault addr --------
03-25 09:36:36.320 26643 26643 F DEBUG   : Abort message: 'No pending exception expected: java.lang.ClassNotFoundException: com.android.lsposed.core.HideHooker
03-25 09:36:36.320 26643 26643 F DEBUG   : (Throwable with empty stack trace)'
03-25 09:36:36.320 26643 26643 F DEBUG   :     x0  0000000000000000  x1  0000000000006807  x2  0000000000000006  x3  0000007fd4541b20
03-25 09:36:36.320 26643 26643 F DEBUG   :     x4  6f646277641f666d  x5  6f646277641f666d  x6  6f646277641f666d  x7  7f7f7f7f7f7f7f7f
03-25 09:36:36.320 26643 26643 F DEBUG   :     x8  00000000000000f0  x9  88cf476fca308a38  x10 000000ff00000020  x11 00000000c57c4816
03-25 09:36:36.320 26643 26643 F DEBUG   :     x12 000000000012800c  x13 000000007fffffff  x14 0000000000027986  x15 00000001798ca9ab
03-25 09:36:36.320 26643 26643 F DEBUG   :     x16 0000007cc1927128  x17 0000007cc190e800  x18 0000007cefd04000  x19 0000000000006807
03-25 09:36:36.320 26643 26643 F DEBUG   :     x20 0000000000006807  x21 00000000ffffffff  x22 0000007a1b213000  x23 0000007a1b214428
03-25 09:36:36.320 26643 26643 F DEBUG   :     x24 b400007c2343fbe0  x25 0000000000fffff9  x26 000000005a000000  x27 0000007cbdb74676
03-25 09:36:36.320 26643 26643 F DEBUG   :     x28 b400007a5343cf68  x29 0000007fd4541ba0
03-25 09:36:36.320 26643 26643 F DEBUG   :     lr  0000007cc18a9828  sp  0000007fd4541b20  pc  0000007cc18a984c  pst 0000000000001000
03-25 09:36:36.320 26643 26643 F DEBUG   : 12 total frames
03-25 09:36:36.320 26643 26643 F DEBUG   : backtrace:
03-25 09:36:36.320 26643 26643 F DEBUG   :       #00 pc 000000000007184c  /apex/com.android.runtime/lib64/bionic/libc.so (abort+160) (BuildId: 47e400def840e7f826a1d38e50a43a91)
03-25 09:36:36.320 26643 26643 F DEBUG   :       #01 pc 00000000008f112c  /apex/com.android.art/lib64/libart.so (art::Runtime::Abort(char const*)+480) (BuildId: 09f7bbcd75651c4933fb1a9c873ec4c7)
03-25 09:36:36.320 26643 26643 F DEBUG   :       #02 pc 00000000000163c4  /apex/com.android.art/lib64/libbase.so (android::base::SetAborter(std::__1::function<void (char const*)>&&)::$_0::__invoke(char const*)+84) (BuildId: f8c786bd4336a743d9d8bbb33d106914)
03-25 09:36:36.320 26643 26643 F DEBUG   :       #03 pc 0000000000015904  /apex/com.android.art/lib64/libbase.so (android::base::LogMessage::~LogMessage()+548) (BuildId: f8c786bd4336a743d9d8bbb33d106914)
03-25 09:36:36.320 26643 26643 F DEBUG   :       #04 pc 00000000003ab410  /apex/com.android.art/lib64/libart.so (art::Thread::AssertNoPendingException() const+580) (BuildId: 09f7bbcd75651c4933fb1a9c873ec4c7)
03-25 09:36:36.320 26643 26643 F DEBUG   :       #05 pc 0000000000205114  /apex/com.android.art/lib64/libart.so (art::ClassLinker::FindClass(art::Thread*, char const*, unsigned long, art::Handle<art::mirror::ClassLoader>)+72) (BuildId: 09f7bbcd75651c4933fb1a9c873ec4c7)
03-25 09:36:36.320 26643 26643 F DEBUG   :       #06 pc 000000000062da40  /apex/com.android.art/lib64/libart.so (art::JNI<false>::FindClass(_JNIEnv*, char const*)+484) (BuildId: 09f7bbcd75651c4933fb1a9c873ec4c7)
03-25 09:36:36.320 26643 26643 F DEBUG   :       #07 pc 000000000012b3d0  /system/lib64/libandroid_runtime.so (android::register_android_util_SeempLog(_JNIEnv*)+36) (BuildId: c2810fddd3b9879bba551d054dcd2e8e)
03-25 09:36:36.320 26643 26643 F DEBUG   :       #08 pc 0000000000141078  /system/lib64/libandroid_runtime.so (android::AndroidRuntime::startReg(_JNIEnv*)+68) (BuildId: c2810fddd3b9879bba551d054dcd2e8e)
03-25 09:36:36.320 26643 26643 F DEBUG   :       #09 pc 0000000000140d08  /system/lib64/libandroid_runtime.so (android::AndroidRuntime::start(char const*, android::Vector<android::String8> const&, bool)+720) (BuildId: c2810fddd3b9879bba551d054dcd2e8e)
03-25 09:36:36.320 26643 26643 F DEBUG   :       #10 pc 000000000000475c  /system/bin/app_process64 (main+1692) (BuildId: 301aa994fb549412103c12972d7d3af7)
03-25 09:36:36.320 26643 26643 F DEBUG   :       #11 pc 000000000006acf0  /apex/com.android.runtime/lib64/bionic/libc.so (__libc_init+124) (BuildId: 47e400def840e7f826a1d38e50a43a91)
03-25 09:36:36.337  2397  4981 W NativeCrashListener: Couldn't find ProcessRecord for pid 26631
03-25 09:36:36.340  2397  4336 E NativeTombstoneManager: Tombstone's UID (0) not an app, ignoring
03-25 09:36:36.342  2397  3168 D BroadcastQueue: Logging broadcast for com.ss.android.ugc.aweme, stopped=false, firstLaunch=false
03-25 09:36:36.343  2397  3168 D BroadcastQueue: Logging broadcast for com.ss.android.ugc.aweme, stopped=false, firstLaunch=false
03-25 09:36:36.345  2397  4336 E NativeTombstoneManager: Tombstone's UID (0) not an app, ignoring
03-25 09:36:36.358  2397  5607 I ActivityManager: unbindService com.android.server.am.ActiveServices@5e94e48 conn=android.app.LoadedApk$ServiceDispatcher$InnerConnection@f2f7531 callingPid=0 callers: com.android.server.accounts.AccountManagerService$Session.close:5455 com.android.server.accounts.AccountManagerService$Session.getResponseAndClose:5328 com.android.server.accounts.AccountManagerService$Session.onResult:5626 com.android.server.accounts.AccountManagerService$7.onResult:3471 android.accounts.IAccountAuthenticatorResponse$Stub.onTransact:106 android.os.Binder.execTransactInternal:1433 android.os.Binder.execTransact:1372 <bottom of call stack> <bottom of call stack> <bottom of call stack> 
--------- beginning of main
03-25 09:36:36.365  1841  1841 I vendor.qti.hardware.servicetrackeraidl-service: total connections for service : com.ss.android.ugc.aweme/com.bytedance.sdk.account.sync.AuthenticatorServiceare :1
03-25 09:36:36.365  1841  1841 I vendor.qti.hardware.servicetrackeraidl-service: total connections for client : systemare :25
03-25 09:36:36.365 19606 26412 I m.rootguard.app: AssetManager2(0xb40000746eb44938) locale list changing from [] to [zh-CN]
03-25 09:36:36.366  2397  6210 D ActivityManager: Logging bindService for com.ss.android.ugc.aweme, stopped=false, firstLaunch=false
03-25 09:36:36.367  5126  5126 D HidDeviceService: handleMessage(): msg.what=8
03-25 09:36:36.367  2397  4544 I MiuiNetworkPolicy: updateUidState uid = 10383, uidState = 6
03-25 09:36:36.371 19606 26412 I m.rootguard.app: AssetManager2(0xb40000746eb3c918) locale list changing from [] to [zh-CN]
03-25 09:36:36.379 19606 26412 I m.rootguard.app: AssetManager2(0xb40000746eb49a78) locale list changing from [] to [zh-CN]
03-25 09:36:36.381 19606 26412 I m.rootguard.app: AssetManager2(0xb40000746eb47818) locale list changing from [] to [zh-CN]
03-25 09:36:36.386 19606 26412 I m.rootguard.app: AssetManager2(0xb40000746eb44c58) locale list changing from [] to [zh-CN]
03-25 09:36:36.388 19606 26412 I m.rootguard.app: AssetManager2(0xb40000746eb47b38) locale list changing from [] to [zh-CN]
03-25 09:36:36.391 19606 26412 I m.rootguard.app: AssetManager2(0xb40000746eb4bcd8) locale list changing from [] to [zh-CN]
03-25 09:36:36.396 19606 26412 I m.rootguard.app: AssetManager2(0xb40000746eb44618) locale list changing from [] to [zh-CN]
03-25 09:36:36.399 19606 26412 I m.rootguard.app: AssetManager2(0xb40000746eb4aa18) locale list changing from [] to [zh-CN]
03-25 09:36:36.400 19606 26412 E PandaSU : 鎴愬姛鑾峰彇鍒?492 涓簲鐢ㄤ俊鎭?
03-25 09:36:36.427  7929 12409 W AppLinksAsyncVerifierV2: Error performing check:  [CONTEXT service_id=244 ]
03-25 09:36:36.427  7929 12409 W AppLinksAsyncVerifierV2: icnu: DEADLINE_EXCEEDED: CallOptions deadline exceeded after 7.999901875s. Name resolution delay 0.000000000 seconds. [closed=[], open=[[buffered_nanos=8000524320, waiting_for_connection]]]
03-25 09:36:36.427  7929 12409 W AppLinksAsyncVerifierV2: 	at bbou.s(:com.google.android.gms@253830035@25.38.30 (260400-807569344):31)
03-25 09:36:36.427  7929 12409 W AppLinksAsyncVerifierV2: 	at bbou.e(:com.google.android.gms@253830035@25.38.30 (260400-807569344):55)
03-25 09:36:36.427  7929 12409 W AppLinksAsyncVerifierV2: 	at etfo.a(:com.google.android.gms@253830035@25.38.30 (260400-807569344):45)
03-25 09:36:36.427  7929 12409 W AppLinksAsyncVerifierV2: 	at etet.c(:com.google.android.gms@253830035@25.38.30 (260400-807569344):20)
03-25 09:36:36.427  7929 12409 W AppLinksAsyncVerifierV2: 	at etet.a(:com.google.android.gms@253830035@25.38.30 (260400-807569344):3)
03-25 09:36:36.427  7929 12409 W AppLinksAsyncVerifierV2: 	at awfs.run(:com.google.android.gms@253830035@25.38.30 (260400-807569344):5)
03-25 09:36:36.427  7929 12409 W AppLinksAsyncVerifierV2: 	at bbvf.c(:com.google.android.gms@253830035@25.38.30 (260400-807569344):50)
03-25 09:36:36.427  7929 12409 W AppLinksAsyncVerifierV2: 	at bbvf.run(:com.google.android.gms@253830035@25.38.30 (260400-807569344):70)
03-25 09:36:36.427  7929 12409 W AppLinksAsyncVerifierV2: 	at java.util.concurrent.ThreadPoolExecutor.runWorker(ThreadPoolExecutor.java:1302)
03-25 09:36:36.427  7929 12409 W AppLinksAsyncVerifierV2: 	at java.util.concurrent.ThreadPoolExecutor$Worker.run(ThreadPoolExecutor.java:677)
03-25 09:36:36.427  7929 12409 W AppLinksAsyncVerifierV2: 	at bcaw.run(:com.google.android.gms@253830035@25.38.30 (260400-807569344):8)
03-25 09:36:36.427  7929 12409 W AppLinksAsyncVerifierV2: 	at java.lang.Thread.run(Thread.java:1119)
03-25 09:36:36.479  2047  2047 D MI-SF   : isTpIdleScene ,mAverageFrameRate is 460, 0 
03-25 09:36:36.480  2047  2047 D MI-SF   : modeGroup0 mIsSupportAutomodeForMaxFpsSetting is 0(0), getCurrentBrightness() = 2304(880), mIsKeepAutoMode 0 isAutoModeAllowed() 1
03-25 09:36:36.480  2047  2047 D RefreshRateSelector: fixedMode_group: 0, isFindModeGroup 0
03-25 09:36:36.480  2047  2047 D RefreshRateSelector: find max refresh rate:120, mode Group:0
03-25 09:36:36.480  1809  2220 I SDM     : DisplayBase::CommitThread: Received idle timeout, panel: cmd, timeout: 70000 us
03-25 09:36:36.500  9798 10492 I TombstoneParser: ParseTombstone success, for app_processin file :/data/miuilog/stability/nativecrash/tombstones/tombstone_24
03-25 09:36:36.507  9798 10492 W MQSEventManager: neoccur
03-25 09:36:36.507  9798 10492 W System.err: android.content.pm.PackageManager$NameNotFoundException: app_process
03-25 09:36:36.508  9798 10492 W System.err: 	at android.app.ApplicationPackageManager.getApplicationInfoAsUser(ApplicationPackageManager.java:549)
03-25 09:36:36.508  9798 10492 W System.err: 	at android.app.ApplicationPackageManager.getApplicationInfo(ApplicationPackageManager.java:532)
03-25 09:36:36.508  9798 10492 W System.err: 	at android.app.ApplicationPackageManager.getApplicationInfo(ApplicationPackageManager.java:526)
03-25 09:36:36.508  9798 10492 W System.err: 	at com.miui.daemon.mqsas.utils.PackageUtils.getApplicationInfo(PackageUtils.java:193)
03-25 09:36:36.508  9798 10492 W System.err: 	at com.miui.daemon.mqsas.event.MQSEventManager.addExceptionProperty(MQSEventManager.java:412)
03-25 09:36:36.508  9798 10492 W System.err: 	at com.miui.daemon.mqsas.event.MQSEventManager.onEventOccur(MQSEventManager.java:395)
03-25 09:36:36.508  9798 10492 W System.err: 	at com.miui.daemon.mqsas.MQSService.reportNativeCrashEvent(MQSService.java:824)
03-25 09:36:36.508  9798 10492 W System.err: 	at com.miui.daemon.mqsas.event.NativeExceptionHelper.parseAndUpdate(NativeExceptionHelper.java:68)
03-25 09:36:36.508  9798 10492 W System.err: 	at com.miui.daemon.mqsas.event.NativeCrashObserver.handleEvent(NativeCrashObserver.java:89)
03-25 09:36:36.508  9798 10492 W System.err: 	at com.miui.daemon.mqsas.event.NativeCrashObserver.-$$Nest$mhandleEvent(NativeCrashObserver.java:0)
03-25 09:36:36.509  9798 10492 W System.err: 	at com.miui.daemon.mqsas.event.NativeCrashObserver$1.onEvent(NativeCrashObserver.java:53)
03-25 09:36:36.509  9798 10492 W System.err: 	at android.os.FileObserver$ObserverThread.onEvent(FileObserver.java:166)
03-25 09:36:36.509  9798 10492 W System.err: 	at android.os.FileObserver$ObserverThread.observe(Native Method)
03-25 09:36:36.509  9798 10492 W System.err: 	at android.os.FileObserver$ObserverThread.run(FileObserver.java:116)
03-25 09:36:36.510  9798 10236 W PknAttribUtils: targetFile does not exist do nothing
03-25 09:36:36.510  9798 10236 D DigestGenerator: digest=============org.lsposed.manager me.weishu.kernelsu have been installed;app_processAbort message: 'No pending exception expected: java.lang.ClassNotFoundException: com.android.lsposed.core.HideHooker
03-25 09:36:36.510  9798 10236 D DigestGenerator: (Throwable with empty stack trace)'
03-25 09:36:36.511  9798 10236 D MiSight::  sendEvent id=901001003
03-25 09:36:36.511  9798 10236 D MiSightJni: MiSight: Java_com_miui_misight_MiSight_nativeSendEvent enter called. '{"Stacktrace":"      #00 pc 000000000007184c  \/apex\/com.android.runtime\/lib64\/bionic\/libc.so (abort+160) (BuildId: 47e400def840e7f826a1d38e50a43a91)\n      #01 pc 00000000008f112c  \/apex\/com.android.art\/lib64\/libart.so (art::Runtime::Abort(char const*)+480) (BuildId: 09f7bbcd75651c4933fb1a9c873ec4c7)\n      #02 pc 00000000000163c4  \/apex\/com.android.art\/lib64\/libbase.so (android::base::SetAborter(std::__1::function<void (char const*)>&&)::$_0::__invoke(char const*)+84) (BuildId: f8c786bd4336a743d9d8bbb33d106914)\n      #03 pc 0000000000015904  \/apex\/com.android.art\/lib64\/libbase.so (android::base::LogMessage::~LogMessage()+548) (BuildId: f8c786bd4336a743d9d8bbb33d106914)\n      #04 pc 00000000003ab410  \/apex\/com.android.art\/lib64\/libart.so (art::Thread::AssertNoPendingException() const+580) (BuildId: 09f7bbcd75651c4933fb1a9c873ec4c7)\n      #05 pc 0000000000205114  \/apex\/com.android.art\/lib64\/libart.so (art::ClassL
03-25 09:36:36.511  9798 10236 D MiEvent : MiEvent: this 0x73b5087b50, paylod=0xb40000759eb466b0
03-25 09:36:36.511  9798 10236 D MiEvent : flatten EventId 901001003 -t 1774402596 -paraList {"CrashType":"100000000","CurrentTime":1774402596000,"Digest":"a93b9241fc18bfcbf6c6e1a8ee7bfae2","Keyword":"{\"vn\":\"\",\"vc\":\"\",\"isRoot\":false,\"count\":1,\"preInstalled\":false,\"unfold\":false,\"ram\":11,\"rom\":512}","PackageName":"app_process","Stacktrace":"      #00 pc 000000000007184c  /apex/com.android.runtime/lib64/bionic/libc.so (abort+160) (BuildId: 47e400def840e7f826a1d38e50a43a91)\n      #01 pc 00000000008f112c  /apex/com.android.art/lib64/libart.so (art::Runtime::Abort(char const*)+480) (BuildId: 09f7bbcd75651c4933fb1a9c873ec4c7)\n      #02 pc 00000000000163c4  /apex/com.android.art/lib64/libbase.so (android::base::SetAborter(std::__1::function<void (char const*)>&&)::$_0::__invoke(char const*)+84) (BuildId: f8c786bd4336a743d9d8bbb33d106914)\n      #03 pc 0000000000015904  /apex/com.android.art/lib64/libbase.so (android::base::LogMessage::~LogMessage()+548) (BuildId: f8c786bd4336a743d9d8bbb33d106914)\n      #04 pc 00000000003ab410  /apex/c
03-25 09:36:36.512  9798 10236 D MiEvent : report:EventId 901001003 -t 1774402596 -paraList {"CrashType":"100000000","CurrentTime":1774402596000,"Digest":"a93b9241fc18bfcbf6c6e1a8ee7bfae2","Keyword":"{\"vn\":\"\",\"vc\":\"\",\"isRoot\":false,\"count\":1,\"preInstalled\":false,\"unfold\":false,\"ram\":11,\"rom\":512}","PackageName":"app_process","Stacktrace":"      #00 pc 000000000007184c  /apex/com.android.runtime/lib64/bionic/libc.so (abort+160) (BuildId: 47e400def840e7f826a1d38e50a43a91)\n      #01 pc 00000000008f112c  /apex/com.android.art/lib64/libart.so (art::Runtime::Abort(char const*)+480) (BuildId: 09f7bbcd75651c4933fb1a9c873ec4c7)\n      #02 pc 00000000000163c4  /apex/com.android.art/lib64/libbase.so (android::base::SetAborter(std::__1::function<void (char const*)>&&)::$_0::__invoke(char const*)+84) (BuildId: f8c786bd4336a743d9d8bbb33d106914)\n      #03 pc 0000000000015904  /apex/com.android.art/lib64/libbase.so (android::base::LogMessage::~LogMessage()+548) (BuildId: f8c786bd4336a743d9d8bbb33d106914)\n      #04 pc 00000000003ab410  /apex/co
03-25 09:36:36.512  9798 10236 D MiEvent : ~MiEvent: this 0x73b5087b50, paylod=0xb40000759eb466b0
03-25 09:36:36.512  2829  2882 I misight : OnEvent EventPrivacyCompliance event=901001003
03-25 09:36:36.512  9798 10492 I TombstoneRecord: finish put file: tombstone_24, created at: 1774402596335
03-25 09:36:36.512  2829  2882 I misight : OnEvent EventStorageManager event=901001003,2
03-25 09:36:36.513  2829  2882 I misight : CheckAndGetLogTime event =901001003 3
03-25 09:36:36.513  9798 10236 W MQSEventManager: begin to storeEvent
03-25 09:36:36.514  9798 10236 D MQSEventManager: send MSG_JUDGE_TRANSMISSION packageName app_process
03-25 09:36:36.514  9798 10236 D MQSRuleManager: Begin to match mqsas rules
03-25 09:36:36.514  9798 10236 D NativeDebugRuleConfig: Begin to match NativeDebug rules
03-25 09:36:36.514  9798 10236 W MQSEventManager: Method in addExceptionCommetAction, actionCommand is null!
03-25 09:36:36.515  9798 10236 W MQSActionExecutor: action is null!
03-25 09:36:36.515  9798 10236 W MQSEventManager: executeResult is 2
03-25 09:36:36.518  1809  2498 I vendor.qti.hardware.display.composer-service: Sensor: notify citsensorservice to trigger cwb, misForced = 0
03-25 09:36:36.519  2047  2421 E HwcComposer: getLuts failed Status(-129, EX_TRANSACTION_FAILED): 'UNKNOWN_TRANSACTION: '
03-25 09:36:36.520  3055  4547 I libsensor-parseRGB: request dump start for mRequestDisplayId 0
03-25 09:36:36.520  3055  4547 D vendor.xiaomi.sensor.citsensorservice.aidl: handle id:22 wxh:1536x3200 uwxuh:1440x3200 size: 14745600 fd:17 fd_meta:18 flags:0x228 usage:0x33  format:0x3 layer_count: 1 reserved_size = 0 custom_content_md_reserved_size = 0
03-25 09:36:36.520  1809  3220 D SDM     : HWCSession::PostBuffer: CWB config passed by cwb_client : tappoint 1  CWB_ROI : (768.000000 37.000000 1009.000000 278.000000)
03-25 09:36:36.523  2829  2882 I misight : OnEvent HighProbFaultDetect 901001003
03-25 09:36:36.523  2829  2882 I misight : CanProcessHplEvent CanProcessHplEvent openTime=1773465126 period=60 1774402596
03-25 09:36:36.523  2829  2882 I misight : OnEvent EventLogProcessor event=901001003,2
03-25 09:36:36.523  2829  2882 I misight : OnEvent EventInfoPack event 901001003
03-25 09:36:36.542  1809  2394 D SDM     : CompManager::NotifyCwbDone: display 0 notify cwb callback, status = 0
03-25 09:36:36.542  1809  5018 D SDM     : HWCSession::NotifyCWBStatus: Notify the client about buffer status 0.
03-25 09:36:36.543  1809  5018 D SDM     : HWCSession::ProcessCWBStatus: CWB queue is empty. Display: 0
03-25 09:36:36.543  3055  3310 E libsensor-parseRGB: CWB NotifyCWBBufferDone  error 0
03-25 09:36:36.543  1809  2220 D SDM     : HWDeviceDRM::SetupConcurrentWriteback: Tear down the Concurrent Writeback topology
03-25 09:36:36.572  9798 22285 D com.miui.daemon: pid:19606:layer:allSame, rjf 12, VsyncId:524102, msg:0, dF:102, tu:0, sf:2,                    scene:134221824, core_scene:To_be_identified, sys_scene:FocusApp-Animating-Charging
03-25 09:36:36.575  9798 22285 D com.miui.daemon: Ldf GPU app:1, sf:1
03-25 09:36:36.589  5529  8595 D JavaheapMonitor: Java heap used=2M max=256M, proc: com.qti.qcc
03-25 09:36:36.590  5529  8595 V JavaheapMonitor: Check java heap usage finished! Next check delay: 300000
03-25 09:36:36.614  1809  2220 I SDM     : DisplayBase::CommitThread: Received idle timeout, panel: cmd, timeout: 70000 us
03-25 09:36:36.672  8526 23293 W droid.ugc.aweme: PerfMonitor async binderTransact :  time=301ms interface=android.accounts.IAccountAuthenticator code=3
03-25 09:36:36.683  2397  6210 I ActivityManager: unbindService com.android.server.am.ActiveServices@5e94e48 conn=android.app.LoadedApk$ServiceDispatcher$InnerConnection@23dc09e callingPid=0 callers: com.android.server.accounts.AccountManagerService$Session.close:5455 com.android.server.accounts.AccountManagerService$Session.getResponseAndClose:5328 com.android.server.accounts.AccountManagerService$Session.onResult:5626 com.android.server.accounts.AccountManagerService$7.onResult:3471 android.accounts.IAccountAuthenticatorResponse$Stub.onTransact:106 android.os.Binder.execTransactInternal:1433 android.os.Binder.execTransact:1372 <bottom of call stack> <bottom of call stack> <bottom of call stack> 
03-25 09:36:36.683  1841  1841 I vendor.qti.hardware.servicetrackeraidl-service: unbindService is called for service : com.ss.android.ugc.aweme/com.bytedance.sdk.account.sync.AuthenticatorService and for client system
03-25 09:36:36.683  1841  1841 I vendor.qti.hardware.servicetrackeraidl-service: size of service connections for service: com.ss.android.ugc.aweme/com.bytedance.sdk.account.sync.AuthenticatorServiceafter removal is 0
03-25 09:36:36.683  1841  1841 I vendor.qti.hardware.servicetrackeraidl-service: size of client connections for client: systemafter removal is 24
03-25 09:36:36.684  1841  1841 I vendor.qti.hardware.servicetrackeraidl-service: destroyService is called for service : com.ss.android.ugc.aweme/com.bytedance.sdk.account.sync.AuthenticatorService
03-25 09:36:36.685  2397  4544 I MiuiNetworkPolicy: updateUidState uid = 10383, uidState = 10
03-25 09:36:36.687  5126  5126 D HidDeviceService: handleMessage(): msg.what=8
03-25 09:36:36.687  5126  5126 D HidDeviceService: unregisterAppUid(): uid=10383
03-25 09:36:36.687  5126  5126 D HidDeviceService: unregisterAppUid(): caller UID doesn't match user UID
03-25 09:36:36.690  1841  1841 I vendor.qti.hardware.servicetrackeraidl-service: bindService is called for service : com.ss.android.ugc.aweme/com.bytedance.sdk.account.sync.AuthenticatorService and for client system
03-25 09:36:36.690  1841  1841 I vendor.qti.hardware.servicetrackeraidl-service: total connections for service : com.ss.android.ugc.aweme/com.bytedance.sdk.account.sync.AuthenticatorServiceare :1
03-25 09:36:36.690  1841  1841 I vendor.qti.hardware.servicetrackeraidl-service: total connections for client : systemare :25
03-25 09:36:36.691  5126  5126 D HidDeviceService: handleMessage(): msg.what=8
03-25 09:36:36.691 19606 26413 E PandaSU : applyIsolation: applyCustomProps result: true
03-25 09:36:36.692  2397  6210 D ActivityManager: Logging bindService for com.ss.android.ugc.aweme, stopped=false, firstLaunch=false
03-25 09:36:36.693  2397  4544 I MiuiNetworkPolicy: updateUidState uid = 10383, uidState = 6
03-25 09:36:36.696  1809  2498 I vendor.qti.hardware.display.composer-service: Sensor: notify citsensorservice to trigger cwb, misForced = 1
03-25 09:36:36.697  3055  4547 I libsensor-parseRGB: request dump start for mRequestDisplayId 0
03-25 09:36:36.697  3055  4547 D vendor.xiaomi.sensor.citsensorservice.aidl: handle id:22 wxh:1536x3200 uwxuh:1440x3200 size: 14745600 fd:17 fd_meta:18 flags:0x228 usage:0x33  format:0x3 layer_count: 1 reserved_size = 0 custom_content_md_reserved_size = 0
03-25 09:36:36.698  1809  3220 D SDM     : HWCSession::PostBuffer: CWB config passed by cwb_client : tappoint 1  CWB_ROI : (768.000000 37.000000 1009.000000 278.000000)
03-25 09:36:36.705 19606 26413 E PandaSU : su cmd failed: sqlite3 /data/adb/magisk.db "INSERT OR REPLACE INTO policies (package_name, policy) VALUES ('cn.gov.chinatax.gt4.app', 1)", exitCode=127, error=/system/bin/sh: sqlite3: inaccessible or not found
03-25 09:36:36.705 19606 26413 E PandaSU : applyIsolation: disableRootAccess result: true
03-25 09:36:36.705 19606 26413 E PandaSU : isolateStorageForPackage: Starting storage isolation for cn.gov.chinatax.gt4.app
03-25 09:36:36.720  2047  2421 E HwcComposer: getLuts failed Status(-129, EX_TRANSACTION_FAILED): 'UNKNOWN_TRANSACTION: '
03-25 09:36:36.725  1809  2394 D SDM     : CompManager::NotifyCwbDone: display 0 notify cwb callback, status = 0
03-25 09:36:36.726  3055  4557 I libsensor-boledalgo: Write:the value of channelCali C:5396.6,R:3015.3,G:1768.1,B:1094.2,scales [1.024484,1.028844,1.055530,0.912332]
03-25 09:36:36.726  1809  5018 D SDM     : HWCSession::NotifyCWBStatus: Notify the client about buffer status 0.
03-25 09:36:36.726  3055  4557 D libsensor-boledalgo: brightness:667,R:94044.6,G:98271.6,B:98271.6,EVENT C:9327.2,R:4694.2,G:3446.5,B:2057.4, lux: 85.2, clone:89471
03-25 09:36:36.727  3055 26139 E libsensor-parseRGB: CWB NotifyCWBBufferDone  error 0
03-25 09:36:36.727  1809  5018 D SDM     : HWCSession::ProcessCWBStatus: CWB queue is empty. Display: 0
03-25 09:36:36.782  1809  2220 I SDM     : DisplayBase::CommitThread: Received idle timeout, panel: cmd, timeout: 70000 us
03-25 09:36:36.893 19606 26413 E PandaSU : KernelSU check: db=false, daemon=false
03-25 09:36:36.903 19606 26413 E PandaSU : Magisk check: db=false, daemon=false
03-25 09:36:36.903  8526 13871 W KEVA.NATIVE: mark bitmap can not find space! remain=2728 wanted=1
03-25 09:36:36.907  5437  5437 D QtiLinkBandwidthEstimator-1: handleMessage: 2
03-25 09:36:36.908  5437  5437 D QtiLinkBandwidthEstimator-1: MSG_TRAFFIC_STATS_POLL
03-25 09:36:36.912  5437  5437 D QtiLinkBandwidthEstimator-1: isDataPacketsCaluclationOnEachSimSeperately : true
03-25 09:36:36.913  5437  5437 D QtiLinkBandwidthEstimator-0: handleMessage: 2
03-25 09:36:36.913  5437  5437 D QtiLinkBandwidthEstimator-0: MSG_TRAFFIC_STATS_POLL
03-25 09:36:36.915  5437  5437 D QtiLinkBandwidthEstimator-0: isDataPacketsCaluclationOnEachSimSeperately : true
03-25 09:36:36.920 19606 26413 E PandaSU : Root permission check: hasPermission=true
03-25 09:36:36.920 19606 26413 E PandaSU : No root manager detected but has root permission, using standalone mode
03-25 09:36:36.921 19606 26413 E PandaSU : isolateStorageForPackage: Root type: STANDALONE
03-25 09:36:36.921 19606 26413 W PandaSU : Unsupported root type for storage isolation: STANDALONE
03-25 09:36:36.921 19606 26413 E PandaSU : applyIsolation: isolateStorage result: false
03-25 09:36:36.921 19606 26413 E PandaSU : applyIsolation: Final result for cn.gov.chinatax.gt4.app: false
03-25 09:36:36.921 19606 19606 E PandaSU : Banking isolation applied for cn.gov.chinatax.gt4.app
03-25 09:36:36.924  3055  4557 I libsensor-boledalgo: Write:the value of channelCali C:5396.6,R:3015.3,G:1768.1,B:1094.2,scales [1.024484,1.028844,1.055530,0.912332]
03-25 09:36:36.924  3055  4557 D libsensor-boledalgo: brightness:667,R:94044.6,G:98271.6,B:98271.6,EVENT C:9297.6,R:4690.9,G:3436.8,B:2045.3, lux: 84.8, clone:89471
