03-25 09:36:32.887  2397  5615 I SmartPower: com.miui.analytics/10145(10237): idle->background(18552ms) R(service start com.miui.analytics/.onetrack.TrackService) adj=0.
03-25 09:36:32.887  2397  4648 D ExternalInterface: setUidState, uid = 10178 allow = false
03-25 09:36:32.888  2397  5615 D ActivityManager: Logging startService for com.miui.analytics, stopped=false, firstLaunch=false, intent=Intent { act=onetrack.action.TRACK_EVENT flg=0x2 xflg=0x4 pkg=com.miui.analytics (has extras) }, r.app=ProcessRecord{3b9bb0f 10237:com.miui.analytics/u0a145}
03-25 09:36:32.892  2397  5099 D MiuiForceVkService: shouldUseVk, pkg=com.rootguard.app useVk 0
03-25 09:36:32.892 19606 19606 I ActivityThread: Current dynamic renderEngine type=0
03-25 09:36:32.894  2397  3171 I ActivityManager: Start proc 26348:com.qualcomm.qti.workloadclassifier/u0a241 for broadcast {com.qualcomm.qti.workloadclassifier/com.qualcomm.qti.workloadclassifier.WLCReceiver} caller=android
03-25 09:36:32.894  2397  3171 I ActivityManager: ProcessObserver broadcast disabled
03-25 09:36:32.896  2397  4648 D ExternalInterface: setUidState, uid = 10382 allow = false
03-25 09:36:32.897  2397  5099 D ActivityManager: Logging startService for com.miui.analytics, stopped=false, firstLaunch=false, intent=Intent { act=onetrack.action.TRACK_EVENT flg=0x2 xflg=0x4 pkg=com.miui.analytics (has extras) }, r.app=ProcessRecord{3b9bb0f 10237:com.miui.analytics/u0a145}
03-25 09:36:32.897  2397  5204 I Perf[AppStartScene]: onSceneChangeNotify:Bundle[{applicationThread=android.os.BinderProxy@25b2143, hostingRecordName={com.rootguard.app/com.rootguard.app.MainActivity}, hostingRecordType=next-top-activity, pid=19606, uid=10438, type=0, state=3, processName=com.rootguard.app, packageName=com.rootguard.app, applicationThreadExt=android.os.BinderProxy@1c1c3c0}]
03-25 09:36:32.897  2397  5204 W Perf[AndroidRuntimePolicy]: App is not launched from home.
03-25 09:36:32.901  2397  4648 D BatteryStatsService: TareSensor noteStopSensorByTare => uid:10382 sensor:16777407 type:0
03-25 09:36:32.902  2397  4723 W MiuiSentinelMemoryManager: Proc create was not completed, cmdline could not be read correctly
03-25 09:36:32.908 19606 26347 D MiuiDownscaleImpl: set override inverted scale : 1.0
03-25 09:36:32.909  2397  5204 W MiuiBoosterUtils: enable_miuibooster_launch : false
03-25 09:36:32.910  2397  4648 D ExternalInterface: setUidState, uid = 99910382 allow = false
03-25 09:36:32.916  2397  4648 D ExternalInterface: setUidState, uid = 10386 allow = false
03-25 09:36:32.918  2397  4648 D AurogonImmobulusMode: update uid= 10438 pkg=com.rootguard.app isSystP=false
03-25 09:36:32.920  2397  5196 D MiuiForceVkService: shouldUseVk, pkg=com.qualcomm.qti.workloadclassifier useVk 0
03-25 09:36:32.920 26348 26348 I ActivityThread: Current dynamic renderEngine type=0
03-25 09:36:32.921  2397  4648 D GreezeManager: iso uid:10168 p:{15820} :true
03-25 09:36:32.925  2397  5099 I SmartPower: com.qualcomm.qti.workloadclassifier/10241(26348): died->background(133103ms) R(process start ) adj=-10000.
03-25 09:36:32.927  2397  3084 D Aurogon :  uid = 10438 switch to FG
03-25 09:36:32.931 26348 26368 D MiuiDownscaleImpl: set override inverted scale : 1.0
03-25 09:36:32.950  2397  3269 W BatteryStatsImpl: noteBluetoothScanStartedLocked deltaScanCount: 25 uid:1002
03-25 09:36:32.953 26348 26371 I ActivityThread: TrafficStats init done
03-25 09:36:32.954  2397  5196 D ActivityManager: Logging startService for com.miui.analytics, stopped=false, firstLaunch=false, intent=Intent { act=onetrack.action.TRACK_EVENT flg=0x2 xflg=0x4 pkg=com.miui.analytics (has extras) }, r.app=ProcessRecord{3b9bb0f 10237:com.miui.analytics/u0a145}
03-25 09:36:32.955  2397  3269 W BatteryStatsImpl: noteBluetoothScanStartedLocked deltaScanCount: 26 uid:1002
03-25 09:36:32.959 26348 26371 I ActivityThread: Miui Feature Init done
03-25 09:36:32.963  2397  5196 D BroadcastQueue: Logging broadcast for com.qualcomm.qti.workloadclassifier, stopped=false, firstLaunch=false
03-25 09:36:32.965  2397  3269 E BatteryStatsService: note final volume change AudioToPower BatteryStatsservices 10383 8526 113 0.0
03-25 09:36:32.966  2397  5196 D ActivityManager: Logging startService for com.miui.analytics, stopped=false, firstLaunch=false, intent=Intent { act=onetrack.action.TRACK_EVENT flg=0x2 xflg=0x4 pkg=com.miui.analytics (has extras) }, r.app=ProcessRecord{3b9bb0f 10237:com.miui.analytics/u0a145}
03-25 09:36:32.968  2397  5099 D ActivityManager: Logging startService for com.qualcomm.qti.workloadclassifier, stopped=false, firstLaunch=false, intent=Intent { act=com.qualcomm.qti.workloadclassifier.APP_LAUNCH flg=0x30 xflg=0x4 pkg=com.qualcomm.qti.workloadclassifier cmp=com.qualcomm.qti.workloadclassifier/.WLCService (has extras) }, r.app=ProcessRecord{8d49792 26348:com.qualcomm.qti.workloadclassifier/u0a241}
03-25 09:36:32.978  2397  5607 E AppOps  : attributionTag  not declared in manifest of com.ss.android.ugc.aweme
03-25 09:36:32.978  2397  5099 E AppOps  : attributionTag  not declared in manifest of com.ss.android.ugc.aweme
03-25 09:36:33.078  2397  4574 D NetworkMetricsTracker: calcNWCause:0
03-25 09:36:33.154  2397  3168 W ActivityManager: Unable to open /sys/fs/cgroup/apps/uid_10168/pid_15820/cgroup.procs
03-25 09:36:33.154  2397  3168 W ActivityManager: java.io.FileNotFoundException: /sys/fs/cgroup/apps/uid_10168/pid_15820/cgroup.procs: open failed: ENOENT (No such file or directory)
03-25 09:36:33.154  2397  3168 W ActivityManager: 	at libcore.io.IoBridge.open(IoBridge.java:574)
03-25 09:36:33.154  2397  3168 W ActivityManager: 	at java.io.FileInputStream.<init>(FileInputStream.java:179)
03-25 09:36:33.154  2397  3168 W ActivityManager: 	at java.io.FileInputStream.<init>(FileInputStream.java:133)
03-25 09:36:33.154  2397  3168 W ActivityManager: 	at com.android.server.am.PhantomProcessList$Injector.openCgroupProcs(PhantomProcessList.java:616)
03-25 09:36:33.154  2397  3168 W ActivityManager: 	at com.android.server.am.PhantomProcessList.lookForPhantomProcessesLocked(PhantomProcessList.java:150)
03-25 09:36:33.154  2397  3168 W ActivityManager: 	at com.android.server.am.PhantomProcessList.lookForPhantomProcessesLocked(PhantomProcessList.java:130)
03-25 09:36:33.154  2397  3168 W ActivityManager: 	at com.android.server.am.PhantomProcessList.updateProcessCpuStatesLocked(PhantomProcessList.java:564)
03-25 09:36:33.154  2397  3168 W ActivityManager: 	at com.android.server.am.AppProfiler.updateCpuStatsNow(AppProfiler.java:2252)
03-25 09:36:33.154  2397  3168 W ActivityManager: 	at com.android.server.am.ActivityManagerService.updateCpuStatsNow(ActivityManagerService.java:3158)
03-25 09:36:33.154  2397  3168 W ActivityManager: 	at com.android.server.am.ActivityManagerService.checkExcessivePowerUsage(ActivityManagerService.java:16642)
03-25 09:36:33.154  2397  3168 W ActivityManager: 	at com.android.server.am.ActivityManagerService.-$$Nest$mcheckExcessivePowerUsage(Unknown Source:0)
03-25 09:36:33.154  2397  3168 W ActivityManager: 	at com.android.server.am.ActivityManagerService$MainHandler.handleMessage(ActivityManagerService.java:2190)
03-25 09:36:33.154  2397  3168 W ActivityManager: 	at android.os.Handler.dispatchMessage(Handler.java:114)
03-25 09:36:33.154  2397  3168 W ActivityManager: 	at android.os.Looper.loopOnce(Looper.java:267)
03-25 09:36:33.154  2397  3168 W ActivityManager: 	at android.os.Looper.loop(Looper.java:360)
03-25 09:36:33.154  2397  3168 W ActivityManager: 	at android.os.HandlerThread.run(HandlerThread.java:85)
03-25 09:36:33.154  2397  3168 W ActivityManager: 	at com.android.server.ServiceThread.run(ServiceThread.java:49)
03-25 09:36:33.154  2397  3168 W ActivityManager: Caused by: android.system.ErrnoException: open failed: ENOENT (No such file or directory)
03-25 09:36:33.154  2397  3168 W ActivityManager: 	at libcore.io.Linux.open(Native Method)
03-25 09:36:33.154  2397  3168 W ActivityManager: 	at libcore.io.ForwardingOs.open(ForwardingOs.java:568)
03-25 09:36:33.154  2397  3168 W ActivityManager: 	at libcore.io.BlockGuardOs.open(BlockGuardOs.java:274)
03-25 09:36:33.154  2397  3168 W ActivityManager: 	at libcore.io.IoBridge.open(IoBridge.java:560)
03-25 09:36:33.154  2397  3168 W ActivityManager: 	... 16 more
03-25 09:36:33.160 19606 26369 I ActivityThread: TrafficStats init done
03-25 09:36:33.167 19606 26369 I ActivityThread: Miui Feature Init done
03-25 09:36:33.174  2397  5196 D BarFollowAnimation: onTaskInfoChanedForCaptionBar Task{7a0857e #2334 type=standard A=10438:com.rootguard.app} shouldbeVisible:true isVisible:false isOnTop:true windowMode:1 preDisplayId:-1 displayId:0 mCaptionAssociatedTask:null mIsTouchedInCaption:false
03-25 09:36:33.175  2397  5196 D WindowManager: Collecting in transition 13: ActivityRecord{169678592 u0 com.rootguard.app/.MainActivity t2334} init visibleRequested:true dc:Display{#0 state=ON size=1080x2400 ROTATION_0}
03-25 09:36:33.175  2397  5196 I SmartPower: com.rootguard.app/10438(19606): background->invisible(335ms) R(become foreground) adj=0.
03-25 09:36:33.175  2397  5196 I ATMSImpl: cacheTasksForDefaultDisplay size=3 topId=2334
03-25 09:36:33.176  2397  5196 D BarFollowAnimation: onTaskInfoChanedForCaptionBar Task{9261177 #2333 type=standard A=10383:com.ss.android.ugc.aweme} shouldbeVisible:false isVisible:true isOnTop:false windowMode:1 preDisplayId:-1 displayId:0 mCaptionAssociatedTask:null mIsTouchedInCaption:false
03-25 09:36:33.176  2397  5196 D BarFollowAnimation: onTaskInfoChanedForCaptionBar Task{7a0857e #2334 type=standard A=10438:com.rootguard.app} shouldbeVisible:true isVisible:false isOnTop:true windowMode:1 preDisplayId:-1 displayId:0 mCaptionAssociatedTask:null mIsTouchedInCaption:false
03-25 09:36:33.176  2397  5196 I MiuiSplitInputMethodImpl: Skpi check shouldUpdateImeTargetForBackScreen.
03-25 09:36:33.176  2397  5196 I MiuiSplitInputMethodImpl: Skpi check shouldUpdateImeTargetForBackScreen.
03-25 09:36:33.176  2397  5196 I MiuiSplitInputMethodImpl: Skpi check shouldUpdateImeTargetForBackScreen.
03-25 09:36:33.176  2397  5196 I MiuiSplitInputMethodImpl: Skpi check shouldUpdateImeTargetForBackScreen.
03-25 09:36:33.176  2397  5196 I MiuiSplitInputMethodImpl: Skpi check shouldUpdateImeTargetForBackScreen.
03-25 09:36:33.176  2397  5196 I MiuiSplitInputMethodImpl: Skpi check shouldUpdateImeTargetForBackScreen.
03-25 09:36:33.176  2397  5196 I MiuiSplitInputMethodImpl: Skpi check shouldUpdateImeTargetForBackScreen.
03-25 09:36:33.176  2397  5196 I MiuiSplitInputMethodImpl: Skpi check shouldUpdateImeTargetForBackScreen.
03-25 09:36:33.176  2397  5196 I MiuiSplitInputMethodImpl: Skpi check shouldUpdateImeTargetForBackScreen.
03-25 09:36:33.176  2397  5196 I MiuiSplitInputMethodImpl: Skpi check shouldUpdateImeTargetForBackScreen.
03-25 09:36:33.176  2397  5196 I MiuiSplitInputMethodImpl: Skpi check shouldUpdateImeTargetForBackScreen.
03-25 09:36:33.176  2397  5196 I MiuiSplitInputMethodImpl: Skpi check shouldUpdateImeTargetForBackScreen.
03-25 09:36:33.176  2397  5196 I MiuiSplitInputMethodImpl: Skpi check shouldUpdateImeTargetForBackScreen.
03-25 09:36:33.176  2397  5196 I MiuiSplitInputMethodImpl: Skpi check shouldUpdateImeTargetForBackScreen.
03-25 09:36:33.176  2397  5196 I MiuiSplitInputMethodImpl: Skpi check shouldUpdateImeTargetForBackScreen.
03-25 09:36:33.176  2397  5196 I MiuiSplitInputMethodImpl: Skpi check shouldUpdateImeTargetForBackScreen.
03-25 09:36:33.176  2397  5196 I MiuiSplitInputMethodImpl: Skpi check shouldUpdateImeTargetForBackScreen.
03-25 09:36:33.176  2397  5196 I MiuiSplitInputMethodImpl: Skpi check shouldUpdateImeTargetForBackScreen.
03-25 09:36:33.176  2397  5196 I MiuiSplitInputMethodImpl: Skpi check shouldUpdateImeTargetForBackScreen.
03-25 09:36:33.176  2397  5196 D BarFollowAnimation: isAppTaskBarOnTop win:Window{15a029f u0 com.ss.android.ugc.aweme/com.ss.android.ugc.aweme.splash.SplashActivity} (mCurrentTopTask:Task{7a0857e #2334 type=standard A=10438:com.rootguard.app} : true); (mAssociatedTask:Task{9261177 #2333 type=standard A=10383:com.ss.android.ugc.aweme} : false); (mHomeTask:Task{3542c5 #1 type=home} : false); mReparentToOriginParent:false mLastAppBarVisible:true mLastHomeBarVisible:false
03-25 09:36:33.176  2397  5196 D WindowManager: wms.Input focus has changed to null display=0 updateInputWindows = true
03-25 09:36:33.176  2397  5196 I MultiSenceManagerInternalStub: getInstance
03-25 09:36:33.177  2397  5196 D Transition: setReady 13 wc=Display{#0 state=ON size=1080x2400 ROTATION_0} ready=true
03-25 09:36:33.177  2397  5196 D WindowManager: Set transition=TransitionRecord{d0eb983 id=13 type=OPEN flags=0x0 overrideAnimOptions={t=CUSTOM enterResId=0 changeResId=0 exitResId=0 mUserId=0} c=[
03-25 09:36:33.177  2397  5196 D WindowManager:    ChangeInfo{87f1e2 container=Display{#0 state=ON size=1080x2400 ROTATION_0} flags=0x0}
03-25 09:36:33.177  2397  5196 D WindowManager:    ChangeInfo{c610973 container=Task{7a0857e #2334 type=standard A=10438:com.rootguard.app} flags=0x0}
03-25 09:36:33.177  2397  5196 D WindowManager:    ChangeInfo{cbf0d44 container=Task{9261177 #2333 type=standard A=10383:com.ss.android.ugc.aweme} flags=0x0}
03-25 09:36:33.177  2397  5196 D WindowManager:    ChangeInfo{8244030 container=ActivityRecord{169678592 u0 com.rootguard.app/.MainActivity t2334} flags=0x0}
03-25 09:36:33.177  2397  5196 D WindowManager:    ChangeInfo{81e24a9 container=DefaultTaskDisplayArea@235612494 flags=0x0}
03-25 09:36:33.177  2397  5196 D WindowManager:    ChangeInfo{9fb8e2d container=ActivityRecord{244066178 u0 com.ss.android.ugc.aweme/.splash.SplashActivity t2333} flags=0x0}
03-25 09:36:33.177  2397  5196 D WindowManager: ]
03-25 09:36:33.177  2397  5196 D WindowManager: }, ready=true, SyncId=13 info=used=true, override=false, defer=0, states=Display{#0 state=ON size=1080x2400 ROTATION_0}:true reason=com.android.server.wm.Transition.applyReady:1266 com.android.server.wm.Transition.setReady:1248 com.android.server.wm.TransitionController.setReady:1168 com.android.server.wm.TransitionController.setReady:1173 com.android.server.wm.DisplayContent.executeAppTransition:6228 com.android.server.wm.RootWindowContainer.executeAppTransitionForAllDisplay:2616 com.android.server.wm.ActivityRecord.completeResumeLocked:7239 com.android.server.wm.ActivityTaskSupervisor.realStartActivityLocked:980 
03-25 09:36:33.177  2397  3088 D BarFollowAnimation: pairAppearanceRegionAndWin win=Window{15a029f u0 com.ss.android.ugc.aweme/com.ss.android.ugc.aweme.splash.SplashActivity} 0
03-25 09:36:33.177  2397  3088 D BarFollowAnimation: isAppTaskBarOnTop win:Window{15a029f u0 com.ss.android.ugc.aweme/com.ss.android.ugc.aweme.splash.SplashActivity} (mCurrentTopTask:Task{7a0857e #2334 type=standard A=10438:com.rootguard.app} : true); (mAssociatedTask:Task{9261177 #2333 type=standard A=10383:com.ss.android.ugc.aweme} : false); (mHomeTask:Task{3542c5 #1 type=home} : false); mReparentToOriginParent:false mLastAppBarVisible:true mLastHomeBarVisible:false
03-25 09:36:33.177  2397  3088 D MiuiRefreshRatePolicy: reset
03-25 09:36:33.178 19606 19606 D FramePredict: FramePredict init: false
03-25 09:36:33.179  2397  3088 I AnimInterruptController: FIS reset Foresee interrupt status
03-25 09:36:33.179  2397  3088 D PreStartingManager: showPreStarting, colorSurfaceControl: Surface(name=PreColorStarting#344)/@0xd2dd871  preSurfaceControl: null
03-25 09:36:33.179  2397  3088 I SmartPower: com.rootguard.app/10438(19606): invisible->visible(4ms) R(become visible) adj=0.
03-25 09:36:33.179  2397  3088 D BarFollowAnimation: onTaskInfoChanedForCaptionBar Task{7a0857e #2334 type=standard A=10438:com.rootguard.app} shouldbeVisible:true isVisible:true isOnTop:true windowMode:1 preDisplayId:-1 displayId:0 mCaptionAssociatedTask:null mIsTouchedInCaption:false
03-25 09:36:33.179  2397  3088 I WindowManager: wms.showSurfaceRobustly mWin:Window{723e548 u0 Splash Screen com.rootguard.app} in Surface(name=Splash Screen com.rootguard.app#346)/@0xbc5c4bf
03-25 09:36:33.179  2397  3088 D BarFollowAnimation: onTaskAppearedForCaptionBar Task{7a0857e #2334 type=standard A=10438:com.rootguard.app}
03-25 09:36:33.179  2397  3088 D miuiBarFollowAnimation:  BarFollowAnimation core services Flag is effective锛?
03-25 09:36:33.179  2397  3088 D miuiElementAnimation:  ElementAnimation core services Flag is effective锛?
03-25 09:36:33.179 19606 26369 I ActivityThread: HardwareRenderer preload  done
03-25 09:36:33.179  2397  3088 I Transition: calculateTargets isHomeOpen = false, isHomeLaunchApp = true
03-25 09:36:33.179  2397  3088 D TransitionImpl: forceAddToTransition
03-25 09:36:33.180  2397  3088 D TransitionImpl: forceAddToTransition
03-25 09:36:33.180  2397  3088 D MiuiFreeFormManagerService: getAllFreeFormStackInfosOnDisplay list=0
03-25 09:36:33.180  2397  3088 D WindowManager: Final targets: [ChangeInfo{c610973 container=Task{7a0857e #2334 type=standard A=10438:com.rootguard.app} flags=0x10}, ChangeInfo{cbf0d44 container=Task{9261177 #2333 type=standard A=10383:com.ss.android.ugc.aweme} flags=0x10}]
03-25 09:36:33.180 19606 26394 I DisplayManager: Choreographer implicitly registered for the refresh rate.
03-25 09:36:33.180  2397  3088 I DynamicIslandService: elementSurfaceTransition is null for:com.rootguard.app
03-25 09:36:33.181  2397  3088 I DynamicIslandService: elementSurfaceTransition is null for:com.ss.android.ugc.aweme
03-25 09:36:33.181  2397  3088 D WindowManager: Calling onTransitionReady info={id=13 t=OPEN f=0x0 trk=0 r=[0@Point(0, 0)] c=[{WCT{RemoteToken{7e51fae Task{7a0857e #2334 type=standard A=10438:com.rootguard.app}}} m=OPEN f=NONE leash=Surface(name=Task=2334#340)/@0x564fb39 sb=Rect(0, 0 - 1080, 2400) eb=Rect(0, 0 - 1080, 2400) epz=Point(1080, 2400) d=0 taskParent=-1 v=trueMiuiChangeImpl {miuiEmbedding:false, scale:1.0}},{WCT{RemoteToken{7b15453 Task{9261177 #2333 type=standard A=10383:com.ss.android.ugc.aweme}}} m=TO_BACK f=NONE leash=Surface(name=Task=2333#191)/@0xb83c776 sb=Rect(0, 0 - 1080, 2400) eb=Rect(0, 0 - 1080, 2400) epz=Point(1080, 2400) d=0 taskParent=-1 v=falseMiuiChangeImpl {miuiEmbedding:false, scale:1.0}}] mk=[false] noAni=[false] df=[false] rsa=[false] oa=[false] nc=[0] ho=[false] hla=[true] iSync=[-1]}, mToken=Token{ac9b14f TransitionRecord{d0eb983 id=13 type=OPEN flags=0x0 overrideAnimOptions={t=CUSTOM enterResId=0 changeResId=0 exitResId=0 mUserId=0} c=[
03-25 09:36:33.181  2397  3088 D WindowManager:    ChangeInfo{87f1e2 container=Display{#0 state=ON size=1080x2400 ROTATION_0} flags=0x0}
03-25 09:36:33.181  2397  3088 D WindowManager:    ChangeInfo{c610973 container=Task{7a0857e #2334 type=standard A=10438:com.rootguard.app} flags=0x10}
03-25 09:36:33.181  2397  3088 D WindowManager:    ChangeInfo{cbf0d44 container=Task{9261177 #2333 type=standard A=10383:com.ss.android.ugc.aweme} flags=0x10}
03-25 09:36:33.181  2397  3088 D WindowManager:    ChangeInfo{8244030 container=ActivityRecord{169678592 u0 com.rootguard.app/.MainActivity t2334} flags=0x0}
03-25 09:36:33.181  2397  3088 D WindowManager:    ChangeInfo{81e24a9 container=DefaultTaskDisplayArea@235612494 flags=0x0}
03-25 09:36:33.181  2397  3088 D WindowManager:    ChangeInfo{9fb8e2d container=ActivityRecord{244066178 u0 com.ss.android.ugc.aweme/.splash.SplashActivity t2333} flags=0x0}
03-25 09:36:33.181  2397  3088 D WindowManager: ]
03-25 09:36:33.181  2397  3088 D WindowManager: }}
03-25 09:36:33.181  2397  4874 D BarFollowAnimation: disableBarAnimation change={WCT{RemoteToken{7e51fae Task{7a0857e #2334 type=standard A=10438:com.rootguard.app}}} m=OPEN f=NONE leash=Surface(name=Task=2334#340)/@0x564fb39 sb=Rect(0, 0 - 1080, 2400) eb=Rect(0, 0 - 1080, 2400) epz=Point(1080, 2400) d=0 taskParent=-1 v=trueMiuiChangeImpl {miuiEmbedding:false, scale:1.0}} 1 1
03-25 09:36:33.182  2397  4874 D BarFollowAnimation: disableBarAnimation change={WCT{RemoteToken{7b15453 Task{9261177 #2333 type=standard A=10383:com.ss.android.ugc.aweme}}} m=TO_BACK f=NONE leash=Surface(name=Task=2333#191)/@0xb83c776 sb=Rect(0, 0 - 1080, 2400) eb=Rect(0, 0 - 1080, 2400) epz=Point(1080, 2400) d=0 taskParent=-1 v=falseMiuiChangeImpl {miuiEmbedding:false, scale:1.0}} 1 1
03-25 09:36:33.182  2397  3088 E WindowManager:  source = Task{9261177 #2333 type=standard A=10383:com.ss.android.ugc.aweme} excludeMiuiNavBar = true excludeMiuiStatusBar = true excludeIme = false excludeNavBar = false miuiNavSurfaceControl = Surface(name=NavigationBar Container of Task = 2333#192)/@0x791e1e4 miuiStatusSurfaceControl = Surface(name=StatusBar Container of Task = 2333#193)/@0x648d64d
03-25 09:36:33.181  5503  5715 I MultiTaskingTaskInfo: MultiTaskingBaseTaskInfo::update::mTaskBounds = Rect(0, 0 - 1080, 2400), mTaskId = 2333
03-25 09:36:33.185  5503  5715 D MultiTaskingTransitionsHelper: skip updateBaseAnimParam taskId: 2333 pendingTransitions: [android.os.BinderProxy@e4a2540] readyDuringSync: [] tracks: [Track #0 readyTransitions: []]
03-25 09:36:33.185  5503  5715 I MultiTaskingTaskRepository: onTaskInfoChanged::taskId = 2333, windowingMode = 1, mMultiWindowTaskIdsInZOrder = [5, 4], mFullscreenTaskIdsInZOrder = [2333], mFreeformTaskIdsInZOrder = [], mTasks: 2333, 8, 7, 6, 5, 4, 3, 1, 
03-25 09:36:33.185  5503  5715 D MiuiDecorationController: relayout:: taskId=2333 mRunningTaskInfo.mStatusBarParent=Surface(name=StatusBar Container of Task = 2333#193)/@0xb9062c9 taskInfo.mStatusBarParent=Surface(name=StatusBar Container of Task = 2333#193)/@0x78b85e9
03-25 09:36:33.185  5503  5715 D MiuiDecorationController: relayout:: taskId=2333 mRunningTaskInfo.mNavBarParent=Surface(name=NavigationBar Container of Task = 2333#192)/@0xb097dce taskInfo.mNavBarParent=Surface(name=NavigationBar Container of Task = 2333#192)/@0x46b326e
03-25 09:36:33.185  2397  4874 D BarFollowAnimation: startStatusBarAnimation change= {WCT{RemoteToken{7e51fae Task{7a0857e #2334 type=standard A=10438:com.rootguard.app}}} m=OPEN f=NONE leash=Surface(name=Task=2334#340)/@0x564fb39 sb=Rect(0, 0 - 1080, 2400) eb=Rect(0, 0 - 1080, 2400) epz=Point(1080, 2400) d=0 taskParent=-1 v=trueMiuiChangeImpl {miuiEmbedding:false, scale:1.0}} isRecent=false startWindowMode=1 endWindowMode=1 statusState=-1 isRotationAnimation=false
03-25 09:36:33.186  2397  4874 D BarFollowAnimation: startStatusBarAnimation change= {WCT{RemoteToken{7b15453 Task{9261177 #2333 type=standard A=10383:com.ss.android.ugc.aweme}}} m=TO_BACK f=NONE leash=Surface(name=Task=2333#191)/@0xb83c776 sb=Rect(0, 0 - 1080, 2400) eb=Rect(0, 0 - 1080, 2400) epz=Point(1080, 2400) d=0 taskParent=-1 v=falseMiuiChangeImpl {miuiEmbedding:false, scale:1.0}} isRecent=false startWindowMode=1 endWindowMode=1 statusState=-1 isRotationAnimation=false
03-25 09:36:33.186  2397  4874 D BarFollowAnimation: startStatusBarAnimation task=Task{7a0857e #2334 type=standard A=10438:com.rootguard.app}
03-25 09:36:33.186  2397  4874 D BarFollowAnimation: startStatusBarAnimation mAppSurface=Surface(name=StatusBar Container of Task = 2334#342)/@0xabca32c
03-25 09:36:33.186  2397  4874 D BarFollowAnimation: bindAssociatedTask task=Task{7a0857e #2334 type=standard A=10438:com.rootguard.app}
03-25 09:36:33.186  2397  4874 D BarFollowAnimation: bindAssociatedTask task=Task{7a0857e #2334 type=standard A=10438:com.rootguard.app}
03-25 09:36:33.186  5503  5715 D MiuiDecorationController: relayout::taskId=2333, visible=true, bounds=Rect(0, 0 - 1080, 2400), focused=false, oldImmersive=false, newImmersive=false, windowMode=1, activityType=1, displayId=0, baseActivity=ComponentInfo{com.ss.android.ugc.aweme/com.ss.android.ugc.aweme.main.MainActivity}, topActivity=ComponentInfo{com.ss.android.ugc.aweme/com.ss.android.ugc.aweme.main.MainActivity}, callers=com.android.wm.shell.multitasking.miuimultiwinswitch.miuiwindowdecor.decoration.MiuiDecorationController.relayout:4 com.android.wm.shell.multitasking.miuimultiwinswitch.miuiwindowdecor.MulWinSwitchDecorViewModel.onTaskInfoChanged:18 com.android.wm.shell.multitasking.common.taskmanager.MultiTaskingTaskListener.onTaskInfoChanged:47 com.android.wm.shell.ShellTaskOrganizer.onTaskInfoChanged:136 android.window.TaskOrganizer$1.lambda$onTaskInfoChanged$6:300 
03-25 09:36:33.187  5503  5715 D MiuiDecorationDot: needTopCaption: isFullscreen = true isPadDevice = false isFoldInnerScreen = false canShowCaptionWhenCasting = false
03-25 09:36:33.187  5503  5715 D MiuiDecorationDot: releaseViews_TopCaption: taskId=2333
03-25 09:36:33.187  5503  5715 D MiuiDecorationDot: releaseViews_TopCaption: taskId=2333
03-25 09:36:33.187  5503  5715 D MiuiDecorationBottom: needBottomCaption: needSupportNavigationHandle = false
03-25 09:36:33.187  5503  5715 D MiuiDecorationBottom: releaseViews_BottomCaption: taskId=2333
03-25 09:36:33.187  5503  5715 D MiuiDecorationBottom: releaseViews_BottomCaption: taskId=2333
03-25 09:36:33.189  5503  5715 D MultiTaskingTaskRepository: addOrMoveFullscreenTaskToTop::taskId = 2334
03-25 09:36:33.189  5503  5715 D MiuiMultiWindowUtils: supportMultiWindow: isSupportDevice = -1
03-25 09:36:33.189  5503  5715 D MiuiMultiWindowUtils: supportMultiWindow: isSupportDevice = -1
03-25 09:36:33.189  5503  5715 D MiuiMultiWindowRecommendHelper: device not support split screen recommend
03-25 09:36:33.189  2397  3088 D WindowManager: snapshot isNothing = false source = Task{9261177 #2333 type=standard A=10383:com.ss.android.ugc.aweme}
03-25 09:36:33.190  2397  3088 D BLASTSyncEngine: [DH_DEBUG]remove timeout #13 callback=com.android.server.wm.BLASTSyncEngine$SyncGroup$$ExternalSyntheticLambda2@13d1832
03-25 09:36:33.192  2397  5615 E TransitionChain: Can't collect into a chain with no transition
03-25 09:36:33.192  2397  5615 D ActivityTaskManager:  setSkipCaptureLayers tr: Task{9261177 #2333 type=standard A=10383:com.ss.android.ugc.aweme}
03-25 09:36:33.193  5503  5715 D MultiTaskingTaskRepository: putOrUpdateTaskInfo::taskInfo.taskId = 2334 current mMultiTaskingTaskInfoList:  ,2333 ,5 ,4
03-25 09:36:33.193  5503  5715 D MultiTaskingTaskRepository: java.lang.Throwable
03-25 09:36:33.193  5503  5715 D MultiTaskingTaskRepository: 	at com.android.wm.shell.multitasking.common.taskmanager.MultiTaskingTaskRepository.updateMultiTaskingTaskInfo(go/retraceme 905fe248eee73ec01aa5e2c7e8e2a5d900513e8d0994e37081a1508aaf5ff25f:71)
03-25 09:36:33.193  5503  5715 D MultiTaskingTaskRepository: 	at com.android.wm.shell.multitasking.common.taskmanager.MultiTaskingTaskRepository.putOrUpdateTaskInfo(go/retraceme 905fe248eee73ec01aa5e2c7e8e2a5d900513e8d0994e37081a1508aaf5ff25f:40)
03-25 09:36:33.193  5503  5715 D MultiTaskingTaskRepository: 	at com.android.wm.shell.multitasking.common.taskmanager.MultiTaskingTaskRepository.onOpenTransitionReady(go/retraceme 905fe248eee73ec01aa5e2c7e8e2a5d900513e8d0994e37081a1508aaf5ff25f:2)
03-25 09:36:33.193  5503  5715 D MultiTaskingTaskRepository: 	at com.android.wm.shell.multitasking.common.taskmanager.MultiTaskingTransitionObserver.onOpenTransitionReady(go/retraceme 905fe248eee73ec01aa5e2c7e8e2a5d900513e8d0994e37081a1508aaf5ff25f:11)
03-25 09:36:33.193  5503  5715 D MultiTaskingTaskRepository: 	at com.android.wm.shell.multitasking.common.taskmanager.MultiTaskingTransitionObserver.onTransitionReady(go/retraceme 905fe248eee73ec01aa5e2c7e8e2a5d900513e8d0994e37081a1508aaf5ff25f:64)
03-25 09:36:33.193  5503  5715 D MultiTaskingTaskRepository: 	at com.android.wm.shell.transition.Transitions.dispatchReady(go/retraceme 905fe248eee73ec01aa5e2c7e8e2a5d900513e8d0994e37081a1508aaf5ff25f:241)
03-25 09:36:33.193  5503  5715 D MultiTaskingTaskRepository: 	at com.android.wm.shell.transition.Transitions.onTransitionReady(go/retraceme 905fe248eee73ec01aa5e2c7e8e2a5d900513e8d0994e37081a1508aaf5ff25f:269)
03-25 09:36:33.193  5503  5715 D MultiTaskingTaskRepository: 	at com.android.wm.shell.transition.Transitions$TransitionPlayerImpl$$ExternalSyntheticLambda1.run(go/retraceme 905fe248eee73ec01aa5e2c7e8e2a5d900513e8d0994e37081a1508aaf5ff25f:48)
03-25 09:36:33.193  5503  5715 D MultiTaskingTaskRepository: 	at android.os.Handler.handleCallback(Handler.java:1029)
03-25 09:36:33.193  5503  5715 D MultiTaskingTaskRepository: 	at android.os.Handler.dispatchMessage(Handler.java:107)
03-25 09:36:33.193  5503  5715 D MultiTaskingTaskRepository: 	at android.os.Looper.loopOnce(Looper.java:267)
03-25 09:36:33.193  5503  5715 D MultiTaskingTaskRepository: 	at android.os.Looper.loop(Looper.java:360)
03-25 09:36:33.193  5503  5715 D MultiTaskingTaskRepository: 	at android.os.HandlerThread.run(HandlerThread.java:85)
03-25 09:36:33.193  5503  5715 I MultiTaskingTaskInfo: MultiTaskingBaseTaskInfo::MultiTaskingBaseTaskInfo::mTaskBounds = Rect(0, 0 - 1080, 2400), mTaskId = 2334
03-25 09:36:33.193  5503  5715 D MultiTaskingAnimTarget: setAnimParam bounds: Rect(0, 0 - 1080, 2400) scaleX: 1.0 scaleY: 1.0
03-25 09:36:33.193  5503  5715 D MultiTaskingAnimTarget: java.lang.Throwable
03-25 09:36:33.193  5503  5715 D MultiTaskingAnimTarget: 	at com.android.wm.shell.multitasking.common.animation.MultiTaskingAnimTarget.setAnimParam(go/retraceme 905fe248eee73ec01aa5e2c7e8e2a5d900513e8d0994e37081a1508aaf5ff25f:35)
03-25 09:36:33.193  5503  5715 D MultiTaskingAnimTarget: 	at com.android.wm.shell.multitasking.common.animation.MultiTaskingFolmeControl.updateBaseAnimParam(go/retraceme 905fe248eee73ec01aa5e2c7e8e2a5d900513e8d0994e37081a1508aaf5ff25f:15)
03-25 09:36:33.193  5503  5715 D MultiTaskingAnimTarget: 	at com.android.wm.shell.multitasking.common.taskmanager.MultiTaskingTaskInfo.<init>(go/retraceme 905fe248eee73ec01aa5e2c7e8e2a5d900513e8d0994e37081a1508aaf5ff25f:35)
03-25 09:36:33.193  5503  5715 D MultiTaskingAnimTarget: 	at com.android.wm.shell.multitasking.common.taskmanager.MultiTaskingTaskRepository.updateMultiTaskingTaskInfo(go/retraceme 905fe248eee73ec01aa5e2c7e8e2a5d900513e8d0994e37081a1508aaf5ff25f:102)
03-25 09:36:33.193  5503  5715 D MultiTaskingAnimTarget: 	at com.android.wm.shell.multitasking.common.taskmanager.MultiTaskingTaskRepository.putOrUpdateTaskInfo(go/retraceme 905fe248eee73ec01aa5e2c7e8e2a5d900513e8d0994e37081a1508aaf5ff25f:40)
03-25 09:36:33.193  5503  5715 D MultiTaskingAnimTarget: 	at com.android.wm.shell.multitasking.common.taskmanager.MultiTaskingTaskRepository.onOpenTransitionReady(go/retraceme 905fe248eee73ec01aa5e2c7e8e2a5d900513e8d0994e37081a1508aaf5ff25f:2)
03-25 09:36:33.193  5503  5715 D MultiTaskingAnimTarget: 	at com.android.wm.shell.multitasking.common.taskmanager.MultiTaskingTransitionObserver.onOpenTransitionReady(go/retraceme 905fe248eee73ec01aa5e2c7e8e2a5d900513e8d0994e37081a1508aaf5ff25f:11)
03-25 09:36:33.193  5503  5715 D MultiTaskingAnimTarget: 	at com.android.wm.shell.multitasking.common.taskmanager.MultiTaskingTransitionObserver.onTransitionReady(go/retraceme 905fe248eee73ec01aa5e2c7e8e2a5d900513e8d0994e37081a1508aaf5ff25f:64)
03-25 09:36:33.193  5503  5715 D MultiTaskingAnimTarget: 	at com.android.wm.shell.transition.Transitions.dispatchReady(go/retraceme 905fe248eee73ec01aa5e2c7e8e2a5d900513e8d0994e37081a1508aaf5ff25f:241)
03-25 09:36:33.193  5503  5715 D MultiTaskingAnimTarget: 	at com.android.wm.shell.transition.Transitions.onTransitionReady(go/retraceme 905fe248eee73ec01aa5e2c7e8e2a5d900513e8d0994e37081a1508aaf5ff25f:269)
03-25 09:36:33.193  5503  5715 D MultiTaskingAnimTarget: 	at com.android.wm.shell.transition.Transitions$TransitionPlayerImpl$$ExternalSyntheticLambda1.run(go/retraceme 905fe248eee73ec01aa5e2c7e8e2a5d900513e8d0994e37081a1508aaf5ff25f:48)
03-25 09:36:33.193  5503  5715 D MultiTaskingAnimTarget: 	at android.os.Handler.handleCallback(Handler.java:1029)
03-25 09:36:33.193  5503  5715 D MultiTaskingAnimTarget: 	at android.os.Handler.dispatchMessage(Handler.java:107)
03-25 09:36:33.193  5503  5715 D MultiTaskingAnimTarget: 	at android.os.Looper.loopOnce(Looper.java:267)
03-25 09:36:33.193  5503  5715 D MultiTaskingAnimTarget: 	at android.os.Looper.loop(Looper.java:360)
03-25 09:36:33.193  5503  5715 D MultiTaskingAnimTarget: 	at android.os.HandlerThread.run(HandlerThread.java:85)
03-25 09:36:33.193  5503  5760 I MultiTaskingCoverLayerController: create cover layer, tag = 2334
03-25 09:36:33.193  5503  5715 D MultiTaskingFolmeControl: updateBaseAnimParam taskId = 2334 taskBounds : Rect(0, 0 - 1080, 2400)
03-25 09:36:33.194  5503  5715 D MulWinSwitchDecorViewModel: createWindowDecoration: taskId=2334, isHome=false, windowingMode=1, mWindowDecorByTaskId.size()=3, callers=com.android.wm.shell.multitasking.miuimultiwinswitch.miuiwindowdecor.MulWinSwitchDecorViewModel.onTaskOpening:10 com.android.wm.shell.freeform.FreeformTaskTransitionObserver.onTransitionReady:334 com.android.wm.shell.transition.Transitions.dispatchReady:241 com.android.wm.shell.transition.Transitions.onTransitionReady:269 com.android.wm.shell.transition.Transitions$TransitionPlayerImpl$$ExternalSyntheticLambda1.run:48 
03-25 09:36:33.195  5503  5715 D MiuiDecorationController: relayout::taskId=2334, visible=true, bounds=Rect(0, 0 - 1080, 2400), focused=true, oldImmersive=false, newImmersive=false, windowMode=1, activityType=1, displayId=0, baseActivity=ComponentInfo{com.rootguard.app/com.rootguard.app.MainActivity}, topActivity=ComponentInfo{com.rootguard.app/com.rootguard.app.MainActivity}, callers=com.android.wm.shell.multitasking.miuimultiwinswitch.miuiwindowdecor.MulWinSwitchDecorViewModel.createWindowDecoration:317 com.android.wm.shell.multitasking.miuimultiwinswitch.miuiwindowdecor.MulWinSwitchDecorViewModel.onTaskOpening:10 com.android.wm.shell.freeform.FreeformTaskTransitionObserver.onTransitionReady:334 com.android.wm.shell.transition.Transitions.dispatchReady:241 com.android.wm.shell.transition.Transitions.onTransitionReady:269 
03-25 09:36:33.195  5503  5715 D MiuiDecorationDot: needTopCaption: isFullscreen = true isPadDevice = false isFoldInnerScreen = false canShowCaptionWhenCasting = false
03-25 09:36:33.195  5503  5715 D MiuiDecorationDot: releaseViews_TopCaption: taskId=2334
03-25 09:36:33.195  5503  5715 D MiuiDecorationDot: releaseViews_TopCaption: taskId=2334
03-25 09:36:33.195  5503  5715 D MiuiDecorationBottom: needBottomCaption: needSupportNavigationHandle = false
03-25 09:36:33.195  5503  5715 D MiuiDecorationBottom: releaseViews_BottomCaption: taskId=2334
03-25 09:36:33.195  5503  5715 D MiuiDecorationBottom: releaseViews_BottomCaption: taskId=2334
03-25 09:36:33.195  5503  5715 D MulWinSwitchDecorViewModel: onTaskChanging taskId:2333 decoration = com.android.wm.shell.multitasking.miuimultiwinswitch.miuiwindowdecor.decoration.MiuiDecorationController@e14bb59
03-25 09:36:33.195  5503  5715 D MiuiDecorationController: relayout:: taskId=2333 mRunningTaskInfo.mStatusBarParent=Surface(name=StatusBar Container of Task = 2333#193)/@0x78b85e9 taskInfo.mStatusBarParent=Surface(name=StatusBar Container of Task = 2333#193)/@0xd0e8b88
03-25 09:36:33.195  5503  5715 D MiuiDecorationController: relayout:: taskId=2333 mRunningTaskInfo.mNavBarParent=Surface(name=NavigationBar Container of Task = 2333#192)/@0x46b326e taskInfo.mNavBarParent=Surface(name=NavigationBar Container of Task = 2333#192)/@0xe50921
03-25 09:36:33.195  5503  5715 D MiuiDecorationController: relayout::taskId=2333, visible=true, bounds=Rect(0, 0 - 1080, 2400), focused=false, oldImmersive=false, newImmersive=false, windowMode=1, activityType=1, displayId=0, baseActivity=ComponentInfo{com.ss.android.ugc.aweme/com.ss.android.ugc.aweme.main.MainActivity}, topActivity=ComponentInfo{com.ss.android.ugc.aweme/com.ss.android.ugc.aweme.main.MainActivity}, callers=com.android.wm.shell.multitasking.miuimultiwinswitch.miuiwindowdecor.MulWinSwitchDecorViewModel.onTaskChanging:110 com.android.wm.shell.freeform.FreeformTaskTransitionObserver.onTransitionReady:187 com.android.wm.shell.transition.Transitions.dispatchReady:241 com.android.wm.shell.transition.Transitions.onTransitionReady:269 com.android.wm.shell.transition.Transitions$TransitionPlayerImpl$$ExternalSyntheticLambda1.run:48 
03-25 09:36:33.196  2397  6210 E TransitionChain: Can't collect into a chain with no transition
03-25 09:36:33.196  2397  6210 D ActivityTaskManager:  setSkipCaptureLayers tr: Task{7a0857e #2334 type=standard A=10438:com.rootguard.app}
03-25 09:36:33.196  5503  5715 D MiuiDecorationDot: needTopCaption: isFullscreen = true isPadDevice = false isFoldInnerScreen = false canShowCaptionWhenCasting = false
03-25 09:36:33.196  5503  5715 D MiuiDecorationDot: releaseViews_TopCaption: taskId=2333
03-25 09:36:33.196  5503  5715 D MiuiDecorationDot: releaseViews_TopCaption: taskId=2333
03-25 09:36:33.196  5503  5715 D MiuiDecorationBottom: needBottomCaption: needSupportNavigationHandle = false
03-25 09:36:33.196  5503  5715 D MiuiDecorationBottom: releaseViews_BottomCaption: taskId=2333
03-25 09:36:33.196  5503  5715 D MiuiDecorationBottom: releaseViews_BottomCaption: taskId=2333
03-25 09:36:33.196  5503  5715 D SoScStageCoordinator: inCloseTransition:false inSoScUnactivie:true mDeferUpdateSoScStateCount:0
03-25 09:36:33.196  5503  5715 D MultiTaskingTransitionHandler: startAnimation try handler: com.android.wm.shell.multitasking.miuifreeform.MiuiFreeformModeAnimation@ce783bf
03-25 09:36:33.197  5503  5715 D MultiTaskingTransitionHandler: startAnimation try handler: com.android.wm.shell.multitasking.miuimultiwinswitch.MulWinSwitchTransition@bdcac84
03-25 09:36:33.197  5503  5715 W MulWinSwitchTransition: startAnimation::receive an unknown transition:: token = android.os.BinderProxy@e4a2540 type = 1
03-25 09:36:33.197  5503  5715 D MultiTaskingTransitionHandler: startAnimation no handler
03-25 09:36:33.198  5503  5715 D TransitionAnimationHelper:  load default animation  type = 1 enter = false animAttr = 9 isTask = true translucent = false
03-25 09:36:33.198  5503  5715 D DefaultTransitionImpl: clearFreeformHwuiCorner change = {m=TO_BACK f=NONE leash=Surface(name=Task=2333#191)/@0x2928b2b sb=Rect(0, 0 - 1080, 2400) eb=Rect(0, 0 - 1080, 2400) epz=Point(1080, 2400) d=0 taskParent=-1 v=falseMiuiChangeImpl {miuiEmbedding:false, scale:1.0}}, windowMode: [start = 1, end = 1], taskId = 0
03-25 09:36:33.201  2397  6994 D BarFollowAnimation: onTaskInfoChanedForCaptionBar Task{7a0857e #2334 type=standard A=10438:com.rootguard.app} shouldbeVisible:true isVisible:true isOnTop:true windowMode:1 preDisplayId:-1 displayId:0 mCaptionAssociatedTask:null mIsTouchedInCaption:false
03-25 09:36:33.202  2397  5099 E TransitionChain: Can't collect into a chain with no transition
03-25 09:36:33.202  2397  5099 D ActivityTaskManager:  setSkipCaptureLayers tr: Task{9261177 #2333 type=standard A=10383:com.ss.android.ugc.aweme}
03-25 09:36:33.203  5503  5715 D TransitionAnimationHelper:  load default animation  type = 1 enter = true animAttr = 8 isTask = true translucent = false
03-25 09:36:33.203  5503  5715 D DefaultTransitionImpl: clearFreeformHwuiCorner change = {m=OPEN f=NONE leash=Surface(name=Task=2334#340)/@0x5c5f19c sb=Rect(0, 0 - 1080, 2400) eb=Rect(0, 0 - 1080, 2400) epz=Point(1080, 2400) d=0 taskParent=-1 v=trueMiuiChangeImpl {miuiEmbedding:false, scale:1.0}}, windowMode: [start = 1, end = 1], taskId = 0
03-25 09:36:33.204  5503  5760 D ShellTransitions: speed ui!!!!!!!!!!!
03-25 09:36:33.204  5503  5715 I MultiTaskingTaskRepository: onTaskAppeared::taskId = 2334 mTasks: 2333, 8, 7, 6, 5, 4, 3, 1, 
03-25 09:36:33.204  5503  5715 D MultiTaskingTaskRepository: addOrMoveFullscreenTaskToTop::taskId = 2334
03-25 09:36:33.204  5503  5715 D MiuiMultiWindowUtils: supportMultiWindow: isSupportDevice = -1
03-25 09:36:33.204  5503  5715 D MiuiMultiWindowUtils: supportMultiWindow: isSupportDevice = -1
03-25 09:36:33.204  5503  5715 D MiuiMultiWindowRecommendHelper: device not support split screen recommend
03-25 09:36:33.204  5503  5715 I MultiTaskingTaskInfo: MultiTaskingBaseTaskInfo::update::mTaskBounds = Rect(0, 0 - 1080, 2400), mTaskId = 2334
03-25 09:36:33.204  5503  5715 D MultiTaskingTransitionsHelper: skip updateBaseAnimParam taskId: 2334 pendingTransitions: [] readyDuringSync: [] tracks: [Track #0 activeTransition: {id=13 t=OPEN f=0x0 trk=0 r=[0@Point(0, 0)] c=[{m=OPEN f=NONE leash=Surface(name=Task=2334#340)/@0x5c5f19c sb=Rect(0, 0 - 1080, 2400) eb=Rect(0, 0 - 1080, 2400) epz=Point(1080, 2400) d=0 taskParent=-1 v=trueMiuiChangeImpl {miuiEmbedding:false, scale:1.0}},{m=TO_BACK f=NONE leash=Surface(name=Task=2333#191)/@0x2928b2b sb=Rect(0, 0 - 1080, 2400) eb=Rect(0, 0 - 1080, 2400) epz=Point(1080, 2400) d=0 taskParent=-1 v=falseMiuiChangeImpl {miuiEmbedding:false, scale:1.0}}] mk=[false] noAni=[false] df=[false] rsa=[false] oa=[false] nc=[0] ho=[false] hla=[true] iSync=[-1]}android.os.BinderProxy@e4a2540 readyTransitions: []]
03-25 09:36:33.219  4905  6336 W IconCustomizer: Density abnormal: context density=440 systemDensity=420
03-25 09:36:33.219  4905  6336 W IconCustomizer: Density abnormal: context density=440 systemDensity=420
03-25 09:36:33.219  2397  3168 D BroadcastQueue: Logging broadcast for com.android.phone, stopped=false, firstLaunch=false
03-25 09:36:33.228  2397  6994 D BarFollowAnimation: onTaskInfoChanedForCaptionBar Task{7a0857e #2334 type=standard A=10438:com.rootguard.app} shouldbeVisible:true isVisible:true isOnTop:true windowMode:1 preDisplayId:-1 displayId:0 mCaptionAssociatedTask:null mIsTouchedInCaption:false
03-25 09:36:33.228 19606 19606 D WmSystemUiDebug: set navigation bar color,Alpha=0.0, RGB:0,0,0 caller:androidx.activity.EdgeToEdgeApi29.setUp:290 androidx.activity.EdgeToEdge.enable:89 androidx.activity.EdgeToEdge.enable$default:71 com.rootguard.app.MainActivity.onCreate:57 android.app.Activity.performCreate:9380 android.app.Activity.performCreate:9323 android.app.Instrumentation.callActivityOnCreate:1537 android.app.ActivityThread.performLaunchActivity:4685 android.app.ActivityThread.handleLaunchActivity:4932 android.app.servertransaction.LaunchActivityItem.execute:222 
03-25 09:36:33.228  2397  5952 I FlipSCF : update navigation bar color for : com.rootguard.app/.MainActivity , originalColor = FFFFFFFF , currentColor = 0 , CallingPid = 19606
03-25 09:36:33.228  2397  5952 D BarFollowAnimation: onTaskInfoChanedForCaptionBar Task{7a0857e #2334 type=standard A=10438:com.rootguard.app} shouldbeVisible:true isVisible:true isOnTop:true windowMode:1 preDisplayId:-1 displayId:0 mCaptionAssociatedTask:null mIsTouchedInCaption:false
03-25 09:36:33.230  2397  4328 D CompatChangeReporter: Compat change id reported: 262645982; UID 10438; state: ENABLED
03-25 09:36:33.234 10807 19626 W ContextImpl: Calling a method in the system process without a qualified user: android.app.ContextImpl.startService:2013 android.content.ContextWrapper.startService:871 C1.b.f:40 C1.b$c.onForegroundInfoChanged:22 com.miui.gamebooster.mutiwindow.b$a.onForegroundInfoChanged:174 
03-25 09:36:33.235  2397  5099 D ActivityManager: Logging startService for com.miui.securitycenter, stopped=false, firstLaunch=false, intent=Intent { act=action_anti_fraud_auto_scan_single_app xflg=0x4 cmp=com.miui.securitycenter/com.miui.antivirus.service.GuardService (has extras) }, r.app=ProcessRecord{fd036db 10807:com.miui.securitycenter.remote/1000}
03-25 09:36:33.239  5503  5715 D MultiTaskingTaskRepository: addOrMoveFullscreenTaskToTop::taskId = 2334
03-25 09:36:33.239  5503  5715 I MultiTaskingTaskInfo: MultiTaskingBaseTaskInfo::update::mTaskBounds = Rect(0, 0 - 1080, 2400), mTaskId = 2334
03-25 09:36:33.239  5503  5715 D MultiTaskingTransitionsHelper: skip updateBaseAnimParam taskId: 2334 pendingTransitions: [] readyDuringSync: [] tracks: [Track #0 activeTransition: {id=13 t=OPEN f=0x0 trk=0 r=[0@Point(0, 0)] c=[{m=OPEN f=NONE leash=Surface(name=Task=2334#340)/@0x5c5f19c sb=Rect(0, 0 - 1080, 2400) eb=Rect(0, 0 - 1080, 2400) epz=Point(1080, 2400) d=0 taskParent=-1 v=trueMiuiChangeImpl {miuiEmbedding:false, scale:1.0}},{m=TO_BACK f=NONE leash=Surface(name=Task=2333#191)/@0x2928b2b sb=Rect(0, 0 - 1080, 2400) eb=Rect(0, 0 - 1080, 2400) epz=Point(1080, 2400) d=0 taskParent=-1 v=falseMiuiChangeImpl {miuiEmbedding:false, scale:1.0}}] mk=[false] noAni=[false] df=[false] rsa=[false] oa=[false] nc=[0] ho=[false] hla=[true] iSync=[-1]}android.os.BinderProxy@e4a2540 readyTransitions: []]
03-25 09:36:33.239  5503  5715 I MultiTaskingTaskRepository: onTaskInfoChanged::taskId = 2334, windowingMode = 1, mMultiWindowTaskIdsInZOrder = [5, 4], mFullscreenTaskIdsInZOrder = [2334, 2333], mFreeformTaskIdsInZOrder = [], mTasks: 2334, 2333, 8, 7, 6, 5, 4, 3, 1, 
03-25 09:36:33.239  5503  5715 D MiuiDecorationController: relayout:: taskId=2334 mRunningTaskInfo.mStatusBarParent=Surface(name=StatusBar Container of Task = 2334#342)/@0xf8d97a5 taskInfo.mStatusBarParent=Surface(name=StatusBar Container of Task = 2334#342)/@0xa9e3ce7
03-25 09:36:33.239  5503  5715 D MiuiDecorationController: relayout:: taskId=2334 mRunningTaskInfo.mNavBarParent=Surface(name=NavigationBar Container of Task = 2334#341)/@0x21c077a taskInfo.mNavBarParent=Surface(name=NavigationBar Container of Task = 2334#341)/@0xd988094
03-25 09:36:33.239  5503  5715 D MiuiDecorationController: relayout::taskId=2334, visible=true, bounds=Rect(0, 0 - 1080, 2400), focused=true, oldImmersive=false, newImmersive=false, windowMode=1, activityType=1, displayId=0, baseActivity=ComponentInfo{com.rootguard.app/com.rootguard.app.MainActivity}, topActivity=ComponentInfo{com.rootguard.app/com.rootguard.app.MainActivity}, callers=com.android.wm.shell.multitasking.miuimultiwinswitch.miuiwindowdecor.decoration.MiuiDecorationController.relayout:4 com.android.wm.shell.multitasking.miuimultiwinswitch.miuiwindowdecor.MulWinSwitchDecorViewModel.onTaskInfoChanged:18 com.android.wm.shell.multitasking.common.taskmanager.MultiTaskingTaskListener.onTaskInfoChanged:47 com.android.wm.shell.ShellTaskOrganizer.onTaskInfoChanged:136 android.window.TaskOrganizer$1.lambda$onTaskInfoChanged$6:300 
03-25 09:36:33.240  5503  5715 D MiuiDecorationDot: needTopCaption: isFullscreen = true isPadDevice = false isFoldInnerScreen = false canShowCaptionWhenCasting = false
03-25 09:36:33.240  5503  5715 D MiuiDecorationDot: releaseViews_TopCaption: taskId=2334
03-25 09:36:33.240  5503  5715 D MiuiDecorationDot: releaseViews_TopCaption: taskId=2334
03-25 09:36:33.240  5503  5715 D MiuiDecorationBottom: needBottomCaption: needSupportNavigationHandle = false
03-25 09:36:33.240  5503  5715 D MiuiDecorationBottom: releaseViews_BottomCaption: taskId=2334
03-25 09:36:33.240  5503  5715 D MiuiDecorationBottom: releaseViews_BottomCaption: taskId=2334
03-25 09:36:33.240  5503  5715 D MiuiFreeformModeController: onFocusTaskChanged taskInfo: TaskInfo{userId=0 taskId=2334 effectiveUid=10438 displayId=0 isRunning=true baseIntent=Intent { flg=0x10000000 cmp=com.rootguard.app/.MainActivity } baseActivity=ComponentInfo{com.rootguard.app/com.rootguard.app.MainActivity} topActivity=ComponentInfo{com.rootguard.app/com.rootguard.app.MainActivity} origActivity=null realActivity=ComponentInfo{com.rootguard.app/com.rootguard.app.MainActivity} numActivities=1 lastActiveTime=321390 supportsSplitScreenMultiWindow=true mSoScDisplayMode=-1 supportsMultiWindow=true resizeMode=1 isResizeable=true minWidth=-1 minHeight=-1 defaultMinSize=200 token=WCT{android.window.IWindowContainerToken$Stub$Proxy@a69db32} topActivityType=1 pictureInPictureParams=null shouldDockBigOverlays=false launchIntoPipHostTaskId=-1 lastParentTaskIdBeforePip=-1 displayCutoutSafeInsets=Rect(0, 0 - 0, 0) topActivityInfo=ActivityInfo{a87c083 com.rootguard.app.MainActivity} launchCookies=[] positionInParent=Point(0, 0) parentTaskId=-1 isFocused=true isVisible=true isVisibleRequested=true isTopActivityNoDisplay=false isSleeping=false locusId=null displayAreaFeatureId=1 isTopActivityTransparent=false isActivityStackTransparent=false lastNonFullscreenBounds=Rect(286, 712 - 794, 1792) capturedLink=null capturedLinkTimestamp=0 requestedVisibleTypes=-9 topActivityRequestOpenInBrowserEducationTimestamp=0 appCompatTaskInfo=AppCompatTaskInfo { topActivityInSizeCompat=false eligibleForLetterboxEducation= false topActivityInMiuiSizeCompat=false isLetterboxEducationEnabled= false isLetterboxDoubleTapEnabled= false eligibleForUserAspectRatioButton= false topActivityBoundsLetterboxed= false isFromLetterboxDoubleTap= false topActivityLetterboxVerticalPosition= -1 topActivityLetterboxHorizontalPosition= -1 topActivityLetterboxWidth=-1 topActivityLetterboxHeight=-1 topActivityAppBounds=Rect(0, 104 - 1080, 2400) isUserFullscreenOverrideEnabled=false isSystemFullscreenOverrideEnabled=false hasMinAspectRatioOverride=false topActivityLetterboxBounds=null cameraCompatTaskInfo=CameraCompatTaskInfo { freeformCameraCompatMode=inactive}} isImmersive=false mTopActivityRequestOrientation=-1 mStatusBarParent=Surface(name=StatusBar Container of Task = 2334#342)/@0xa9e3ce7 mNavBarParent=Surface(name=NavigationBar Container of Task = 2334#341)/@0xd988094 mBehindAppLockPkg=null mOriginatingUid=0 isEmbedded=false shouldBeVisible=true isCreatedByOrganizer=false mIsCastMode=false mTopActivityMediaSize=null mTopActivityRecordName=ActivityRecord{169678592 u0 com.rootguard.app/.MainActivity t2334} mTopActivityOrientation=-1 topActivityMainWindowFrame=null}
03-25 09:36:33.241  2397  5196 E TransitionChain: Can't collect into a chain with no transition
03-25 09:36:33.242  2397  5196 D ActivityTaskManager:  setSkipCaptureLayers tr: Task{7a0857e #2334 type=standard A=10438:com.rootguard.app}
03-25 09:36:33.245 14241 14241 D MiuiMultiWindowUtils: supportMultiWindow: isSupportDevice = -1
03-25 09:36:33.259 19606 26402 E ContentCatcherManager: failed to get ContentCatcherService.
03-25 09:36:33.260 19606 26402 E ContentCatcherManager: failed to get ContentCatcherService.
03-25 09:36:33.261  2397  5615 I MiuiSplitInputMethodImpl: Skpi check shouldUpdateImeTargetForBackScreen.
03-25 09:36:33.261  2397  5615 I MiuiSplitInputMethodImpl: Skpi check shouldUpdateImeTargetForBackScreen.
03-25 09:36:33.261  2397  5615 I MiuiSplitInputMethodImpl: Skpi check shouldUpdateImeTargetForBackScreen.
03-25 09:36:33.261  2397  5615 I MiuiSplitInputMethodImpl: Skpi check shouldUpdateImeTargetForBackScreen.
