--------- beginning of system
03-22 14:52:13.531 D/ActivityManager( 2504): Logging startService for com.google.android.gms, stopped=false, firstLaunch=false, intent=Intent { act=com.google.android.gms.common.broadcast.DELIVER_BROADCAST cat=[targeted_intent_op_prefix:.common.broadcast.BackgroundBroadcastReceiverSupport$GmsReceiverIntentOperation] xflg=0x4 cmp=com.google.android.gms/.chimera.GmsIntentOperationService (has extras) }, r.app=ProcessRecord{58e4fd2 7691:com.google.android.gms/u0a129}
03-22 14:52:13.534 D/ActivityManager( 2504): Logging startService for com.xiaomi.xmsf, stopped=false, firstLaunch=false, intent=Intent { act=com.xiaomi.xmsf.action.PACKAGE_REPLACED xflg=0x4 cmp=com.xiaomi.xmsf/com.xiaomi.push.service.XMPushService (has extras) }, r.app=ProcessRecord{8716c1b 13185:com.xiaomi.xmsf/u0a200}
03-22 14:52:13.534 D/ActivityManager( 2504): Logging startService for com.google.android.gms, stopped=false, firstLaunch=false, intent=Intent { act=com.google.android.gms.common.broadcast.DELIVER_BROADCAST cat=[targeted_intent_op_prefix:.common.broadcast.BackgroundBroadcastReceiverSupport$PersistentReceiverIntentOperation] xflg=0x4 cmp=com.google.android.gms/.chimera.PersistentIntentOperationService (has extras) }, r.app=ProcessRecord{526c842 6589:com.google.android.gms.persistent/u0a129}
03-22 14:52:13.539 D/ActivityManager( 2504): Logging startService for com.google.android.gms, stopped=false, firstLaunch=false, intent=Intent { act=com.google.android.gms.common.broadcast.DELIVER_BROADCAST cat=[targeted_intent_op_prefix:.common.broadcast.BackgroundBroadcastReceiverSupport$GmsReceiverIntentOperation] xflg=0x4 cmp=com.google.android.gms/.chimera.GmsIntentOperationService (has extras) }, r.app=ProcessRecord{58e4fd2 7691:com.google.android.gms/u0a129}
03-22 14:52:13.544 W/AccessibilityManagerService( 2504):  wait for adding window timeout: 13
03-22 14:52:13.546 D/ActivityManager( 2504): Logging startService for com.google.android.gms, stopped=false, firstLaunch=false, intent=Intent { act=com.google.android.gms.common.broadcast.DELIVER_BROADCAST cat=[targeted_intent_op_prefix:.common.broadcast.BackgroundBroadcastReceiverSupport$PersistentReceiverIntentOperation] xflg=0x4 cmp=com.google.android.gms/.chimera.PersistentIntentOperationService (has extras) }, r.app=ProcessRecord{526c842 6589:com.google.android.gms.persistent/u0a129}
03-22 14:52:13.546 D/Aurogon ( 2504):  packageName = com.google.android.gms isAllowWakeUpList 
03-22 14:52:13.548 W/AppOpService( 2504): (packageName=com.rootguard.app, userId=0)'s appop state for runtime op android:post_notification should not be set directly.
03-22 14:52:13.548 W/AppOpService( 2504): java.lang.RuntimeException
03-22 14:52:13.548 W/AppOpService( 2504): 	at com.android.server.permission.access.appop.AppOpService.setPackageMode(AppOpService.kt:322)
03-22 14:52:13.548 W/AppOpService( 2504): 	at com.android.server.appop.AppOpsCheckingServiceTracingDecorator.setPackageMode(AppOpsCheckingServiceTracingDecorator.java:143)
03-22 14:52:13.548 W/AppOpService( 2504): 	at com.android.server.appop.AppOpsService.setMode(AppOpsService.java:2538)
03-22 14:52:13.548 W/AppOpService( 2504): 	at com.android.server.appop.AppOpsService.setMode(AppOpsService.java:2501)
03-22 14:52:13.548 W/AppOpService( 2504): 	at com.android.internal.app.IAppOpsService$Stub.onTransact(IAppOpsService.java:993)
03-22 14:52:13.548 W/AppOpService( 2504): 	at android.os.Binder.execTransactInternal(Binder.java:1433)
03-22 14:52:13.548 W/AppOpService( 2504): 	at android.os.Binder.execTransact(Binder.java:1372)
03-22 14:52:13.548 E/AppOpService( 2504): Blocked setUidMode call for runtime permission app op: uid = 10374, code = POST_NOTIFICATION, mode = ignore, callingUid = 10206, oldMode = allow
03-22 14:52:13.548 E/AppOpService( 2504): java.lang.RuntimeException
03-22 14:52:13.548 E/AppOpService( 2504): 	at com.android.server.permission.access.appop.AppOpService.setUidMode(AppOpService.kt:283)
03-22 14:52:13.548 E/AppOpService( 2504): 	at com.android.server.appop.AppOpsCheckingServiceTracingDecorator.setUidMode(AppOpsCheckingServiceTracingDecorator.java:120)
03-22 14:52:13.548 E/AppOpService( 2504): 	at com.android.server.appop.AppOpsService.setUidMode(AppOpsService.java:2220)
03-22 14:52:13.548 E/AppOpService( 2504): 	at com.android.server.appop.AppOpsService.setUidMode(AppOpsService.java:2164)
03-22 14:52:13.548 E/AppOpService( 2504): 	at com.android.internal.app.IAppOpsService$Stub.onTransact(IAppOpsService.java:978)
03-22 14:52:13.548 E/AppOpService( 2504): 	at android.os.Binder.execTransactInternal(Binder.java:1433)
03-22 14:52:13.548 E/AppOpService( 2504): 	at android.os.Binder.execTransact(Binder.java:1372)
03-22 14:52:13.552 D/BroadcastQueue( 2504): Logging broadcast for com.xiaomi.xmsf, stopped=false, firstLaunch=false
03-22 14:52:13.555 D/Aurogon ( 2504):  packageName = com.google.android.gms isAllowWakeUpList 
03-22 14:52:13.556 D/ActivityManager( 2504): Logging startService for com.google.android.gms, stopped=false, firstLaunch=false, intent=Intent { act=android.intent.action.PACKAGE_REMOVED dat=package: flg=0x4000010 pkg=com.google.android.gms cmp=com.google.android.gms/.chimera.GmsIntentOperationService (has extras) }, r.app=ProcessRecord{58e4fd2 7691:com.google.android.gms/u0a129}
03-22 14:52:13.556 D/ActivityManager( 2504): Logging startService for com.google.android.gms, stopped=false, firstLaunch=false, intent=Intent { act=android.intent.action.PACKAGE_REMOVED dat=package: flg=0x4000010 pkg=com.google.android.gms cmp=com.google.android.gms/.chimera.PersistentIntentOperationService (has extras) }, r.app=ProcessRecord{526c842 6589:com.google.android.gms.persistent/u0a129}
03-22 14:52:13.557 D/Aurogon ( 2504):  packageName = com.google.android.gms isAllowWakeUpList 
03-22 14:52:13.558 D/Aurogon ( 2504):  packageName = com.google.android.gms isAllowWakeUpList 
03-22 14:52:13.562 D/Aurogon ( 2504):  packageName = com.google.android.gms isAllowWakeUpList 
03-22 14:52:13.565 D/ActivityManager( 2504): Logging startService for com.google.android.gms, stopped=false, firstLaunch=false, intent=Intent { act=com.google.android.gms.fitness.disconnect.CLEANUP cat=[targeted_intent_op_prefix:.fitness.disconnect.FitCleanupIntentOperation] xflg=0x4 cmp=com.google.android.gms/.chimera.PersistentIntentOperationService (has extras) }, r.app=ProcessRecord{526c842 6589:com.google.android.gms.persistent/u0a129}
03-22 14:52:13.566 D/ActivityManager( 2504): Logging startService for com.google.android.gms, stopped=false, firstLaunch=false, intent=Intent { act=com.google.android.gms.gass.ACTION_EXECUTE_TASK cat=[targeted_intent_op_prefix:.gass.GassIntentOperation] xflg=0x4 cmp=com.google.android.gms/.chimera.GmsIntentOperationService (has extras) }, r.app=ProcessRecord{58e4fd2 7691:com.google.android.gms/u0a129}
03-22 14:52:13.566 D/ActivityManager( 2504): Logging startService for com.google.android.gms, stopped=false, firstLaunch=false, intent=Intent { act=android.intent.action.PACKAGE_ADDED dat=package: flg=0x4000010 pkg=com.google.android.gms cmp=com.google.android.gms/.chimera.GmsIntentOperationService (has extras) }, r.app=ProcessRecord{58e4fd2 7691:com.google.android.gms/u0a129}
03-22 14:52:13.568 D/ActivityManager( 2504): Logging startService for com.google.android.gms, stopped=false, firstLaunch=false, intent=Intent { act=android.intent.action.PACKAGE_ADDED dat=package: flg=0x4000010 pkg=com.google.android.gms cmp=com.google.android.gms/.chimera.PersistentIntentOperationService (has extras) }, r.app=ProcessRecord{526c842 6589:com.google.android.gms.persistent/u0a129}
03-22 14:52:13.572 D/ActivityManager( 2504): Logging startService for com.google.android.gms, stopped=false, firstLaunch=false, intent=Intent { act=com.google.android.chimera.container.IntentOperationService.MODULE_SPECIFIC xflg=0x4 pkg=com.google.android.gms (has extras) }, r.app=ProcessRecord{58e4fd2 7691:com.google.android.gms/u0a129}
03-22 14:52:13.572 D/ActivityManager( 2504): Logging startService for com.google.android.gms, stopped=false, firstLaunch=false, intent=Intent { act=android.intent.action.PACKAGE_REPLACED dat=package: flg=0x4000010 pkg=com.google.android.gms cmp=com.google.android.gms/.chimera.GmsIntentOperationService (has extras) }, r.app=ProcessRecord{58e4fd2 7691:com.google.android.gms/u0a129}
03-22 14:52:13.573 D/ActivityManager( 2504): Logging startService for com.google.android.gms, stopped=false, firstLaunch=false, intent=Intent { act=android.intent.action.PACKAGE_REPLACED dat=package: flg=0x4000010 pkg=com.google.android.gms cmp=com.google.android.gms/.chimera.PersistentIntentOperationService (has extras) }, r.app=ProcessRecord{526c842 6589:com.google.android.gms.persistent/u0a129}
03-22 14:52:13.574 D/ActivityManager( 2504): Logging startService for com.google.android.gms, stopped=false, firstLaunch=false, intent=Intent { act=com.google.android.gms.icing.proxy.ACTION_UPDATE cat=[targeted_intent_op_prefix:.icing.proxy.UpdateIcingCorporaIntentOperation] xflg=0x4 cmp=com.google.android.gms/.chimera.GmsIntentOperationService (has extras) }, r.app=ProcessRecord{58e4fd2 7691:com.google.android.gms/u0a129}
03-22 14:52:13.575 D/ActivityManager( 2504): Logging startService for com.google.android.gms, stopped=false, firstLaunch=false, intent=Intent { act=com.google.android.gms.gass.ACTION_EXECUTE_TASK cat=[targeted_intent_op_prefix:.gass.GassIntentOperation] xflg=0x4 cmp=com.google.android.gms/.chimera.GmsIntentOperationService (has extras) }, r.app=ProcessRecord{58e4fd2 7691:com.google.android.gms/u0a129}
03-22 14:52:13.576 D/ActivityManager( 2504): Logging startService for com.google.android.gms, stopped=false, firstLaunch=false, intent=Intent { act=android.intent.action.PACKAGE_REMOVED dat=package: flg=0x4000010 pkg=com.google.android.gms cmp=com.google.android.gms/.icing.service.IndexWorkerService (has extras) }, r.app=ProcessRecord{58e4fd2 7691:com.google.android.gms/u0a129}
03-22 14:52:13.582 D/ActivityManager( 2504): Logging startService for com.google.android.gms, stopped=false, firstLaunch=false, intent=Intent { act=com.google.android.gms.icing.START_STICKY xflg=0x4 cmp=com.google.android.gms/.icing.service.IndexWorkerService (has extras) }, r.app=ProcessRecord{58e4fd2 7691:com.google.android.gms/u0a129}
03-22 14:52:13.583 D/ActivityManager( 2504): Logging bindService for com.google.android.gms, stopped=false, firstLaunch=false
03-22 14:52:13.583 D/Aurogon ( 2504):  packageName = com.google.android.gms isAllowWakeUpList 
03-22 14:52:13.584 D/ActivityManager( 2504): Logging bindService for com.google.android.gms, stopped=false, firstLaunch=false
03-22 14:52:13.587 D/ActivityManager( 2504): Logging startService for com.google.android.gms, stopped=false, firstLaunch=false, intent=Intent { act=com.google.android.gms.icing.proxy.ACTION_UPDATE cat=[targeted_intent_op_prefix:.icing.proxy.UpdateIcingCorporaIntentOperation] xflg=0x4 cmp=com.google.android.gms/.chimera.GmsIntentOperationService (has extras) }, r.app=ProcessRecord{58e4fd2 7691:com.google.android.gms/u0a129}
03-22 14:52:13.589 D/ActivityManager( 2504): Logging startService for com.google.android.gms, stopped=false, firstLaunch=false, intent=Intent { act=android.intent.action.PACKAGE_ADDED dat=package: flg=0x4000010 pkg=com.google.android.gms cmp=com.google.android.gms/.icing.service.IndexWorkerService (has extras) }, r.app=ProcessRecord{58e4fd2 7691:com.google.android.gms/u0a129}
03-22 14:52:13.592 D/ActivityManager( 2504): Logging startService for com.google.android.gms, stopped=false, firstLaunch=false, intent=Intent { act=com.google.android.gms.icing.proxy.ACTION_UPDATE cat=[targeted_intent_op_prefix:.icing.proxy.UpdateIcingCorporaIntentOperation] xflg=0x4 cmp=com.google.android.gms/.chimera.GmsIntentOperationService (has extras) }, r.app=ProcessRecord{58e4fd2 7691:com.google.android.gms/u0a129}
03-22 14:52:13.593 D/ActivityManager( 2504): Logging startService for com.google.android.gms, stopped=false, firstLaunch=false, intent=Intent { act=android.intent.action.PACKAGE_REPLACED dat=package: flg=0x4000010 pkg=com.google.android.gms cmp=com.google.android.gms/.icing.service.IndexWorkerService (has extras) }, r.app=ProcessRecord{58e4fd2 7691:com.google.android.gms/u0a129}
03-22 14:52:13.593 D/BroadcastQueue( 2504): Logging broadcast for com.sohu.inputmethod.sogou.xiaomi, stopped=false, firstLaunch=false
03-22 14:52:13.593 D/BroadcastQueue( 2504): Logging broadcast for com.sohu.inputmethod.sogou.xiaomi, stopped=false, firstLaunch=false
03-22 14:52:13.593 D/BroadcastQueue( 2504): Logging broadcast for com.sohu.inputmethod.sogou.xiaomi, stopped=false, firstLaunch=false
03-22 14:52:13.594 D/BroadcastQueue( 2504): Logging broadcast for com.sohu.inputmethod.sogou.xiaomi, stopped=false, firstLaunch=false
03-22 14:52:13.596 W/AccessibilityManagerService( 2504):  wait for adding window timeout: 14
03-22 14:52:13.599 I/MiuiSplitInputMethodImpl( 2504): Skpi check shouldUpdateImeTargetForBackScreen.
03-22 14:52:13.599 I/MiuiSplitInputMethodImpl( 2504): Skpi check shouldUpdateImeTargetForBackScreen.
03-22 14:52:13.599 I/MiuiSplitInputMethodImpl( 2504): Skpi check shouldUpdateImeTargetForBackScreen.
03-22 14:52:13.599 I/MiuiSplitInputMethodImpl( 2504): Skpi check shouldUpdateImeTargetForBackScreen.
03-22 14:52:13.599 I/MiuiSplitInputMethodImpl( 2504): Skpi check shouldUpdateImeTargetForBackScreen.
03-22 14:52:13.599 I/MiuiSplitInputMethodImpl( 2504): Skpi check shouldUpdateImeTargetForBackScreen.
03-22 14:52:13.599 I/MiuiSplitInputMethodImpl( 2504): Skpi check shouldUpdateImeTargetForBackScreen.
03-22 14:52:13.599 I/MiuiSplitInputMethodImpl( 2504): Skpi check shouldUpdateImeTargetForBackScreen.
03-22 14:52:13.599 I/MiuiSplitInputMethodImpl( 2504): Skpi check shouldUpdateImeTargetForBackScreen.
03-22 14:52:13.599 I/MiuiSplitInputMethodImpl( 2504): Skpi check shouldUpdateImeTargetForBackScreen.
03-22 14:52:13.599 I/MiuiSplitInputMethodImpl( 2504): Skpi check shouldUpdateImeTargetForBackScreen.
03-22 14:52:13.599 I/MiuiSplitInputMethodImpl( 2504): Skpi check shouldUpdateImeTargetForBackScreen.
03-22 14:52:13.599 I/MiuiSplitInputMethodImpl( 2504): Skpi check shouldUpdateImeTargetForBackScreen.
03-22 14:52:13.599 I/MiuiSplitInputMethodImpl( 2504): Skpi check shouldUpdateImeTargetForBackScreen.
03-22 14:52:13.599 I/MiuiSplitInputMethodImpl( 2504): Skpi check shouldUpdateImeTargetForBackScreen.
03-22 14:52:13.599 I/MiuiSplitInputMethodImpl( 2504): Skpi check shouldUpdateImeTargetForBackScreen.
03-22 14:52:13.599 I/MiuiSplitInputMethodImpl( 2504): Skpi check shouldUpdateImeTargetForBackScreen.
03-22 14:52:13.599 I/MiuiSplitInputMethodImpl( 2504): Skpi check shouldUpdateImeTargetForBackScreen.
03-22 14:52:13.599 I/MiuiSplitInputMethodImpl( 2504): Skpi check shouldUpdateImeTargetForBackScreen.
03-22 14:52:13.599 I/MiuiSplitInputMethodImpl( 2504): Skpi check shouldUpdateImeTargetForBackScreen.
03-22 14:52:13.599 I/MiuiSplitInputMethodImpl( 2504): Skpi check shouldUpdateImeTargetForBackScreen.
03-22 14:52:13.599 W/InputMethodManagerService( 2504): Ignoring getInputMethodWindowVisibleHeight of uid 10190 : com.android.internal.inputmethod.IInputMethodClient$Stub$Proxy@63b1bef
03-22 14:52:13.600 D/ActivityManager( 2504): Logging startService for com.google.android.gms, stopped=false, firstLaunch=false, intent=Intent { act=com.google.android.gms.icing.START_STICKY xflg=0x4 cmp=com.google.android.gms/.icing.service.IndexWorkerService (has extras) }, r.app=ProcessRecord{58e4fd2 7691:com.google.android.gms/u0a129}
03-22 14:52:13.605 D/Aurogon ( 2504):  packageName = com.google.android.gms isAllowWakeUpList 
03-22 14:52:13.610 D/ActivityManager( 2504): Logging bindService for com.google.android.gms, stopped=false, firstLaunch=false
03-22 14:52:13.610 D/NetworkMetricsTracker( 2504): calcNWCause:0
03-22 14:52:13.624 D/ActivityManager( 2504): Logging startService for com.google.android.gms, stopped=false, firstLaunch=false, intent=Intent { act=com.google.android.gms.icing.START_STICKY xflg=0x4 cmp=com.google.android.gms/.icing.service.IndexWorkerService (has extras) }, r.app=ProcessRecord{58e4fd2 7691:com.google.android.gms/u0a129}
03-22 14:52:13.625 D/Aurogon ( 2504):  packageName = com.google.android.gms isAllowWakeUpList 
03-22 14:52:13.634 D/ActivityManager( 2504): Logging bindService for com.google.android.gms, stopped=false, firstLaunch=false
03-22 14:52:13.640 D/ActivityManager( 2504): Logging bindService for com.google.android.gms, stopped=false, firstLaunch=false
03-22 14:52:13.641 I/ShortcutService( 2504): Detected launcher: com.miui.home user: 0 from callingPackage: com.google.android.gms u1000/2504
03-22 14:52:13.642 D/ActivityManager( 2504): Logging bindService for com.google.android.gms, stopped=false, firstLaunch=false
03-22 14:52:13.643 D/ActivityManager( 2504): Logging bindService for com.google.android.gms, stopped=false, firstLaunch=false
03-22 14:52:13.648 D/ActivityManager( 2504): Logging bindService for com.google.android.gms, stopped=false, firstLaunch=false
03-22 14:52:13.651 I/ShortcutService( 2504): Detected launcher: com.miui.home user: 0 from callingPackage: com.google.android.gms u1000/2504
03-22 14:52:13.654 D/ActivityManager( 2504): Logging bindService for com.google.android.gms, stopped=false, firstLaunch=false
03-22 14:52:13.668 D/ActivityThread(12210): Package [com.rootguard.app] reported as REPLACED, but missing application info. Assuming REMOVED.
03-22 14:52:13.679 D/ActivityManager( 2504): Logging startService for com.google.android.gms, stopped=false, firstLaunch=false, intent=Intent { act=com.google.android.gms.icing.START_STICKY xflg=0x4 cmp=com.google.android.gms/.icing.service.IndexWorkerService (has extras) }, r.app=ProcessRecord{58e4fd2 7691:com.google.android.gms/u0a129}
03-22 14:52:13.680 D/Aurogon ( 2504):  packageName = com.google.android.gms isAllowWakeUpList 
03-22 14:52:13.740 W/AccessibilityWindowsPopulator( 2504): Windows change within in 2 frames continuously over 500 ms and notify windows changed immediately
03-22 14:52:13.813 D/IntervalStats( 2504): Unable to parse usage stats packages: [407, 432, 489, 518, 519, 520]
03-22 14:52:13.814 D/IntervalStats( 2504): Unable to parse usage stats packages: [432, 489]
03-22 14:52:13.814 D/IntervalStats( 2504): Unable to parse usage stats packages: [432, 489, 556]
03-22 14:52:13.816 D/IntervalStats( 2504): Unable to parse usage stats packages: [432, 489, 523, 531, 534, 537, 544, 549, 551, 553, 556]
03-22 14:52:13.817 D/IntervalStats( 2504): Unable to parse usage stats packages: [544, 548, 560, 561, 562, 563, 565, 566, 567]
03-22 14:52:13.818 D/IntervalStats( 2504): Unable to parse usage stats packages: [556, 567]
03-22 14:52:13.844 D/WallpaperControllerImpl( 2504): updateOffsetNoCrop: multiCrop=true pkg=com.miui.miwallpaper cropHint={} scroll=false
03-22 14:52:13.844 D/WallpaperControllerImpl( 2504): updateOffsetNoCrop: mWallpaperX=0.5f
03-22 14:52:13.844 D/MiuiWallpaperSurfaceAnimation( 2504): resetEnable curState: STARTED
03-22 14:52:13.844 D/MiuiWallpaperSurfaceAnimation( 2504): onAnimationEnd
03-22 14:52:13.844 D/MiuiWallpaperSurfaceAnimation( 2504): setAnimationState curState: IDLE
03-22 14:52:13.849 I/TransitionImpl( 2504): home mode = 2
03-22 14:52:13.849 I/TransitionImpl( 2504): home mode = 3
03-22 14:52:13.849 I/TransitionImpl( 2504): home mode = 2
03-22 14:52:13.849 I/TransitionImpl( 2504): home mode = 3
03-22 14:52:13.849 I/TransitionImpl( 2504): home mode = 2
03-22 14:52:13.849 I/TransitionImpl( 2504): home mode = 3
03-22 14:52:13.952 I/RemoteTransitionHandlerStubImpl( 5847): putCallback return, transition or wctCB is null.
03-22 14:52:13.957 D/MultiTaskingTaskRepository( 5847): onCloseTransitionFinish taskId=1140
03-22 14:52:13.957 D/MultiTaskingTaskRepository( 5847): removeMultiTaskingTaskInfo::taskInfo.taskId = 1140 current mMultiTaskingTaskInfoList: { ,1140 ,5 ,4 }
03-22 14:52:13.957 D/MultiTaskingTaskRepository( 5847): removeFullscreenTask::taskId = 1140
03-22 14:52:13.957 I/MultiTaskingTaskRepository( 5847): onCloseTransitionFinish::mMultiWindowTaskIdsInZOrder = [5, 4], mFullscreenTaskIdsInZOrder = []
03-22 14:52:13.957 D/MultiTaskingTransitionObserver( 5847): onTransitionFinished::transition = android.os.BinderProxy@42c8ca6 remoteFreeformTasks = []
03-22 14:52:13.957 D/MultiTaskingTransitionObserver( 5847): onTransitionFinished::mRunningTransitions = 0 mRemoteOpenFreeformTransitions = []
03-22 14:52:13.957 D/MulWinSwitchDecorViewModel( 5847): destroyWindowDecoration: taskId=1140 windowingMode=1 mWindowDecorByTaskId.size()=1 callers=com.android.wm.shell.freeform.FreeformTaskTransitionObserver.onTransitionFinished:62 com.android.wm.shell.transition.Transitions.onFinish:155 com.android.wm.shell.transition.Transitions.lambda$playTransition$3:1 com.android.wm.shell.transition.Transitions.$r8$lambda$96XCaSAhJXxB3nlVJy1TNPeH46k:1 com.android.wm.shell.transition.Transitions$$ExternalSyntheticLambda4.onTransitionFinished:10 
03-22 14:52:13.957 I/MultiTaskingTaskInfo( 5847): releaseCoverLayerControl::mTaskId = 1140
03-22 14:52:13.957 D/MiuiDecorationDot( 5847): releaseViews_TopCaption: taskId=1140
03-22 14:52:13.957 D/MiuiDecorationDot( 5847): releaseParentSurface_TopCaption: taskId=1140 mStatusBarParent=Surface(name=StatusBar Container of Task = 1140#7997)/@0x5a4d08a
03-22 14:52:13.958 D/MiuiDecorationBottom( 5847): releaseViews_BottomCaption: taskId=1140
03-22 14:52:13.958 D/MiuiDecorationBottom( 5847): releaseParentSurface_BottomCaption: taskId=1140 mNavBarParent=Surface(name=NavigationBar Container of Task = 1140#7996)/@0x37306fb
03-22 14:52:13.958 D/SoScUtils( 5847): monitorTransitionFinished transition:android.os.BinderProxy@42c8ca6 transaction: android.view.SurfaceControl$Transaction@a499bc1 mRequestCloseTransition:null mRequestOpenTransition:null mPairsOpenTransition:null mPairsOpenTransitionNull:null mRequestOpenTriggerTask:-1 mRequestCloseTriggerTask:-1 mOrientationTransition: null mPendingChange:null mMainStartingTask:-1 mSideStartingTask:-1
03-22 14:52:13.960 I/TransitionImpl( 2504): home mode = 2
03-22 14:52:13.960 I/TransitionImpl( 2504): home mode = 3
03-22 14:52:13.960 D/Transition( 2504): setToBackByHome for Task{1cc77fe #1140 type=standard A=10374:com.rootguard.app}
03-22 14:52:13.960 D/TaskStubImpl( 2504): setToBackByHome true for Task#1140
03-22 14:52:13.960 D/BarFollowAnimation( 2504): onTaskInfoChanedForCaptionBar Task{1cc77fe #1140 type=standard A=10374:com.rootguard.app} shouldbeVisible:false isVisible:false isOnTop:false windowMode:1 preDisplayId:-1 displayId:0 mCaptionAssociatedTask:null mIsTouchedInCaption:false
03-22 14:52:13.960 W/ActivityManager( 2504): pid 2504 system sent binder code 7 with flags 1 to frozen apps and got error -32
03-22 14:52:13.961 W/WindowManager( 2504): Exception thrown during dispatchAppVisibility Window{a10cbc5 u0 com.rootguard.app/com.rootguard.app.MainActivity EXITING}
03-22 14:52:13.961 W/WindowManager( 2504): android.os.DeadObjectException
03-22 14:52:13.961 W/WindowManager( 2504): 	at android.os.BinderProxy.transactNative(Native Method)
03-22 14:52:13.961 W/WindowManager( 2504): 	at android.os.BinderProxy.transact(BinderProxy.java:736)
03-22 14:52:13.961 W/WindowManager( 2504): 	at android.view.IWindow$Stub$Proxy.dispatchAppVisibility(IWindow.java:659)
03-22 14:52:13.961 W/WindowManager( 2504): 	at com.android.server.wm.WindowState.sendAppVisibilityToClients(WindowState.java:3610)
03-22 14:52:13.961 W/WindowManager( 2504): 	at com.android.server.wm.WindowContainer.sendAppVisibilityToClients(WindowContainer.java:1428)
03-22 14:52:13.961 W/WindowManager( 2504): 	at com.android.server.wm.WindowToken.setClientVisible(WindowToken.java:430)
03-22 14:52:13.961 W/WindowManager( 2504): 	at com.android.server.wm.ActivityRecord.setClientVisible(ActivityRecord.java:7749)
03-22 14:52:13.961 W/WindowManager( 2504): 	at com.android.server.wm.ActivityRecord.commitVisibility(ActivityRecord.java:6490)
03-22 14:52:13.961 W/WindowManager( 2504): 	at com.android.server.wm.Transition.finishTransition(Transition.java:1727)
03-22 14:52:13.961 W/WindowManager( 2504): 	at com.android.server.wm.TransitionController.finishTransition(TransitionController.java:1227)
03-22 14:52:13.961 W/WindowManager( 2504): 	at com.android.server.wm.WindowOrganizerController.finishTransition(WindowOrganizerController.java:630)
03-22 14:52:13.961 W/WindowManager( 2504): 	at android.window.IWindowOrganizerController$Stub.onTransact(IWindowOrganizerController.java:305)
03-22 14:52:13.961 W/WindowManager( 2504): 	at com.android.server.wm.WindowOrganizerController.onTransact(WindowOrganizerController.java:267)
03-22 14:52:13.961 W/WindowManager( 2504): 	at android.os.Binder.execTransactInternal(Binder.java:1433)
03-22 14:52:13.961 W/WindowManager( 2504): 	at android.os.Binder.execTransact(Binder.java:1372)
03-22 14:52:13.961 I/TransitionImpl( 2504): finishTransition: updateLastSurfacePosition tf=Task{1cc77fe #1140 type=standard A=10374:com.rootguard.app}
03-22 14:52:13.961 I/TransitionImpl( 2504): finishTransition: updateLastSurfacePosition tf=Task{462bb77 #1 type=home}
03-22 14:52:13.961 I/TransitionImpl( 2504): finishTransition: updateLastSurfacePosition tf=Task{c0cd317 #2 type=home I=com.miui.home/.launcher.Launcher}
03-22 14:52:13.962 W/AppCompatLetterboxPolicy( 2504): start not layout letterbox Window{7407ec8 u0 LauncherOverlayWindow:com.miui.personalassistant}
03-22 14:52:13.962 W/AppCompatLetterboxPolicy( 2504): start not layout letterbox Window{778e846 u0 LauncherOverlayWindow:com.android.quicksearchbox}
03-22 14:52:13.962 D/BarFollowAnimation( 2504): pairAppearanceRegionAndWin win=Window{fe986d6 u0 com.miui.home/com.miui.home.launcher.Launcher} 0
03-22 14:52:13.962 D/BarFollowAnimation( 2504): isAppTaskBarOnTop win:Window{fe986d6 u0 com.miui.home/com.miui.home.launcher.Launcher} (mCurrentTopTask:Task{1cc77fe #1140 type=standard A=10374:com.rootguard.app} : false); (mAssociatedTask:Task{1cc77fe #1140 type=standard A=10374:com.rootguard.app} : false); (mHomeTask:Task{462bb77 #1 type=home} : true); mReparentToOriginParent:false mLastAppBarVisible:false mLastHomeBarVisible:true
03-22 14:52:13.963 D/MiuiRefreshRatePolicy( 2504): reset
03-22 14:52:13.964 W/AppCompatLetterboxPolicy( 2504): start not layout letterbox Window{7407ec8 u0 LauncherOverlayWindow:com.miui.personalassistant}
03-22 14:52:13.965 W/AppCompatLetterboxPolicy( 2504): start not layout letterbox Window{778e846 u0 LauncherOverlayWindow:com.android.quicksearchbox}
03-22 14:52:13.965 D/BarFollowAnimation( 2504): pairAppearanceRegionAndWin win=Window{fe986d6 u0 com.miui.home/com.miui.home.launcher.Launcher} 0
03-22 14:52:13.965 D/BarFollowAnimation( 2504): isAppTaskBarOnTop win:Window{fe986d6 u0 com.miui.home/com.miui.home.launcher.Launcher} (mCurrentTopTask:Task{1cc77fe #1140 type=standard A=10374:com.rootguard.app} : false); (mAssociatedTask:Task{1cc77fe #1140 type=standard A=10374:com.rootguard.app} : false); (mHomeTask:Task{462bb77 #1 type=home} : true); mReparentToOriginParent:false mLastAppBarVisible:false mLastHomeBarVisible:true
03-22 14:52:13.965 D/MiuiRefreshRatePolicy( 2504): reset
03-22 14:52:13.966 W/AppCompatLetterboxPolicy( 2504): start not layout letterbox Window{7407ec8 u0 LauncherOverlayWindow:com.miui.personalassistant}
03-22 14:52:13.966 W/AppCompatLetterboxPolicy( 2504): start not layout letterbox Window{778e846 u0 LauncherOverlayWindow:com.android.quicksearchbox}
03-22 14:52:13.967 D/BarFollowAnimation( 2504): pairAppearanceRegionAndWin win=Window{fe986d6 u0 com.miui.home/com.miui.home.launcher.Launcher} 0
03-22 14:52:13.967 D/BarFollowAnimation( 2504): isAppTaskBarOnTop win:Window{fe986d6 u0 com.miui.home/com.miui.home.launcher.Launcher} (mCurrentTopTask:Task{1cc77fe #1140 type=standard A=10374:com.rootguard.app} : false); (mAssociatedTask:Task{1cc77fe #1140 type=standard A=10374:com.rootguard.app} : false); (mHomeTask:Task{462bb77 #1 type=home} : true); mReparentToOriginParent:false mLastAppBarVisible:false mLastHomeBarVisible:true
03-22 14:52:13.967 D/MiuiRefreshRatePolicy( 2504): reset
03-22 14:52:13.968 D/BarFollowAnimation( 2504): onTaskInfoChanedForCaptionBar Task{1cc77fe #1140 type=standard A=10374:com.rootguard.app} shouldbeVisible:false isVisible:false isOnTop:false windowMode:1 preDisplayId:-1 displayId:0 mCaptionAssociatedTask:null mIsTouchedInCaption:false
03-22 14:52:13.968 I/WindowManager( 2504): unsetColor Surface(name=Task=1140#7995)/@0xed727b9
03-22 14:52:13.969 D/BarFollowAnimation( 2504): onTaskValishedForCaptionBar Task{1cc77fe #1140 type=standard A=10374:com.rootguard.app}
03-22 14:52:13.970 I/DisplayModeDirectorImpl( 2504): SmartDisplayPolicyEnd
03-22 14:52:13.970 I/RemoteTransitionHandlerStubImpl( 5847): invokeAndRemoveWctCB transition is null, curWctCB: null
03-22 14:52:13.970 I/MultiTaskingTaskRepository( 5847): needSkip::taskInfo.baseActivity = null
03-22 14:52:13.970 D/WallpaperWindowTokenImpl( 2504): setVisibility for WallpaperWindowToken{d960831 showWhenLocked=true} isVisible=true mLastSurfaceShowing=false mEnforceApplyVisibility=true
03-22 14:52:13.971 W/ActivityTaskManager( 2504): Can't find TaskDisplayArea to determine support for multi window. Task id=1140 attached=false
03-22 14:52:13.971 W/ActivityTaskManager( 2504): Can't find TaskDisplayArea to determine support for multi window. Task id=1140 attached=false
03-22 14:52:13.972 I/MultiTaskingTaskRepository( 5847): onTaskVanished::taskId = 1140 mTasks: 1140, 8, 7, 6, 5, 4, 3, 1, 
03-22 14:52:13.972 D/MultiTaskingTaskRepository( 5847): removeMultiTaskingTaskInfo::taskInfo.taskId = 1140 current mMultiTaskingTaskInfoList: { ,5 ,4 }
03-22 14:52:13.972 I/MultiTaskingTaskRepository( 5847): onTaskVanished::mMultiWindowTaskIdsInZOrder = [5, 4], mFullscreenTaskIdsInZOrder = []
03-22 14:52:13.972 D/MulWinSwitchEventHandler( 5847): onForceStop taskId = 1140, type = TASK_VANISH, mTouchedTaskId = -1
03-22 14:52:13.972 D/BarFollowAnimation( 2504): reparentAppBarToBirthParent  mCurrentTopTaskisVisible:false mAssociatedTaskisVisible:false mHomeTaskisVisible:true
03-22 14:52:13.973 I/DisplayModeDirectorImpl( 2504): updateRefreshRateResultIfNeeded after:baseModeId=2 allowGroupSwitching=false primary=physical: (0.0 Infinity) render:  (0.0 120.0) appRequest=physical: (0.0 Infinity) render:  (0.0 120.0) idleScreenRefreshRateConfig=null mNormalModeSkipOveride: false
03-22 14:52:13.973 D/BarFollowAnimation( 2504): checkBarStatus mReparentToOriginParent:true hasTopFullAppTask:false mHomeTask:Task{462bb77 #1 type=home} mCurrentTopTask: Task{1cc77fe #1140 type=standard A=10374:com.rootguard.app} mAssociatedTask: null homeTaskonTop:true mLastAppBarVisible:false mLastHomeBarVisible:true isInSplitScreen:false
03-22 14:52:13.981 D/NetworkMetricsTracker( 2504): handleMessage:4
03-22 14:52:14.030 D/QcomSchedBoost( 2504): stopBoostInternal
03-22 14:52:14.035 D/QcomSchedBoost( 2504): stopBoostInternal
03-22 14:52:14.035 D/QcomSchedBoost( 2504): stopBoostInternal
03-22 14:52:14.366 D/ExternalInterface( 2504): setUidState, uid = 10345 allow = false
03-22 14:52:14.530 D/IntervalStats( 2504): Unable to parse usage stats packages: [357, 367, 369, 417, 424, 426, 435, 463, 466, 474, 489, 498, 501, 502, 507, 509, 513, 514]
03-22 14:52:14.536 D/IntervalStats( 2504): Unable to parse usage stats packages: [372, 407, 417, 426, 432, 435, 466, 489, 498, 501, 502, 504, 505, 507, 508, 509, 510, 516]
03-22 14:52:14.538 D/IntervalStats( 2504): Unable to parse usage stats packages: [407, 432, 489, 518, 519, 520]
03-22 14:52:14.541 D/IntervalStats( 2504): Unable to parse usage stats packages: [432, 489]
03-22 14:52:14.544 D/IntervalStats( 2504): Unable to parse usage stats packages: [432, 489, 556]
03-22 14:52:14.546 D/IntervalStats( 2504): Unable to parse usage stats packages: [432, 489, 523, 531, 534, 537, 544, 549, 551, 553, 556]
03-22 14:52:14.550 D/IntervalStats( 2504): Unable to parse usage stats packages: [544, 548, 560, 561, 562, 563, 565, 566, 567]
03-22 14:52:14.552 D/IntervalStats( 2504): Unable to parse usage stats packages: [556, 567]
03-22 14:52:14.564 I/ShortcutService( 2504): Detected launcher: com.miui.home user: 0 from callingPackage: com.miui.systemAdSolution u1000/2504
03-22 14:52:15.101 D/PerfShielderService( 2504): com.android.systemui|StatusBar|145|11738778149374|112|2|3
03-22 14:52:15.101 W/MiuiPerfServiceClient(12191): interceptAndQueuing:5847|com.android.systemui|145|112|11738778149374|Slow handle animation|3
03-22 14:52:15.613 D/NetworkMetricsTracker( 2504): calcNWCause:0
03-22 14:52:15.852 D/ActivityThread( 5583): Package [com.rootguard.app] reported as REPLACED, but missing application info. Assuming REMOVED.
03-22 14:52:15.854 D/ActivityThread( 5583): Package [com.rootguard.app] reported as REPLACED, but missing application info. Assuming REMOVED.
03-22 14:52:15.854 D/ExternalInterface( 2504): setUidState, uid = 10117 allow = true
03-22 14:52:15.859 D/ExternalInterface( 2504): setUidState, uid = 10221 allow = true
03-22 14:52:15.861 D/ExternalInterface( 2504): setUidState, uid = 10234 allow = true
03-22 14:52:15.863 D/ExternalInterface( 2504): setUidState, uid = 10252 allow = true
03-22 14:52:15.863 D/ActivityThread( 7514): Package [com.rootguard.app] reported as REPLACED, but missing application info. Assuming REMOVED.
03-22 14:52:15.864 D/ActivityThread( 6262): Package [com.rootguard.app] reported as REPLACED, but missing application info. Assuming REMOVED.
03-22 14:52:15.864 D/ActivityThread( 7514): Package [com.rootguard.app] reported as REPLACED, but missing application info. Assuming REMOVED.
03-22 14:52:15.865 D/ActivityThread(12737): Package [com.rootguard.app] reported as REPLACED, but missing application info. Assuming REMOVED.
03-22 14:52:15.865 D/ExternalInterface( 2504): setUidState, uid = 10332 allow = true
03-22 14:52:15.865 D/ActivityThread( 5822): Package [com.rootguard.app] reported as REPLACED, but missing application info. Assuming REMOVED.
03-22 14:52:15.866 D/ActivityThread( 6262): Package [com.rootguard.app] reported as REPLACED, but missing application info. Assuming REMOVED.
03-22 14:52:15.867 D/ExternalInterface( 2504): setUidState, uid = 10180 allow = true
03-22 14:52:15.867 D/ActivityThread(12737): Package [com.rootguard.app] reported as REPLACED, but missing application info. Assuming REMOVED.
03-22 14:52:15.867 D/ActivityThread( 5822): Package [com.rootguard.app] reported as REPLACED, but missing application info. Assuming REMOVED.
03-22 14:52:15.868 D/ExternalInterface( 2504): setUidState, uid = 10102 allow = true
03-22 14:52:15.868 D/ExternalInterface( 2504): setUidState, uid = 10189 allow = true
03-22 14:52:15.869 D/ExternalInterface( 2504): setUidState, uid = 10288 allow = true
03-22 14:52:15.869 D/ActivityThread(12495): Package [com.rootguard.app] reported as REPLACED, but missing application info. Assuming REMOVED.
03-22 14:52:15.870 D/ExternalInterface( 2504): setUidState, uid = 10094 allow = true
03-22 14:52:15.870 D/ActivityThread( 7777): Package [com.rootguard.app] reported as REPLACED, but missing application info. Assuming REMOVED.
03-22 14:52:15.871 D/ExternalInterface( 2504): setUidState, uid = 10131 allow = true
03-22 14:52:15.871 D/ActivityThread(28408): Package [com.rootguard.app] reported as REPLACED, but missing application info. Assuming REMOVED.
03-22 14:52:15.871 D/ActivityThread(12495): Package [com.rootguard.app] reported as REPLACED, but missing application info. Assuming REMOVED.
03-22 14:52:15.871 D/ActivityThread(16075): Package [com.rootguard.app] reported as REPLACED, but missing application info. Assuming REMOVED.
03-22 14:52:15.871 D/ActivityThread(28408): Package [com.rootguard.app] reported as REPLACED, but missing application info. Assuming REMOVED.
03-22 14:52:15.872 D/ActivityThread(26111): Package [com.rootguard.app] reported as REPLACED, but missing application info. Assuming REMOVED.
03-22 14:52:15.874 D/ExternalInterface( 2504): setUidState, uid = 10168 allow = true
03-22 14:52:15.874 D/ActivityThread(18918): Package [com.rootguard.app] reported as REPLACED, but missing application info. Assuming REMOVED.
03-22 14:52:15.874 D/ActivityThread(18918): Package [com.rootguard.app] reported as REPLACED, but missing application info. Assuming REMOVED.
03-22 14:52:15.869 D/ActivityThread(32176): Package [com.rootguard.app] reported as REPLACED, but missing application info. Assuming REMOVED.
03-22 14:52:15.874 D/ActivityThread( 7777): Package [com.rootguard.app] reported as REPLACED, but missing application info. Assuming REMOVED.
03-22 14:52:15.874 D/ActivityThread(16075): Package [com.rootguard.app] reported as REPLACED, but missing application info. Assuming REMOVED.
03-22 14:52:15.875 D/ActivityThread(32176): Package [com.rootguard.app] reported as REPLACED, but missing application info. Assuming REMOVED.
03-22 14:52:15.875 D/ExternalInterface( 2504): setUidState, uid = 10161 allow = true
03-22 14:52:15.875 D/ActivityThread(20195): Package [com.rootguard.app] reported as REPLACED, but missing application info. Assuming REMOVED.
03-22 14:52:15.875 D/ActivityThread(26111): Package [com.rootguard.app] reported as REPLACED, but missing application info. Assuming REMOVED.
03-22 14:52:15.876 D/ExternalInterface( 2504): setUidState, uid = 10127 allow = true
03-22 14:52:15.876 D/ActivityThread(26785): Package [com.rootguard.app] reported as REPLACED, but missing application info. Assuming REMOVED.
03-22 14:52:15.876 D/ActivityThread(20195): Package [com.rootguard.app] reported as REPLACED, but missing application info. Assuming REMOVED.
03-22 14:52:15.877 D/ActivityThread(32217): Package [com.rootguard.app] reported as REPLACED, but missing application info. Assuming REMOVED.
03-22 14:52:15.879 D/ExternalInterface( 2504): setUidState, uid = 10130 allow = true
03-22 14:52:15.881 D/ActivityThread(26785): Package [com.rootguard.app] reported as REPLACED, but missing application info. Assuming REMOVED.
03-22 14:52:15.881 D/ActivityThread(32217): Package [com.rootguard.app] reported as REPLACED, but missing application info. Assuming REMOVED.
03-22 14:52:15.882 D/GreezeCallback( 2504): thawedByOther uid=10332 pid=12737
03-22 14:52:15.882 D/GreezeCallback( 2504): thawedByOther uid=10288 pid=7777
03-22 14:52:15.883 D/GreezeManager( 2504): iso uid:10168 p:{26928} :false
03-22 14:52:15.883 D/ActivityThread(26928): Package [com.rootguard.app] reported as REPLACED, but missing application info. Assuming REMOVED.
03-22 14:52:15.883 D/GreezeManager( 2504): iso uid:10130 p:{32303} :false
03-22 14:52:15.884 D/ActivityThread(32303): Package [com.rootguard.app] reported as REPLACED, but missing application info. Assuming REMOVED.
03-22 14:52:15.884 D/ActivityThread(32303): Package [com.rootguard.app] reported as REPLACED, but missing application info. Assuming REMOVED.
03-22 14:52:15.886 D/ActivityThread(26928): Package [com.rootguard.app] reported as REPLACED, but missing application info. Assuming REMOVED.
03-22 14:52:16.249 I/SmartPower: com.android.permissioncontroller/10267(23190)( 2504): background->idle(3000ms) R(broadcast start Intent { act=android.intent.action.PACKAGE_ADDED dat=package: flg=0x4000010 pkg=com.android.permissioncontroller (has extras) }) adj=100.
03-22 14:52:16.265 I/SmartPower: com.miui.gallery/10283(7992)( 2504): background->idle(3000ms) R(content provider start ContentProviderRecord{ffbfcd5 u0 com.miui.gallery/.provider.GalleryOpenHelperProvider}) adj=800.
03-22 14:52:16.327 E/TaskPersister( 2504): File error accessing recents directory (directory doesn't exist?).
03-22 14:52:16.370 I/SmartPower: com.qualcomm.qti.workloadclassifier/10241(30356)( 2504): background->idle(3145ms) R(broadcast end Intent { act=android.intent.action.PACKAGE_REMOVED dat=package: flg=0x4000010 (has extras) }) adj=500.
03-22 14:52:16.516 I/SmartPower: com.miui.systemAdSolution/10169(20073)( 2504): background->idle(140991ms) R(broadcast start Intent { act=android.intent.action.PACKAGE_REMOVED dat=package: flg=0x4000010 (has extras) }) adj=100.
03-22 14:52:16.521 I/SmartPower: com.google.android.gms/10129(7691)( 2504): background->idle(3002ms) R(broadcast start Intent { act=android.intent.action.PACKAGE_REMOVED dat=package: flg=0x4000010 (has extras) }) adj=500.
03-22 14:52:16.524 I/SmartPower: com.xiaomi.market/10168(26111)( 2504): background->idle(3001ms) R(broadcast start Intent { act=android.intent.action.PACKAGE_REMOVED dat=package: flg=0x4000010 (has extras) }) adj=905.
03-22 14:52:16.526 I/SmartPower: android.process.acore/10085(23630)( 2504): background->idle(3001ms) R(broadcast start Intent { act=android.intent.action.PACKAGE_REMOVED dat=package: flg=0x4000010 (has extras) }) adj=925.
03-22 14:52:16.527 I/SmartPower: android.process.mediaUI/10268(30931)( 2504): background->idle(3000ms) R(broadcast start Intent { act=android.intent.action.PACKAGE_REMOVED dat=package: flg=0x4000010 (has extras) }) adj=925.
03-22 14:52:16.527 I/SmartPower: com.milink.service:audio/10174(8528)( 2504): background->idle(3000ms) R(broadcast start Intent { act=android.intent.action.PACKAGE_REMOVED dat=package: flg=0x4000010 (has extras) }) adj=100.
03-22 14:52:16.528 I/SmartPower: com.miui.voiceassist/10190(24299)( 2504): background->idle(3000ms) R(broadcast start Intent { act=android.intent.action.PACKAGE_REMOVED dat=package: flg=0x4000010 (has extras) }) adj=800.
03-22 14:52:16.529 I/SmartPower: com.xiaomi.aicr:actionprovider/10128(24955)( 2504): background->idle(3001ms) R(broadcast start Intent { act=android.intent.action.PACKAGE_REMOVED dat=package: flg=0x4000010 (has extras) }) adj=800.
03-22 14:52:17.616 D/NetworkMetricsTracker( 2504): calcNWCause:0
03-22 14:52:18.041 D/BroadcastQueue( 2504): Logging broadcast for com.miui.securitycenter, stopped=false, firstLaunch=false
03-22 14:52:18.784 I/ThermalObserver( 2504): Temperature control has been released.
03-22 14:52:19.399 D/ExternalInterface( 2504): setUidState, uid = 10345 allow = false
03-22 14:52:19.620 D/NetworkMetricsTracker( 2504): calcNWCause:0
03-22 14:52:20.649 I/SmartPower: com.google.android.gms/10129(7691)( 2504): idle->background(4127ms) R(service destroy com.google.android.gms/.chimera.GmsIntentOperationService) adj=500.
03-22 14:52:21.008 I/MiuiInputManagerService( 2504): pokeUserActivity display id 0
03-22 14:52:21.015 D/DisplayPowerControllerImpl( 2504): updateBrightnessChangeStatus: animating: true, displayState: 2, slowChange: false, appliedDimming: false, currentBrightness: 0.023904633, currentSdrBrightness: 0.023904633, targetBrightness: 0.49993792, targetSdrBrightness: 0.49993792, previousDisplayPolicy: 2, currentDisplayPolicy: 3
03-22 14:52:21.018 D/BrightnessDataProcessor( 2504): actualBrightness: 0.49993792originalBrightness: 0.49993792
03-22 14:52:21.018 I/DisplayPowerController[0]( 2504): Brightness [0.49993792] reason changing to: 'manual', previous reason: 'manual [ dim ]'.
03-22 14:52:21.019 I/DisplayPowerController[0]( 2504): BrightnessEvent: brt=0.49993792 (100.0%), nits= 499.9999, lux=-1.0, reason=manual, strat=InvalidBrightnessStrategy, state=ON, stateReason=DEFAULT_POLICY, policy=BRIGHT, flags=, initBrt=0.023904633, rcmdBrt=NaN, preBrt=NaN, preLux=0.0, wasShortTermModelActive=false, autoBrightness=false (default), unclampedBrt=0.49993792, hbmMax=0.499938, hbmMode=off, thrmMax=1.0, rbcStrength=50, powerFactor=1.0, physDisp=鍐呯疆灞忓箷(local:4630947256895775107), logicalId=0, slowChange=false, rampSpeed=0.3010011
03-22 14:52:21.500 D/AlarmManager( 2504): mBroadcastRefCount -> 1
03-22 14:52:21.505 D/BroadcastQueue( 2504): Logging broadcast for android, stopped=false, firstLaunch=false
03-22 14:52:21.507 D/AlarmManager( 2504): mBroadcastRefCount -> 0
03-22 14:52:21.507 D/AlarmManager( 2504): mPendingIntent -> PendingIntent{1905866: PendingIntentRecord{a48e7a7 android broadcastIntent}}
03-22 14:52:21.509 E/IMiCharge( 2504): MiCharge method 9 val = 337
03-22 14:52:21.511 E/IMiCharge( 2504): MiCharge method 10 val = 0
03-22 14:52:21.623 D/NetworkMetricsTracker( 2504): calcNWCause:0
03-22 14:52:22.227 D/BrightnessDataProcessor( 2504): actualBrightness: 0.49993792originalBrightness: 0.49993792
03-22 14:52:22.921 I/ProcessManager( 2504): getRenderThreadTidByPid, caller=2504
03-22 14:52:22.922 D/VRI[Launcher]( 5214): getMiuiFreeformStackInfo mTmpFrames.miuiFreeFormStackInfo: null
03-22 14:52:22.922 I/DisplayModeDirectorImpl( 2504): setSmartDisplayUpRefreshRatePolicy [0.0,120.0]
03-22 14:52:22.922 I/MiuiSplitInputMethodImpl( 2504): Skip onPointerDownOutsideFocusLocked
03-22 14:52:22.923 I/MiuiSplitInputMethodImpl( 2504): Skip onPointerDownOutsideFocusLocked
03-22 14:52:22.924 I/MiuiSplitInputMethodImpl( 2504): Skip onPointerDownOutsideFocusLocked
03-22 14:52:22.924 D/DisplayModeDirectorImpl( 2504): use smart display refresh rate policy false
03-22 14:52:22.924 I/DisplayModeDirectorImpl( 2504): updateRefreshRateResultIfNeeded after:baseModeId=2 allowGroupSwitching=false primary=physical: (0.0 Infinity) render:  (0.0 120.0) appRequest=physical: (0.0 Infinity) render:  (0.0 120.0) idleScreenRefreshRateConfig=null mNormalModeSkipOveride: false
03-22 14:52:22.928 D/PreStartingManager( 2504): Load bitmap start, fileName: /data/system_ce/0/pre_starting_bitmap/com.rootguard.app_0_normal_light.webp
03-22 14:52:22.928 I/PreStartFeedbackImpl( 2504): skip prestart processName: com.rootguard.app
03-22 14:52:22.928 D/MiuiFreeformModeGestureHandler( 5847): start handle MotionEvents:(387.75,308.25)
03-22 14:52:22.930 D/MiuiFreeformModeGestureHandler( 5847): handleMotionEvents mActiveMiuiFreeformTask null x: 387.75 y: 308.25 current miuiFreeformModeTaskInfo: 
03-22 14:52:22.930 D/MulWinSwitchDecorViewModel( 5847): touchedInSplitOrFullTaskId::topVisibleFullscreenTaskInfo = null
03-22 14:52:22.930 D/MulWinSwitchEventHandler( 5847): dispatchToFullOrSplitDecorationDot: touchedTaskId=-1
03-22 14:52:22.930 D/MulWinSwitchEventHandler( 5847): handleReceivedMotionEvent: mTouchedBottomTaskId=-1
03-22 14:52:22.941 D/PreStartingCapture( 2504): Load bitmap end, fileName: /data/system_ce/0/pre_starting_bitmap/com.rootguard.app_0_normal_light.webp  mBitmapDrawableCache: {com.rootguard.app=android.graphics.drawable.BitmapDrawable@ceb6d3a}
03-22 14:52:22.996 D/QcomSchedBoost( 2504): stopBoostInternal
03-22 14:52:22.996 D/QcomSchedBoost( 2504): stopBoostInternal
03-22 14:52:22.996 D/QcomSchedBoost( 2504): stopBoostInternal
03-22 14:52:23.001 E/PerfShielderService( 2504): onScenarioChanged start type: 296 time:12484106
03-22 14:52:23.003 W/XSpaceManagerServiceImpl( 2504): checkXSpaceControl, from:com.miui.home, to:com.rootguard.app, with act:android.intent.action.MAIN, callingUserId:0, toUserId:0
03-22 14:52:23.003 E/ActivityStarterImpl( 2504): checkDeviceGuardStartActivityPermission: request is null
03-22 14:52:23.003 I/SecurityManagerService( 2504): isVirtualDisplayActive caller=com.miui.home~10144, target=com.rootguard.app~10374~0
03-22 14:52:23.003 I/SecurityManagerService( 2504): find uiagent virtual display id=0
03-22 14:52:23.003 I/SecurityManagerService( 2504): no uiagent display, return
03-22 14:52:23.003 I/SecurityManagerService( 2504): isVirtualDisplayActive, should not intercept
03-22 14:52:23.004 D/MiuiEmbeddingWindow( 2504): blacklistedAppRunningOnPhone: package=com.rootguard.appisNotProjeciton=true isHavingJeppackDisabledConfig=false isRunningOnPhone=true isAppleConnection=false
03-22 14:52:23.004 D/MiuiEmbeddingWindow( 2504): MiuiEmbeddingWindowService: updateApplicationInfo for com.rootguard.app, blacklistedAppRunningOnPhone updated: clear
03-22 14:52:23.006 I/Perf[AppStartScene]( 2504): onSceneChangeNotify:Bundle[{hostingRecordName={com.rootguard.app/com.rootguard.app.MainActivity}, hostingRecordType=next-top-activity, uid=10374, type=0, state=1, processName=com.rootguard.app, packageName=com.rootguard.app}]
03-22 14:52:23.007 I/ActivityManager( 2504): Posting procStart msg for 0:com.rootguard.app/u0a374
03-22 14:52:23.007 W/OptProp ( 2504): Cannot read opt property android.window.PROPERTY_COMPAT_ALLOW_RESIZEABLE_ACTIVITY_OVERRIDES
03-22 14:52:23.007 W/OptProp ( 2504): Cannot read opt property android.window.PROPERTY_COMPAT_ALLOW_MIN_ASPECT_RATIO_OVERRIDE
03-22 14:52:23.007 W/ActivityManager( 2504): Unknown package:com.xiaomi.aiservice
03-22 14:52:23.008 I/AnimInterruptController( 2504): FIS notify Foresee interrupt start:471
03-22 14:52:23.008 I/AnimInterruptController( 2504): remove FO timeout
03-22 14:52:23.008 D/DisplayContentStubImpl( 2504): Remove FixedRotationTimeoutRunnable
03-22 14:52:23.008 D/BLASTSyncEngine( 2504): [DH_DEBUG]scheduleTimeout #472 success=true timeoutMs=5000 callback=com.android.server.wm.BLASTSyncEngine$SyncGroup$$ExternalSyntheticLambda2@9c58cde
03-22 14:52:23.008 D/AurogonImmobulusMode( 2504): launch app processName = com.rootguard.app uid = 10374
03-22 14:52:23.008 I/ActivityStarterImpl( 2504): isKeyguardEditor: false, newTransition: TransitionRecord{bbccebf id=472 type=OPEN flags=0x0}
03-22 14:52:23.008 D/WindowManager( 2504): Collecting in transition 472: ActivityRecord{219965836 u0 com.rootguard.app/.MainActivity init visibleRequested:false dc:null
03-22 14:52:23.008 I/ActivityStarterImpl( 2504): boost cold start activity for com.rootguard.app
03-22 14:52:23.010 D/MiuiFreeformServiceImpl( 2504): addLaunchFreeformActivityOptionIfNeed sourceFfas: null
03-22 14:52:23.010 D/MiuiFreeformServiceImpl( 2504): addLaunchFreeformActivityOptionIfNeed skip due to not find sourceTask: null sourceFfas: null sourceFreeFormActivity: ActivityRecord{75598259 u0 com.miui.home/.launcher.Launcher t2}
03-22 14:52:23.010 I/Perf[AppStartScene]( 2504): onSceneChangeNotify:Bundle[{hostingRecordName={com.rootguard.app/com.rootguard.app.MainActivity}, hostingRecordType=next-top-activity, pid=31903, uid=10374, type=0, state=2, processName=com.rootguard.app, packageName=com.rootguard.app}]
03-22 14:52:23.011 I/ATMSImpl( 2504): cacheTasksForDefaultDisplay size=1 topId=2
