03-22 14:52:27.380 I/AppsFilter( 2504): interaction: PackageSetting{e43fd89 com.rootguard.app/10374} -> PackageSetting{f10e19d com.google.android.printservice.recommendation/10153} BLOCKED
03-22 14:52:27.380 I/AppsFilter( 2504): interaction: PackageSetting{e43fd89 com.rootguard.app/10374} -> PackageSetting{b5c1612 com.MIUI.hook/10412} BLOCKED
03-22 14:52:27.380 I/AppsFilter( 2504): interaction: PackageSetting{e43fd89 com.rootguard.app/10374} -> PackageSetting{8db11e3 com.google.android.documentsui/10093} BLOCKED
03-22 14:52:27.380 I/AppsFilter( 2504): interaction: PackageSetting{e43fd89 com.rootguard.app/10374} -> PackageSetting{d4bf7e0 com.cmcc.simauthn/10402} BLOCKED
03-22 14:52:27.380 I/AppsFilter( 2504): interaction: PackageSetting{e43fd89 com.rootguard.app/10374} -> PackageSetting{61efa99 com.appbyme.app36512/10367} BLOCKED
03-22 14:52:27.380 I/AppsFilter( 2504): interaction: PackageSetting{e43fd89 com.rootguard.app/10374} -> PackageSetting{6e1815e com.google.android.accessibility.switchaccess/10184} BLOCKED
03-22 14:52:27.380 I/AppsFilter( 2504): interaction: PackageSetting{e43fd89 com.rootguard.app/10374} -> PackageSetting{22e93f com.sohu.inputmethod.sogou.xiaomi/10182} BLOCKED
03-22 14:52:27.380 I/AppsFilter( 2504): interaction: PackageSetting{e43fd89 com.rootguard.app/10374} -> PackageSetting{7a8b20c com.xiaomi.router/10420} BLOCKED
03-22 14:52:27.380 I/AppsFilter( 2504): interaction: PackageSetting{e43fd89 com.rootguard.app/10374} -> PackageSetting{a5ba755 com.baidu.BaiduMap/10381} BLOCKED
03-22 14:52:27.380 I/AppsFilter( 2504): interaction: PackageSetting{e43fd89 com.rootguard.app/10374} -> PackageSetting{6c0556a com.android.providers.partnerbookmarks/10097} BLOCKED
03-22 14:52:27.380 I/AppsFilter( 2504): interaction: PackageSetting{e43fd89 com.rootguard.app/10374} -> PackageSetting{3e6da5b com.android.smspush/10234} BLOCKED
03-22 14:52:27.381 I/AppsFilter( 2504): interaction: PackageSetting{e43fd89 com.rootguard.app/10374} -> PackageSetting{d34e2f8 com.example.businesshall/10397} BLOCKED
03-22 14:52:27.381 I/AppsFilter( 2504): interaction: PackageSetting{e43fd89 com.rootguard.app/10374} -> PackageSetting{7c63d1 com.miui.calculator/10274} BLOCKED
03-22 14:52:27.381 I/AppsFilter( 2504): interaction: PackageSetting{e43fd89 com.rootguard.app/10374} -> PackageSetting{65e36 com.coolapk.market/10391} BLOCKED
03-22 14:52:27.381 I/AppsFilter( 2504): interaction: PackageSetting{e43fd89 com.rootguard.app/10374} -> PackageSetting{72ec137 com.android.wallpaper.livepicker/10092} BLOCKED
03-22 14:52:27.381 I/AppsFilter( 2504): interaction: PackageSetting{e43fd89 com.rootguard.app/10374} -> PackageSetting{55136a4 com.pingan.carowner/10422} BLOCKED
03-22 14:52:27.381 I/AppsFilter( 2504): interaction: PackageSetting{e43fd89 com.rootguard.app/10374} -> PackageSetting{9126c0d com.android.apps.tag/10101} BLOCKED
03-22 14:52:27.381 I/AppsFilter( 2504): interaction: PackageSetting{e43fd89 com.rootguard.app/10374} -> PackageSetting{5737f3 com.chinamworld.main/10363} BLOCKED
03-22 14:52:27.381 I/AppsFilter( 2504): interaction: PackageSetting{e43fd89 com.rootguard.app/10374} -> PackageSetting{7c26ac6 com.android.imsserviceentitlement/10125} BLOCKED
03-22 14:52:27.381 I/AppsFilter( 2504): interaction: PackageSetting{e43fd89 com.rootguard.app/10374} -> PackageSetting{8d227c2 org.frknkrc44.hma_oss/10311} BLOCKED
03-22 14:52:27.381 I/AppsFilter( 2504): interaction: PackageSetting{e43fd89 com.rootguard.app/10374} -> PackageSetting{ba439d3 com.xiaomi.gamecenter/10284} BLOCKED
03-22 14:52:27.381 I/AppsFilter( 2504): interaction: PackageSetting{e43fd89 com.rootguard.app/10374} -> PackageSetting{abd1910 com.android.appsearch.apk/10249} BLOCKED
03-22 14:52:27.381 I/AppsFilter( 2504): interaction: PackageSetting{e43fd89 com.rootguard.app/10374} -> PackageSetting{286bc09 com.larus.nova/10416} BLOCKED
03-22 14:52:27.381 I/AppsFilter( 2504): interaction: PackageSetting{e43fd89 com.rootguard.app/10374} -> PackageSetting{89efe0e com.cainiao.wireless/10394} BLOCKED
03-22 14:52:27.381 I/AppsFilter( 2504): interaction: PackageSetting{e43fd89 com.rootguard.app/10374} -> PackageSetting{9eea02f com.miui.cleanmaster/10277} BLOCKED
03-22 14:52:27.381 I/AppsFilter( 2504): interaction: PackageSetting{e43fd89 com.rootguard.app/10374} -> PackageSetting{2c2b63c com.ss.android.ugc.livepro/10370} BLOCKED
03-22 14:52:27.381 I/AppsFilter( 2504): interaction: PackageSetting{e43fd89 com.rootguard.app/10374} -> PackageSetting{ed60fc5 com.miui.miwallpaper.geometry/10398} BLOCKED
03-22 14:52:27.382 I/AppsFilter( 2504): interaction: PackageSetting{e43fd89 com.rootguard.app/10374} -> PackageSetting{150ed1a com.netease.mail/10372} BLOCKED
03-22 14:52:27.382 I/AppsFilter( 2504): interaction: PackageSetting{e43fd89 com.rootguard.app/10374} -> PackageSetting{14bb88c com.miui.weather2/10332} BLOCKED
03-22 14:52:27.382 I/AppsFilter( 2504): interaction: PackageSetting{e43fd89 com.rootguard.app/10374} -> PackageSetting{b22fa28 cn.gov.chinatax.gt4.app/10431} BLOCKED
03-22 14:52:27.382 I/AppsFilter( 2504): interaction: PackageSetting{e43fd89 com.rootguard.app/10374} -> PackageSetting{90ce341 com.jingdong.app.mall/10345} BLOCKED
03-22 14:52:27.382 I/AppsFilter( 2504): interaction: PackageSetting{e43fd89 com.rootguard.app/10374} -> PackageSetting{d00c0e6 com.tencent.tmgp.plantsvszombies3.mengxing/10428} BLOCKED
03-22 14:52:27.382 I/AppsFilter( 2504): interaction: PackageSetting{e43fd89 com.rootguard.app/10374} -> PackageSetting{bfc6627 com.autonavi.minimap/10333} BLOCKED
03-22 14:52:27.382 I/AppsFilter( 2504): interaction: PackageSetting{e43fd89 com.rootguard.app/10374} -> PackageSetting{ac190d4 com.xiaomi.scanner/10302} BLOCKED
03-22 14:52:27.382 I/AppsFilter( 2504): interaction: PackageSetting{e43fd89 com.rootguard.app/10374} -> PackageSetting{683727d com.duokan.reader/10281} BLOCKED
03-22 14:52:27.382 I/AppsFilter( 2504): interaction: PackageSetting{e43fd89 com.rootguard.app/10374} -> PackageSetting{c880572 com.cmri.universalapp/10336} BLOCKED
03-22 14:52:27.382 I/AppsFilter( 2504): interaction: PackageSetting{e43fd89 com.rootguard.app/10374} -> PackageSetting{b0243dc com.android.cts.ctsshim/10248} BLOCKED
03-22 14:52:27.382 I/AppsFilter( 2504): interaction: PackageSetting{e43fd89 com.rootguard.app/10374} -> PackageSetting{fbf3dc3 com.miui.mediaeditor/10272} BLOCKED
03-22 14:52:27.383 I/AppsFilter( 2504): interaction: PackageSetting{e43fd89 com.rootguard.app/10374} -> PackageSetting{110e640 com.tencent.wemeet.app/10395} BLOCKED
03-22 14:52:27.383 I/AppsFilter( 2504): interaction: PackageSetting{e43fd89 com.rootguard.app/10374} -> PackageSetting{fd9b979 io.github.vvb2060.keyattestation/10308} BLOCKED
03-22 14:52:27.383 I/AppsFilter( 2504): interaction: PackageSetting{e43fd89 com.rootguard.app/10374} -> PackageSetting{2cd06be com.miui.yellowpage/10138} BLOCKED
03-22 14:52:27.383 I/AppsFilter( 2504): interaction: PackageSetting{e43fd89 com.rootguard.app/10374} -> PackageSetting{e4df31f cn.kuwo.player/10356} BLOCKED
03-22 14:52:27.383 I/AppsFilter( 2504): interaction: PackageSetting{e43fd89 com.rootguard.app/10374} -> PackageSetting{3e266c io.github.huskydg.memorydetector/10273} BLOCKED
03-22 14:52:27.383 I/AppsFilter( 2504): interaction: PackageSetting{e43fd89 com.rootguard.app/10374} -> PackageSetting{76e7991 com.android.microdroid.empty_payload/10260} BLOCKED
03-22 14:52:27.383 I/AppsFilter( 2504): interaction: PackageSetting{e43fd89 com.rootguard.app/10374} -> PackageSetting{db37435 com.modify.installer/10401} BLOCKED
03-22 14:52:27.383 I/AppsFilter( 2504): interaction: PackageSetting{e43fd89 com.rootguard.app/10374} -> PackageSetting{8ced0ca cn.gov.zcy.supplier.client/10338} BLOCKED
03-22 14:52:27.383 I/AppsFilter( 2504): interaction: PackageSetting{e43fd89 com.rootguard.app/10374} -> PackageSetting{9e8a23b com.android.email/10279} BLOCKED
03-22 14:52:27.383 I/AppsFilter( 2504): interaction: PackageSetting{e43fd89 com.rootguard.app/10374} -> PackageSetting{e1d3d58 cn.com.hkgt.gasapp/10365} BLOCKED
03-22 14:52:27.384 I/AppsFilter( 2504): interaction: PackageSetting{e43fd89 com.rootguard.app/10374} -> PackageSetting{5341eb1 com.android.hotspot2.osulogin/10254} BLOCKED
03-22 14:52:27.384 I/AppsFilter( 2504): interaction: PackageSetting{e43fd89 com.rootguard.app/10374} -> PackageSetting{d093c5a com.android.companiondevicemanager.auto_generated_characteristics_rro/10005} BLOCKED
03-22 14:52:27.384 I/AppsFilter( 2504): interaction: PackageSetting{e43fd89 com.rootguard.app/10374} -> PackageSetting{6712f96 com.google.android.gms.location.history/10152} BLOCKED
03-22 14:52:27.384 I/AppsFilter( 2504): interaction: PackageSetting{e43fd89 com.rootguard.app/10374} -> PackageSetting{fe7fb68 com.android.internal.systemui.navbar.gestural/10050} BLOCKED
03-22 14:52:27.384 I/AppsFilter( 2504): interaction: PackageSetting{e43fd89 com.rootguard.app/10374} -> PackageSetting{eb52717 cn.nokia.speedtest5g/10392} BLOCKED
03-22 14:52:27.384 I/AppsFilter( 2504): interaction: PackageSetting{e43fd89 com.rootguard.app/10374} -> PackageSetting{7d4d704 com.android.deskclock/10280} BLOCKED
03-22 14:52:27.384 I/AppsFilter( 2504): interaction: PackageSetting{e43fd89 com.rootguard.app/10374} -> PackageSetting{3af4ed com.android.bluetoothmidiservice/10105} BLOCKED
03-22 14:52:27.384 I/AppsFilter( 2504): interaction: PackageSetting{e43fd89 com.rootguard.app/10374} -> PackageSetting{c08af22 com.miui.voiceassistProxy/10301} BLOCKED
03-22 14:52:27.384 I/AppsFilter( 2504): interaction: PackageSetting{e43fd89 com.rootguard.app/10374} -> PackageSetting{b5b1db3 com.baidu.netdisk/10400} BLOCKED
03-22 14:52:27.384 I/AppsFilter( 2504): interaction: PackageSetting{e43fd89 com.rootguard.app/10374} -> PackageSetting{44a5f70 com.taobao.taobao/10396} BLOCKED
03-22 14:52:27.384 I/AppsFilter( 2504): interaction: PackageSetting{e43fd89 com.rootguard.app/10374} -> PackageSetting{d5ef2e9 com.chinamobile.mcloud/10346} BLOCKED
03-22 14:52:27.385 I/AppsFilter( 2504): interaction: PackageSetting{e43fd89 com.rootguard.app/10374} -> PackageSetting{ecccf80 com.qualcomm.qti.server.wigig.tethering.rro/10236} BLOCKED
03-22 14:52:27.385 I/AppsFilter( 2504): interaction: PackageSetting{e43fd89 com.rootguard.app/10374} -> PackageSetting{8a69b6e com.miui.newmidrive/10282} BLOCKED
03-22 14:52:27.385 I/AppsFilter( 2504): interaction: PackageSetting{e43fd89 com.rootguard.app/10374} -> PackageSetting{75fe20f tv.danmaku.bili/10364} BLOCKED
03-22 14:52:27.385 I/AppsFilter( 2504): interaction: PackageSetting{e43fd89 com.rootguard.app/10374} -> PackageSetting{14e029c com.android.captiveportallogin/10106} BLOCKED
03-22 14:52:27.385 I/AppsFilter( 2504): interaction: PackageSetting{e43fd89 com.rootguard.app/10374} -> PackageSetting{3aad4a5 com.eg.android.AlipayGphone/10393} BLOCKED
03-22 14:52:27.385 I/AppsFilter( 2504): interaction: PackageSetting{e43fd89 com.rootguard.app/10374} -> PackageSetting{3219bcb com.github.metacubex.clash.meta/10344} BLOCKED
03-22 14:52:27.385 I/AppsFilter( 2504): interaction: PackageSetting{e43fd89 com.rootguard.app/10374} -> PackageSetting{342902b com.hanweb.android.jszwfw.activity/10349} BLOCKED
03-22 14:52:27.385 I/AppsFilter( 2504): interaction: PackageSetting{e43fd89 com.rootguard.app/10374} -> PackageSetting{786ac88 cn.wps.moffice_eng/10378} BLOCKED
03-22 14:52:27.385 I/AppsFilter( 2504): interaction: PackageSetting{e43fd89 com.rootguard.app/10374} -> PackageSetting{6191621 com.greenpoint.android.mc10086.activity/10347} BLOCKED
03-22 14:52:27.385 I/AppsFilter( 2504): interaction: PackageSetting{e43fd89 com.rootguard.app/10374} -> PackageSetting{bf2aa46 com.miui.core/10191} BLOCKED
03-22 14:52:27.498 D/PerfShielderService( 2504): com.rootguard.app|com.rootguard.app/com.rootguard.app.MainActivity|279|11752069235567|188|2|4
03-22 14:52:27.503 W/MiuiPerfServiceClient(12191): interceptAndQueuing:31903|com.rootguard.app|279|188|11752069235567|Slow handle animation|4
03-22 14:52:27.629 D/NetworkMetricsTracker( 2504): calcNWCause:0
03-22 14:52:27.849 W/ActivityTaskManager( 2504): MANAGE_ACTIVITY_STACKS is deprecated, please use alternative permission: MANAGE_ACTIVITY_TASKS
03-22 14:52:28.383 I/ActivityManager( 2504): Waited long enough for: ServiceRecord{557ec66 u0 com.qualcomm.qti.workloadclassifier/.WLCService c:com.qualcomm.qti.workloadclassifier}
03-22 14:52:28.677 I/ActivityManager( 2504): unbindService com.android.server.am.ActiveServices@c9d1992 conn=android.os.BinderProxy@8c3564f callingPid=7691
03-22 14:52:28.679 I/ActivityManager( 2504): unbindService com.android.server.am.ActiveServices@c9d1992 conn=android.os.BinderProxy@d4a436f callingPid=7691
03-22 14:52:28.681 I/ActivityManager( 2504): unbindService com.android.server.am.ActiveServices@c9d1992 conn=android.os.BinderProxy@dcb9661 callingPid=7691
03-22 14:52:28.682 I/ActivityManager( 2504): unbindService com.android.server.am.ActiveServices@c9d1992 conn=android.os.BinderProxy@efa935c callingPid=7691
03-22 14:52:28.683 I/ActivityManager( 2504): unbindService com.android.server.am.ActiveServices@c9d1992 conn=android.os.BinderProxy@725caf9 callingPid=7691
03-22 14:52:28.718 I/ActivityManager( 2504): unbindService com.android.server.am.ActiveServices@c9d1992 conn=android.os.BinderProxy@ad8e9e5 callingPid=6589
03-22 14:52:28.721 I/ActivityManager( 2504): unbindService com.android.server.am.ActiveServices@c9d1992 conn=android.os.BinderProxy@93d7114 callingPid=5214
03-22 14:52:28.723 I/ActivityManager( 2504): unbindService com.android.server.am.ActiveServices@c9d1992 conn=android.os.BinderProxy@c215cc callingPid=6589
03-22 14:52:28.725 I/ActivityManager( 2504): unbindService com.android.server.am.ActiveServices@c9d1992 conn=android.os.BinderProxy@269817d callingPid=6589
03-22 14:52:28.785 I/ThermalObserver( 2504): Temperature control has been released.
03-22 14:52:28.865 W/ActivityTaskManager( 2504): MANAGE_ACTIVITY_STACKS is deprecated, please use alternative permission: MANAGE_ACTIVITY_TASKS
03-22 14:52:28.929 D/GreezeManager( 2504): Uid 10144 was show on screen, skip it
03-22 14:52:28.929 D/PolicyMaker( 2504): uid =10144 pkg=com.miui.home reason=VISIBLE_APP
03-22 14:52:29.268 D/QcomSchedBoost( 2504): stopBoostInternal
03-22 14:52:29.270 D/QcomSchedBoost( 2504): stopBoostInternal
03-22 14:52:29.418 D/ExternalInterface( 2504): setUidState, uid = 10345 allow = false
03-22 14:52:29.633 D/NetworkMetricsTracker( 2504): calcNWCause:0
03-22 14:52:31.644 D/NetworkMetricsTracker( 2504): calcNWCause:0
03-22 14:52:31.727 I/SmartPower: com.google.android.gms/10129(7691)( 2504): background->idle(11078ms) R(adj below visible) adj=600.
03-22 14:52:33.383 I/DexOptHelperImpl( 2504): Skip dexopt, pkg is already speed-profile or run-from-apk
03-22 14:52:33.649 D/NetworkMetricsTracker( 2504): calcNWCause:0
03-22 14:52:34.435 D/ExternalInterface( 2504): setUidState, uid = 10345 allow = false
03-22 14:52:35.653 D/NetworkMetricsTracker( 2504): calcNWCause:0
03-22 14:52:37.654 D/NetworkMetricsTracker( 2504): calcNWCause:0
03-22 14:52:38.788 I/ThermalObserver( 2504): Temperature control has been released.
03-22 14:52:39.475 D/ExternalInterface( 2504): setUidState, uid = 10345 allow = false
03-22 14:52:39.658 D/NetworkMetricsTracker( 2504): calcNWCause:0
03-22 14:52:41.660 D/NetworkMetricsTracker( 2504): calcNWCause:0
03-22 14:52:41.710 D/AlarmManager( 2504): mBroadcastRefCount -> 1
03-22 14:52:41.715 I/ExtM    ( 2504): mark duration up to 2m , try to mark.
03-22 14:52:41.715 D/MFZ     ( 2504): Start Mark
03-22 14:52:41.717 D/MFZ     ( 2504): Mark Finshed ! idle_stats: 904 13983 509 281 10508 4306 23 8843 46 126423
03-22 14:52:41.717 D/ExtM    ( 2504): Start marking ...
03-22 14:52:41.717 W/ExtM    ( 2504): Mark thread start 
03-22 14:52:41.723 D/BroadcastQueue( 2504): Logging broadcast for android, stopped=false, firstLaunch=false
03-22 14:52:41.726 D/AlarmManager( 2504): mBroadcastRefCount -> 0
03-22 14:52:41.726 D/AlarmManager( 2504): mPendingIntent -> PendingIntent{9fa94d0: PendingIntentRecord{9849bb9 android broadcastIntent}}
03-22 14:52:41.729 D/vold    (31868): maxCpuFreq3148800
03-22 14:52:41.730 D/vold    (31868): maxCpuFreq2956800
03-22 14:52:41.730 D/vold    (31868): set cpu affinity policy success
03-22 14:52:42.229 W/ExtM    ( 2504): Mark finished with status: 0
03-22 14:52:43.018 D/GreezeManager( 2504): Uid 10374 was show on screen, skip it
03-22 14:52:43.019 D/PolicyMaker( 2504): uid =10374 pkg=com.rootguard.app reason=VISIBLE_APP
03-22 14:52:43.664 D/NetworkMetricsTracker( 2504): calcNWCause:0
03-22 14:52:44.518 D/ExternalInterface( 2504): setUidState, uid = 10345 allow = false
03-22 14:52:45.669 D/NetworkMetricsTracker( 2504): calcNWCause:0
03-22 14:52:47.672 D/NetworkMetricsTracker( 2504): calcNWCause:0
03-22 14:52:48.261 D/HyperStabilitySdkService( 2504): checkDmabufStatus done, exceedLimitsList:[], totalDmabufSize:0
03-22 14:52:48.799 I/ThermalObserver( 2504): Temperature control has been released.
03-22 14:52:49.555 D/ExternalInterface( 2504): setUidState, uid = 10345 allow = false
03-22 14:52:49.677 D/NetworkMetricsTracker( 2504): calcNWCause:0
03-22 14:52:50.757 I/SmartPower: com.android.mms:mms_service/10142(22039)( 2504): idle->background(267070ms) R(alarm start) adj=600.
03-22 14:52:50.757 I/SmartPower: com.android.mms/10142(32110)( 2504): idle->background(267071ms) R(alarm start) adj=935.
03-22 14:52:50.760 D/AlarmManager( 2504): mBroadcastRefCount -> 1
03-22 14:52:50.779 D/BroadcastQueue( 2504): Logging broadcast for android, stopped=false, firstLaunch=false
03-22 14:52:50.782 D/BroadcastQueue( 2504): Logging broadcast for com.android.mms, stopped=false, firstLaunch=false
03-22 14:52:50.783 D/AlarmManager( 2504): mBroadcastRefCount -> 0
03-22 14:52:50.783 D/AlarmManager( 2504): mPendingIntent -> PendingIntent{6019b32: PendingIntentRecord{bbca56e com.android.mms broadcastIntent}}
03-22 14:52:51.508 D/AlarmManager( 2504): mBroadcastRefCount -> 1
03-22 14:52:51.516 D/BroadcastQueue( 2504): Logging broadcast for android, stopped=false, firstLaunch=false
03-22 14:52:51.518 D/AlarmManager( 2504): mBroadcastRefCount -> 0
03-22 14:52:51.518 D/AlarmManager( 2504): mPendingIntent -> PendingIntent{1905866: PendingIntentRecord{a48e7a7 android broadcastIntent}}
03-22 14:52:51.520 E/IMiCharge( 2504): MiCharge method 9 val = 337
03-22 14:52:51.523 E/IMiCharge( 2504): MiCharge method 10 val = 0
03-22 14:52:51.680 D/NetworkMetricsTracker( 2504): calcNWCause:0
03-22 14:52:53.701 D/NetworkMetricsTracker( 2504): calcNWCause:0
03-22 14:52:53.760 I/SmartPower: com.android.mms:mms_service/10142(22039)( 2504): background->idle(3003ms) R(alarm start) adj=600.
03-22 14:52:53.761 I/SmartPower: com.android.mms/10142(32110)( 2504): background->idle(3003ms) R(alarm start) adj=905.
03-22 14:52:54.581 D/ExternalInterface( 2504): setUidState, uid = 10345 allow = false
03-22 14:52:55.705 D/NetworkMetricsTracker( 2504): calcNWCause:0
03-22 14:52:57.708 D/NetworkMetricsTracker( 2504): calcNWCause:0
03-22 14:52:58.427 W/EventThreadInspector( 2119): slow VSync-app on display(4630947256895775107) count=1, avg=30 ms, max=30 ms.
03-22 14:52:58.805 I/ThermalObserver( 2504): Temperature control has been released.
03-22 14:52:59.613 D/ExternalInterface( 2504): setUidState, uid = 10345 allow = false
03-22 14:52:59.712 D/NetworkMetricsTracker( 2504): calcNWCause:0
03-22 14:53:00.010 D/BroadcastQueue( 2504): Logging broadcast for com.android.systemui, stopped=false, firstLaunch=false
03-22 14:53:00.011 D/AlarmManager( 2504): mBroadcastRefCount -> 1
03-22 14:53:00.014 D/BroadcastQueue( 2504): Logging broadcast for com.android.systemui, stopped=false, firstLaunch=false
03-22 14:53:00.016 D/BroadcastQueue( 2504): Logging broadcast for com.android.systemui, stopped=false, firstLaunch=false
03-22 14:53:00.016 D/AlarmManager( 2504): mBroadcastRefCount -> 0
03-22 14:53:00.017 D/AlarmManager( 2504): mPendingIntent -> null
03-22 14:53:00.018 D/BroadcastQueue( 2504): Logging broadcast for com.android.systemui, stopped=false, firstLaunch=false
03-22 14:53:00.020 D/BroadcastQueue( 2504): Logging broadcast for com.android.systemui, stopped=false, firstLaunch=false
03-22 14:53:00.251 D/ActivityManager( 2504): Logging startService for com.miui.analytics, stopped=false, firstLaunch=false, intent=Intent { act=onetrack.action.TRACK_EVENT flg=0x2 xflg=0x4 pkg=com.miui.analytics (has extras) }, r.app=ProcessRecord{1a35688 13130:com.miui.analytics/u0a145}
03-22 14:53:00.254 D/ActivityManager( 2504): Logging startService for com.miui.analytics, stopped=false, firstLaunch=false, intent=Intent { act=onetrack.action.TRACK_EVENT flg=0x2 xflg=0x4 pkg=com.miui.analytics (has extras) }, r.app=ProcessRecord{1a35688 13130:com.miui.analytics/u0a145}
03-22 14:53:00.340 W/BatteryStatsImpl( 2504): noteBluetoothScanStartedLocked deltaScanCount: 594 uid:1002
03-22 14:53:00.349 D/ActivityManager( 2504): Logging startService for com.miui.analytics, stopped=false, firstLaunch=false, intent=Intent { act=onetrack.action.TRACK_EVENT flg=0x2 xflg=0x4 pkg=com.miui.analytics (has extras) }, r.app=ProcessRecord{1a35688 13130:com.miui.analytics/u0a145}
03-22 14:53:00.355 W/BatteryStatsImpl( 2504): noteBluetoothScanStartedLocked deltaScanCount: 595 uid:1002
03-22 14:53:00.362 D/ActivityManager( 2504): Logging startService for com.miui.analytics, stopped=false, firstLaunch=false, intent=Intent { act=onetrack.action.TRACK_EVENT flg=0x2 xflg=0x4 pkg=com.miui.analytics (has extras) }, r.app=ProcessRecord{1a35688 13130:com.miui.analytics/u0a145}
03-22 14:53:00.809 D/BroadcastQueue( 2504): Logging broadcast for android, stopped=false, firstLaunch=false
03-22 14:53:01.522 D/BroadcastQueue( 2504): Logging broadcast for android, stopped=false, firstLaunch=false
03-22 14:53:01.716 D/NetworkMetricsTracker( 2504): calcNWCause:0
03-22 14:53:03.720 D/NetworkMetricsTracker( 2504): calcNWCause:0
03-22 14:53:04.643 D/ExternalInterface( 2504): setUidState, uid = 10345 allow = false
03-22 14:53:05.724 D/NetworkMetricsTracker( 2504): calcNWCause:0
03-22 14:53:07.728 D/NetworkMetricsTracker( 2504): calcNWCause:0
03-22 14:53:08.810 I/ThermalObserver( 2504): Temperature control has been released.
03-22 14:53:09.688 D/ExternalInterface( 2504): setUidState, uid = 10345 allow = false
03-22 14:53:09.731 D/NetworkMetricsTracker( 2504): calcNWCause:0
03-22 14:53:11.459 I/ProcessManager( 2504): getRenderThreadTidByPid, caller=2504
03-22 14:53:11.464 D/VRI[MainActivity](31903): getMiuiFreeformStackInfo mTmpFrames.miuiFreeFormStackInfo: null
03-22 14:53:11.466 I/ProcessManager( 2504): getRenderThreadTidByPid, caller=2504
03-22 14:53:11.474 I/MiuiSplitInputMethodImpl( 2504): Skip onPointerDownOutsideFocusLocked
03-22 14:53:11.474 I/MiuiSplitInputMethodImpl( 2504): Skip onPointerDownOutsideFocusLocked
03-22 14:53:11.475 I/MiuiSplitInputMethodImpl( 2504): Skip onPointerDownOutsideFocusLocked
03-22 14:53:11.476 I/ProcessManager( 2504): getRenderThreadTidByPid, caller=2504
03-22 14:53:11.478 D/MiuiFreeformModeGestureHandler( 5847): start handle MotionEvents:(1008.0,1737.75)
03-22 14:53:11.478 D/MiuiFreeformModeGestureHandler( 5847): handleMotionEvents mActiveMiuiFreeformTask null x: 1008.0 y: 1737.75 current miuiFreeformModeTaskInfo: 
03-22 14:53:11.478 D/MultiTaskingTaskRepository( 5847): getTopFullscreenTaskInfo: taskId=1142 windowingMode=1 isVisible=true isTopActivityTransparent=false
03-22 14:53:11.478 D/MiuiDecorationRootViewHost( 5847): isTouchedInTopCaption: taskId = 1142, tempViewHost = null
03-22 14:53:11.478 D/MiuiDecorationDot( 5847): isTouchedInTopCaption: taskId = 1142, mMulWinSwitchVIewHost is not ready for layout
03-22 14:53:11.478 D/MulWinSwitchEventHandler( 5847): dispatchToFullOrSplitDecorationDot: touchedTaskId=-1
03-22 14:53:11.478 D/MulWinSwitchEventHandler( 5847): handleReceivedMotionEvent: mTouchedBottomTaskId=-1
03-22 14:53:11.529 D/PerfShielderService( 2504): com.rootguard.app|com.rootguard.app/com.rootguard.app.MainActivity|147|11753102126400|147|2|1
03-22 14:53:11.530 W/MiuiPerfServiceClient(12191): interceptAndQueuing:31903|com.rootguard.app|147|147|11753102126400|Slow handle animation|1
03-22 14:53:11.733 D/NetworkMetricsTracker( 2504): calcNWCause:0
03-22 14:53:12.070 W/ActivityTaskManager( 2504): MANAGE_ACTIVITY_STACKS is deprecated, please use alternative permission: MANAGE_ACTIVITY_TASKS
03-22 14:53:12.225 D/MiuiFreeformModeGestureHandler( 5847): start handle MotionEvents:(1062.75,1542.0)
03-22 14:53:12.225 I/MiuiSplitInputMethodImpl( 2504): Skip onPointerDownOutsideFocusLocked
03-22 14:53:12.225 D/WindowManagerService( 2504): touch another display`s GestureStub,update focus!
03-22 14:53:12.225 D/MiuiFreeformModeGestureHandler( 5847): handleMotionEvents mActiveMiuiFreeformTask null x: 1062.75 y: 1542.0 current miuiFreeformModeTaskInfo: 
03-22 14:53:12.226 I/MiuiSplitInputMethodImpl( 2504): Skip onPointerDownOutsideFocusLocked
03-22 14:53:12.226 I/ProcessManager( 2504): getRenderThreadTidByPid, caller=2504
03-22 14:53:12.226 I/MiuiSplitInputMethodImpl( 2504): Skip onPointerDownOutsideFocusLocked
03-22 14:53:12.226 D/MultiTaskingTaskRepository( 5847): getTopFullscreenTaskInfo: taskId=1142 windowingMode=1 isVisible=true isTopActivityTransparent=false
03-22 14:53:12.227 D/MiuiDecorationRootViewHost( 5847): isTouchedInTopCaption: taskId = 1142, tempViewHost = null
03-22 14:53:12.227 I/MiuiSplitInputMethodImpl( 2504): Skip onPointerDownOutsideFocusLocked
03-22 14:53:12.227 D/MiuiDecorationDot( 5847): isTouchedInTopCaption: taskId = 1142, mMulWinSwitchVIewHost is not ready for layout
03-22 14:53:12.227 D/MulWinSwitchEventHandler( 5847): dispatchToFullOrSplitDecorationDot: touchedTaskId=-1
03-22 14:53:12.227 D/MulWinSwitchEventHandler( 5847): handleReceivedMotionEvent: mTouchedBottomTaskId=-1
03-22 14:53:12.228 I/ProcessManager( 2504): getRenderThreadTidByPid, caller=2504
03-22 14:53:12.228 I/ProcessManager( 2504): getRenderThreadTidByPid, caller=2504
03-22 14:53:12.230 D/WindowManager( 2504): Swipe-up for navigation bar is disabled during setup,swipeTarget=null
03-22 14:53:12.238 D/CoreBackPreview( 2504): startBackNavigation currentTask=Task{2f997db #1142 type=standard A=10374:com.rootguard.app}, topRunningActivity=ActivityRecord{219965836 u0 com.rootguard.app/.MainActivity t1142}, callbackInfo=OnBackInvokedCallbackInfo{mCallback=android.window.IOnBackInvokedCallback$Stub$Proxy@40620f3, mPriority=0, mIsAnimationCallback=false, mOverrideBehavior=0}, currentFocus=Window{f721798 u0 com.rootguard.app/com.rootguard.app.MainActivity}
03-22 14:53:12.239 D/VRI[GestureStubRight]( 5214): getMiuiFreeformStackInfo mTmpFrames.miuiFreeFormStackInfo: null
03-22 14:53:12.240 D/BarFollowAnimation( 2504): pairAppearanceRegionAndWin win=Window{f721798 u0 com.rootguard.app/com.rootguard.app.MainActivity} 8
03-22 14:53:12.240 D/BarFollowAnimation( 2504): isAppTaskBarOnTop win:Window{f721798 u0 com.rootguard.app/com.rootguard.app.MainActivity} (mCurrentTopTask:Task{2f997db #1142 type=standard A=10374:com.rootguard.app} : true); (mAssociatedTask:Task{2f997db #1142 type=standard A=10374:com.rootguard.app} : true); (mHomeTask:Task{462bb77 #1 type=home} : false); mReparentToOriginParent:false mLastAppBarVisible:true mLastHomeBarVisible:false
03-22 14:53:12.241 D/MiuiRefreshRatePolicy( 2504): reset
03-22 14:53:12.244 D/BarFollowAnimation( 2504): pairAppearanceRegionAndWin win=Window{f721798 u0 com.rootguard.app/com.rootguard.app.MainActivity} 8
03-22 14:53:12.244 D/BarFollowAnimation( 2504): isAppTaskBarOnTop win:Window{f721798 u0 com.rootguard.app/com.rootguard.app.MainActivity} (mCurrentTopTask:Task{2f997db #1142 type=standard A=10374:com.rootguard.app} : true); (mAssociatedTask:Task{2f997db #1142 type=standard A=10374:com.rootguard.app} : true); (mHomeTask:Task{462bb77 #1 type=home} : false); mReparentToOriginParent:false mLastAppBarVisible:true mLastHomeBarVisible:false
03-22 14:53:12.245 D/MiuiRefreshRatePolicy( 2504): reset
03-22 14:53:12.298 D/CoreBackPreview( 2504): onBackNavigationDone backType=4, triggerBack=true
03-22 14:53:12.299 D/VibratorManagerService( 2504): Starting vibrate for vibration 549
03-22 14:53:12.299 D/VibratorManagerService( 2504): Check AppOp mode VIBRATE for uid 10144 and package com.miui.home returned audio=allow, op=allow
03-22 14:53:12.299 D/VibratorManagerServiceImpl( 2504): attrs = VibrationAttributes{mUsage=HARDWARE_FEEDBACK, mAudioUsage= USAGE_UNKNOWN, mFlags=0}, attrs.usage = 50
03-22 14:53:12.299 D/VibratorManagerService( 2504): Starting vibration 549 on thread
03-22 14:53:12.299 D/VibratorManagerService( 2504): Start AppOp mode VIBRATE for uid 10144 and package com.miui.home returned allow
03-22 14:53:12.300 E/VibratorManagerServiceImpl( 2504): vibrationThreadSetParameters
03-22 14:53:12.363 D/VibratorManagerService( 2504): Vibration 549 step 0 on vibrator 0 complete, notifying thread
03-22 14:53:12.368 D/VibratorManagerService( 2504): VibrationThread released vibration 549
03-22 14:53:12.368 D/VibratorManagerServiceImpl( 2504): checkVibrationStop: vibrationId:549
03-22 14:53:12.368 D/VibratorManagerService( 2504): Finish AppOp mode VIBRATE for uid 10144 and package com.miui.home
03-22 14:53:12.368 D/VibratorManagerService( 2504): Vibration for uid=10144 and with attrs=VibrationAttributes{mUsage=HARDWARE_FEEDBACK, mAudioUsage= USAGE_UNKNOWN, mFlags=0} ended with status FINISHED
03-22 14:53:12.418 D/VRI[GestureStubRight]( 5214): getMiuiFreeformStackInfo mTmpFrames.miuiFreeFormStackInfo: null
03-22 14:53:12.418 D/BarFollowAnimation( 2504): pairAppearanceRegionAndWin win=Window{f721798 u0 com.rootguard.app/com.rootguard.app.MainActivity} 8
03-22 14:53:12.418 D/BarFollowAnimation( 2504): isAppTaskBarOnTop win:Window{f721798 u0 com.rootguard.app/com.rootguard.app.MainActivity} (mCurrentTopTask:Task{2f997db #1142 type=standard A=10374:com.rootguard.app} : true); (mAssociatedTask:Task{2f997db #1142 type=standard A=10374:com.rootguard.app} : true); (mHomeTask:Task{462bb77 #1 type=home} : false); mReparentToOriginParent:false mLastAppBarVisible:true mLastHomeBarVisible:false
03-22 14:53:12.419 D/MiuiRefreshRatePolicy( 2504): reset
03-22 14:53:12.422 D/BarFollowAnimation( 2504): pairAppearanceRegionAndWin win=Window{f721798 u0 com.rootguard.app/com.rootguard.app.MainActivity} 8
03-22 14:53:12.425 D/BarFollowAnimation( 2504): isAppTaskBarOnTop win:Window{f721798 u0 com.rootguard.app/com.rootguard.app.MainActivity} (mCurrentTopTask:Task{2f997db #1142 type=standard A=10374:com.rootguard.app} : true); (mAssociatedTask:Task{2f997db #1142 type=standard A=10374:com.rootguard.app} : true); (mHomeTask:Task{462bb77 #1 type=home} : false); mReparentToOriginParent:false mLastAppBarVisible:true mLastHomeBarVisible:false
03-22 14:53:12.425 D/MiuiRefreshRatePolicy( 2504): reset
03-22 14:53:12.809 W/ActivityTaskManager( 2504): MANAGE_ACTIVITY_STACKS is deprecated, please use alternative permission: MANAGE_ACTIVITY_TASKS
03-22 14:53:12.830 D/BatteryStatsImpl( 2504): setBluetoothActivityInfoReport info.setIdleTimeMillis(): 1476331
03-22 14:53:12.830 D/BatteryStatsImpl( 2504): setBluetoothActivityInfoReport info.setRxTimeMillis(): 669273
03-22 14:53:12.830 D/BatteryStatsImpl( 2504): setBluetoothActivityInfoReport info.setTxTimeMillis(): 804954
03-22 14:53:12.830 D/BatteryStatsImpl( 2504): updateBluetoothStateLocked !mOnBatteryInternal || mIgnoreNextExternalStats return info: BluetoothActivityEnergyInfo{ mTimestamp=12533927 mBluetoothStackState=135184 mControllerTxTimeMs=804954 mControllerRxTimeMs=669273 mControllerIdleTimeMs=1476331 mControllerEnergyUsed=144953260 mUidTraffic=[UidTraffic{mAppUid=1002, mRxBytes=1226, mTxBytes=494}] }
03-22 14:53:13.380 I/ProcessManager( 2504): getRenderThreadTidByPid, caller=2504
03-22 14:53:13.381 I/MiuiSplitInputMethodImpl( 2504): Skip onPointerDownOutsideFocusLocked
03-22 14:53:13.382 I/MiuiSplitInputMethodImpl( 2504): Skip onPointerDownOutsideFocusLocked
03-22 14:53:13.382 I/MiuiSplitInputMethodImpl( 2504): Skip onPointerDownOutsideFocusLocked
03-22 14:53:13.382 D/VRI[MainActivity](31903): getMiuiFreeformStackInfo mTmpFrames.miuiFreeFormStackInfo: null
03-22 14:53:13.388 D/MiuiFreeformModeGestureHandler( 5847): start handle MotionEvents:(597.75,1228.5)
03-22 14:53:13.388 D/MiuiFreeformModeGestureHandler( 5847): handleMotionEvents mActiveMiuiFreeformTask null x: 597.75 y: 1228.5 current miuiFreeformModeTaskInfo: 
03-22 14:53:13.388 D/MultiTaskingTaskRepository( 5847): getTopFullscreenTaskInfo: taskId=1142 windowingMode=1 isVisible=true isTopActivityTransparent=false
03-22 14:53:13.388 D/MiuiDecorationRootViewHost( 5847): isTouchedInTopCaption: taskId = 1142, tempViewHost = null
03-22 14:53:13.388 D/MiuiDecorationDot( 5847): isTouchedInTopCaption: taskId = 1142, mMulWinSwitchVIewHost is not ready for layout
03-22 14:53:13.388 D/MulWinSwitchEventHandler( 5847): dispatchToFullOrSplitDecorationDot: touchedTaskId=-1
03-22 14:53:13.388 D/MulWinSwitchEventHandler( 5847): handleReceivedMotionEvent: mTouchedBottomTaskId=-1
03-22 14:53:13.411 I/ProcessManager( 2504): getRenderThreadTidByPid, caller=2504
03-22 14:53:13.414 I/ProcessManager( 2504): getRenderThreadTidByPid, caller=2504
03-22 14:53:13.584 D/PerfShielderService( 2504): com.rootguard.app|com.rootguard.app/com.rootguard.app.MainActivity|151|11798056822216|91|2|4
03-22 14:53:13.584 W/MiuiPerfServiceClient(12191): interceptAndQueuing:31903|com.rootguard.app|151|91|11798056822216|Slow handle animation|4
03-22 14:53:13.591 I/ActivityManager( 2504): unbindService com.android.server.am.ActiveServices@c9d1992 conn=android.os.BinderProxy@9e402e5 callingPid=7691
03-22 14:53:13.594 I/SmartPower: com.google.android.gms/10129(7691)( 2504): idle->background(41867ms) R(service unbind com.google.android.gms/.chimera.GmsInternalBoundBrokerService) adj=600.
03-22 14:53:13.734 D/NetworkMetricsTracker( 2504): calcNWCause:0
03-22 14:53:13.976 W/ActivityTaskManager( 2504): MANAGE_ACTIVITY_STACKS is deprecated, please use alternative permission: MANAGE_ACTIVITY_TASKS
03-22 14:53:14.212 I/SSRU-CpuResourceTracker( 2504): MSG_CHECK_CPU_MONITOR_START
03-22 14:53:14.213 D/SSRU-CpuResourceTracker( 2504): [start]cycle:120s
03-22 14:53:14.359 D/SSRU-CpuResourceTracker( 2504): [deal]doCpuMonitor:AppCpuState{uid=0, pkgName='ROOT', usages=12.325, duringTime=2165194, details={sh=6.475, crtc_commit_203=0.963, ueventd=0.855}, state=0, stateUpdateTime={}, restricter=0}
03-22 14:53:14.360 D/SSRU-CpuResourceTracker( 2504): [deal]doCpuMonitor:AppCpuState{uid=1000, pkgName='pkg_1000', usages=21.977, duringTime=2165181, details={com.android.systemui=0.939, vendor.xiaomi.sensor.citsensorservice.aidl=1.703, system_server=11.525, vendor.qti.hardware.display.composer-service=1.437, surfaceflinger=3.058}, state=0, stateUpdateTime={}, restricter=0}
03-22 14:53:14.360 D/SSRU-CpuResourceTracker( 2504): [deal]doCpuMonitor:AppCpuState{uid=1001, pkgName='pkg_1001', usages=1.593, duringTime=120329, details={com.xiaomi.hypercomm=0.024, qcrilNrd=0.008, com.android.phone=1.338, shsusrd=0.149}, state=0, stateUpdateTime={}, restricter=0}
03-22 14:53:14.360 D/SSRU-CpuResourceTracker( 2504): [deal]doCpuMonitor:AppCpuState{uid=1002, pkgName='pkg_1002', usages=0.223, duringTime=120354, details={android.hardware.bluetooth@1.1-service-qti=0.041, com.xiaomi.bluetooth=0.074, com.android.bluetooth=0.108}, state=0, stateUpdateTime={}, restricter=0}
03-22 14:53:14.360 D/SSRU-CpuResourceTracker( 2504): [deal]doCpuMonitor:AppCpuState{uid=1017, pkgName='pkg_1017', usages=0.008, duringTime=120363, details={keystore2=0.008}, state=0, stateUpdateTime={}, restricter=0}
03-22 14:53:14.360 D/SSRU-CpuResourceTracker( 2504): [deal]doCpuMonitor:AppCpuState{uid=1021, pkgName='pkg_1021', usages=0.016, duringTime=120344, details={android.hardware.gnss-aidl-service-qti=0.016}, state=0, stateUpdateTime={}, restricter=0}
03-22 14:53:14.360 D/SSRU-CpuResourceTracker( 2504): [deal]doCpuMonitor:AppCpuState{uid=1027, pkgName='pkg_1027', usages=0.008, duringTime=240573, details={com.android.nfc=0.008}, state=0, stateUpdateTime={}, restricter=0}
03-22 14:53:14.360 D/SSRU-CpuResourceTracker( 2504): [deal]doCpuMonitor:AppCpuState{uid=1036, pkgName='pkg_1036', usages=7.36, duringTime=120370, details={logd=7.36}, state=0, stateUpdateTime={}, restricter=0}
03-22 14:53:14.360 D/SSRU-CpuResourceTracker( 2504): [deal]doCpuMonitor:AppCpuState{uid=1041, pkgName='pkg_1041', usages=0.008, duringTime=120341, details={audioserver=0.008}, state=0, stateUpdateTime={}, restricter=0}
03-22 14:53:14.360 D/SSRU-CpuResourceTracker( 2504): [deal]doCpuMonitor:AppCpuState{uid=1047, pkgName='pkg_1047', usages=0.024, duringTime=120344, details={vendor.qti.camera.provider-service_64=0.024}, state=0, stateUpdateTime={}, restricter=0}
03-22 14:53:14.360 D/SSRU-CpuResourceTracker( 2504): [deal]doCpuMonitor:AppCpuState{uid=1066, pkgName='pkg_1066', usages=0.066, duringTime=120358, details={statsd=0.066}, state=0, stateUpdateTime={}, restricter=0}
03-22 14:53:14.360 D/SSRU-CpuResourceTracker( 2504): [deal]doCpuMonitor:AppCpuState{uid=1068, pkgName='pkg_1068', usages=0.002, duringTime=360895, details={com.android.se=0.002}, state=0, stateUpdateTime={}, restricter=0}
03-22 14:53:14.360 D/SSRU-CpuResourceTracker( 2504): [deal]doCpuMonitor:AppCpuState{uid=1069, pkgName='pkg_1069', usages=0.024, duringTime=120369, details={lmkd=0.024}, state=0, stateUpdateTime={}, restricter=0}
03-22 14:53:14.360 D/SSRU-CpuResourceTracker( 2504): [deal]doCpuMonitor:AppCpuState{uid=1073, pkgName='pkg_1073', usages=0.066, duringTime=120308, details={com.android.networkstack.process=0.066}, state=0, stateUpdateTime={}, restricter=0}
03-22 14:53:14.360 D/SSRU-CpuResourceTracker( 2504): [deal]doCpuMonitor:AppCpuState{uid=1082, pkgName='pkg_1082', usages=0.004, duringTime=240565, details={artd=0.004}, state=0, stateUpdateTime={}, restricter=0}
03-22 14:53:14.360 D/SSRU-CpuResourceTracker( 2504): [deal]doCpuMonitor:AppCpuState{uid=2000, pkgName='pkg_2000', usages=0.128, duringTime=240566, details={abb=0.004, adbd=0.124}, state=0, stateUpdateTime={}, restricter=0}
03-22 14:53:14.360 D/SSRU-CpuResourceTracker( 2504): [deal]doCpuMonitor:AppCpuState{uid=2903, pkgName='pkg_2903', usages=0.016, duringTime=120338, details={tftp_server=0.016}, state=0, stateUpdateTime={}, restricter=0}
03-22 14:53:14.360 D/SSRU-CpuResourceTracker( 2504): [deal]doCpuMonitor:AppCpuState{uid=6110, pkgName='pkg_6110', usages=0.049, duringTime=120291, details={com.xiaomi.finddevice=0.049}, state=0, stateUpdateTime={}, restricter=0}
03-22 14:53:14.360 D/SSRU-CpuResourceTracker( 2504): [deal]doCpuMonitor:AppCpuState{uid=9999, pkgName='pkg_9999', usages=0.032, duringTime=120352, details={vendor.qti.hardware.memtrack-service=0.016, rmt_storage=0.016}, state=0, stateUpdateTime={}, restricter=0}
03-22 14:53:14.360 D/SSRU-CpuResourceTracker( 2504): [deal]doCpuMonitor:AppCpuState{uid=10085, pkgName='com.android.calllogbackup', usages=0.004, duringTime=240562, details={android.process.acore=0.004}, state=0, stateUpdateTime={}, restricter=0}
03-22 14:53:14.360 D/SSRU-CpuResourceTracker( 2504): [deal]doCpuMonitor:AppCpuState{uid=10089, pkgName='com.android.providers.downloads', usages=0.008, duringTime=240573, details={android.process.media=0.008}, state=0, stateUpdateTime={}, restricter=0}
03-22 14:53:14.360 D/SSRU-CpuResourceTracker( 2504): [deal]doCpuMonitor:AppCpuState{uid=10094, pkgName='com.android.managedprovisioning', usages=0.004, duringTime=240563, details={com.android.managedprovisioning=0.004}, state=0, stateUpdateTime={}, restricter=0}
03-22 14:53:14.360 D/SSRU-CpuResourceTracker( 2504): [deal]doCpuMonitor:AppCpuState{uid=10102, pkgName='com.mobiletools.systemhelper', usages=0.004, duringTime=240560, details={com.mobiletools.systemhelper=0.004}, state=0, stateUpdateTime={}, restricter=0}
03-22 14:53:14.360 D/SSRU-CpuResourceTracker( 2504): [deal]doCpuMonitor:AppCpuState{uid=10117, pkgName='vendor.qti.data.txpwradmin', usages=0.008, duringTime=240575, details={.qms=0.008}, state=0, stateUpdateTime={}, restricter=0}
03-22 14:53:14.360 D/SSRU-CpuResourceTracker( 2504): [deal]doCpuMonitor:AppCpuState{uid=10127, pkgName='com.miui.mishare.connectivity', usages=0.004, duringTime=240559, details={com.miui.mishare.connectivity_ui=0.004}, state=0, stateUpdateTime={}, restricter=0}
03-22 14:53:14.360 D/SSRU-CpuResourceTracker( 2504): [deal]doCpuMonitor:AppCpuState{uid=10128, pkgName='com.xiaomi.aicr', usages=0.155, duringTime=481173, details={com.xiaomi.aicr_cognitionService=0.141, com.xiaomi.aicr_searchDataService_ui=0.002, com.xiaomi.aicr_actionprovider=0.004, com.xiaomi.aicr=0.008}, state=0, stateUpdateTime={}, restricter=0}
03-22 14:53:14.360 D/SSRU-CpuResourceTracker( 2504): [deal]doCpuMonitor:AppCpuState{uid=10129, pkgName='com.google.android.gms', usages=0.381, duringTime=120298, details={com.google.android.gms.persistent=0.174, com.google.android.gms=0.207}, state=0, stateUpdateTime={}, restricter=0}
03-22 14:53:14.360 D/SSRU-CpuResourceTracker( 2504): [deal]doCpuMonitor:AppCpuState{uid=10130, pkgName='com.android.browser', usages=0.482, duringTime=120235, details={com.android.browser=0.482}, state=0, stateUpdateTime={}, restricter=0}
03-22 14:53:14.360 D/SSRU-CpuResourceTracker( 2504): [deal]doCpuMonitor:AppCpuState{uid=10131, pkgName='com.miui.cloudbackup', usages=0.008, duringTime=120262, details={com.miui.cloudbackup=0.008}, state=0, stateUpdateTime={}, restricter=0}
03-22 14:53:14.360 D/SSRU-CpuResourceTracker( 2504): [deal]doCpuMonitor:AppCpuState{uid=10134, pkgName='com.miui.personalassistant', usages=0.099, duringTime=120287, details={com.miui.personalassistant=0.099}, state=0, stateUpdateTime={}, restricter=0}
03-22 14:53:14.360 D/SSRU-CpuResourceTracker( 2504): [deal]doCpuMonitor:AppCpuState{uid=10135, pkgName='com.android.quicksearchbox', usages=0.049, duringTime=120286, details={com.android.quicksearchbox=0.049}, state=0, stateUpdateTime={}, restricter=0}
03-22 14:53:14.360 D/SSRU-CpuResourceTracker( 2504): [deal]doCpuMonitor:AppCpuState{uid=10137, pkgName='com.xiaomi.metoknlp', usages=0.016, duringTime=120281, details={com.xiaomi.metoknlp=0.016}, state=0, stateUpdateTime={}, restricter=0}
03-22 14:53:14.360 D/SSRU-CpuResourceTracker( 2504): [deal]doCpuMonitor:AppCpuState{uid=10142, pkgName='com.android.mms', usages=0.049, duringTime=120251, details={com.android.mms_mms_service=0.016, com.android.mms=0.033}, state=0, stateUpdateTime={1=9514478}, restricter=0}
03-22 14:53:14.360 D/SSRU-CpuResourceTracker( 2504): [deal]doCpuMonitor:AppCpuState{uid=10143, pkgName='com.android.camera', usages=0.033, duringTime=120291, details={com.android.camera=0.033}, state=0, stateUpdateTime={}, restricter=0}
03-22 14:53:14.360 D/SSRU-CpuResourceTracker( 2504): [deal]doCpuMonitor:AppCpuState{uid=10144, pkgName='com.miui.home', usages=0.814, duringTime=120309, details={com.miui.home=0.814}, state=0, stateUpdateTime={1=11749327}, restricter=0}
03-22 14:53:14.360 D/SSRU-CpuResourceTracker( 2504): [deal]doCpuMonitor:AppCpuState{uid=10145, pkgName='com.miui.analytics', usages=0.249, duringTime=120283, details={com.miui.analytics=0.249}, state=0, stateUpdateTime={}, restricter=0}
03-22 14:53:14.360 D/SSRU-CpuResourceTracker( 2504): [deal]doCpuMonitor:AppCpuState{uid=10148, pkgName='com.qualcomm.qti.devicestatisticsservice', usages=0.002, duringTime=360896, details={com.qti.phone=0.002}, state=0, stateUpdateTime={}, restricter=0}
03-22 14:53:14.361 D/SSRU-CpuResourceTracker( 2504): [deal]doCpuMonitor:AppCpuState{uid=10159, pkgName='com.miui.hybrid', usages=0.016, duringTime=120241, details={com.miui.hybrid=0.016}, state=0, stateUpdateTime={}, restricter=0}
03-22 14:53:14.361 D/SSRU-CpuResourceTracker( 2504): [deal]doCpuMonitor:AppCpuState{uid=10162, pkgName='com.miui.micloudsync', usages=0.002, duringTime=481164, details={com.miui.cloudservice=0.002}, state=0, stateUpdateTime={}, restricter=0}
03-22 14:53:14.361 D/SSRU-CpuResourceTracker( 2504): [deal]doCpuMonitor:AppCpuState{uid=10163, pkgName='com.miui.guardprovider', usages=0.016, duringTime=120263, details={com.miui.guardprovider=0.016}, state=0, stateUpdateTime={}, restricter=0}
03-22 14:53:14.361 D/SSRU-CpuResourceTracker( 2504): [deal]doCpuMonitor:AppCpuState{uid=10165, pkgName='com.miui.securityinputmethod', usages=0.004, duringTime=240560, details={com.miui.securityinputmethod=0.004}, state=0, stateUpdateTime={}, restricter=0}
03-22 14:53:14.361 D/SSRU-CpuResourceTracker( 2504): [deal]doCpuMonitor:AppCpuState{uid=10166, pkgName='com.miui.screenshot', usages=0.049, duringTime=120250, details={com.miui.screenshot=0.049}, state=0, stateUpdateTime={}, restricter=0}
03-22 14:53:14.361 D/SSRU-CpuResourceTracker( 2504): [deal]doCpuMonitor:AppCpuState{uid=10168, pkgName='com.xiaomi.market', usages=0.207, duringTime=120243, details={com.xiaomi.market=0.207}, state=0, stateUpdateTime={}, restricter=0}
03-22 14:53:14.361 D/SSRU-CpuResourceTracker( 2504): [deal]doCpuMonitor:AppCpuState{uid=10169, pkgName='com.miui.systemAdSolution', usages=0.029, duringTime=240563, details={com.miui.systemAdSolution=0.029}, state=0, stateUpdateTime={}, restricter=0}
03-22 14:53:14.361 D/SSRU-CpuResourceTracker( 2504): [deal]doCpuMonitor:AppCpuState{uid=10180, pkgName='com.tencent.soter.soterserver', usages=0.002, duringTime=481172, details={com.tencent.soter.soterserver=0.002}, state=0, stateUpdateTime={}, restricter=0}
03-22 14:53:14.361 D/SSRU-CpuResourceTracker( 2504): [deal]doCpuMonitor:AppCpuState{uid=10182, pkgName='com.sohu.inputmethod.sogou.xiaomi', usages=0.058, duringTime=120285, details={com.sohu.inputmethod.sogou.xiaomi=0.058}, state=0, stateUpdateTime={}, restricter=0}
03-22 14:53:14.361 D/SSRU-CpuResourceTracker( 2504): [deal]doCpuMonitor:AppCpuState{uid=10188, pkgName='com.miui.miwallpaper', usages=0.002, duringTime=360898, details={com.miui.miwallpaper=0.002}, state=0, stateUpdateTime={}, restricter=0}
03-22 14:53:14.361 D/SSRU-CpuResourceTracker( 2504): [deal]doCpuMonitor:AppCpuState{uid=10189, pkgName='com.xiaomi.simactivate.service', usages=0.004, duringTime=240561, details={com.xiaomi.simactivate.service=0.004}, state=0, stateUpdateTime={}, restricter=0}
03-22 14:53:14.361 D/SSRU-CpuResourceTracker( 2504): [deal]doCpuMonitor:AppCpuState{uid=10190, pkgName='com.miui.voiceassist', usages=0.49, duringTime=120288, details={com.miui.voiceassist=0.432, com.miui.voiceassist_core=0.058}, state=0, stateUpdateTime={}, restricter=0}
03-22 14:53:14.361 D/SSRU-CpuResourceTracker( 2504): [deal]doCpuMonitor:AppCpuState{uid=10191, pkgName='com.miui.core', usages=0.002, duringTime=481157, details={com.miui.core=0.002}, state=0, stateUpdateTime={}, restricter=0}
03-22 14:53:14.361 D/SSRU-CpuResourceTracker( 2504): [deal]doCpuMonitor:AppCpuState{uid=10200, pkgName='com.xiaomi.xmsf', usages=0.084, duringTime=481183, details={com.xiaomi.xmsf_kit7=0.002, com.xiaomi.xmsf=0.033, com.xiaomi.xmsf_services=0.049}, state=0, stateUpdateTime={}, restricter=0}
03-22 14:53:14.361 D/SSRU-CpuResourceTracker( 2504): [deal]doCpuMonitor:AppCpuState{uid=10206, pkgName='com.lbe.security.miui', usages=0.058, duringTime=120266, details={com.lbe.security.miui=0.058}, state=0, stateUpdateTime={}, restricter=0}
03-22 14:53:14.361 D/SSRU-CpuResourceTracker( 2504): [deal]doCpuMonitor:AppCpuState{uid=10221, pkgName='vendor.qti.bluetooth.xpan', usages=0.004, duringTime=240573, details={vendor.qti.bluetooth.xpan=0.004}, state=0, stateUpdateTime={}, restricter=0}
03-22 14:53:14.361 D/SSRU-CpuResourceTracker( 2504): [deal]doCpuMonitor:AppCpuState{uid=10234, pkgName='com.android.smspush', usages=0.004, duringTime=240573, details={com.android.smspush=0.004}, state=0, stateUpdateTime={}, restricter=0}
03-22 14:53:14.361 D/SSRU-CpuResourceTracker( 2504): [deal]doCpuMonitor:AppCpuState{uid=10235, pkgName='com.qti.qcc', usages=0.001, duringTime=601495, details={com.qti.qcc=0.001}, state=0, stateUpdateTime={}, restricter=0}
03-22 14:53:14.361 D/SSRU-CpuResourceTracker( 2504): [deal]doCpuMonitor:AppCpuState{uid=10241, pkgName='com.qualcomm.qti.workloadclassifier', usages=0.0, duringTime=0, details={com.qualcomm.qti.workloadclassifier=0.0}, state=0, stateUpdateTime={}, restricter=0}
03-22 14:53:14.361 D/SSRU-CpuResourceTracker( 2504): [deal]doCpuMonitor:AppCpuState{uid=10252, pkgName='android.ext.services', usages=0.008, duringTime=120295, details={android.ext.services=0.008}, state=0, stateUpdateTime={}, restricter=0}
03-22 14:53:14.361 D/SSRU-CpuResourceTracker( 2504): [deal]doCpuMonitor:AppCpuState{uid=10257, pkgName='com.android.providers.media.module', usages=0.008, duringTime=120289, details={com.android.providers.media.module=0.008}, state=0, stateUpdateTime={}, restricter=0}
03-22 14:53:14.361 D/SSRU-CpuResourceTracker( 2504): [deal]doCpuMonitor:AppCpuState{uid=10267, pkgName='com.android.permissioncontroller', usages=0.004, duringTime=240562, details={com.android.permissioncontroller=0.004}, state=0, stateUpdateTime={}, restricter=0}
03-22 14:53:14.361 D/SSRU-CpuResourceTracker( 2504): [deal]doCpuMonitor:AppCpuState{uid=10280, pkgName='com.android.deskclock', usages=0.008, duringTime=240572, details={com.android.deskclock=0.008}, state=0, stateUpdateTime={}, restricter=0}
03-22 14:53:14.361 D/SSRU-CpuResourceTracker( 2504): [deal]doCpuMonitor:AppCpuState{uid=10283, pkgName='com.miui.gallery', usages=0.116, duringTime=120294, details={com.miui.gallery=0.116}, state=0, stateUpdateTime={}, restricter=0}
03-22 14:53:14.361 D/SSRU-CpuResourceTracker( 2504): [deal]doCpuMonitor:AppCpuState{uid=10288, pkgName='com.miui.notes', usages=0.004, duringTime=240573, details={com.miui.notes=0.004}, state=0, stateUpdateTime={}, restricter=0}
03-22 14:53:14.361 D/SSRU-CpuResourceTracker( 2504): [deal]doCpuMonitor:AppCpuState{uid=10292, pkgName='com.android.soundrecorder', usages=0.002, duringTime=481164, details={com.android.soundrecorder=0.002}, state=0, stateUpdateTime={}, restricter=0}
03-22 14:53:14.361 D/SSRU-CpuResourceTracker( 2504): [deal]doCpuMonitor:AppCpuState{uid=10332, pkgName='com.miui.weather2', usages=0.004, duringTime=240573, details={com.miui.weather2=0.004}, state=0, stateUpdateTime={}, restricter=0}
