03-25 10:56:40.325  2492  2623 I am_wtf  : [0,2492,system_server,-1,SystemServiceRegistry,Manager wrapper not available: security]
03-25 10:56:40.325  2492  2623 I am_wtf  : [0,2492,system_server,-1,SystemServiceRegistry,Manager wrapper not available: security]
03-25 10:56:40.325  2492  2623 I am_wtf  : [0,2492,system_server,-1,SystemServiceRegistry,Manager wrapper not available: security]
03-25 10:56:40.325  2492  2623 I am_wtf  : [0,2492,system_server,-1,SystemServiceRegistry,Manager wrapper not available: security]
03-25 10:56:40.326  2492  2623 I am_wtf  : [0,2492,system_server,-1,SystemServiceRegistry,Manager wrapper not available: security]
03-25 10:56:40.326  2492  2623 I am_wtf  : [0,2492,system_server,-1,SystemServiceRegistry,Manager wrapper not available: security]
03-25 10:56:40.327  2492  2623 I am_wtf  : [0,2492,system_server,-1,SystemServiceRegistry,Manager wrapper not available: security]
03-25 10:56:40.328  2492  2623 I am_wtf  : [0,2492,system_server,-1,SystemServiceRegistry,Manager wrapper not available: security]
03-25 10:56:40.328  2492  2623 I am_wtf  : [0,2492,system_server,-1,SystemServiceRegistry,Manager wrapper not available: security]
03-25 10:56:40.329  2492  2623 I am_wtf  : [0,2492,system_server,-1,SystemServiceRegistry,Manager wrapper not available: security]
03-25 10:56:40.329  2492  2623 I am_wtf  : [0,2492,system_server,-1,SystemServiceRegistry,Manager wrapper not available: security]
03-25 10:56:40.327  3106  3106 I auditd  : type=1400 audit(0.0:396): avc:  denied  { read } for  comm="binder:3106_2" name="u:object_r:vendor_qc_aon_prop:s0" dev="tmpfs" ino=590 scontext=u:r:vendor_hal_citsensorservice_xiaomi_default:s0 tcontext=u:object_r:vendor_qc_aon_prop:s0 tclass=file permissive=0
03-25 10:56:40.338  2492  2623 I am_wtf  : [0,2492,system_server,-1,SystemServiceRegistry,Manager wrapper not available: security]
03-25 10:56:40.349  2492  2623 I am_wtf  : [0,2492,system_server,-1,SystemServerI,reboot init app level]
03-25 10:56:40.350  2492  2623 I am_wtf  : [0,2492,system_server,-1,SystemServiceRegistry,Manager wrapper not available: security]
03-25 10:56:40.351  2492  2623 I am_wtf  : [0,2492,system_server,-1,SystemServiceRegistry,Manager wrapper not available: security]
03-25 10:56:40.351  2492  2623 I am_wtf  : [0,2492,system_server,-1,SystemServerI,reboot init app anr level]
03-25 10:56:40.351  2492  2623 I am_wtf  : [0,2492,system_server,-1,SystemServiceRegistry,Manager wrapper not available: security]
03-25 10:56:40.438  2492  2492 I configuration_changed: 579886584
03-25 10:56:40.441  2492  2492 I sysui_multi_action: [757,1659,758,4,759,1,1660,0]
03-25 10:56:40.474  2492  2492 I device_idle: [0,boot]
03-25 10:56:40.474  2492  2492 I device_idle_light: [0,boot]
03-25 10:56:40.474  2492  2623 I am_wtf  : [0,2492,system_server,-1,SystemServiceRegistry,Manager wrapper not available: security]
03-25 10:56:40.474  2492  2623 I am_wtf  : [0,2492,system_server,-1,SystemServiceRegistry,Manager wrapper not available: security]
03-25 10:56:40.487  2492  2492 I auditd  : type=1400 audit(0.0:397): avc:  denied  { read } for  comm="system-server-i" name="font_fallback.xml" dev="dm-8" ino=10010896 scontext=u:r:system_server:s0 tcontext=u:object_r:system_font_fallback_file:s0 tclass=lnk_file permissive=0
03-25 10:56:40.554  2492  2623 I am_wtf  : [0,2492,system_server,-1,SystemServiceRegistry,Manager wrapper not available: security]
03-25 10:56:40.627  2492  2623 I am_wtf  : [0,2492,system_server,-1,SystemServiceRegistry,Manager wrapper not available: security]
03-25 10:56:40.627  2492  2623 I am_wtf  : [0,2492,system_server,-1,SystemServiceRegistry,Manager wrapper not available: security]
03-25 10:56:40.639  2492  2492 I auditd  : type=1400 audit(0.0:398): avc:  denied  { read } for  comm="system_server" name="u:object_r:vendor_default_prop:s0" dev="tmpfs" ino=508 scontext=u:r:system_server:s0 tcontext=u:object_r:vendor_default_prop:s0 tclass=file permissive=0
03-25 10:56:40.643  2492  2492 I am_uid_running: 10252
03-25 10:56:40.646  2492  2623 I am_wtf  : [0,2492,system_server,-1,SystemServiceRegistry,Manager wrapper not available: security]
03-25 10:56:40.647  2492  2623 I am_wtf  : [0,2492,system_server,-1,SystemServiceRegistry,Manager wrapper not available: security]
03-25 10:56:40.651  2492  2492 I auditd  : type=1400 audit(0.0:399): avc:  denied  { read } for  comm="system_server" name="u:object_r:vendor_default_prop:s0" dev="tmpfs" ino=508 scontext=u:r:system_server:s0 tcontext=u:object_r:vendor_default_prop:s0 tclass=file permissive=0
03-25 10:56:40.660  2492  2623 I am_wtf  : [0,2492,system_server,-1,SystemServiceRegistry,Manager wrapper not available: security]
03-25 10:56:40.660  2492  2623 I am_wtf  : [0,2492,system_server,-1,SystemServiceRegistry,Manager wrapper not available: security]
03-25 10:56:40.664  1781  1781 I liblog  : 6
03-25 10:56:40.664  1781  1781 I liblog  : 1
03-25 10:56:40.668  1781  1781 I liblog  : 120
03-25 10:56:40.693  1781  1781 I liblog  : 52
03-25 10:56:40.779  2066  2066 I auditd  : type=1400 audit(0.0:400): avc:  denied  { read } for  comm="ApmAudio" name="u:object_r:vendor_default_prop:s0" dev="tmpfs" ino=508 scontext=u:r:audioserver:s0 tcontext=u:object_r:vendor_default_prop:s0 tclass=file permissive=0
03-25 10:56:40.785  2066  3054 I liblog  : 25
03-25 10:56:40.816  1781  4116 I liblog  : 26
03-25 10:56:40.847  2934  2934 I auditd  : type=1400 audit(0.0:401): avc:  denied  { read } for  comm="DispatcherModul" name="u:object_r:vendor_pd_locater_dbg_prop:s0" dev="tmpfs" ino=580 scontext=u:r:rild:s0 tcontext=u:object_r:vendor_pd_locater_dbg_prop:s0 tclass=file permissive=0
03-25 10:56:40.851  2926  2926 I auditd  : type=1400 audit(0.0:402): avc:  denied  { read } for  comm="DispatcherModul" name="u:object_r:vendor_pd_locater_dbg_prop:s0" dev="tmpfs" ino=580 scontext=u:r:rild:s0 tcontext=u:object_r:vendor_pd_locater_dbg_prop:s0 tclass=file permissive=0
03-25 10:56:40.855  2934  2934 I auditd  : type=1400 audit(0.0:403): avc:  denied  { read } for  comm="DispatcherModul" name="u:object_r:vendor_pd_locater_dbg_prop:s0" dev="tmpfs" ino=580 scontext=u:r:rild:s0 tcontext=u:object_r:vendor_pd_locater_dbg_prop:s0 tclass=file permissive=0
03-25 10:56:40.859  2926  2926 I auditd  : type=1400 audit(0.0:404): avc:  denied  { read } for  comm="DispatcherModul" name="u:object_r:vendor_pd_locater_dbg_prop:s0" dev="tmpfs" ino=580 scontext=u:r:rild:s0 tcontext=u:object_r:vendor_pd_locater_dbg_prop:s0 tclass=file permissive=0
03-25 10:56:40.878  2492  2623 I am_wtf  : [0,2492,system_server,-1,SystemServiceRegistry,Manager wrapper not available: security]
03-25 10:56:40.881  2492  2606 I commit_sys_config_file: [notification-policy,5]
03-25 10:56:40.946  3283  3283 I [1000004]: [-1492643830,26586087,-1987539696,68682659,51511584,3145994]
03-25 10:56:40.973  2492  3851 I snet_event_log: [35028827,-1, provider:personal_assistant user:0]
03-25 10:56:40.973  2492  3851 I snet_event_log: [26513719,-1,Malformed authority]
03-25 10:56:40.983  2492  2623 I am_wtf  : [0,2492,system_server,-1,SystemServiceRegistry,No service published for: jobscheduler]
03-25 10:56:40.983  2492  2623 I am_wtf  : [0,2492,system_server,-1,SystemServiceRegistry,Manager wrapper not available: jobscheduler]
03-25 10:56:40.984  2492  2623 I am_wtf  : [0,2492,system_server,-1,SystemServiceRegistry,No service published for: jobscheduler]
03-25 10:56:40.984  2492  2623 I am_wtf  : [0,2492,system_server,-1,SystemServiceRegistry,Manager wrapper not available: jobscheduler]
03-25 10:56:40.987  2492  3851 I commit_sys_config_file: [settings-4-0,3]
03-25 10:56:40.988  2492  3851 I commit_sys_config_file: [settings-2-0,1]
03-25 10:56:41.111  1781  1781 I auditd  : type=1400 audit(0.0:405): avc:  denied  { read } for  comm="HwBinder:1781_4" name="u:object_r:default_prop:s0" dev="tmpfs" ino=200 scontext=u:r:hal_audio_default:s0 tcontext=u:object_r:default_prop:s0 tclass=file permissive=0
03-25 10:56:41.115  2693  2693 I auditd  : type=1400 audit(0.0:406): avc:  denied  { open } for  comm="BootAnimation" path="/dev/__properties__/u:object_r:vendor_audio_prop:s0" dev="tmpfs" ino=458 scontext=u:r:bootanim:s0 tcontext=u:object_r:vendor_audio_prop:s0 tclass=file permissive=0
03-25 10:56:41.119  2693  2693 I auditd  : type=1400 audit(0.0:407): avc:  denied  { open } for  comm="BootAnimation" path="/dev/__properties__/u:object_r:vendor_audio_prop:s0" dev="tmpfs" ino=458 scontext=u:r:bootanim:s0 tcontext=u:object_r:vendor_audio_prop:s0 tclass=file permissive=0
03-25 10:56:41.119  2693  2693 I auditd  : type=1400 audit(0.0:408): avc:  denied  { open } for  comm="BootAnimation" path="/dev/__properties__/u:object_r:vendor_audio_prop:s0" dev="tmpfs" ino=458 scontext=u:r:bootanim:s0 tcontext=u:object_r:vendor_audio_prop:s0 tclass=file permissive=0
03-25 10:56:41.119  2693  2693 I auditd  : type=1400 audit(0.0:409): avc:  denied  { open } for  comm="BootAnimation" path="/proc/asound/cards" dev="proc" ino=4026531995 scontext=u:r:bootanim:s0 tcontext=u:object_r:vendor_proc_audiod:s0 tclass=file permissive=0
03-25 10:56:41.138  2492  2623 I am_wtf  : [0,2492,system_server,-1,SystemServiceRegistry,Manager wrapper not available: security]
03-25 10:56:41.148  2492  2623 I am_wtf  : [0,2492,system_server,-1,PowerManagerService,Tried to acquire wake lock for invalid display: 0]
03-25 10:56:41.179  2078  2078 I auditd  : type=1400 audit(0.0:410): avc:  denied  { search } for  comm="binder:2078_1" name="mcd" dev="dm-53" ino=814 scontext=u:r:surfaceflinger:s0 tcontext=u:object_r:mcd_data_file:s0 tclass=dir permissive=0
03-25 10:56:41.182  2492  4386 I stream_devices_changed: [0,0,1]
03-25 10:56:41.184  2492  4386 I stream_devices_changed: [2,0,2]
03-25 10:56:41.184  2492  4386 I stream_devices_changed: [3,0,2]
03-25 10:56:41.186  2492  4386 I stream_devices_changed: [11,0,2]
03-25 10:56:41.187  2492  4386 I stream_devices_changed: [4,0,2]
03-25 10:56:41.188  2492  4386 I stream_devices_changed: [5,0,2]
03-25 10:56:41.195  1831  1831 I auditd  : type=1400 audit(0.0:411): avc:  denied  { getattr } for  comm="android.hardwar" path="/sys/class/qcom-battery/moisture_detection_status" dev="sysfs" ino=163199 scontext=u:r:vendor_hal_usb_qti:s0 tcontext=u:object_r:vendor_sysfs_qcom_battery:s0 tclass=file permissive=0
03-25 10:56:41.215  1781  1781 I auditd  : type=1400 audit(0.0:412): avc:  denied  { read } for  comm="HwBinder:1781_A" name="u:object_r:default_prop:s0" dev="tmpfs" ino=200 scontext=u:r:hal_audio_default:s0 tcontext=u:object_r:default_prop:s0 tclass=file permissive=0
03-25 10:56:41.234  2492  2623 I am_wtf  : [0,2492,system_server,-1,SystemServiceRegistry,Manager wrapper not available: appwidget]
03-25 10:56:41.283  4529  4529 I auditd  : type=1400 audit(0.0:413): avc:  denied  { read } for  comm="millet_monitor" name="u:object_r:vendor_default_prop:s0" dev="tmpfs" ino=508 scontext=u:r:millet:s0 tcontext=u:object_r:vendor_default_prop:s0 tclass=file permissive=0
03-25 10:56:41.283  4538  4538 I auditd  : type=1400 audit(0.0:414): avc:  denied  { read } for  comm="millet_monitor" name="u:object_r:vendor_default_prop:s0" dev="tmpfs" ino=508 scontext=u:r:millet:s0 tcontext=u:object_r:vendor_default_prop:s0 tclass=file permissive=0
03-25 10:56:41.283  4538  4538 I auditd  : type=1400 audit(0.0:415): avc:  denied  { read } for  comm="millet_monitor" name="u:object_r:vendor_default_prop:s0" dev="tmpfs" ino=508 scontext=u:r:millet:s0 tcontext=u:object_r:vendor_default_prop:s0 tclass=file permissive=0
03-25 10:56:41.283  4529  4529 I auditd  : type=1400 audit(0.0:416): avc:  denied  { read } for  comm="millet_monitor" name="u:object_r:vendor_default_prop:s0" dev="tmpfs" ino=508 scontext=u:r:millet:s0 tcontext=u:object_r:vendor_default_prop:s0 tclass=file permissive=0
03-25 10:56:41.283  4529  4529 I auditd  : type=1400 audit(0.0:417): avc:  denied  { getopt } for  comm="millet_monitor" scontext=u:r:millet:s0 tcontext=u:r:millet:s0 tclass=netlink_socket permissive=0
03-25 10:56:41.283  4529  4529 I auditd  : type=1400 audit(0.0:418): avc:  denied  { getopt } for  comm="millet_monitor" scontext=u:r:millet:s0 tcontext=u:r:millet:s0 tclass=netlink_socket permissive=0
03-25 10:56:41.291  4541  4541 I auditd  : type=1400 audit(0.0:419): avc:  denied  { read } for  comm="millet_monitor" name="u:object_r:vendor_default_prop:s0" dev="tmpfs" ino=508 scontext=u:r:millet:s0 tcontext=u:object_r:vendor_default_prop:s0 tclass=file permissive=0
03-25 10:56:41.291  4541  4541 I auditd  : type=1400 audit(0.0:420): avc:  denied  { read } for  comm="millet_monitor" name="u:object_r:vendor_default_prop:s0" dev="tmpfs" ino=508 scontext=u:r:millet:s0 tcontext=u:object_r:vendor_default_prop:s0 tclass=file permissive=0
03-25 10:56:41.314  2492  2492 I [90098] : display u:1000 s:true
03-25 10:56:41.320  2492  2623 I am_wtf  : [0,2492,system_server,-1,PowerManagerService,Tried to acquire wake lock for invalid display: 0]
03-25 10:56:41.320  2492  2623 I am_wtf  : [0,2492,system_server,-1,PowerManagerService,Tried to acquire wake lock for invalid display: 0]
03-25 10:56:41.331  2492  2492 I auditd  : type=1400 audit(0.0:421): avc:  denied  { read } for  comm="CameraOpt_Dispa" name="u:object_r:vendor_camera_prop:s0" dev="tmpfs" ino=474 scontext=u:r:system_server:s0 tcontext=u:object_r:vendor_camera_prop:s0 tclass=file permissive=0
03-25 10:56:41.331  2492  2492 I auditd  : type=1400 audit(0.0:422): avc:  denied  { read } for  comm="CameraOpt_Dispa" name="u:object_r:vendor_camera_prop:s0" dev="tmpfs" ino=474 scontext=u:r:system_server:s0 tcontext=u:object_r:vendor_camera_prop:s0 tclass=file permissive=0
03-25 10:56:41.383  2492  2492 I auditd  : type=1400 audit(0.0:423): avc:  denied  { read } for  comm="BiometricServic" name="u:object_r:vendor_default_prop:s0" dev="tmpfs" ino=508 scontext=u:r:system_server:s0 tcontext=u:object_r:vendor_default_prop:s0 tclass=file permissive=0
03-25 10:56:41.430  2492  3851 I commit_sys_config_file: [settings-2-0,2]
03-25 10:56:41.474  2492  2619 I commit_sys_config_file: [batterystats,2]
03-25 10:56:41.475  2492  2492 I configuration_changed: 512
03-25 10:56:41.476  2492  2619 I commit_sys_config_file: [batterystats,0]
03-25 10:56:41.547  2492  2492 I auditd  : type=1400 audit(0.0:424): avc:  denied  { read } for  comm="WifiHandlerThre" name="u:object_r:vendor_default_prop:s0" dev="tmpfs" ino=508 scontext=u:r:system_server:s0 tcontext=u:object_r:vendor_default_prop:s0 tclass=file permissive=0
03-25 10:56:41.547  2492  2492 I auditd  : type=1400 audit(0.0:425): avc:  denied  { read } for  comm="WifiHandlerThre" name="u:object_r:vendor_default_prop:s0" dev="tmpfs" ino=508 scontext=u:r:system_server:s0 tcontext=u:object_r:vendor_default_prop:s0 tclass=file permissive=0
03-25 10:56:41.555  2492  2492 I auditd  : type=1400 audit(0.0:426): avc:  denied  { read } for  comm="WifiHandlerThre" name="u:object_r:persist_vendor_debug_wifi_prop:s0" dev="tmpfs" ino=351 scontext=u:r:system_server:s0 tcontext=u:object_r:persist_vendor_debug_wifi_prop:s0 tclass=file permissive=0
03-25 10:56:41.582  2492  2492 I commit_sys_config_file: [package-session,1]
03-25 10:56:41.618  2492  2492 I rescue_note: [0,1,17568]
03-25 10:56:41.619  2492  2492 I auditd  : type=1400 audit(0.0:427): avc:  denied  { read } for  comm="android.display" name="u:object_r:vendor_wfd_sys_debug_prop:s0" dev="tmpfs" ino=644 scontext=u:r:system_server:s0 tcontext=u:object_r:vendor_wfd_sys_debug_prop:s0 tclass=file permissive=0
03-25 10:56:41.619  2492  2492 I auditd  : type=1400 audit(0.0:428): avc:  denied  { read } for  comm="android.display" name="u:object_r:vendor_wfd_sys_prop:s0" dev="tmpfs" ino=645 scontext=u:r:system_server:s0 tcontext=u:object_r:vendor_wfd_sys_prop:s0 tclass=file permissive=0
03-25 10:56:41.637  2492  2623 I am_wtf  : [0,2492,system_server,-1,SystemServiceRegistry,Manager wrapper not available: AmlSlaveWifiService]
03-25 10:56:41.635  2492  2492 I auditd  : type=1400 audit(0.0:429): avc:  denied  { read } for  comm="WifiHandlerThre" name="u:object_r:persist_vendor_debug_wifi_prop:s0" dev="tmpfs" ino=351 scontext=u:r:system_server:s0 tcontext=u:object_r:persist_vendor_debug_wifi_prop:s0 tclass=file permissive=0
03-25 10:56:41.639     1     1 I auditd  : type=1107 audit(0.0:430): uid=0 auid=4294967295 ses=4294967295 subj=u:r:init:s0 msg='avc:  denied  { set } for property=persist.vendor.wifi.roam.threshold pid=2492 uid=1000 gid=1000 scontext=u:r:system_server:s0 tcontext=u:object_r:vendor_default_prop:s0 tclass=property_service permissive=0'
03-25 10:56:41.643  2492  2492 I auditd  : type=1400 audit(0.0:431): avc:  denied  { read } for  comm="WifiHandlerThre" name="u:object_r:persist_vendor_debug_wifi_prop:s0" dev="tmpfs" ino=351 scontext=u:r:system_server:s0 tcontext=u:object_r:persist_vendor_debug_wifi_prop:s0 tclass=file permissive=0
03-25 10:56:41.643  2492  2492 I auditd  : type=1400 audit(0.0:432): avc:  denied  { read } for  comm="WifiHandlerThre" name="u:object_r:persist_vendor_debug_wifi_prop:s0" dev="tmpfs" ino=351 scontext=u:r:system_server:s0 tcontext=u:object_r:persist_vendor_debug_wifi_prop:s0 tclass=file permissive=0
03-25 10:56:41.659  2492  3851 I commit_sys_config_file: [settings-2-0,3]
03-25 10:56:41.693  2492  2492 I boot_progress_ams_ready: 17644
03-25 10:56:41.694  2492  2607 I am_uid_running: 10095
03-25 10:56:41.702  2492  2492 I configuration_changed: 268468480
03-25 10:56:41.713  2492  2492 I thermal_changed: [vbat,6,3.936000,0,0]
03-25 10:56:41.713  2492  2492 I thermal_changed: [battery,2,34.099998,0,0]
03-25 10:56:41.713  2492  2492 I thermal_changed: [skin,3,39.396999,0,0]
03-25 10:56:41.713  2492  2492 I thermal_changed: [nsp5,9,55.200001,0,0]
03-25 10:56:41.713  2492  2492 I thermal_changed: [ibat,7,2.437000,0,0]
03-25 10:56:41.713  2492  2492 I thermal_changed: [nsp4,9,54.400002,0,0]
03-25 10:56:41.713  2492  2492 I thermal_changed: [nsp3,9,55.200001,0,0]
03-25 10:56:41.713  2492  2492 I thermal_changed: [nsp2,9,56.000000,0,0]
03-25 10:56:41.713  2492  2492 I thermal_changed: [nsp1,9,61.400002,0,0]
03-25 10:56:41.713  2492  2492 I thermal_changed: [nsp0,9,61.400002,0,0]
03-25 10:56:41.713  2492  2492 I thermal_changed: [GPU6,1,61.799999,0,0]
03-25 10:56:41.713  2492  2492 I thermal_changed: [GPU5,1,65.300003,0,0]
03-25 10:56:41.713  2492  2492 I thermal_changed: [GPU3,1,57.900002,0,0]
03-25 10:56:41.713  2492  2492 I thermal_changed: [CPU5,0,91.900002,0,0]
03-25 10:56:41.713  2492  2492 I thermal_changed: [GPU2,1,58.299999,0,0]
03-25 10:56:41.713  2492  2492 I thermal_changed: [CPU4,0,87.199997,0,0]
03-25 10:56:41.713  2492  2492 I thermal_changed: [GPU0,1,59.400002,0,0]
03-25 10:56:41.713  2492  2492 I thermal_changed: [GPU4,1,66.900002,0,0]
03-25 10:56:41.713  2492  2492 I thermal_changed: [CPU6,0,85.599998,0,0]
03-25 10:56:41.713  2492  2492 I thermal_changed: [GPU1,1,57.099998,0,0]
03-25 10:56:41.713  2492  2492 I thermal_changed: [socd,8,21.000000,0,0]
03-25 10:56:41.713  2492  2492 I thermal_changed: [CPU3,0,90.000000,0,0]
03-25 10:56:41.713  2492  2492 I thermal_changed: [GPU7,1,61.799999,0,0]
03-25 10:56:41.713  2492  2492 I thermal_changed: [CPU7,0,93.400002,0,0]
03-25 10:56:41.713  2492  2492 I thermal_changed: [CPU2,0,87.599998,0,0]
03-25 10:56:41.713  2492  2492 I thermal_changed: [CPU1,0,84.900002,0,0]
03-25 10:56:41.713  2492  2492 I thermal_changed: [CPU0,0,80.699997,0,0]
03-25 10:56:41.718  2492  2624 I am_proc_start: [0,4688,10095,com.android.htmlviewer:remote,content provider,{com.android.htmlviewer/com.android.settings.cloud.CloudSettingsProvider}]
03-25 10:56:41.728  2492  3847 I commit_sys_config_file: [log-files,2]
03-25 10:56:41.731  2492  3847 I commit_sys_config_file: [log-files,1]
03-25 10:56:41.738  2492  3847 I commit_sys_config_file: [log-files,1]
03-25 10:56:41.740  2492  3847 I commit_sys_config_file: [log-files,1]
03-25 10:56:41.743  2492  3847 I commit_sys_config_file: [log-files,1]
03-25 10:56:41.744  2492  3847 I commit_sys_config_file: [log-files,1]
03-25 10:56:41.746  2492  3847 I commit_sys_config_file: [log-files,1]
03-25 10:56:41.747  2492  3847 I commit_sys_config_file: [log-files,1]
03-25 10:56:41.749  2492  3847 I commit_sys_config_file: [log-files,1]
03-25 10:56:41.750  2492  3847 I commit_sys_config_file: [log-files,1]
03-25 10:56:41.751  2492  3851 I commit_sys_config_file: [settings-1-0,1]
03-25 10:56:41.753  2492  3847 I commit_sys_config_file: [log-files,2]
03-25 10:56:41.754  2492  3847 I commit_sys_config_file: [log-files,1]
03-25 10:56:41.762  2492  4313 I thermal_changed: [CPU7,0,95.000000,3,0]
03-25 10:56:41.767  4688  4688 I auditd  : type=1400 audit(0.0:433): avc:  denied  { read write } for  comm="dex_preload_t" name="metis" dev="tmpfs" ino=1097 scontext=u:r:priv_app:s0:c512,c768 tcontext=u:object_r:migt_dev:s0 tclass=chr_file permissive=0 app=com.android.htmlviewer
03-25 10:56:41.774  2492  4314 I am_proc_bound: [0,4688,com.android.htmlviewer:remote]
03-25 10:56:41.832  2492  4313 I am_uid_active: 10095
03-25 10:56:41.891  2492  2492 I auditd  : type=1400 audit(0.0:434): avc:  denied  { read } for  comm="system_server" name="u:object_r:vendor_default_prop:s0" dev="tmpfs" ino=508 scontext=u:r:system_server:s0 tcontext=u:object_r:vendor_default_prop:s0 tclass=file permissive=0
03-25 10:56:41.895  2492  2492 I am_uid_running: 10188
03-25 10:56:41.895  1831  1831 I auditd  : type=1400 audit(0.0:435): avc:  denied  { getattr } for  comm="android.hardwar" path="/sys/class/qcom-battery/moisture_detection_status" dev="sysfs" ino=163199 scontext=u:r:vendor_hal_usb_qti:s0 tcontext=u:object_r:vendor_sysfs_qcom_battery:s0 tclass=file permissive=0
03-25 10:56:41.904  2492  3924 I configuration_changed: 256
03-25 10:56:41.912  2492  2624 I am_proc_start: [0,4745,10188,com.miui.miwallpaper,service,{com.miui.miwallpaper/com.miui.miwallpaper.wallpaperservice.ImageWallpaper}]
03-25 10:56:41.923  2492  2492 I auditd  : type=1400 audit(0.0:436): avc:  denied  { read } for  comm="SoundDecoder_2" name="u:object_r:vendor_default_prop:s0" dev="tmpfs" ino=508 scontext=u:r:system_server:s0 tcontext=u:object_r:vendor_default_prop:s0 tclass=file permissive=0
03-25 10:56:41.923  2492  2492 I auditd  : type=1400 audit(0.0:437): avc:  denied  { read } for  comm="SoundDecoder_1" name="u:object_r:vendor_default_prop:s0" dev="tmpfs" ino=508 scontext=u:r:system_server:s0 tcontext=u:object_r:vendor_default_prop:s0 tclass=file permissive=0
03-25 10:56:41.951  2492  4192 I am_proc_bound: [0,4745,com.miui.miwallpaper]
03-25 10:56:41.961  2492  4051 I commit_sys_config_file: [net-policy,4]
03-25 10:56:41.989  2492  3733 I am_uid_running: 1037
03-25 10:56:42.002  2492  2624 I am_proc_start: [0,4799,1037,WebViewLoader-arm64-v8a,,]
03-25 10:56:42.018  1048  1048 I auditd  : avc:  denied  { find } for pid=4799 uid=1037 name=MiuiForceVkService scontext=u:r:shared_relro:s0:c13,c260,c512,c768 tcontext=u:object_r:miui_force_vk_service:s0 tclass=service_manager permissive=0
03-25 10:56:42.015  4799  4799 I auditd  : type=1400 audit(0.0:438): avc:  denied  { read write } for  comm="dex_preload_t" name="metis" dev="tmpfs" ino=1097 scontext=u:r:shared_relro:s0:c13,c260,c512,c768 tcontext=u:object_r:migt_dev:s0 tclass=chr_file permissive=0
03-25 10:56:42.021  2492  3753 I am_proc_bound: [0,4799,WebViewLoader-arm64-v8a]
03-25 10:56:42.024  2492  3753 I am_uid_active: 1037
03-25 10:56:42.025  1048  1048 I auditd  : avc:  denied  { find } for pid=4799 uid=1037 name=miui.mqsas.MQSService scontext=u:r:shared_relro:s0:c13,c260,c512,c768 tcontext=u:object_r:mqs_service:s0 tclass=service_manager permissive=0
03-25 10:56:42.027  2492  2492 I auditd  : type=1400 audit(0.0:440): avc:  denied  { read } for  comm="SoundDecoder_2" name="u:object_r:vendor_default_prop:s0" dev="tmpfs" ino=508 scontext=u:r:system_server:s0 tcontext=u:object_r:vendor_default_prop:s0 tclass=file permissive=0
03-25 10:56:42.039  2492  4049 I netstats_mobile_sample: [0,0,0,0,0,0,0,0,1774407402039]
03-25 10:56:42.039  2492  4049 I netstats_wifi_sample: [0,0,0,0,0,0,0,0,1774407402039]
03-25 10:56:42.042  2492  4049 I netstats_mobile_sample: [0,0,0,0,0,0,0,0,1774407402042]
03-25 10:56:42.042  2492  4049 I netstats_wifi_sample: [0,0,0,0,0,0,0,0,1774407402042]
03-25 10:56:42.039  1672  1672 I auditd  : type=1400 audit(0.0:441): avc:  denied  { read } for  comm="binder:1672_4" name="u:object_r:wifi_hal_prop:s0" dev="tmpfs" ino=676 scontext=u:r:netd:s0 tcontext=u:object_r:wifi_hal_prop:s0 tclass=file permissive=0
03-25 10:56:42.051  2492  3851 I commit_sys_config_file: [settings-2-0,1]
03-25 10:56:42.047  2926  2926 I auditd  : type=1400 audit(0.0:442): avc:  denied  { read } for  comm="main" name="u:object_r:default_prop:s0" dev="tmpfs" ino=200 scontext=u:r:rild:s0 tcontext=u:object_r:default_prop:s0 tclass=file permissive=0
03-25 10:56:42.071  2492  2492 I auditd  : type=1400 audit(0.0:443): avc:  denied  { read } for  comm="SoundDecoder_1" name="u:object_r:vendor_default_prop:s0" dev="tmpfs" ino=508 scontext=u:r:system_server:s0 tcontext=u:object_r:vendor_default_prop:s0 tclass=file permissive=0
03-25 10:56:42.084  2492  4313 I am_proc_died: [0,4799,WebViewLoader-arm64-v8a,-700,0]
03-25 10:56:42.085  2492  4313 I am_uid_stopped: 1037
03-25 10:56:42.091  2926  2926 I auditd  : type=1400 audit(0.0:444): avc:  denied  { search } for  comm="main" name="diag" dev="dm-53" ino=877 scontext=u:r:rild:s0 tcontext=u:object_r:minidump_data_file:s0 tclass=dir permissive=0
03-25 10:56:42.152  2492  4192 I am_uid_active: 10188
03-25 10:56:42.155  2492  2492 I auditd  : type=1400 audit(0.0:445): avc:  denied  { read } for  comm="system_server" name="u:object_r:vendor_default_prop:s0" dev="tmpfs" ino=508 scontext=u:r:system_server:s0 tcontext=u:object_r:vendor_default_prop:s0 tclass=file permissive=0
03-25 10:56:42.159  1940  1940 I auditd  : type=1400 audit(0.0:446): avc:  denied  { read } for  comm="Loc_hal_worker" name="u:object_r:vendor_pd_locater_dbg_prop:s0" dev="tmpfs" ino=580 scontext=u:r:vendor_hal_gnss_qti:s0 tcontext=u:object_r:vendor_pd_locater_dbg_prop:s0 tclass=file permissive=0
03-25 10:56:42.170  3283  3283 I [1000004]: [-1492643830,26586087,-1987539696,68682659,51511584,3211530]
03-25 10:56:42.171  3283  3283 I [1000004]: [-1492643830,26586087,-1987539696,68682659,51511584,3145994]
03-25 10:56:42.183  3283  3283 I [1000004]: [-1492643830,26586087,-1987539696,68682659,51511584,3211530]
03-25 10:56:42.185  3283  3359 I [1000004]: [-1492643830,26586087,-2067350512,68682437,51511584,131338]
03-25 10:56:42.195  2492  2492 I auditd  : type=1400 audit(0.0:447): avc:  denied  { read } for  comm="BlurWallpaperTh" name="u:object_r:vendor_video_mi_prop:s0" dev="tmpfs" ino=640 scontext=u:r:system_server:s0 tcontext=u:object_r:vendor_video_mi_prop:s0 tclass=file permissive=0
03-25 10:56:42.221  2492  4313 I thermal_changed: [CPU7,0,89.900002,0,0]
03-25 10:56:42.219  2492  2492 I auditd  : type=1400 audit(0.0:448): avc:  denied  { read } for  comm="android.fg" name="u:object_r:vendor_video_mi_prop:s0" dev="tmpfs" ino=640 scontext=u:r:system_server:s0 tcontext=u:object_r:vendor_video_mi_prop:s0 tclass=file permissive=0
03-25 10:56:42.223  2492  2492 I auditd  : type=1400 audit(0.0:449): avc:  denied  { read } for  comm="FileObserver" name="u:object_r:vendor_video_mi_prop:s0" dev="tmpfs" ino=640 scontext=u:r:system_server:s0 tcontext=u:object_r:vendor_video_mi_prop:s0 tclass=file permissive=0
03-25 10:56:42.247  2492  2492 I auditd  : type=1400 audit(0.0:450): avc:  denied  { read } for  comm="system_server" name="u:object_r:vendor_default_prop:s0" dev="tmpfs" ino=508 scontext=u:r:system_server:s0 tcontext=u:object_r:vendor_default_prop:s0 tclass=file permissive=0
03-25 10:56:42.250  2492  2492 I am_uid_running: 1073
03-25 10:56:42.254  2492  2492 I ssm_user_starting: 0
03-25 10:56:42.266  2492  3851 I commit_sys_config_file: [settings-0-0,19]
03-25 10:56:42.271  2492  2492 I auditd  : type=1400 audit(0.0:451): avc:  denied  { read } for  comm="BluetoothManage" name="u:object_r:vendor_default_prop:s0" dev="tmpfs" ino=508 scontext=u:r:system_server:s0 tcontext=u:object_r:vendor_default_prop:s0 tclass=file permissive=0
03-25 10:56:42.279  2492  3931 I am_uid_running: 1002
03-25 10:56:42.283  2492  2492 I auditd  : type=1400 audit(0.0:452): avc:  denied  { read } for  comm="binder:2492_8" name="u:object_r:vendor_video_mi_prop:s0" dev="tmpfs" ino=640 scontext=u:r:system_server:s0 tcontext=u:object_r:vendor_video_mi_prop:s0 tclass=file permissive=0
03-25 10:56:42.285  2492  2624 I am_proc_start: [0,4956,1073,com.android.networkstack.process,service,{com.android.networkstack/com.android.server.NetworkStackService}]
03-25 10:56:42.292  2492  2579 I thermal_changed: [CPU7,0,95.300003,3,0]
03-25 10:56:42.300  2492  2624 I am_proc_start: [0,4977,1002,com.android.bluetooth,service,{com.android.bluetooth/com.android.bluetooth.btservice.AdapterService}]
03-25 10:56:42.302  2492  2579 I am_proc_bound: [0,4956,com.android.networkstack.process]
03-25 10:56:42.299  4956  4956 I auditd  : type=1400 audit(0.0:453): avc:  denied  { read write } for  comm="dex_preload_t" name="metis" dev="tmpfs" ino=1097 scontext=u:r:network_stack:s0 tcontext=u:object_r:migt_dev:s0 tclass=chr_file permissive=0
03-25 10:56:42.305  2492  2579 I am_uid_active: 1073
03-25 10:56:42.312  2492  2492 I um_user_visibility_changed: [0,1]
03-25 10:56:42.312  2492  2492 I am_uid_running: 1001
03-25 10:56:42.313  2492  2492 I am_uid_running: 10115
03-25 10:56:42.314  2492  2492 I am_uid_running: 10148
03-25 10:56:42.316  2492  2492 I am_uid_running: 10117
03-25 10:56:42.318  2492  2492 I am_uid_running: 1027
03-25 10:56:42.320  2492  2492 I am_uid_running: 10224
03-25 10:56:42.319  4977  4977 I auditd  : type=1400 audit(0.0:454): avc:  denied  { read write } for  comm="dex_preload_t" name="metis" dev="tmpfs" ino=1097 scontext=u:r:bluetooth:s0 tcontext=u:object_r:migt_dev:s0 tclass=chr_file permissive=0
03-25 10:56:42.323  2492  2492 I am_uid_running: 1068
03-25 10:56:42.325  2492  2579 I thermal_changed: [CPU7,0,89.900002,0,0]
03-25 10:56:42.328  2492  2492 I am_uid_running: 10221
03-25 10:56:42.330  2492  2492 I am_uid_running: 10235
03-25 10:56:42.331  2492  3851 I commit_sys_config_file: [settings-2-0,14]
03-25 10:56:42.342  2492  2492 I wm_task_created: 2
03-25 10:56:42.342  2492  2492 I wm_task_windowing_mode_changed: [2,0,1]
03-25 10:56:42.344  2492  2492 I wm_task_moved: [2,1,0,1,2147483647]
03-25 10:56:42.348  2492  2492 I wm_task_moved: [1,1,0,1,0]
03-25 10:56:42.350  2492  2492 I wm_task_to_front: [0,2,0]
03-25 10:56:42.351  2492  2492 I wm_create_task: [0,2,1,0]
03-25 10:56:42.351  2492  2492 I wm_create_activity: [0,45189603,2,com.miui.home/.launcher.Launcher,android.intent.action.MAIN,NULL,NULL,268435712]
03-25 10:56:42.351  2492  2492 I wm_task_moved: [1,1,0,1,0]
03-25 10:56:42.351  2492  2492 I wm_task_moved: [2,1,0,1,2147483647]
03-25 10:56:42.355  4999  4999 I auditd  : type=1400 audit(0.0:455): avc:  denied  { read write } for  comm="dex_preload_t" name="metis" dev="tmpfs" ino=1097 scontext=u:r:vendor_dataservice_app:s0 tcontext=u:object_r:migt_dev:s0 tclass=chr_file permissive=0
03-25 10:56:42.362  2492  4314 I thermal_changed: [CPU7,0,95.000000,3,0]
03-25 10:56:42.387  2078  2078 I auditd  : type=1400 audit(0.0:456): avc:  denied  { search } for  comm="binder:2078_3" name="mcd" dev="dm-53" ino=814 scontext=u:r:surfaceflinger:s0 tcontext=u:object_r:mcd_data_file:s0 tclass=dir permissive=0
03-25 10:56:42.479  2492  3851 I commit_sys_config_file: [settings-0-0,3]
03-25 10:56:42.502  2492  2619 I netstats_mobile_sample: [0,0,0,0,0,0,0,0,1774407402501]
03-25 10:56:42.502  2492  2619 I netstats_wifi_sample: [0,0,0,0,0,0,0,0,1774407402501]
03-25 10:56:42.510  2492  2492 I uc_send_user_broadcast: [0,android.intent.action.USER_STARTED]
03-25 10:56:42.510  2492  2492 I uc_send_user_broadcast: [0,android.intent.action.USER_STARTING]
03-25 10:56:42.512  2492  2492 I uc_send_user_broadcast: [0,android.intent.action.USER_FOREGROUND]
03-25 10:56:42.512  2492  2492 I uc_send_user_broadcast: [999,android.intent.action.USER_FOREGROUND]
03-25 10:56:42.512  2492  2492 I uc_send_user_broadcast: [0,android.intent.action.USER_SWITCHED]
03-25 10:56:42.513  2492  4192 I am_proc_bound: [0,4977,com.android.bluetooth]
03-25 10:56:42.518  2492  2624 I am_proc_start: [0,4999,1001,.dataservices,added application,.dataservices]
03-25 10:56:42.519  2492  2579 I am_proc_bound: [0,4999,.dataservices]
03-25 10:56:42.524  2492  2579 I am_uid_active: 1001
03-25 10:56:42.528  2492  2607 I am_uid_running: 10144
03-25 10:56:42.532  2492  3851 I commit_sys_config_file: [settings-2-0,5]
03-25 10:56:42.536  2492  2624 I am_proc_start: [0,5052,10115,.qtidataservices,added application,.qtidataservices]
03-25 10:56:42.552  2492  2624 I am_proc_start: [0,5064,10148,com.qti.phone,added application,com.qti.phone]
03-25 10:56:42.547  5052  5052 I auditd  : type=1400 audit(0.0:457): avc:  denied  { read } for  comm="qtidataservices" name="u:object_r:default_prop:s0" dev="tmpfs" ino=200 scontext=u:r:vendor_qtidataservices_app:s0:c115,c256,c512,c768 tcontext=u:object_r:default_prop:s0 tclass=file permissive=0 app=vendor.qti.hardware.cacert.server
03-25 10:56:42.563  5052  5052 I auditd  : type=1400 audit(0.0:458): avc:  denied  { read } for  comm="qtidataservices" name="u:object_r:default_prop:s0" dev="tmpfs" ino=200 scontext=u:r:vendor_qtidataservices_app:s0:c115,c256,c512,c768 tcontext=u:object_r:default_prop:s0 tclass=file permissive=0 app=vendor.qti.hardware.cacert.server
03-25 10:56:42.563  5052  5052 I auditd  : type=1400 audit(0.0:459): avc:  denied  { read } for  comm="qtidataservices" name="u:object_r:default_prop:s0" dev="tmpfs" ino=200 scontext=u:r:vendor_qtidataservices_app:s0:c115,c256,c512,c768 tcontext=u:object_r:default_prop:s0 tclass=file permissive=0 app=vendor.qti.hardware.cacert.server
03-25 10:56:42.563  5052  5052 I auditd  : type=1400 audit(0.0:460): avc:  denied  { read } for  comm="qtidataservices" name="u:object_r:default_prop:s0" dev="tmpfs" ino=200 scontext=u:r:vendor_qtidataservices_app:s0:c115,c256,c512,c768 tcontext=u:object_r:default_prop:s0 tclass=file permissive=0 app=vendor.qti.hardware.cacert.server
03-25 10:56:42.563  5052  5052 I auditd  : type=1400 audit(0.0:461): avc:  denied  { read } for  comm="qtidataservices" name="u:object_r:default_prop:s0" dev="tmpfs" ino=200 scontext=u:r:vendor_qtidataservices_app:s0:c115,c256,c512,c768 tcontext=u:object_r:default_prop:s0 tclass=file permissive=0 app=vendor.qti.hardware.cacert.server
03-25 10:56:42.563  5052  5052 I auditd  : type=1400 audit(0.0:462): avc:  denied  { read write } for  comm="dex_preload_t" name="metis" dev="tmpfs" ino=1097 scontext=u:r:vendor_qtidataservices_app:s0:c115,c256,c512,c768 tcontext=u:object_r:migt_dev:s0 tclass=chr_file permissive=0 app=vendor.qti.hardware.cacert.server
03-25 10:56:42.570  2492  2579 I am_proc_bound: [0,5052,.qtidataservices]
03-25 10:56:42.574  2492  2579 I am_uid_active: 10115
03-25 10:56:42.579  2492  2624 I am_proc_start: [0,5090,10117,.qms,added application,.qms]
03-25 10:56:42.580  2492  4192 I thermal_changed: [CPU7,0,89.900002,0,0]
03-25 10:56:42.579  5090  5090 I auditd  : type=1400 audit(0.0:463): avc:  denied  { read } for  comm=".qms" name="u:object_r:default_prop:s0" dev="tmpfs" ino=200 scontext=u:r:vendor_qms_app:s0:c117,c256,c512,c768 tcontext=u:object_r:default_prop:s0 tclass=file permissive=0 app=vendor.qti.data.txpwradmin
03-25 10:56:42.594  2492  4192 I am_proc_bound: [0,5064,com.qti.phone]
03-25 10:56:42.591  5064  5064 I auditd  : type=1400 audit(0.0:464): avc:  denied  { read write } for  comm="dex_preload_t" name="metis" dev="tmpfs" ino=1097 scontext=u:r:vendor_qtelephony:s0:c148,c256,c512,c768 tcontext=u:object_r:migt_dev:s0 tclass=chr_file permissive=0 app=com.qualcomm.qti.telephonyservice
03-25 10:56:42.595  5090  5090 I auditd  : type=1400 audit(0.0:465): avc:  denied  { read } for  comm=".qms" name="u:object_r:default_prop:s0" dev="tmpfs" ino=200 scontext=u:r:vendor_qms_app:s0:c117,c256,c512,c768 tcontext=u:object_r:default_prop:s0 tclass=file permissive=0 app=vendor.qti.data.txpwradmin
03-25 10:56:42.595  5090  5090 I auditd  : type=1400 audit(0.0:466): avc:  denied  { read } for  comm=".qms" name="u:object_r:default_prop:s0" dev="tmpfs" ino=200 scontext=u:r:vendor_qms_app:s0:c117,c256,c512,c768 tcontext=u:object_r:default_prop:s0 tclass=file permissive=0 app=vendor.qti.data.txpwradmin
03-25 10:56:42.595  5090  5090 I auditd  : type=1400 audit(0.0:467): avc:  denied  { read } for  comm=".qms" name="u:object_r:default_prop:s0" dev="tmpfs" ino=200 scontext=u:r:vendor_qms_app:s0:c117,c256,c512,c768 tcontext=u:object_r:default_prop:s0 tclass=file permissive=0 app=vendor.qti.data.txpwradmin
03-25 10:56:42.595  5090  5090 I auditd  : type=1400 audit(0.0:468): avc:  denied  { read } for  comm=".qms" name="u:object_r:default_prop:s0" dev="tmpfs" ino=200 scontext=u:r:vendor_qms_app:s0:c117,c256,c512,c768 tcontext=u:object_r:default_prop:s0 tclass=file permissive=0 app=vendor.qti.data.txpwradmin
03-25 10:56:42.595  5090  5090 I auditd  : type=1400 audit(0.0:469): avc:  denied  { read write } for  comm="dex_preload_t" name="metis" dev="tmpfs" ino=1097 scontext=u:r:vendor_qms_app:s0:c117,c256,c512,c768 tcontext=u:object_r:migt_dev:s0 tclass=chr_file permissive=0 app=vendor.qti.data.txpwradmin
03-25 10:56:42.600  2492  4192 I am_uid_active: 10148
03-25 10:56:42.601  2492  2624 I am_proc_start: [0,5131,1027,com.st.android.nfc_extensions_16,added application,com.st.android.nfc_extensions_16]
03-25 10:56:42.606  2492  2579 I am_proc_bound: [0,5090,.qms]
03-25 10:56:42.609  2492  2579 I am_uid_active: 10117
03-25 10:56:42.616  1048  1048 I auditd  : avc:  denied  { find } for pid=4956 uid=1073 name=HyperOSCustFeatureResolve scontext=u:r:network_stack:s0 tcontext=u:object_r:hyperos_cust_feature_resolve_service:s0 tclass=service_manager permissive=0
03-25 10:56:42.619  2492  2624 I am_proc_start: [0,5157,10224,org.codeaurora.ims,added application,org.codeaurora.ims]
03-25 10:56:42.639  2492  2579 I am_proc_bound: [0,5131,com.st.android.nfc_extensions_16]
03-25 10:56:42.641  2492  2579 I am_uid_active: 1027
03-25 10:56:42.639  5131  5131 I auditd  : type=1400 audit(0.0:470): avc:  denied  { read write } for  comm="dex_preload_t" name="metis" dev="tmpfs" ino=1097 scontext=u:r:nfc:s0 tcontext=u:object_r:migt_dev:s0 tclass=chr_file permissive=0
03-25 10:56:42.642  2492  2624 I am_proc_start: [0,5180,1001,com.xiaomi.hypercomm,added application,com.xiaomi.hypercomm]
03-25 10:56:42.651  5157  5157 I auditd  : type=1400 audit(0.0:471): avc:  denied  { read write } for  comm="dex_preload_t" name="metis" dev="tmpfs" ino=1097 scontext=u:r:vendor_qtelephony:s0:c224,c256,c512,c768 tcontext=u:object_r:migt_dev:s0 tclass=chr_file permissive=0 app=org.codeaurora.ims
03-25 10:56:42.657  2492  3884 I am_proc_bound: [0,5157,org.codeaurora.ims]
03-25 10:56:42.661  2492  3884 I am_uid_active: 10224
03-25 10:56:42.671  2492  2624 I am_proc_start: [0,5217,1068,com.android.se,added application,com.android.se]
03-25 10:56:42.675  5180  5180 I auditd  : type=1400 audit(0.0:472): avc:  denied  { read write } for  comm="dex_preload_t" name="metis" dev="tmpfs" ino=1097 scontext=u:r:radio:s0 tcontext=u:object_r:migt_dev:s0 tclass=chr_file permissive=0
03-25 10:56:42.685  2492  2579 I am_proc_bound: [0,5180,com.xiaomi.hypercomm]
03-25 10:56:42.683  5217  5217 I auditd  : type=1400 audit(0.0:473): avc:  denied  { read write } for  comm="dex_preload_t" name="metis" dev="tmpfs" ino=1097 scontext=u:r:secure_element:s0:c44,c260,c512,c768 tcontext=u:object_r:migt_dev:s0 tclass=chr_file permissive=0
03-25 10:56:42.692  2492  2624 I am_proc_start: [0,5239,1000,vendor.qti.frameworks.utils,added application,vendor.qti.frameworks.utils]
03-25 10:56:42.693  2492  4313 I am_proc_bound: [0,5217,com.android.se]
03-25 10:56:42.695  2492  4313 I am_uid_active: 1068
03-25 10:56:42.708  2492  2624 I am_proc_start: [0,5268,1001,com.android.phone,added application,com.android.phone]
03-25 10:56:42.722  2492  2624 I am_proc_start: [0,5293,10221,vendor.qti.bluetooth.xpan,added application,vendor.qti.bluetooth.xpan]
03-25 10:56:42.731  5239  5239 I auditd  : type=1400 audit(0.0:474): avc:  denied  { read write } for  comm="dex_preload_t" name="metis" dev="tmpfs" ino=1097 scontext=u:r:vendor_qesdk_app:s0 tcontext=u:object_r:migt_dev:s0 tclass=chr_file permissive=0
03-25 10:56:42.738  2492  4192 I am_proc_bound: [0,5239,vendor.qti.frameworks.utils]
03-25 10:56:42.743  2492  2624 I am_proc_start: [0,5329,1000,com.android.systemui,added application,com.android.systemui]
03-25 10:56:42.763  5293  5293 I auditd  : type=1400 audit(0.0:475): avc:  denied  { read write } for  comm="dex_preload_t" name="metis" dev="tmpfs" ino=1097 scontext=u:r:vendor_xpanprovider_app:s0:c221,c256,c512,c768 tcontext=u:object_r:migt_dev:s0 tclass=chr_file permissive=0 app=vendor.qti.bluetooth.xpan
03-25 10:56:42.763  5268  5268 I auditd  : type=1400 audit(0.0:476): avc:  denied  { read write } for  comm="dex_preload_t" name="metis" dev="tmpfs" ino=1097 scontext=u:r:radio:s0 tcontext=u:object_r:migt_dev:s0 tclass=chr_file permissive=0
03-25 10:56:42.766  2492  4313 I am_proc_bound: [0,5268,com.android.phone]
03-25 10:56:42.770  2492  2492 I notification_cancel_all: [1000,2492,android,0,0,0,20,NULL]
03-25 10:56:42.770  2492  2492 I notification_cancel_all: [1000,2492,android,0,0,0,20,NULL]
03-25 10:56:42.770  2492  2492 I notification_cancel_all: [1000,2492,android,0,0,0,20,NULL]
03-25 10:56:42.770  2492  2492 I notification_cancel_all: [1000,2492,android,0,0,0,20,NULL]
03-25 10:56:42.774  2492  4314 I am_proc_bound: [0,5293,vendor.qti.bluetooth.xpan]
03-25 10:56:42.776  2492  4314 I am_uid_active: 10221
03-25 10:56:42.777  2492  2624 I am_proc_start: [0,5350,10235,com.qti.qcc,added application,com.qti.qcc]
03-25 10:56:42.783  2492  2624 I am_proc_start: [0,4682,10144,com.miui.home,top-activity,{com.miui.home/com.miui.home.launcher.Launcher}]
03-25 10:56:42.806  2492  4953 I thermal_changed: [CPU7,0,95.000000,3,0]
03-25 10:56:42.818  2492  2578 I am_proc_bound: [0,4682,com.miui.home]
03-25 10:56:42.826  2492  2578 I am_uid_active: 10144
03-25 10:56:42.833  2492  4192 I am_proc_bound: [0,5329,com.android.systemui]
03-25 10:56:42.851  5350  5350 I auditd  : type=1400 audit(0.0:477): avc:  denied  { read write } for  comm="dex_preload_t" name="metis" dev="tmpfs" ino=1097 scontext=u:r:vendor_qcc_app:s0:c235,c256,c512,c768 tcontext=u:object_r:migt_dev:s0 tclass=chr_file permissive=0 app=com.qti.qcc
03-25 10:56:42.856  2492  2579 I am_proc_bound: [0,5350,com.qti.qcc]
03-25 10:56:42.859  2492  2579 I am_uid_active: 10235
03-25 10:56:42.898  5350  5350 I [1000004]: [-754446326,32821703,-1543660784,68682682,387061024,1129387274,1883332419,1667853424,1869182049,1951620974,7631457]
03-25 10:56:42.912  2492  2492 I notification_cancel_all: [1000,2492,com.android.server.telecom,0,0,0,20,NULL]
03-25 10:56:42.912  2492  2492 I notification_cancel_all: [1000,2492,com.android.server.telecom,0,0,0,20,NULL]
03-25 10:56:42.939  4977  4977 I auditd  : type=1400 audit(0.0:478): avc:  denied  { read write } for  comm="droid.bluetooth" name="metis" dev="tmpfs" ino=1097 scontext=u:r:bluetooth:s0 tcontext=u:object_r:migt_dev:s0 tclass=chr_file permissive=0
03-25 10:56:42.943  4977  4977 I auditd  : type=1400 audit(0.0:479): avc:  denied  { read write } for  comm="droid.bluetooth" name="metis" dev="tmpfs" ino=1097 scontext=u:r:bluetooth:s0 tcontext=u:object_r:migt_dev:s0 tclass=chr_file permissive=0
03-25 10:56:42.956  4977  4977 I wm_on_application_create_called: [0,com.android.bluetooth,323]
03-25 10:56:42.960  2492  5411 I am_uid_active: 1002
03-25 10:56:42.966  2492  2492 I notification_enqueue: [1000,2492,android,32,NULL,-1,Notification(channel=USB shortcut=null contentView=null vibrate=null sound=null tick defaults=0 flags=ONGOING_EVENT|CAN_COLORIZE color=0x00000000 vis=PUBLIC focusType=null),0,1]
03-25 10:56:42.970  2492  2492 I sysui_multi_action: [757,1501,758,1,793,58,794,0,795,58,796,32,806,android,857,USB,858,3,947,0,1500,0]
03-25 10:56:42.970  2492  2492 I sysui_multi_action: [757,804,799,note_interruptive,801,0,802,1]
03-25 10:56:42.979  5350  5350 I auditd  : type=1400 audit(0.0:480): avc:  denied  { read write } for  comm="com.qti.qcc" name="metis" dev="tmpfs" ino=1097 scontext=u:r:vendor_qcc_app:s0:c235,c256,c512,c768 tcontext=u:object_r:migt_dev:s0 tclass=chr_file permissive=0 app=com.qti.qcc
03-25 10:56:42.979  5350  5350 I auditd  : type=1400 audit(0.0:481): avc:  denied  { read write } for  comm="com.qti.qcc" name="metis" dev="tmpfs" ino=1097 scontext=u:r:vendor_qcc_app:s0:c235,c256,c512,c768 tcontext=u:object_r:migt_dev:s0 tclass=chr_file permissive=0 app=com.qti.qcc
03-25 10:56:42.987  5350  5350 I auditd  : type=1400 audit(0.0:482): avc:  denied  { read write } for  comm="com.qti.qcc" name="metis" dev="tmpfs" ino=1097 scontext=u:r:vendor_qcc_app:s0:c235,c256,c512,c768 tcontext=u:object_r:migt_dev:s0 tclass=chr_file permissive=0 app=com.qti.qcc
03-25 10:56:42.991  5350  5350 I auditd  : type=1400 audit(0.0:483): avc:  denied  { read write } for  comm="com.qti.qcc" name="metis" dev="tmpfs" ino=1097 scontext=u:r:vendor_qcc_app:s0:c235,c256,c512,c768 tcontext=u:object_r:migt_dev:s0 tclass=chr_file permissive=0 app=com.qti.qcc
03-25 10:56:42.999  5350  5350 I auditd  : type=1400 audit(0.0:484): avc:  denied  { read write } for  comm="com.qti.qcc" name="metis" dev="tmpfs" ino=1097 scontext=u:r:vendor_qcc_app:s0:c235,c256,c512,c768 tcontext=u:object_r:migt_dev:s0 tclass=chr_file permissive=0 app=com.qti.qcc
03-25 10:56:43.002  3283  4944 I [1000004]: [-1492643830,26586087,-1076955120,68682625,51511584,3211530]
03-25 10:56:43.003  5350  5350 I auditd  : type=1400 audit(0.0:485): avc:  denied  { read write } for  comm="com.qti.qcc" name="metis" dev="tmpfs" ino=1097 scontext=u:r:vendor_qcc_app:s0:c235,c256,c512,c768 tcontext=u:object_r:migt_dev:s0 tclass=chr_file permissive=0 app=com.qti.qcc
03-25 10:56:43.009  2492  4313 I am_uid_running: 10174
03-25 10:56:43.023  4977  4977 I auditd  : type=1400 audit(0.0:486): avc:  denied  { relabelfrom } for  comm="bt_stack_manage" name="logs" dev="dm-53" ino=396 scontext=u:r:bluetooth:s0 tcontext=u:object_r:bluetooth_logs_data_file:s0 tclass=dir permissive=0
03-25 10:56:43.026  2492  2624 I am_proc_start: [0,5563,10174,com.milink.service:provider,content provider,{com.milink.service/com.miui.circulate.world.permission.CirculateProvider}]
03-25 10:56:43.035  5268  5268 I auditd  : type=1400 audit(0.0:487): avc:  denied  { read write } for  comm="m.android.phone" name="metis" dev="tmpfs" ino=1097 scontext=u:r:radio:s0 tcontext=u:object_r:migt_dev:s0 tclass=chr_file permissive=0
03-25 10:56:43.039  5268  5268 I auditd  : type=1400 audit(0.0:488): avc:  denied  { read write } for  comm="m.android.phone" name="metis" dev="tmpfs" ino=1097 scontext=u:r:radio:s0 tcontext=u:object_r:migt_dev:s0 tclass=chr_file permissive=0
03-25 10:56:43.043  5268  5268 I auditd  : type=1400 audit(0.0:489): avc:  denied  { read write } for  comm="m.android.phone" name="metis" dev="tmpfs" ino=1097 scontext=u:r:radio:s0 tcontext=u:object_r:migt_dev:s0 tclass=chr_file permissive=0
03-25 10:56:43.043  5268  5268 I auditd  : type=1400 audit(0.0:490): avc:  denied  { read write } for  comm="m.android.phone" name="metis" dev="tmpfs" ino=1097 scontext=u:r:radio:s0 tcontext=u:object_r:migt_dev:s0 tclass=chr_file permissive=0
03-25 10:56:43.054  2492  3752 I wm_restart_activity: [0,45189603,2,com.miui.home/.launcher.Launcher]
03-25 10:56:43.056  2492  3752 I input_focus: displayId :0, focusApplication has changed to ActivityRecord{45189603 u0 com.miui.home/.launcher.Launcher t2}
03-25 10:56:43.056  2492  3752 I wm_set_resumed_activity: [0,com.miui.home/.launcher.Launcher,realStartActivityLocked - onActivityStateChanged]
03-25 10:56:43.064  2492  5574 I am_proc_bound: [0,5563,com.milink.service:provider]
03-25 10:56:43.114  4682  4682 I viewroot_draw_event: [VRI[GestureStub],reportDrawFinished seqId=0]
03-25 10:56:43.111  2078  2078 I auditd  : type=1400 audit(0.0:491): avc:  denied  { search } for  comm="binder:2078_4" name="mcd" dev="dm-53" ino=814 scontext=u:r:surfaceflinger:s0 tcontext=u:object_r:mcd_data_file:s0 tclass=dir permissive=0
03-25 10:56:43.117  4682  5453 I viewroot_draw_event: [VRI[GestureStubLeft],reportDrawFinished seqId=0]
03-25 10:56:43.115  2078  2078 I auditd  : type=1400 audit(0.0:492): avc:  denied  { search } for  comm="binder:2078_4" name="mcd" dev="dm-53" ino=814 scontext=u:r:surfaceflinger:s0 tcontext=u:object_r:mcd_data_file:s0 tclass=dir permissive=0
03-25 10:56:43.115  5329  5329 I auditd  : type=1400 audit(0.0:493): avc:  denied  { read } for  comm="ndroid.systemui" name="u:object_r:qemu_hw_prop:s0" dev="tmpfs" ino=364 scontext=u:r:system_app:s0 tcontext=u:object_r:qemu_hw_prop:s0 tclass=file permissive=0
03-25 10:56:43.115  2078  2078 I auditd  : type=1400 audit(0.0:494): avc:  denied  { search } for  comm="binder:2078_4" name="mcd" dev="dm-53" ino=814 scontext=u:r:surfaceflinger:s0 tcontext=u:object_r:mcd_data_file:s0 tclass=dir permissive=0
03-25 10:56:43.127  2078  2078 I auditd  : type=1400 audit(0.0:495): avc:  denied  { search } for  comm="binder:2078_3" name="mcd" dev="dm-53" ino=814 scontext=u:r:surfaceflinger:s0 tcontext=u:object_r:mcd_data_file:s0 tclass=dir permissive=0
03-25 10:56:43.132  4682  5453 I viewroot_draw_event: [VRI[GestureStubRight],reportDrawFinished seqId=0]
03-25 10:56:43.147  2078  2078 I auditd  : type=1400 audit(0.0:496): avc:  denied  { search } for  comm="binder:2078_4" name="mcd" dev="dm-53" ino=814 scontext=u:r:surfaceflinger:s0 tcontext=u:object_r:mcd_data_file:s0 tclass=dir permissive=0
03-25 10:56:43.158  2492  4313 I am_uid_active: 10174
