--------- beginning of events
01-08 03:09:36.348  1395  1395 I auditd  : SELinux: Loaded file context from:
01-08 03:09:36.348  1395  1395 I auditd  : 		/system/etc/selinux/plat_file_contexts
01-08 03:09:36.348  1395  1395 I auditd  : 		/system_ext/etc/selinux/system_ext_file_contexts
01-08 03:09:36.348  1395  1395 I auditd  : 		/product/etc/selinux/product_file_contexts
01-08 03:09:36.348  1395  1395 I auditd  : 		/vendor/etc/selinux/vendor_file_contexts
01-08 03:09:36.348  1395  1395 I auditd  : 		/odm/etc/selinux/odm_file_contexts
01-08 03:09:36.371  1501  1501 I auditd  : type=1400 audit(0.0:92): avc:  denied  { read } for  comm="linkerconfig" name="u:object_r:vendor_default_prop:s0" dev="tmpfs" ino=508 scontext=u:r:linkerconfig:s0 tcontext=u:object_r:vendor_default_prop:s0 tclass=file permissive=0
01-08 03:09:36.371  1501  1501 I auditd  : type=1400 audit(0.0:93): avc:  denied  { read } for  comm="linkerconfig" name="u:object_r:vendor_default_prop:s0" dev="tmpfs" ino=508 scontext=u:r:linkerconfig:s0 tcontext=u:object_r:vendor_default_prop:s0 tclass=file permissive=0
01-08 03:09:36.423  1505  1505 I auditd  : type=1400 audit(0.0:94): avc:  denied  { read } for  comm="aconfigd-mainli" name="u:object_r:vendor_default_prop:s0" dev="tmpfs" ino=508 scontext=u:r:aconfigd_mainline:s0 tcontext=u:object_r:vendor_default_prop:s0 tclass=file permissive=0
01-08 03:09:36.423  1505  1505 I auditd  : type=1400 audit(0.0:95): avc:  denied  { read } for  comm="aconfigd-mainli" name="u:object_r:vendor_default_prop:s0" dev="tmpfs" ino=508 scontext=u:r:aconfigd_mainline:s0 tcontext=u:object_r:vendor_default_prop:s0 tclass=file permissive=0
01-08 03:09:36.471  1507  1507 I auditd  : type=1400 audit(0.0:96): avc:  denied  { read } for  comm="aconfigd-mainli" name="u:object_r:vendor_default_prop:s0" dev="tmpfs" ino=508 scontext=u:r:aconfigd_mainline:s0 tcontext=u:object_r:vendor_default_prop:s0 tclass=file permissive=0
01-08 03:09:36.471  1507  1507 I auditd  : type=1400 audit(0.0:97): avc:  denied  { read } for  comm="aconfigd-mainli" name="u:object_r:vendor_default_prop:s0" dev="tmpfs" ino=508 scontext=u:r:aconfigd_mainline:s0 tcontext=u:object_r:vendor_default_prop:s0 tclass=file permissive=0
01-08 03:09:36.471  1508  1508 I auditd  : type=1400 audit(0.0:98): avc:  denied  { read } for  comm="derive_sdk" name="u:object_r:vendor_default_prop:s0" dev="tmpfs" ino=508 scontext=u:r:derive_sdk:s0 tcontext=u:object_r:vendor_default_prop:s0 tclass=file permissive=0
01-08 03:09:36.471  1508  1508 I auditd  : type=1400 audit(0.0:99): avc:  denied  { read } for  comm="derive_sdk" name="u:object_r:vendor_default_prop:s0" dev="tmpfs" ino=508 scontext=u:r:derive_sdk:s0 tcontext=u:object_r:vendor_default_prop:s0 tclass=file permissive=0
01-08 03:09:36.615  1511  1511 I auditd  : type=1400 audit(0.0:100): avc:  denied  { read } for  comm="derive_classpat" name="u:object_r:vendor_default_prop:s0" dev="tmpfs" ino=508 scontext=u:r:derive_classpath:s0 tcontext=u:object_r:vendor_default_prop:s0 tclass=file permissive=0
01-08 03:09:36.615  1511  1511 I auditd  : type=1400 audit(0.0:101): avc:  denied  { read } for  comm="derive_classpat" name="u:object_r:vendor_default_prop:s0" dev="tmpfs" ino=508 scontext=u:r:derive_classpath:s0 tcontext=u:object_r:vendor_default_prop:s0 tclass=file permissive=0
01-08 03:09:36.631  1512  1512 I auditd  : type=1400 audit(0.0:102): avc:  denied  { read } for  comm="art_boot" name="u:object_r:vendor_default_prop:s0" dev="tmpfs" ino=508 scontext=u:r:art_boot:s0 tcontext=u:object_r:vendor_default_prop:s0 tclass=file permissive=0
01-08 03:09:36.631  1512  1512 I auditd  : type=1400 audit(0.0:103): avc:  denied  { read } for  comm="art_boot" name="u:object_r:vendor_default_prop:s0" dev="tmpfs" ino=508 scontext=u:r:art_boot:s0 tcontext=u:object_r:vendor_default_prop:s0 tclass=file permissive=0
01-08 03:09:36.735  1366  1366 I auditd  : type=1400 audit(0.0:104): avc:  denied  { fowner } for  comm="vendor.xiaomi.h" capability=3  scontext=u:r:hal_misyscore_default:s0 tcontext=u:r:hal_misyscore_default:s0 tclass=capability permissive=0
01-08 03:09:37.428  1048  1048 I auditd  : Multiple same specifications for vendor.qti.gnss.ILocAidlGnss/default.
01-08 03:09:37.428  1048  1048 I auditd  : Multiple same specifications for vendor.qti.hardware.vpp.IVppService/default.
01-08 03:09:37.428  1048  1048 I auditd  : Multiple same specifications for android.media.audio.IHalAdapterVendorExtension/default.
01-08 03:09:37.428  1048  1048 I auditd  : Multiple same specifications for android.media.audio.IHalAdapterVendorExtension/default.
01-08 03:09:37.428  1048  1048 I auditd  : Multiple same specifications for android.media.audio.IHalAdapterVendorExtension/default.
01-08 03:09:37.429  1048  1048 I auditd  : SELinux: Loaded service context from:
01-08 03:09:37.429  1048  1048 I auditd  : 		/system/etc/selinux/plat_service_contexts
01-08 03:09:37.429  1048  1048 I auditd  : 		/system_ext/etc/selinux/system_ext_service_contexts
01-08 03:09:37.429  1048  1048 I auditd  : 		/product/etc/selinux/product_service_contexts
01-08 03:09:37.429  1048  1048 I auditd  : 		/vendor/etc/selinux/vendor_service_contexts
01-08 03:09:37.429  1048  1048 I auditd  : 		/odm/etc/selinux/odm_service_contexts
01-08 03:09:41.995   302   302 I auditd  : type=1400 audit(0.0:105): avc:  denied  { getattr } for  comm="init" path="/dev/migt" dev="tmpfs" ino=1489 scontext=u:r:vendor_init:s0 tcontext=u:object_r:migt_dev:s0 tclass=chr_file permissive=0
01-08 03:09:41.995   302   302 I auditd  : type=1400 audit(0.0:106): avc:  denied  { getattr } for  comm="init" path="/dev/metis" dev="tmpfs" ino=1097 scontext=u:r:vendor_init:s0 tcontext=u:object_r:migt_dev:s0 tclass=chr_file permissive=0
01-08 03:09:41.995   302   302 I auditd  : type=1400 audit(0.0:107): avc:  denied  { getattr } for  comm="init" path="/dev/metis" dev="tmpfs" ino=1097 scontext=u:r:vendor_init:s0 tcontext=u:object_r:migt_dev:s0 tclass=chr_file permissive=0
01-08 03:09:41.999   302   302 I auditd  : type=1400 audit(0.0:108): avc:  denied  { getattr } for  comm="init" path="/dev/metis_link" dev="tmpfs" ino=1141 scontext=u:r:vendor_init:s0 tcontext=u:object_r:migt_dev:s0 tclass=chr_file permissive=0
01-08 03:09:42.003   302   302 I auditd  : type=1400 audit(0.0:109): avc:  denied  { getattr } for  comm="init" path="/dev/miev" dev="tmpfs" ino=1067 scontext=u:r:vendor_init:s0 tcontext=u:object_r:miev_device:s0 tclass=chr_file permissive=0
03-25 10:56:34.252     1     1 I auditd  : type=1400 audit(0.0:110): avc:  denied  { getattr } for  comm="init" name="init.qti.display.sh" dev="dm-10" ino=37388737 scontext=u:r:init:s0 tcontext=u:object_r:vendor_sys_qti_display_exec:s0 tclass=file permissive=0
03-25 10:56:34.259  1644  1644 I auditd  : type=1400 audit(0.0:111): avc:  denied  { read } for  comm="netbpfload" name="u:object_r:vendor_default_prop:s0" dev="tmpfs" ino=508 scontext=u:r:bpfloader:s0 tcontext=u:object_r:vendor_default_prop:s0 tclass=file permissive=0
03-25 10:56:34.259  1644  1644 I auditd  : type=1400 audit(0.0:112): avc:  denied  { read } for  comm="netbpfload" name="u:object_r:vendor_default_prop:s0" dev="tmpfs" ino=508 scontext=u:r:bpfloader:s0 tcontext=u:object_r:vendor_default_prop:s0 tclass=file permissive=0
03-25 10:56:34.375  1644  1644 I auditd  : type=1400 audit(0.0:113): avc:  denied  { read } for  comm="uprobestatsbpfl" name="u:object_r:vendor_default_prop:s0" dev="tmpfs" ino=508 scontext=u:r:bpfloader:s0 tcontext=u:object_r:vendor_default_prop:s0 tclass=file permissive=0
03-25 10:56:34.375  1644  1644 I auditd  : type=1400 audit(0.0:114): avc:  denied  { read } for  comm="uprobestatsbpfl" name="u:object_r:vendor_default_prop:s0" dev="tmpfs" ino=508 scontext=u:r:bpfloader:s0 tcontext=u:object_r:vendor_default_prop:s0 tclass=file permissive=0
03-25 10:56:34.399  1644  1644 I auditd  : type=1400 audit(0.0:115): avc:  denied  { read } for  comm="netbpfload" name="u:object_r:vendor_default_prop:s0" dev="tmpfs" ino=508 scontext=u:r:bpfloader:s0 tcontext=u:object_r:vendor_default_prop:s0 tclass=file permissive=0
03-25 10:56:34.399  1644  1644 I auditd  : type=1400 audit(0.0:116): avc:  denied  { read } for  comm="netbpfload" name="u:object_r:vendor_default_prop:s0" dev="tmpfs" ino=508 scontext=u:r:bpfloader:s0 tcontext=u:object_r:vendor_default_prop:s0 tclass=file permissive=0
03-25 10:56:34.407  1668  1668 I auditd  : type=1400 audit(0.0:117): avc:  denied  { read } for  comm="hyper_bpfloader" name="u:object_r:vendor_default_prop:s0" dev="tmpfs" ino=508 scontext=u:r:bpfloader:s0 tcontext=u:object_r:vendor_default_prop:s0 tclass=file permissive=0
03-25 10:56:34.407  1668  1668 I auditd  : type=1400 audit(0.0:118): avc:  denied  { read } for  comm="hyper_bpfloader" name="u:object_r:vendor_default_prop:s0" dev="tmpfs" ino=508 scontext=u:r:bpfloader:s0 tcontext=u:object_r:vendor_default_prop:s0 tclass=file permissive=0
03-25 10:56:34.471  1671  1671 I auditd  : type=1400 audit(0.0:119): avc:  denied  { read } for  comm="system_perf_ini" name="bin" dev="dm-15" ino=53 scontext=u:r:system_perf_init:s0 tcontext=u:object_r:vendor_file:s0 tclass=dir permissive=0
03-25 10:56:34.471  1671  1671 I auditd  : type=1400 audit(0.0:120): avc:  denied  { read } for  comm="system_perf_ini" name="bin" dev="dm-12" ino=384 scontext=u:r:system_perf_init:s0 tcontext=u:object_r:vendor_file:s0 tclass=dir permissive=0
03-25 10:56:34.471  1671  1671 I auditd  : type=1400 audit(0.0:121): avc:  denied  { search } for  comm="system_perf_ini" name="tmp" dev="dm-53" ino=464 scontext=u:r:system_perf_init:s0 tcontext=u:object_r:shell_data_file:s0 tclass=dir permissive=0
03-25 10:56:34.471  1671  1671 I auditd  : type=1400 audit(0.0:122): avc:  denied  { search } for  comm="system_perf_ini" name="tests" dev="dm-53" ino=475 scontext=u:r:system_perf_init:s0 tcontext=u:object_r:shell_test_data_file:s0 tclass=dir permissive=0
03-25 10:56:34.471  1671  1671 I auditd  : type=1400 audit(0.0:123): avc:  denied  { search } for  comm="system_perf_ini" name="tests" dev="dm-53" ino=475 scontext=u:r:system_perf_init:s0 tcontext=u:object_r:shell_test_data_file:s0 tclass=dir permissive=0
03-25 10:56:34.471  1671  1671 I auditd  : type=1400 audit(0.0:124): avc:  denied  { search } for  comm="system_perf_ini" name="tests" dev="dm-53" ino=475 scontext=u:r:system_perf_init:s0 tcontext=u:object_r:shell_test_data_file:s0 tclass=dir permissive=0
03-25 10:56:34.471  1671  1671 I auditd  : type=1400 audit(0.0:125): avc:  denied  { search } for  comm="system_perf_ini" name="tests" dev="dm-53" ino=475 scontext=u:r:system_perf_init:s0 tcontext=u:object_r:shell_test_data_file:s0 tclass=dir permissive=0
03-25 10:56:34.471  1671  1671 I auditd  : type=1400 audit(0.0:126): avc:  denied  { dac_read_search } for  comm="system_perf_ini" capability=2  scontext=u:r:system_perf_init:s0 tcontext=u:r:system_perf_init:s0 tclass=capability permissive=0
03-25 10:56:34.471  1671  1671 I auditd  : type=1400 audit(0.0:127): avc:  denied  { dac_override } for  comm="system_perf_ini" capability=1  scontext=u:r:system_perf_init:s0 tcontext=u:r:system_perf_init:s0 tclass=capability permissive=0
03-25 10:56:34.471  1671  1671 I auditd  : type=1400 audit(0.0:128): avc:  denied  { dac_read_search } for  comm="system_perf_ini" capability=2  scontext=u:r:system_perf_init:s0 tcontext=u:r:system_perf_init:s0 tclass=capability permissive=0
03-25 10:56:34.471  1671  1671 I auditd  : type=1400 audit(0.0:129): avc:  denied  { dac_override } for  comm="system_perf_ini" capability=1  scontext=u:r:system_perf_init:s0 tcontext=u:r:system_perf_init:s0 tclass=capability permissive=0
03-25 10:56:34.471  1671  1671 I auditd  : type=1400 audit(0.0:130): avc:  denied  { dac_read_search } for  comm="system_perf_ini" capability=2  scontext=u:r:system_perf_init:s0 tcontext=u:r:system_perf_init:s0 tclass=capability permissive=0
03-25 10:56:34.471  1671  1671 I auditd  : type=1400 audit(0.0:131): avc:  denied  { dac_override } for  comm="system_perf_ini" capability=1  scontext=u:r:system_perf_init:s0 tcontext=u:r:system_perf_init:s0 tclass=capability permissive=0
03-25 10:56:34.471  1671  1671 I auditd  : type=1400 audit(0.0:132): avc:  denied  { read } for  comm="system_perf_ini" name="u:object_r:vendor_default_prop:s0" dev="tmpfs" ino=508 scontext=u:r:system_perf_init:s0 tcontext=u:object_r:vendor_default_prop:s0 tclass=file permissive=0
03-25 10:56:34.471  1671  1671 I auditd  : type=1400 audit(0.0:133): avc:  denied  { read } for  comm="system_perf_ini" name="u:object_r:vendor_default_prop:s0" dev="tmpfs" ino=508 scontext=u:r:system_perf_init:s0 tcontext=u:object_r:vendor_default_prop:s0 tclass=file permissive=0
03-25 10:56:34.479  1671  1671 I auditd  : type=1400 audit(0.0:134): avc:  denied  { search } for  comm="system_perf_ini" name="ufshcd0" dev="sysfs" ino=87226 scontext=u:r:system_perf_init:s0 tcontext=u:object_r:sysfs_memory:s0 tclass=dir permissive=0
03-25 10:56:34.491  1674  1674 I auditd  : type=1400 audit(0.0:135): avc:  denied  { read } for  comm="statsd" name="u:object_r:vendor_default_prop:s0" dev="tmpfs" ino=508 scontext=u:r:statsd:s0 tcontext=u:object_r:vendor_default_prop:s0 tclass=file permissive=0
03-25 10:56:34.491  1674  1674 I auditd  : type=1400 audit(0.0:136): avc:  denied  { read } for  comm="statsd" name="u:object_r:vendor_default_prop:s0" dev="tmpfs" ino=508 scontext=u:r:statsd:s0 tcontext=u:object_r:vendor_default_prop:s0 tclass=file permissive=0
03-25 10:56:34.543  1675  1675 I auditd  : type=1400 audit(0.0:137): avc:  denied  { read } for  comm="app_process64" name="u:object_r:vendor_audio_prop:s0" dev="tmpfs" ino=458 scontext=u:r:zygote:s0 tcontext=u:object_r:vendor_audio_prop:s0 tclass=file permissive=0
03-25 10:56:34.735  1675  1675 I boot_progress_start: 10686
03-25 10:56:34.735  1675  1675 I boot_progress_start: 10686
03-25 10:56:34.755   302   302 I auditd  : type=1400 audit(0.0:138): avc:  denied  { setattr } for  comm="init" name="coresight-modem-diag" dev="sysfs" ino=142513 scontext=u:r:vendor_init:s0 tcontext=u:object_r:sysfs:s0 tclass=lnk_file permissive=0
03-25 10:56:34.763     1     1 I auditd  : type=1400 audit(0.0:139): avc:  denied  { setattr } for  comm="init" name="general_stat_info" dev="sysfs" ino=118552 scontext=u:r:init:s0 tcontext=u:object_r:sysfs:s0 tclass=file permissive=0
03-25 10:56:34.775  1771  1771 I auditd  : type=1400 audit(0.0:140): avc:  denied  { read } for  comm="android.hidl.al" name="u:object_r:vendor_default_prop:s0" dev="tmpfs" ino=508 scontext=u:r:hal_allocator_default:s0 tcontext=u:object_r:vendor_default_prop:s0 tclass=file permissive=0
03-25 10:56:34.775  1771  1771 I auditd  : type=1400 audit(0.0:141): avc:  denied  { read } for  comm="android.hidl.al" name="u:object_r:vendor_default_prop:s0" dev="tmpfs" ino=508 scontext=u:r:hal_allocator_default:s0 tcontext=u:object_r:vendor_default_prop:s0 tclass=file permissive=0
03-25 10:56:34.783  1778  1778 I auditd  : type=1400 audit(0.0:142): avc:  denied  { read } for  comm="qccsyshal@1.2-s" name="u:object_r:vendor_default_prop:s0" dev="tmpfs" ino=508 scontext=u:r:vendor_qccsyshal_qti:s0 tcontext=u:object_r:vendor_default_prop:s0 tclass=file permissive=0
03-25 10:56:34.783  1778  1778 I auditd  : type=1400 audit(0.0:143): avc:  denied  { read } for  comm="qccsyshal@1.2-s" name="u:object_r:vendor_default_prop:s0" dev="tmpfs" ino=508 scontext=u:r:vendor_qccsyshal_qti:s0 tcontext=u:object_r:vendor_default_prop:s0 tclass=file permissive=0
03-25 10:56:34.791  1779  1779 I auditd  : type=1400 audit(0.0:144): avc:  denied  { read } for  comm="qccsyshal_aidl-" name="u:object_r:vendor_default_prop:s0" dev="tmpfs" ino=508 scontext=u:r:vendor_qccsyshal_qti:s0 tcontext=u:object_r:vendor_default_prop:s0 tclass=file permissive=0
03-25 10:56:34.791  1779  1779 I auditd  : type=1400 audit(0.0:145): avc:  denied  { read } for  comm="qccsyshal_aidl-" name="u:object_r:vendor_default_prop:s0" dev="tmpfs" ino=508 scontext=u:r:vendor_qccsyshal_qti:s0 tcontext=u:object_r:vendor_default_prop:s0 tclass=file permissive=0
03-25 10:56:34.859  1857  1857 I auditd  : type=1400 audit(0.0:146): avc:  denied  { read } for  comm="vendor.qti.hard" name="u:object_r:vendor_cap_configstore_dbg_prop:s0" dev="tmpfs" ino=477 scontext=u:r:vendor_hal_capabilityconfigstore_qti_default:s0 tcontext=u:object_r:vendor_cap_configstore_dbg_prop:s0 tclass=file permissive=0
03-25 10:56:34.887  1675  1675 I snet_event_log: [200284993,-1,]
03-25 10:56:34.895  1675  1675 I auditd  : type=1400 audit(0.0:147): avc:  denied  { read } for  comm="main" name="u:object_r:vendor_default_prop:s0" dev="tmpfs" ino=508 scontext=u:r:zygote:s0 tcontext=u:object_r:vendor_default_prop:s0 tclass=file permissive=0
03-25 10:56:34.895  1675  1675 I auditd  : type=1400 audit(0.0:148): avc:  denied  { read } for  comm="main" name="u:object_r:vendor_default_prop:s0" dev="tmpfs" ino=508 scontext=u:r:zygote:s0 tcontext=u:object_r:vendor_default_prop:s0 tclass=file permissive=0
03-25 10:56:34.895  1675  1675 I auditd  : type=1400 audit(0.0:149): avc:  denied  { read } for  comm="main" name="u:object_r:vendor_default_prop:s0" dev="tmpfs" ino=508 scontext=u:r:zygote:s0 tcontext=u:object_r:vendor_default_prop:s0 tclass=file permissive=0
03-25 10:56:34.895  1675  1675 I auditd  : type=1400 audit(0.0:150): avc:  denied  { read } for  comm="main" name="u:object_r:vendor_default_prop:s0" dev="tmpfs" ino=508 scontext=u:r:zygote:s0 tcontext=u:object_r:vendor_default_prop:s0 tclass=file permissive=0
03-25 10:56:34.903  1675  1675 I boot_progress_preload_start: 10854
03-25 10:56:34.907  1821  1821 I auditd  : type=1400 audit(0.0:151): avc:  denied  { read } for  comm="android.hardwar" name="u:object_r:default_prop:s0" dev="tmpfs" ino=200 scontext=u:r:hal_sensors_default:s0 tcontext=u:object_r:default_prop:s0 tclass=file permissive=0
03-25 10:56:34.911  1821  1821 I auditd  : type=1400 audit(0.0:152): avc:  denied  { read } for  comm="android.hardwar" name="u:object_r:default_prop:s0" dev="tmpfs" ino=200 scontext=u:r:hal_sensors_default:s0 tcontext=u:object_r:default_prop:s0 tclass=file permissive=0
03-25 10:56:34.939  1870  1870 I auditd  : type=1400 audit(0.0:153): avc:  denied  { read } for  comm="vendor.qti.hard" name="display" dev="sysfs" ino=72337 scontext=u:r:vendor_hal_perf_default:s0 tcontext=u:object_r:vendor_sys_nonsp_comp:s0 tclass=file permissive=0
03-25 10:56:34.939  1870  1870 I auditd  : type=1400 audit(0.0:154): avc:  denied  { read } for  comm="vendor.qti.hard" name="gpu" dev="sysfs" ino=72334 scontext=u:r:vendor_hal_perf_default:s0 tcontext=u:object_r:vendor_sys_sp_comp:s0 tclass=file permissive=0
03-25 10:56:35.063  1952  1952 I auditd  : type=1400 audit(0.0:155): avc:  denied  { dac_read_search } for  comm="mtd" capability=2  scontext=u:r:hal_mtdservice_default:s0 tcontext=u:r:hal_mtdservice_default:s0 tclass=capability permissive=0
03-25 10:56:35.063  1952  1952 I auditd  : type=1400 audit(0.0:156): avc:  denied  { dac_override } for  comm="mtd" capability=1  scontext=u:r:hal_mtdservice_default:s0 tcontext=u:r:hal_mtdservice_default:s0 tclass=capability permissive=0
03-25 10:56:35.063  1952  1952 I auditd  : type=1400 audit(0.0:157): avc:  denied  { dac_read_search } for  comm="mtd" capability=2  scontext=u:r:hal_mtdservice_default:s0 tcontext=u:r:hal_mtdservice_default:s0 tclass=capability permissive=0
03-25 10:56:35.063  1952  1952 I auditd  : type=1400 audit(0.0:158): avc:  denied  { dac_override } for  comm="mtd" capability=1  scontext=u:r:hal_mtdservice_default:s0 tcontext=u:r:hal_mtdservice_default:s0 tclass=capability permissive=0
03-25 10:56:35.063  1952  1952 I auditd  : type=1400 audit(0.0:159): avc:  denied  { dac_read_search } for  comm="mtd" capability=2  scontext=u:r:hal_mtdservice_default:s0 tcontext=u:r:hal_mtdservice_default:s0 tclass=capability permissive=0
03-25 10:56:35.063  1952  1952 I auditd  : type=1400 audit(0.0:160): avc:  denied  { dac_override } for  comm="mtd" capability=1  scontext=u:r:hal_mtdservice_default:s0 tcontext=u:r:hal_mtdservice_default:s0 tclass=capability permissive=0
03-25 10:56:35.063  1952  1952 I auditd  : type=1400 audit(0.0:161): avc:  denied  { dac_read_search } for  comm="mtd" capability=2  scontext=u:r:hal_mtdservice_default:s0 tcontext=u:r:hal_mtdservice_default:s0 tclass=capability permissive=0
03-25 10:56:35.063  1952  1952 I auditd  : type=1400 audit(0.0:162): avc:  denied  { dac_override } for  comm="mtd" capability=1  scontext=u:r:hal_mtdservice_default:s0 tcontext=u:r:hal_mtdservice_default:s0 tclass=capability permissive=0
03-25 10:56:35.063  1952  1952 I auditd  : type=1400 audit(0.0:163): avc:  denied  { dac_read_search } for  comm="mtd" capability=2  scontext=u:r:hal_mtdservice_default:s0 tcontext=u:r:hal_mtdservice_default:s0 tclass=capability permissive=0
03-25 10:56:35.063  1952  1952 I auditd  : type=1400 audit(0.0:164): avc:  denied  { dac_override } for  comm="mtd" capability=1  scontext=u:r:hal_mtdservice_default:s0 tcontext=u:r:hal_mtdservice_default:s0 tclass=capability permissive=0
03-25 10:56:35.063  1952  1952 I auditd  : type=1400 audit(0.0:165): avc:  denied  { dac_read_search } for  comm="mtd" capability=2  scontext=u:r:hal_mtdservice_default:s0 tcontext=u:r:hal_mtdservice_default:s0 tclass=capability permissive=0
03-25 10:56:35.063  1952  1952 I auditd  : type=1400 audit(0.0:166): avc:  denied  { dac_override } for  comm="mtd" capability=1  scontext=u:r:hal_mtdservice_default:s0 tcontext=u:r:hal_mtdservice_default:s0 tclass=capability permissive=0
03-25 10:56:35.063  1952  1952 I auditd  : type=1400 audit(0.0:167): avc:  denied  { read } for  comm="mtd" name="plat_file_contexts" dev="dm-8" ino=10058361 scontext=u:r:hal_mtdservice_default:s0 tcontext=u:object_r:file_contexts_file:s0 tclass=file permissive=0
03-25 10:56:35.063  1952  1952 I auditd  : type=1400 audit(0.0:168): avc:  denied  { read } for  comm="mtd" name="system_ext_file_contexts" dev="dm-9" ino=4708604 scontext=u:r:hal_mtdservice_default:s0 tcontext=u:object_r:file_contexts_file:s0 tclass=file permissive=0
03-25 10:56:35.063  1952  1952 I auditd  : type=1400 audit(0.0:169): avc:  denied  { read } for  comm="mtd" name="product_file_contexts" dev="dm-10" ino=96587310 scontext=u:r:hal_mtdservice_default:s0 tcontext=u:object_r:file_contexts_file:s0 tclass=file permissive=0
03-25 10:56:35.063  1952  1952 I auditd  : type=1400 audit(0.0:170): avc:  denied  { read } for  comm="mtd" name="odm_file_contexts" dev="dm-15" ino=29428477 scontext=u:r:hal_mtdservice_default:s0 tcontext=u:object_r:file_contexts_file:s0 tclass=file permissive=0
03-25 10:56:35.067  1952  1952 I auditd  : type=1400 audit(0.0:171): avc:  denied  { getattr } for  comm="mtd" path="/mnt/vendor/persist/bluetooth" dev="sdf7" ino=326 scontext=u:r:hal_mtdservice_default:s0 tcontext=u:object_r:vendor_persist_bluetooth_file:s0 tclass=dir permissive=0
03-25 10:56:35.067  1952  1952 I auditd  : type=1400 audit(0.0:172): avc:  denied  { getattr } for  comm="mtd" path="/mnt/vendor/persist/goodix" dev="sdf7" ino=50 scontext=u:r:hal_mtdservice_default:s0 tcontext=u:object_r:vendor_fingerprint_data_file:s0 tclass=dir permissive=0
03-25 10:56:35.071  1952  1952 I auditd  : type=1400 audit(0.0:173): avc:  denied  { getattr } for  comm="mtd" path="/mnt/vendor/persist/vpp" dev="sdf7" ino=113 scontext=u:r:hal_mtdservice_default:s0 tcontext=u:object_r:vendor_persist_vpp_file:s0 tclass=dir permissive=0
03-25 10:56:35.071  1952  1952 I auditd  : type=1400 audit(0.0:174): avc:  denied  { getattr } for  comm="mtd" path="/mnt/vendor/persist/hlos_rfs" dev="sdf7" ino=94 scontext=u:r:hal_mtdservice_default:s0 tcontext=u:object_r:vendor_persist_rfs_shared_hlos_file:s0 tclass=dir permissive=0
03-25 10:56:35.071  1952  1952 I auditd  : type=1400 audit(0.0:175): avc:  denied  { getattr } for  comm="mtd" path="/mnt/vendor/persist/fingerprint" dev="sdf7" ino=476 scontext=u:r:hal_mtdservice_default:s0 tcontext=u:object_r:vendor_fingerprint_data_file:s0 tclass=dir permissive=0
03-25 10:56:35.071  1952  1952 I auditd  : type=1400 audit(0.0:176): avc:  denied  { getattr } for  comm="mtd" path="/mnt/vendor/persist/rfs" dev="sdf7" ino=78 scontext=u:r:hal_mtdservice_default:s0 tcontext=u:object_r:vendor_persist_rfs_file:s0 tclass=dir permissive=0
03-25 10:56:35.071  1952  1952 I auditd  : type=1400 audit(0.0:177): avc:  denied  { getattr } for  comm="mtd" path="/mnt/vendor/persist/hexlp" dev="sdf7" ino=479 scontext=u:r:hal_mtdservice_default:s0 tcontext=u:object_r:vendor_persist_hexlp_file:s0 tclass=dir permissive=0
03-25 10:56:35.071  1952  1952 I auditd  : type=1400 audit(0.0:178): avc:  denied  { getattr } for  comm="mtd" path="/mnt/vendor/persist/display" dev="sdf7" ino=112 scontext=u:r:hal_mtdservice_default:s0 tcontext=u:object_r:vendor_persist_display_file:s0 tclass=dir permissive=0
03-25 10:56:35.071  1952  1952 I auditd  : type=1400 audit(0.0:179): avc:  denied  { getattr } for  comm="mtd" path="/mnt/vendor/persist/camera" dev="sdf7" ino=123 scontext=u:r:hal_mtdservice_default:s0 tcontext=u:object_r:camera_persist_file:s0 tclass=dir permissive=0
03-25 10:56:35.071  1963  1963 I auditd  : type=1400 audit(0.0:180): avc:  denied  { read } for  comm="vendor.xiaomi.h" name="nv_flag" dev="sdf7" ino=51 scontext=u:r:hal_vibrator_default:s0 tcontext=u:object_r:mnt_vendor_file:s0 tclass=file permissive=0
03-25 10:56:35.071  1963  1963 I auditd  : type=1400 audit(0.0:181): avc:  denied  { read write } for  comm="vendor.xiaomi.h" name="nv_flag" dev="sdf7" ino=51 scontext=u:r:hal_vibrator_default:s0 tcontext=u:object_r:mnt_vendor_file:s0 tclass=file permissive=0
03-25 10:56:35.071  1963  1963 I auditd  : type=1400 audit(0.0:182): avc:  denied  { getattr } for  comm="vendor.xiaomi.h" path="/sys/class/qcom-haptics/lra_frequency_hz" dev="sysfs" ino=125146 scontext=u:r:hal_vibrator_default:s0 tcontext=u:object_r:sysfs:s0 tclass=file permissive=0
03-25 10:56:35.071  1952  1952 I auditd  : type=1400 audit(0.0:183): avc:  denied  { getattr } for  comm="mtd" path="/mnt/vendor/persist/audio" dev="sdf7" ino=46 scontext=u:r:hal_mtdservice_default:s0 tcontext=u:object_r:vendor_persist_audio_file:s0 tclass=dir permissive=0
03-25 10:56:35.071  1952  1952 I auditd  : type=1400 audit(0.0:184): avc:  denied  { getattr } for  comm="mtd" path="/mnt/vendor/persist/fpc" dev="sdf7" ino=475 scontext=u:r:hal_mtdservice_default:s0 tcontext=u:object_r:vendor_fingerprint_data_file:s0 tclass=dir permissive=0
03-25 10:56:35.071  1952  1952 I auditd  : type=1400 audit(0.0:185): avc:  denied  { getattr } for  comm="mtd" path="/mnt/vendor/persist/secnvm" dev="sdf7" ino=43 scontext=u:r:hal_mtdservice_default:s0 tcontext=u:object_r:vendor_persist_secnvm_file:s0 tclass=dir permissive=0
03-25 10:56:35.075  1952  1952 I auditd  : type=1400 audit(0.0:186): avc:  denied  { getattr } for  comm="mtd" path="/mnt/vendor/persist/iar_db" dev="sdf7" ino=103 scontext=u:r:hal_mtdservice_default:s0 tcontext=u:object_r:vendor_persist_iar_db_file:s0 tclass=dir permissive=0
03-25 10:56:35.075  1952  1952 I auditd  : type=1400 audit(0.0:187): avc:  denied  { getattr } for  comm="mtd" path="/mnt/vendor/persist/hvdcp_opti" dev="sdf7" ino=114 scontext=u:r:hal_mtdservice_default:s0 tcontext=u:object_r:vendor_persist_hvdcp_file:s0 tclass=dir permissive=0
03-25 10:56:35.075  1952  1952 I auditd  : type=1400 audit(0.0:188): avc:  denied  { getattr } for  comm="mtd" path="/mnt/vendor/persist/sensors" dev="sdf7" ino=32 scontext=u:r:hal_mtdservice_default:s0 tcontext=u:object_r:vendor_persist_sensors_file:s0 tclass=dir permissive=0
03-25 10:56:35.075  1952  1952 I auditd  : type=1400 audit(0.0:189): avc:  denied  { getattr } for  comm="mtd" path="/mnt/vendor/persist/time" dev="sdf7" ino=102 scontext=u:r:hal_mtdservice_default:s0 tcontext=u:object_r:vendor_persist_time_file:s0 tclass=dir permissive=0
03-25 10:56:35.075  1952  1952 I auditd  : type=1400 audit(0.0:190): avc:  denied  { dac_read_search } for  comm="mtd" capability=2  scontext=u:r:hal_mtdservice_default:s0 tcontext=u:r:hal_mtdservice_default:s0 tclass=capability permissive=0
03-25 10:56:35.075  1952  1952 I auditd  : type=1400 audit(0.0:191): avc:  denied  { dac_override } for  comm="mtd" capability=1  scontext=u:r:hal_mtdservice_default:s0 tcontext=u:r:hal_mtdservice_default:s0 tclass=capability permissive=0
03-25 10:56:35.075  1952  1952 I auditd  : type=1400 audit(0.0:192): avc:  denied  { getattr } for  comm="mtd" path="/mnt/vendor/persist/keytemp/keyinfo.txt" dev="sdf7" ino=397 scontext=u:r:hal_mtdservice_default:s0 tcontext=u:object_r:mnt_vendor_file:s0 tclass=file permissive=0
03-25 10:56:35.079  1907  1907 I auditd  : type=1400 audit(0.0:193): avc:  denied  { read } for  comm="vendor.rongcard" name="u:object_r:init_service_status_private_prop:s0" dev="tmpfs" ino=285 scontext=u:r:hal_eid_default:s0 tcontext=u:object_r:init_service_status_private_prop:s0 tclass=file permissive=0
03-25 10:56:35.083  1952  1952 I auditd  : type=1400 audit(0.0:194): avc:  denied  { getattr } for  comm="mtd" path="/mnt/vendor/persist/TWRP/.twrps_sk" dev="sdf7" ino=446 scontext=u:r:hal_mtdservice_default:s0 tcontext=u:object_r:mnt_vendor_file:s0 tclass=file permissive=0
03-25 10:56:35.083  1952  1952 I auditd  : type=1400 audit(0.0:195): avc:  denied  { getattr } for  comm="mtd" path="/mnt/vendor/persist/haptics/vib_cal_f0" dev="sdf7" ino=344 scontext=u:r:hal_mtdservice_default:s0 tcontext=u:object_r:mnt_vendor_file:s0 tclass=file permissive=0
03-25 10:56:35.083  1952  1952 I auditd  : type=1400 audit(0.0:196): avc:  denied  { getattr } for  comm="mtd" path="/mnt/vendor/persist/haptics/nv_flag" dev="sdf7" ino=51 scontext=u:r:hal_mtdservice_default:s0 tcontext=u:object_r:mnt_vendor_file:s0 tclass=file permissive=0
03-25 10:56:35.083  1952  1952 I auditd  : type=1400 audit(0.0:197): avc:  denied  { getattr } for  comm="mtd" path="/mnt/vendor/persist/haptics/vib_cal_z" dev="sdf7" ino=345 scontext=u:r:hal_mtdservice_default:s0 tcontext=u:object_r:mnt_vendor_file:s0 tclass=file permissive=0
03-25 10:56:35.083  1952  1952 I auditd  : type=1400 audit(0.0:198): avc:  denied  { getattr } for  comm="mtd" path="/mnt/vendor/persist/Wallpaper/color.bin" dev="sdf7" ino=395 scontext=u:r:hal_mtdservice_default:s0 tcontext=u:object_r:mnt_vendor_file:s0 tclass=file permissive=0
03-25 10:56:35.083  1952  1952 I auditd  : type=1400 audit(0.0:199): avc:  denied  { getattr } for  comm="mtd" path="/mnt/vendor/persist/tui/sec_ind.png" dev="sdf7" ino=39 scontext=u:r:hal_mtdservice_default:s0 tcontext=u:object_r:vendor_mitrustedui_persist_file:s0 tclass=file permissive=0
03-25 10:56:35.083  1952  1952 I auditd  : type=1400 audit(0.0:200): avc:  denied  { getattr } for  comm="mtd" path="/mnt/vendor/persist/coresight/qdss.functions.sh" dev="sdf7" ino=15 scontext=u:r:hal_mtdservice_default:s0 tcontext=u:object_r:mnt_vendor_file:s0 tclass=file permissive=0
03-25 10:56:35.083  1952  1952 I auditd  : type=1400 audit(0.0:201): avc:  denied  { getattr } for  comm="mtd" path="/mnt/vendor/persist/coresight/qdss.agent.sh" dev="sdf7" ino=13 scontext=u:r:hal_mtdservice_default:s0 tcontext=u:object_r:mnt_vendor_file:s0 tclass=file permissive=0
03-25 10:56:35.083  1952  1952 I auditd  : type=1400 audit(0.0:202): avc:  denied  { getattr } for  comm="mtd" path="/mnt/vendor/persist/coresight/qdss.config.sh" dev="sdf7" ino=14 scontext=u:r:hal_mtdservice_default:s0 tcontext=u:object_r:mnt_vendor_file:s0 tclass=file permissive=0
03-25 10:56:35.087  1952  1952 I auditd  : type=1400 audit(0.0:203): avc:  denied  { dac_read_search } for  comm="mtd" capability=2  scontext=u:r:hal_mtdservice_default:s0 tcontext=u:r:hal_mtdservice_default:s0 tclass=capability permissive=0
03-25 10:56:35.087  1952  1952 I auditd  : type=1400 audit(0.0:204): avc:  denied  { dac_override } for  comm="mtd" capability=1  scontext=u:r:hal_mtdservice_default:s0 tcontext=u:r:hal_mtdservice_default:s0 tclass=capability permissive=0
03-25 10:56:35.087  1952  1952 I auditd  : type=1400 audit(0.0:205): avc:  denied  { getattr } for  comm="mtd" path="/mnt/vendor/persist/stability/abnormal_reboot_2025-09-01-14:42:43.txt" dev="sdf7" ino=442 scontext=u:r:hal_mtdservice_default:s0 tcontext=u:object_r:mnt_vendor_file:s0 tclass=file permissive=0
03-25 10:56:35.087  1952  1952 I auditd  : type=1400 audit(0.0:206): avc:  denied  { getattr } for  comm="mtd" path="/mnt/vendor/persist/stability/abnormal_poweroff_2023-12-11-22:39:57.txt" dev="sdf7" ino=410 scontext=u:r:hal_mtdservice_default:s0 tcontext=u:object_r:mnt_vendor_file:s0 tclass=file permissive=0
03-25 10:56:35.087  1952  1952 I auditd  : type=1400 audit(0.0:207): avc:  denied  { getattr } for  comm="mtd" path="/mnt/vendor/persist/stability/abnormal_reboot_2026-02-26-23:56:06.txt" dev="sdf7" ino=482 scontext=u:r:hal_mtdservice_default:s0 tcontext=u:object_r:mnt_vendor_file:s0 tclass=file permissive=0
03-25 10:56:35.095  1952  1952 I auditd  : type=1400 audit(0.0:208): avc:  denied  { dac_read_search } for  comm="mtd" capability=2  scontext=u:r:hal_mtdservice_default:s0 tcontext=u:r:hal_mtdservice_default:s0 tclass=capability permissive=0
03-25 10:56:35.095  1952  1952 I auditd  : type=1400 audit(0.0:209): avc:  denied  { dac_override } for  comm="mtd" capability=1  scontext=u:r:hal_mtdservice_default:s0 tcontext=u:r:hal_mtdservice_default:s0 tclass=capability permissive=0
03-25 10:56:35.095  1870  1870 I auditd  : type=1400 audit(0.0:210): avc:  denied  { search } for  comm="vendor.qti.hard" name="thermal" dev="dm-53" ino=793 scontext=u:r:vendor_hal_perf_default:s0 tcontext=u:object_r:thermal_data_file:s0 tclass=dir permissive=0
03-25 10:56:35.095  1870  1870 I auditd  : type=1400 audit(0.0:211): avc:  denied  { search } for  comm="vendor.qti.hard" name="thermal" dev="dm-53" ino=793 scontext=u:r:vendor_hal_perf_default:s0 tcontext=u:object_r:thermal_data_file:s0 tclass=dir permissive=0
03-25 10:56:35.095  1952  1952 I auditd  : type=1400 audit(0.0:212): avc:  denied  { dac_read_search } for  comm="mtd" capability=2  scontext=u:r:hal_mtdservice_default:s0 tcontext=u:r:hal_mtdservice_default:s0 tclass=capability permissive=0
03-25 10:56:35.095  1952  1952 I auditd  : type=1400 audit(0.0:213): avc:  denied  { dac_override } for  comm="mtd" capability=1  scontext=u:r:hal_mtdservice_default:s0 tcontext=u:r:hal_mtdservice_default:s0 tclass=capability permissive=0
03-25 10:56:35.099  1952  1952 I auditd  : type=1400 audit(0.0:214): avc:  denied  { sys_admin } for  comm="mtd" capability=21  scontext=u:r:hal_mtdservice_default:s0 tcontext=u:r:hal_mtdservice_default:s0 tclass=capability permissive=0
03-25 10:56:35.099  1952  1952 I auditd  : type=1400 audit(0.0:215): avc:  denied  { sys_admin } for  comm="mtd" capability=21  scontext=u:r:hal_mtdservice_default:s0 tcontext=u:r:hal_mtdservice_default:s0 tclass=capability permissive=0
03-25 10:56:35.099  1952  1952 I auditd  : type=1400 audit(0.0:216): avc:  denied  { sys_admin } for  comm="mtd" capability=21  scontext=u:r:hal_mtdservice_default:s0 tcontext=u:r:hal_mtdservice_default:s0 tclass=capability permissive=0
03-25 10:56:35.099  1952  1952 I auditd  : type=1400 audit(0.0:217): avc:  denied  { sys_admin } for  comm="mtd" capability=21  scontext=u:r:hal_mtdservice_default:s0 tcontext=u:r:hal_mtdservice_default:s0 tclass=capability permissive=0
03-25 10:56:35.103  1870  1870 I auditd  : type=1400 audit(0.0:218): avc:  denied  { search } for  comm="vendor.qti.hard" name="thermal" dev="dm-53" ino=793 scontext=u:r:vendor_hal_perf_default:s0 tcontext=u:object_r:thermal_data_file:s0 tclass=dir permissive=0
03-25 10:56:35.111  1048  1048 I auditd  : type=1400 audit(0.0:219): avc:  denied  { call } for  comm="servicemanager" scontext=u:r:servicemanager:s0 tcontext=u:r:vendor_hal_poweroptservice_qti:s0 tclass=binder permissive=0
03-25 10:56:35.111  2021  2021 I auditd  : type=1400 audit(0.0:220): avc:  denied  { read } for  comm="android.hardwar" name="u:object_r:system_prop:s0" dev="tmpfs" ino=413 scontext=u:r:hal_drm_widevine:s0 tcontext=u:object_r:system_prop:s0 tclass=file permissive=0
03-25 10:56:35.119  2014  2014 I auditd  : type=1400 audit(0.0:221): avc:  denied  { read } for  comm="vsimd" name="u:object_r:init_service_status_private_prop:s0" dev="tmpfs" ino=285 scontext=u:r:hal_vsimapp_default:s0 tcontext=u:object_r:init_service_status_private_prop:s0 tclass=file permissive=0
03-25 10:56:35.131  1886  1886 I auditd  : type=1400 audit(0.0:222): avc:  denied  { read } for  comm="vendor.qti.medi" name="u:object_r:vendor_display_prop:s0" dev="tmpfs" ino=513 scontext=u:r:mediacodec:s0 tcontext=u:object_r:vendor_display_prop:s0 tclass=file permissive=0
03-25 10:56:35.131  1886  1886 I auditd  : type=1400 audit(0.0:223): avc:  denied  { read } for  comm="vendor.qti.medi" name="u:object_r:vendor_display_prop:s0" dev="tmpfs" ino=513 scontext=u:r:mediacodec:s0 tcontext=u:object_r:vendor_display_prop:s0 tclass=file permissive=0
03-25 10:56:35.131  1886  1886 I auditd  : type=1400 audit(0.0:224): avc:  denied  { read } for  comm="vendor.qti.medi" name="u:object_r:vendor_display_prop:s0" dev="tmpfs" ino=513 scontext=u:r:mediacodec:s0 tcontext=u:object_r:vendor_display_prop:s0 tclass=file permissive=0
03-25 10:56:35.131  1886  1886 I auditd  : type=1400 audit(0.0:225): avc:  denied  { read } for  comm="vendor.qti.medi" name="u:object_r:vendor_display_prop:s0" dev="tmpfs" ino=513 scontext=u:r:mediacodec:s0 tcontext=u:object_r:vendor_display_prop:s0 tclass=file permissive=0
03-25 10:56:35.131  1886  1886 I auditd  : type=1400 audit(0.0:226): avc:  denied  { read } for  comm="vendor.qti.medi" name="u:object_r:vendor_display_prop:s0" dev="tmpfs" ino=513 scontext=u:r:mediacodec:s0 tcontext=u:object_r:vendor_display_prop:s0 tclass=file permissive=0
03-25 10:56:35.139  1863  1863 I auditd  : type=1400 audit(0.0:227): avc:  denied  { read } for  comm="vendor.qti.hard" name="u:object_r:system_prop:s0" dev="tmpfs" ino=413 scontext=u:r:hal_graphics_composer_default:s0 tcontext=u:object_r:system_prop:s0 tclass=file permissive=0
03-25 10:56:35.139  1863  1863 I auditd  : type=1400 audit(0.0:228): avc:  denied  { read } for  comm="vendor.qti.hard" name="u:object_r:system_prop:s0" dev="tmpfs" ino=413 scontext=u:r:hal_graphics_composer_default:s0 tcontext=u:object_r:system_prop:s0 tclass=file permissive=0
03-25 10:56:35.163  1940  1940 I auditd  : type=1400 audit(0.0:229): avc:  denied  { read } for  comm="binder:1940_2" name="system" dev="tmpfs" ino=1205 scontext=u:r:vendor_hal_gnss_qti:s0 tcontext=u:object_r:dmabuf_system_heap_device:s0 tclass=chr_file permissive=0
03-25 10:56:35.163  1940  1940 I auditd  : type=1400 audit(0.0:230): avc:  denied  { read } for  comm="binder:1940_2" name="u:object_r:vendor_qc_aon_prop:s0" dev="tmpfs" ino=590 scontext=u:r:vendor_hal_gnss_qti:s0 tcontext=u:object_r:vendor_qc_aon_prop:s0 tclass=file permissive=0
03-25 10:56:35.163  1940  1940 I auditd  : type=1400 audit(0.0:231): avc:  denied  { read } for  comm="binder:1940_2" name="u:object_r:default_prop:s0" dev="tmpfs" ino=200 scontext=u:r:vendor_hal_gnss_qti:s0 tcontext=u:object_r:default_prop:s0 tclass=file permissive=0
03-25 10:56:35.163  1940  1940 I auditd  : type=1400 audit(0.0:232): avc:  denied  { read } for  comm="binder:1940_2" name="u:object_r:default_prop:s0" dev="tmpfs" ino=200 scontext=u:r:vendor_hal_gnss_qti:s0 tcontext=u:object_r:default_prop:s0 tclass=file permissive=0
03-25 10:56:35.175  1863  1863 I auditd  : type=1400 audit(0.0:233): avc:  denied  { read } for  comm="vendor.qti.hard" name="u:object_r:system_prop:s0" dev="tmpfs" ino=413 scontext=u:r:hal_graphics_composer_default:s0 tcontext=u:object_r:system_prop:s0 tclass=file permissive=0
03-25 10:56:35.175  1863  1863 I auditd  : type=1400 audit(0.0:234): avc:  denied  { read } for  comm="vendor.qti.hard" name="u:object_r:system_prop:s0" dev="tmpfs" ino=413 scontext=u:r:hal_graphics_composer_default:s0 tcontext=u:object_r:system_prop:s0 tclass=file permissive=0
03-25 10:56:35.231  2125  2125 I auditd  : type=1400 audit(0.0:235): avc:  denied  { read } for  comm="getprop" name="u:object_r:persist_debug_prop:s0" dev="tmpfs" ino=348 scontext=u:r:vendor-qti-testscripts:s0 tcontext=u:object_r:persist_debug_prop:s0 tclass=file permissive=0
03-25 10:56:35.267  1940  1940 I auditd  : type=1400 audit(0.0:236): avc:  denied  { read } for  comm="Loc_hal_worker" name="u:object_r:vendor_qc_aon_prop:s0" dev="tmpfs" ino=590 scontext=u:r:vendor_hal_gnss_qti:s0 tcontext=u:object_r:vendor_qc_aon_prop:s0 tclass=file permissive=0
03-25 10:56:35.275  2171  2171 I auditd  : type=1400 audit(0.0:237): avc:  denied  { read } for  comm="log" name="u:object_r:system_prop:s0" dev="tmpfs" ino=413 scontext=u:r:vendor_touch_init_shell:s0 tcontext=u:object_r:system_prop:s0 tclass=file permissive=0
03-25 10:56:35.283  2171  2171 I auditd  : type=1400 audit(0.0:238): avc:  denied  { read } for  comm="log" name="u:object_r:default_prop:s0" dev="tmpfs" ino=200 scontext=u:r:vendor_touch_init_shell:s0 tcontext=u:object_r:default_prop:s0 tclass=file permissive=0
03-25 10:56:35.283  2171  2171 I auditd  : type=1400 audit(0.0:239): avc:  denied  { read } for  comm="log" name="u:object_r:default_prop:s0" dev="tmpfs" ino=200 scontext=u:r:vendor_touch_init_shell:s0 tcontext=u:object_r:default_prop:s0 tclass=file permissive=0
03-25 10:56:35.283  2171  2171 I auditd  : type=1400 audit(0.0:240): avc:  denied  { read } for  comm="log" name="u:object_r:default_prop:s0" dev="tmpfs" ino=200 scontext=u:r:vendor_touch_init_shell:s0 tcontext=u:object_r:default_prop:s0 tclass=file permissive=0
03-25 10:56:35.283  2171  2171 I auditd  : type=1400 audit(0.0:241): avc:  denied  { read } for  comm="log" name="u:object_r:default_prop:s0" dev="tmpfs" ino=200 scontext=u:r:vendor_touch_init_shell:s0 tcontext=u:object_r:default_prop:s0 tclass=file permissive=0
03-25 10:56:35.315  2078  2078 I auditd  : type=1400 audit(0.0:242): avc:  denied  { read } for  comm="surfaceflinger" name="u:object_r:vendor_audio_prop:s0" dev="tmpfs" ino=458 scontext=u:r:surfaceflinger:s0 tcontext=u:object_r:vendor_audio_prop:s0 tclass=file permissive=0
03-25 10:56:35.319  2227  2227 I auditd  : type=1400 audit(0.0:243): avc:  denied  { read } for  comm="log" name="u:object_r:system_prop:s0" dev="tmpfs" ino=413 scontext=u:r:vendor_touch_init_shell:s0 tcontext=u:object_r:system_prop:s0 tclass=file permissive=0
03-25 10:56:35.319  2227  2227 I auditd  : type=1400 audit(0.0:244): avc:  denied  { read } for  comm="log" name="u:object_r:default_prop:s0" dev="tmpfs" ino=200 scontext=u:r:vendor_touch_init_shell:s0 tcontext=u:object_r:default_prop:s0 tclass=file permissive=0
03-25 10:56:35.319  2227  2227 I auditd  : type=1400 audit(0.0:245): avc:  denied  { read } for  comm="log" name="u:object_r:default_prop:s0" dev="tmpfs" ino=200 scontext=u:r:vendor_touch_init_shell:s0 tcontext=u:object_r:default_prop:s0 tclass=file permissive=0
03-25 10:56:35.319  2227  2227 I auditd  : type=1400 audit(0.0:246): avc:  denied  { read } for  comm="log" name="u:object_r:default_prop:s0" dev="tmpfs" ino=200 scontext=u:r:vendor_touch_init_shell:s0 tcontext=u:object_r:default_prop:s0 tclass=file permissive=0
03-25 10:56:35.319  2227  2227 I auditd  : type=1400 audit(0.0:247): avc:  denied  { read } for  comm="log" name="u:object_r:default_prop:s0" dev="tmpfs" ino=200 scontext=u:r:vendor_touch_init_shell:s0 tcontext=u:object_r:default_prop:s0 tclass=file permissive=0
03-25 10:56:35.331  1675  1675 I auditd  : type=1400 audit(0.0:248): avc:  denied  { read } for  comm="main" name="u:object_r:vendor_displayfeature_prop:s0" dev="tmpfs" ino=514 scontext=u:r:zygote:s0 tcontext=u:object_r:vendor_displayfeature_prop:s0 tclass=file permissive=0
03-25 10:56:35.371  2268  2268 I auditd  : type=1400 audit(0.0:249): avc:  denied  { read } for  comm="log" name="u:object_r:system_prop:s0" dev="tmpfs" ino=413 scontext=u:r:vendor_touch_init_shell:s0 tcontext=u:object_r:system_prop:s0 tclass=file permissive=0
03-25 10:56:35.391  1870  1870 I auditd  : type=1400 audit(0.0:250): avc:  denied  { call } for  comm="binder:1870_1" scontext=u:r:vendor_hal_perf_default:s0 tcontext=u:r:surfaceflinger:s0 tclass=binder permissive=0
03-25 10:56:35.391  2268  2268 I auditd  : type=1400 audit(0.0:251): avc:  denied  { read } for  comm="log" name="u:object_r:default_prop:s0" dev="tmpfs" ino=200 scontext=u:r:vendor_touch_init_shell:s0 tcontext=u:object_r:default_prop:s0 tclass=file permissive=0
03-25 10:56:35.391  2268  2268 I auditd  : type=1400 audit(0.0:252): avc:  denied  { read } for  comm="log" name="u:object_r:default_prop:s0" dev="tmpfs" ino=200 scontext=u:r:vendor_touch_init_shell:s0 tcontext=u:object_r:default_prop:s0 tclass=file permissive=0
03-25 10:56:35.391  2268  2268 I auditd  : type=1400 audit(0.0:253): avc:  denied  { read } for  comm="log" name="u:object_r:default_prop:s0" dev="tmpfs" ino=200 scontext=u:r:vendor_touch_init_shell:s0 tcontext=u:object_r:default_prop:s0 tclass=file permissive=0
03-25 10:56:35.391  2268  2268 I auditd  : type=1400 audit(0.0:254): avc:  denied  { read } for  comm="log" name="u:object_r:default_prop:s0" dev="tmpfs" ino=200 scontext=u:r:vendor_touch_init_shell:s0 tcontext=u:object_r:default_prop:s0 tclass=file permissive=0
03-25 10:56:35.412  1950  1950 I liblog  : 3
03-25 10:56:35.412  1950  1950 I liblog  : 6
03-25 10:56:35.412  1950  1950 I liblog  : 7
03-25 10:56:35.412  1950  1950 I liblog  : 6
03-25 10:56:35.412  1950  1950 I liblog  : 7
03-25 10:56:35.412  1950  1950 I liblog  : 7
03-25 10:56:35.412  1950  1950 I liblog  : 6
03-25 10:56:35.412  1950  1950 I liblog  : 6
03-25 10:56:35.412  1950  1950 I liblog  : 7
03-25 10:56:35.412  1950  1950 I liblog  : 2
03-25 10:56:35.412  1950  1950 I liblog  : 1
03-25 10:56:35.412  1950  1950 I liblog  : 1
03-25 10:56:35.412  1950  1950 I liblog  : 1
03-25 10:56:35.412  1950  1950 I liblog  : 1
03-25 10:56:35.412  1950  1950 I liblog  : 2
03-25 10:56:35.412  1950  1950 I liblog  : 2
03-25 10:56:35.412  1950  1950 I liblog  : 15
03-25 10:56:35.412  1950  1950 I liblog  : 19
03-25 10:56:35.412  1950  1950 I liblog  : 2
03-25 10:56:35.412  1950  1950 I liblog  : 1
03-25 10:56:35.412  1950  1950 I liblog  : 3
03-25 10:56:35.412  1950  1950 I liblog  : 1
03-25 10:56:35.412  1950  1950 I liblog  : 1
03-25 10:56:35.412  1950  1950 I liblog  : 2
03-25 10:56:35.412  1950  1950 I liblog  : 1
03-25 10:56:35.412  1950  1950 I liblog  : 1
03-25 10:56:35.412  1950  1950 I liblog  : 1
03-25 10:56:35.415  1950  1950 I liblog  : 10
03-25 10:56:35.415  1950  1950 I liblog  : 24
03-25 10:56:35.415  1950  1950 I liblog  : 37
03-25 10:56:35.416  1950  1950 I liblog  : 1
03-25 10:56:35.418  1950  1950 I liblog  : 27
03-25 10:56:35.418  1950  1950 I liblog  : 2
03-25 10:56:35.418  1950  1950 I liblog  : 1
03-25 10:56:35.418  1950  1950 I liblog  : 1
03-25 10:56:35.418  1950  1950 I liblog  : 1
03-25 10:56:35.418  1950  1950 I liblog  : 1
03-25 10:56:35.418  1950  1950 I liblog  : 1
03-25 10:56:35.418  1950  1950 I liblog  : 2
03-25 10:56:35.418  1950  1950 I liblog  : 1
03-25 10:56:35.418  1950  1950 I liblog  : 1
03-25 10:56:35.418  1950  1950 I liblog  : 1
03-25 10:56:35.418  1950  1950 I liblog  : 1
03-25 10:56:35.418  1950  1950 I liblog  : 1
03-25 10:56:35.418  1950  1950 I liblog  : 1
03-25 10:56:35.418  1950  1950 I liblog  : 1
03-25 10:56:35.418  1950  1950 I liblog  : 1
03-25 10:56:35.418  1950  1950 I liblog  : 2
03-25 10:56:35.418  1950  1950 I liblog  : 1
03-25 10:56:35.418  1950  1950 I liblog  : 1
03-25 10:56:35.418  1950  1950 I liblog  : 1
03-25 10:56:35.418  1950  1950 I liblog  : 1
03-25 10:56:35.418  1950  1950 I liblog  : 1
03-25 10:56:35.418  1950  1950 I liblog  : 1
03-25 10:56:35.418  1950  1950 I liblog  : 1
03-25 10:56:35.418  1950  1950 I liblog  : 1
03-25 10:56:35.418  1950  1950 I liblog  : 1
03-25 10:56:35.418  1950  1950 I liblog  : 1
03-25 10:56:35.418  1950  1950 I liblog  : 1
03-25 10:56:35.418  1950  1950 I liblog  : 1
03-25 10:56:35.418  1950  1950 I liblog  : 1
03-25 10:56:35.418  1950  1950 I liblog  : 2
03-25 10:56:35.418  1950  1950 I liblog  : 1
03-25 10:56:35.418  1950  1950 I liblog  : 1
03-25 10:56:35.418  1950  1950 I liblog  : 1
03-25 10:56:35.418  1950  1950 I liblog  : 1
03-25 10:56:35.418  1950  1950 I liblog  : 1
03-25 10:56:35.418  1950  1950 I liblog  : 1
03-25 10:56:35.418  1950  1950 I liblog  : 1
03-25 10:56:35.418  1950  1950 I liblog  : 1
03-25 10:56:35.418  1950  1950 I liblog  : 5
03-25 10:56:35.418  1950  1950 I liblog  : 2
03-25 10:56:35.418  1950  1950 I liblog  : 2
03-25 10:56:35.418  1950  1950 I liblog  : 1
03-25 10:56:35.418  1950  1950 I liblog  : 1
03-25 10:56:35.418  1950  1950 I liblog  : 1
03-25 10:56:35.418  1950  1950 I liblog  : 1
03-25 10:56:35.418  1950  1950 I liblog  : 1
03-25 10:56:35.418  1950  1950 I liblog  : 4
03-25 10:56:35.418  1950  1950 I liblog  : 2
03-25 10:56:35.418  1950  1950 I liblog  : 1
03-25 10:56:35.418  1950  1950 I liblog  : 1
03-25 10:56:35.418  1950  1950 I liblog  : 1
03-25 10:56:35.418  1950  1950 I liblog  : 1
03-25 10:56:35.418  1950  1950 I liblog  : 1
03-25 10:56:35.418  1950  1950 I liblog  : 1
03-25 10:56:35.418  1950  1950 I liblog  : 1
03-25 10:56:35.418  1950  1950 I liblog  : 1
03-25 10:56:35.418  1950  1950 I liblog  : 3
03-25 10:56:35.418  1950  1950 I liblog  : 4
03-25 10:56:35.418  1950  1950 I liblog  : 2
03-25 10:56:35.418  1950  1950 I liblog  : 1
03-25 10:56:35.418  1950  1950 I liblog  : 1
03-25 10:56:35.418  1950  1950 I liblog  : 1
03-25 10:56:35.418  1950  1950 I liblog  : 3
03-25 10:56:35.418  1950  1950 I liblog  : 2
03-25 10:56:35.418  1950  1950 I liblog  : 4
03-25 10:56:35.418  1950  1950 I liblog  : 1
03-25 10:56:35.418  1950  1950 I liblog  : 1
03-25 10:56:35.418  1950  1950 I liblog  : 4
03-25 10:56:35.418  1950  1950 I liblog  : 3
03-25 10:56:35.418  1950  1950 I liblog  : 2
03-25 10:56:35.418  1950  1950 I liblog  : 1
03-25 10:56:35.418  1950  1950 I liblog  : 1
03-25 10:56:35.418  1950  1950 I liblog  : 1
03-25 10:56:35.418  1950  1950 I liblog  : 4
03-25 10:56:35.418  1950  1950 I liblog  : 4
