03-25 10:56:45.819  2078  2078 I auditd  : type=1400 audit(0.0:582): avc:  denied  { search } for  comm="binder:2078_3" name="mcd" dev="dm-53" ino=814 scontext=u:r:surfaceflinger:s0 tcontext=u:object_r:mcd_data_file:s0 tclass=dir permissive=0
03-25 10:56:45.823  2078  2078 I auditd  : type=1400 audit(0.0:583): avc:  denied  { search } for  comm="binder:2078_2" name="mcd" dev="dm-53" ino=814 scontext=u:r:surfaceflinger:s0 tcontext=u:object_r:mcd_data_file:s0 tclass=dir permissive=0
03-25 10:56:45.831  2078  2078 I auditd  : type=1400 audit(0.0:584): avc:  denied  { search } for  comm="binder:2078_2" name="mcd" dev="dm-53" ino=814 scontext=u:r:surfaceflinger:s0 tcontext=u:object_r:mcd_data_file:s0 tclass=dir permissive=0
03-25 10:56:45.837  5329  5329 I viewroot_draw_event: [VRI[gxzw_touch],reportDrawFinished seqId=0]
03-25 10:56:45.831  2078  2078 I auditd  : type=1400 audit(0.0:585): avc:  denied  { search } for  comm="binder:2078_2" name="mcd" dev="dm-53" ino=814 scontext=u:r:surfaceflinger:s0 tcontext=u:object_r:mcd_data_file:s0 tclass=dir permissive=0
03-25 10:56:45.848  2492  3851 I commit_sys_config_file: [settings-2-0,5]
03-25 10:56:45.847  2078  2078 I auditd  : type=1400 audit(0.0:586): avc:  denied  { search } for  comm="binder:2078_1" name="mcd" dev="dm-53" ino=814 scontext=u:r:surfaceflinger:s0 tcontext=u:object_r:mcd_data_file:s0 tclass=dir permissive=0
03-25 10:56:45.855  2078  2078 I auditd  : type=1400 audit(0.0:587): avc:  denied  { search } for  comm="binder:2078_1" name="mcd" dev="dm-53" ino=814 scontext=u:r:surfaceflinger:s0 tcontext=u:object_r:mcd_data_file:s0 tclass=dir permissive=0
03-25 10:56:45.891  2492  3851 I commit_sys_config_file: [settings-0-0,4]
03-25 10:56:45.904  2492  2492 I notification_enqueue: [1000,2492,android,26,NULL,-1,Notification(channel=DEVELOPER_IMPORTANT shortcut=null contentView=null vibrate=null sound=null tick defaults=0 flags=ONGOING_EVENT|CAN_COLORIZE color=0x00000000 vis=PUBLIC focusType=null),0,1]
03-25 10:56:45.905  2492  2492 I sysui_multi_action: [757,1501,758,1,793,1,794,0,795,1,796,26,806,android,857,DEVELOPER_IMPORTANT,858,4,947,0,1500,0]
03-25 10:56:45.905  2492  2492 I sysui_multi_action: [757,804,799,note_interruptive,801,0,802,1]
03-25 10:56:45.905  2492  2492 I notification_autogrouped: -1|android|32|null|1000
03-25 10:56:45.906  2492  2492 I notification_autogrouped: -1|android|26|null|1000
03-25 10:56:45.906  2492  2492 I notification_adjusted: [-1|android|26|null|1000,key_group_key,-1|android|g:Aggregate_AlertingSection]
03-25 10:56:45.907  2492  2492 I notification_enqueue: [1000,2492,android,0,-1|android|g:Aggregate_AlertingSection,-1,Notification(channel=DEVELOPER_IMPORTANT shortcut=null contentView=null vibrate=null sound=null defaults=0 flags=ONGOING_EVENT|LOCAL_ONLY|GROUP_SUMMARY|AUTOGROUP_SUMMARY color=0x00000000 groupKey=-1|android|g:Aggregate_AlertingSection vis=PUBLIC focusType=null),0,0]
03-25 10:56:45.915  2492  4080 I notification_adjusted: [-1|android|32|null|1000,key_group_key,-1|android|g:Aggregate_AlertingSection]
03-25 10:56:45.929  2492  2623 I am_wtf  : [0,2492,system_server,-1,SystemServiceRegistry,No service published for: uwb]
03-25 10:56:45.930  2492  2623 I am_wtf  : [0,2492,system_server,-1,SystemServiceRegistry,Manager wrapper not available: uwb]
03-25 10:56:45.931  2492  2623 I am_wtf  : [0,2492,system_server,-1,SystemServiceRegistry,No service published for: thread_network]
03-25 10:56:45.931  2492  2623 I am_wtf  : [0,2492,system_server,-1,SystemServiceRegistry,Manager wrapper not available: thread_network]
03-25 10:56:45.947  2492  2607 I uc_finish_user_boot: 0
03-25 10:56:45.947  2492  2607 I am_user_state_changed: [0,1]
03-25 10:56:45.947  2492  2607 I uc_send_user_broadcast: [0,android.intent.action.LOCKED_BOOT_COMPLETED]
03-25 10:56:45.948  2492  2607 I uc_finish_user_unlocking: 0
03-25 10:56:45.965  2492  2624 I am_proc_start: [0,6858,10252,android.ext.services,on-hold,]
03-25 10:56:45.965  2492  4314 I sysui_multi_action: [757,856,758,6,759,1,806,android,857,lsposed_module_updated,858,4]
03-25 10:56:45.967  2492  2492 I auditd  : type=1400 audit(0.0:588): avc:  denied  { read } for  comm="android.display" name="u:object_r:vendor_default_prop:s0" dev="tmpfs" ino=508 scontext=u:r:system_server:s0 tcontext=u:object_r:vendor_default_prop:s0 tclass=file permissive=0
03-25 10:56:45.972  2492  6060 I sysui_multi_action: [757,856,758,6,759,1,806,android,857,lsposed_status,858,1]
03-25 10:56:45.983  2492  2578 I sysui_multi_action: [757,856,758,6,759,1,806,android,857,lsposed_module_scope,858,4]
03-25 10:56:45.986  5329  5329 I input_focus: handleWindowFocusChanged:NotificationShade mView:com.android.systemui.shade.NotificationShadeWindowView{f5c84d9 V.E...... ......ID 0,0-1080,2400 #7f0b0653 app:id/legacy_window_root}
03-25 10:56:46.005  2492  2624 I am_proc_start: [0,6872,1000,com.miui.securitycore.remote,service,{com.miui.securitycore/com.miui.xspace.service.XSpaceService}]
03-25 10:56:46.015  2492  5631 I sysui_multi_action: [757,856,758,6,759,1,806,android,857,lsposed_safe_mode,858,4]
03-25 10:56:46.019  6858  6858 I auditd  : type=1400 audit(0.0:589): avc:  denied  { read write } for  comm="dex_preload_t" name="metis" dev="tmpfs" ino=1097 scontext=u:r:priv_app:s0:c512,c768 tcontext=u:object_r:migt_dev:s0 tclass=chr_file permissive=0 app=android.ext.services
03-25 10:56:46.019  2078  2078 I auditd  : type=1400 audit(0.0:590): avc:  denied  { search } for  comm="binder:2078_2" name="mcd" dev="dm-53" ino=814 scontext=u:r:surfaceflinger:s0 tcontext=u:object_r:mcd_data_file:s0 tclass=dir permissive=0
03-25 10:56:46.023  2078  2078 I auditd  : type=1400 audit(0.0:591): avc:  denied  { search } for  comm="binder:2078_2" name="mcd" dev="dm-53" ino=814 scontext=u:r:surfaceflinger:s0 tcontext=u:object_r:mcd_data_file:s0 tclass=dir permissive=0
03-25 10:56:46.034  2492  2492 I notification_enqueue: [1000,2492,android,2000,NULL,0,Notification(channel=lsposed_status shortcut=null contentView=null vibrate=null sound=null defaults=0 flags=ONGOING_EVENT|CAN_COLORIZE color=0xfff48fb1 vis=SECRET focusType=null),0,1]
03-25 10:56:46.035  2492  2492 I sysui_multi_action: [757,1501,758,1,793,1,794,0,795,1,796,2000,806,android,857,lsposed_status,858,1,947,0,1500,0]
03-25 10:56:46.035  2492  2492 I sysui_multi_action: [757,804,799,note_interruptive,801,0,802,1]
03-25 10:56:46.035  2492  5631 I am_proc_bound: [0,6858,android.ext.services]
03-25 10:56:46.071  2078  2078 I auditd  : type=1400 audit(0.0:592): avc:  denied  { search } for  comm="binder:2078_1" name="mcd" dev="dm-53" ino=814 scontext=u:r:surfaceflinger:s0 tcontext=u:object_r:mcd_data_file:s0 tclass=dir permissive=0
03-25 10:56:46.071  5090  5090 I auditd  : type=1400 audit(0.0:593): avc:  denied  { read } for  comm=".qms" name="u:object_r:default_prop:s0" dev="tmpfs" ino=200 scontext=u:r:vendor_qms_app:s0:c117,c256,c512,c768 tcontext=u:object_r:default_prop:s0 tclass=file permissive=0 app=vendor.qti.data.txpwradmin
03-25 10:56:46.065  2492  2624 I am_proc_start: [0,6660,1001,com.xiaomi.registration,broadcast,{com.xiaomi.registration/com.xiaomi.registration.autoregistration.AutoRegReceiver}]
03-25 10:56:46.096  6872  6872 I service_manager_slow: [18,activity]
03-25 10:56:46.098  2492  3851 I commit_sys_config_file: [settings-0-0,5]
03-25 10:56:46.099  2492  6063 I am_proc_bound: [0,6872,com.miui.securitycore.remote]
03-25 10:56:46.105  1048  1048 I auditd  : avc:  denied  { find } for pid=5052 uid=10115 name=HyperOSCustFeatureResolve scontext=u:r:vendor_qtidataservices_app:s0:c115,c256,c512,c768 tcontext=u:object_r:hyperos_cust_feature_resolve_service:s0 tclass=service_manager permissive=0
03-25 10:56:46.107  2492  4314 I am_proc_bound: [0,6660,com.xiaomi.registration]
03-25 10:56:46.119  6660  6660 I auditd  : type=1400 audit(0.0:594): avc:  denied  { read write } for  comm="dex_preload_t" name="metis" dev="tmpfs" ino=1097 scontext=u:r:radio:s0 tcontext=u:object_r:migt_dev:s0 tclass=chr_file permissive=0
03-25 10:56:46.132  2492  3851 I commit_sys_config_file: [settings-4-0,26]
03-25 10:56:46.135  2492  2492 I auditd  : type=1400 audit(0.0:595): avc:  denied  { read } for  comm="binder:2492_1C" name="u:object_r:vendor_default_prop:s0" dev="tmpfs" ino=508 scontext=u:r:system_server:s0 tcontext=u:object_r:vendor_default_prop:s0 tclass=file permissive=0
03-25 10:56:46.164  2492  6062 I thermal_changed: [CPU5,0,95.000000,3,0]
03-25 10:56:46.172  2492  2624 I am_proc_start: [0,6958,10129,com.google.android.gms,service,{com.google.android.gms/com.google.android.gms.chimera.GmsIntentOperationService}]
03-25 10:56:46.199  6958  6958 I auditd  : type=1400 audit(0.0:596): avc:  denied  { read write } for  comm="dex_preload_t" name="metis" dev="tmpfs" ino=1097 scontext=u:r:gmscore_app:s0:c512,c768 tcontext=u:object_r:migt_dev:s0 tclass=chr_file permissive=0 app=com.google.android.gms
03-25 10:56:46.203  2492  5540 I am_proc_bound: [0,6958,com.google.android.gms]
03-25 10:56:46.231  2492  2606 I commit_sys_config_file: [notification-policy,11]
03-25 10:56:46.227  5350  5350 I auditd  : type=1400 audit(0.0:598): avc:  denied  { read write } for  comm="com.qti.qcc" name="metis" dev="tmpfs" ino=1097 scontext=u:r:vendor_qcc_app:s0:c235,c256,c512,c768 tcontext=u:object_r:migt_dev:s0 tclass=chr_file permissive=0 app=com.qti.qcc
03-25 10:56:46.243  2078  2078 I auditd  : type=1400 audit(0.0:599): avc:  denied  { search } for  comm="binder:2078_3" name="mcd" dev="dm-53" ino=814 scontext=u:r:surfaceflinger:s0 tcontext=u:object_r:mcd_data_file:s0 tclass=dir permissive=0
03-25 10:56:46.243  2078  2078 I auditd  : type=1400 audit(0.0:600): avc:  denied  { search } for  comm="binder:2078_3" name="mcd" dev="dm-53" ino=814 scontext=u:r:surfaceflinger:s0 tcontext=u:object_r:mcd_data_file:s0 tclass=dir permissive=0
03-25 10:56:46.247  5329  5329 I auditd  : type=1400 audit(0.0:601): avc:  denied  { read } for  comm="ndroid.systemui" name="u:object_r:keyguard_config_prop:s0" dev="tmpfs" ino=292 scontext=u:r:system_app:s0 tcontext=u:object_r:keyguard_config_prop:s0 tclass=file permissive=0
03-25 10:56:46.247  2078  2078 I auditd  : type=1400 audit(0.0:602): avc:  denied  { search } for  comm="binder:2078_2" name="mcd" dev="dm-53" ino=814 scontext=u:r:surfaceflinger:s0 tcontext=u:object_r:mcd_data_file:s0 tclass=dir permissive=0
03-25 10:56:46.275  2078  2078 I auditd  : type=1400 audit(0.0:603): avc:  denied  { search } for  comm="binder:2078_2" name="mcd" dev="dm-53" ino=814 scontext=u:r:surfaceflinger:s0 tcontext=u:object_r:mcd_data_file:s0 tclass=dir permissive=0
03-25 10:56:46.275  2078  2078 I auditd  : type=1400 audit(0.0:604): avc:  denied  { search } for  comm="binder:2078_2" name="mcd" dev="dm-53" ino=814 scontext=u:r:surfaceflinger:s0 tcontext=u:object_r:mcd_data_file:s0 tclass=dir permissive=0
03-25 10:56:46.299  2078  2078 I auditd  : type=1400 audit(0.0:605): avc:  denied  { search } for  comm="binder:2078_3" name="mcd" dev="dm-53" ino=814 scontext=u:r:surfaceflinger:s0 tcontext=u:object_r:mcd_data_file:s0 tclass=dir permissive=0
03-25 10:56:46.299  2078  2078 I auditd  : type=1400 audit(0.0:606): avc:  denied  { search } for  comm="binder:2078_3" name="mcd" dev="dm-53" ino=814 scontext=u:r:surfaceflinger:s0 tcontext=u:object_r:mcd_data_file:s0 tclass=dir permissive=0
03-25 10:56:46.307  2492  5411 I am_wtf  : [0,6872,com.miui.securitycore.remote,618249797,ContextImpl,Data directory doesn't exist for package com.miui.securitycore]
03-25 10:56:46.303  2078  2078 I auditd  : type=1400 audit(0.0:607): avc:  denied  { search } for  comm="binder:2078_2" name="mcd" dev="dm-53" ino=814 scontext=u:r:surfaceflinger:s0 tcontext=u:object_r:mcd_data_file:s0 tclass=dir permissive=0
03-25 10:56:46.311  2078  2078 I auditd  : type=1400 audit(0.0:608): avc:  denied  { search } for  comm="binder:2078_3" name="mcd" dev="dm-53" ino=814 scontext=u:r:surfaceflinger:s0 tcontext=u:object_r:mcd_data_file:s0 tclass=dir permissive=0
03-25 10:56:46.311  2078  2078 I auditd  : type=1400 audit(0.0:609): avc:  denied  { search } for  comm="binder:2078_2" name="mcd" dev="dm-53" ino=814 scontext=u:r:surfaceflinger:s0 tcontext=u:object_r:mcd_data_file:s0 tclass=dir permissive=0
03-25 10:56:46.317  2492  2623 I am_uid_running: 10232
03-25 10:56:46.323  2492  2579 I am_uid_active: 10252
03-25 10:56:46.319  2078  2078 I auditd  : type=1400 audit(0.0:610): avc:  denied  { search } for  comm="binder:2078_2" name="mcd" dev="dm-53" ino=814 scontext=u:r:surfaceflinger:s0 tcontext=u:object_r:mcd_data_file:s0 tclass=dir permissive=0
03-25 10:56:46.335  2078  2078 I auditd  : type=1400 audit(0.0:611): avc:  denied  { search } for  comm="binder:2078_3" name="mcd" dev="dm-53" ino=814 scontext=u:r:surfaceflinger:s0 tcontext=u:object_r:mcd_data_file:s0 tclass=dir permissive=0
03-25 10:56:46.335  2078  2078 I auditd  : type=1400 audit(0.0:612): avc:  denied  { search } for  comm="binder:2078_3" name="mcd" dev="dm-53" ino=814 scontext=u:r:surfaceflinger:s0 tcontext=u:object_r:mcd_data_file:s0 tclass=dir permissive=0
03-25 10:56:46.339  2078  2078 I auditd  : type=1400 audit(0.0:613): avc:  denied  { search } for  comm="binder:2078_3" name="mcd" dev="dm-53" ino=814 scontext=u:r:surfaceflinger:s0 tcontext=u:object_r:mcd_data_file:s0 tclass=dir permissive=0
03-25 10:56:46.339  2078  2078 I auditd  : type=1400 audit(0.0:614): avc:  denied  { search } for  comm="binder:2078_3" name="mcd" dev="dm-53" ino=814 scontext=u:r:surfaceflinger:s0 tcontext=u:object_r:mcd_data_file:s0 tclass=dir permissive=0
03-25 10:56:46.345  2492  2624 I am_proc_start: [0,6924,10232,com.qualcomm.qti.powersavemode,broadcast,{com.qualcomm.qti.powersavemode/com.qualcomm.qti.powersavemode.SystemEventReceiver}]
03-25 10:56:46.343  2078  2078 I auditd  : type=1400 audit(0.0:615): avc:  denied  { search } for  comm="binder:2078_3" name="mcd" dev="dm-53" ino=814 scontext=u:r:surfaceflinger:s0 tcontext=u:object_r:mcd_data_file:s0 tclass=dir permissive=0
03-25 10:56:46.347  2078  2078 I auditd  : type=1400 audit(0.0:616): avc:  denied  { search } for  comm="binder:2078_3" name="mcd" dev="dm-53" ino=814 scontext=u:r:surfaceflinger:s0 tcontext=u:object_r:mcd_data_file:s0 tclass=dir permissive=0
03-25 10:56:46.347  2078  2078 I auditd  : type=1400 audit(0.0:617): avc:  denied  { search } for  comm="binder:2078_3" name="mcd" dev="dm-53" ino=814 scontext=u:r:surfaceflinger:s0 tcontext=u:object_r:mcd_data_file:s0 tclass=dir permissive=0
03-25 10:56:46.347  2078  2078 I auditd  : type=1400 audit(0.0:618): avc:  denied  { search } for  comm="binder:2078_3" name="mcd" dev="dm-53" ino=814 scontext=u:r:surfaceflinger:s0 tcontext=u:object_r:mcd_data_file:s0 tclass=dir permissive=0
03-25 10:56:46.351  2078  2078 I auditd  : type=1400 audit(0.0:619): avc:  denied  { search } for  comm="binder:2078_3" name="mcd" dev="dm-53" ino=814 scontext=u:r:surfaceflinger:s0 tcontext=u:object_r:mcd_data_file:s0 tclass=dir permissive=0
03-25 10:56:46.375  6958  6958 I auditd  : type=1400 audit(0.0:620): avc:  denied  { read write } for  comm="gle.android.gms" name="metis" dev="tmpfs" ino=1097 scontext=u:r:gmscore_app:s0:c512,c768 tcontext=u:object_r:migt_dev:s0 tclass=chr_file permissive=0 app=com.google.android.gms
03-25 10:56:46.379  6958  6958 I auditd  : type=1400 audit(0.0:621): avc:  denied  { read write } for  comm="gle.android.gms" name="metis" dev="tmpfs" ino=1097 scontext=u:r:gmscore_app:s0:c512,c768 tcontext=u:object_r:migt_dev:s0 tclass=chr_file permissive=0 app=com.google.android.gms
03-25 10:56:46.383  7050  7050 I auditd  : type=1400 audit(0.0:622): avc:  denied  { write } for  comm="sh" name="page-cluster" dev="proc" ino=104386 scontext=u:r:vendor_qti_init_shell:s0 tcontext=u:object_r:proc_page_cluster:s0 tclass=file permissive=0
03-25 10:56:46.421  2492  3753 I am_proc_bound: [0,6924,com.qualcomm.qti.powersavemode]
03-25 10:56:46.498  5329  5635 I jank_cuj_events_begin_request: [14,1774407406498581000,22449285666,22449285823,]
03-25 10:56:46.500  2492  3851 I commit_sys_config_file: [settings-0-0,60]
03-25 10:56:46.511  2078  2078 I auditd  : type=1400 audit(0.0:623): avc:  denied  { search } for  comm="binder:2078_2" name="mcd" dev="dm-53" ino=814 scontext=u:r:surfaceflinger:s0 tcontext=u:object_r:mcd_data_file:s0 tclass=dir permissive=0
03-25 10:56:46.523  2492  3753 I sysui_multi_action: [757,199,758,1,759,32,793,3611,794,0,795,3611,796,32,806,android,857,USB,858,3,946,-1|android|g:Aggregate_Aler-df069087,947,0,1500,3553,1688,1]
03-25 10:56:46.523  2492  3753 I notification_alert: [-1|android|32|null|1000,0,0,0,0,32]
03-25 10:56:46.523  2078  2078 I auditd  : type=1400 audit(0.0:624): avc:  denied  { search } for  comm="binder:2078_2" name="mcd" dev="dm-53" ino=814 scontext=u:r:surfaceflinger:s0 tcontext=u:object_r:mcd_data_file:s0 tclass=dir permissive=0
03-25 10:56:46.523  5329  5329 I auditd  : type=1400 audit(0.0:625): avc:  denied  { read } for  comm="ndroid.systemui" name="u:object_r:keyguard_config_prop:s0" dev="tmpfs" ino=292 scontext=u:r:system_app:s0 tcontext=u:object_r:keyguard_config_prop:s0 tclass=file permissive=0
03-25 10:56:46.527  2078  2078 I auditd  : type=1400 audit(0.0:626): avc:  denied  { search } for  comm="binder:2078_2" name="mcd" dev="dm-53" ino=814 scontext=u:r:surfaceflinger:s0 tcontext=u:object_r:mcd_data_file:s0 tclass=dir permissive=0
03-25 10:56:46.563  2492  4953 I am_uid_active: 10232
03-25 10:56:46.565  2492  2623 I am_uid_running: 10241
03-25 10:56:46.572  2492  2624 I am_proc_start: [0,7056,10241,com.qualcomm.qti.workloadclassifier,broadcast,{com.qualcomm.qti.workloadclassifier/com.qualcomm.qti.workloadclassifier.WLCReceiver}]
03-25 10:56:46.573  5268  5268 I gsm_service_state_change: [0,0,0,0]
03-25 10:56:46.628  2492  6694 I am_proc_bound: [0,7056,com.qualcomm.qti.workloadclassifier]
03-25 10:56:46.623  7090  7090 I auditd  : type=1400 audit(0.0:627): avc:  denied  { getattr } for  comm="batterysecret" path="/dev/kmsg" dev="tmpfs" ino=5 scontext=u:r:batterysecret:s0 tcontext=u:object_r:kmsg_device:s0 tclass=chr_file permissive=0
03-25 10:56:46.627  7056  7056 I auditd  : type=1400 audit(0.0:628): avc:  denied  { read write } for  comm="dex_preload_t" name="metis" dev="tmpfs" ino=1097 scontext=u:r:vendor_wlc_app:s0:c241,c256,c512,c768 tcontext=u:object_r:migt_dev:s0 tclass=chr_file permissive=0 app=com.qualcomm.qti.workloadclassifier
03-25 10:56:46.627  7145  7145 I auditd  : type=1400 audit(0.0:629): avc:  denied  { read } for  comm="mcd" name="u:object_r:vendor_default_prop:s0" dev="tmpfs" ino=508 scontext=u:r:mcd:s0 tcontext=u:object_r:vendor_default_prop:s0 tclass=file permissive=0
03-25 10:56:46.627  7145  7145 I auditd  : type=1400 audit(0.0:630): avc:  denied  { read } for  comm="mcd" name="u:object_r:vendor_default_prop:s0" dev="tmpfs" ino=508 scontext=u:r:mcd:s0 tcontext=u:object_r:vendor_default_prop:s0 tclass=file permissive=0
03-25 10:56:46.659  7168  7168 I auditd  : type=1400 audit(0.0:631): avc:  denied  { read } for  comm="ps" name="pid_max" dev="proc" ino=110828 scontext=u:r:mcd:s0 tcontext=u:object_r:proc_pid_max:s0 tclass=file permissive=0
03-25 10:56:46.671  7168  7168 I auditd  : type=1400 audit(0.0:632): avc:  denied  { sys_ptrace } for  comm="ps" capability=19  scontext=u:r:mcd:s0 tcontext=u:r:mcd:s0 tclass=capability permissive=0
03-25 10:56:46.675  7168  7168 I auditd  : type=1400 audit(0.0:633): avc:  denied  { sys_ptrace } for  comm="ps" capability=19  scontext=u:r:mcd:s0 tcontext=u:r:mcd:s0 tclass=capability permissive=0
03-25 10:56:46.675  7168  7168 I auditd  : type=1400 audit(0.0:634): avc:  denied  { sys_ptrace } for  comm="ps" capability=19  scontext=u:r:mcd:s0 tcontext=u:r:mcd:s0 tclass=capability permissive=0
03-25 10:56:46.685  5329  5635 I jank_cuj_events_begin_request: [14,1774407406685090000,22635794000,22635794052,]
03-25 10:56:46.687  7168  7168 I auditd  : type=1400 audit(0.0:635): avc:  denied  { sys_ptrace } for  comm="ps" capability=19  scontext=u:r:mcd:s0 tcontext=u:r:mcd:s0 tclass=capability permissive=0
03-25 10:56:46.689  5329  5635 I jank_cuj_events_cancel_request: [14,1774407406687638000,22638342333,22638342489]
03-25 10:56:46.693  5329  5635 I jank_cuj_events_cancel_request: [14,1774407406689878000,22640582333,22640582385]
03-25 10:56:46.705  5329  5635 I jank_cuj_events_begin_request: [14,1774407406704994000,22655698062,22655698166,]
03-25 10:56:46.705  5329  5635 I jank_cuj_events_begin_request: [14,1774407406705094000,22655798479,22655798531,]
03-25 10:56:46.705  5329  5635 I jank_cuj_events_begin_request: [14,1774407406705110000,22655814104,22655814156,]
03-25 10:56:46.718  2492  3851 I commit_sys_config_file: [settings-0-0,5]
03-25 10:56:46.721  5268  5268 I gsm_service_state_change: [1,0,0,0]
03-25 10:56:46.721  5268  5268 I gsm_rat_switched_new: [-1,0,20]
03-25 10:56:46.741  2492  5411 I am_uid_active: 10241
03-25 10:56:46.745  2492  2623 I am_uid_running: 10280
03-25 10:56:46.779  2492  2624 I am_proc_start: [0,7207,10280,com.android.deskclock,broadcast,{com.android.deskclock/com.android.deskclock.AlarmBootInitReceiver}]
03-25 10:56:46.829  2492  6693 I sysui_multi_action: [757,1501,758,1,793,925,794,0,795,925,796,26,806,android,857,DEVELOPER_IMPORTANT,858,4,946,-1|android|g:Aggregate_Aler-df069087,947,0,1500,0,1688,1]
03-25 10:56:46.829  2492  6693 I sysui_multi_action: [757,804,799,note_interruptive,801,0,802,1]
03-25 10:56:46.829  2492  6693 I sysui_multi_action: [757,199,758,1,759,2,793,925,794,0,795,925,796,26,806,android,857,DEVELOPER_IMPORTANT,858,4,946,-1|android|g:Aggregate_Aler-df069087,947,0,1500,0,1688,1]
03-25 10:56:46.829  2492  6693 I notification_alert: [-1|android|26|null|1000,0,1,0,0,0]
03-25 10:56:46.850  1048  1048 I auditd  : avc:  denied  { find } for pid=7145 uid=0 name=device_identifiers scontext=u:r:mcd:s0 tcontext=u:object_r:device_identifiers_service:s0 tclass=service_manager permissive=0
03-25 10:56:46.851  1048  1048 I auditd  : avc:  denied  { find } for pid=7145 uid=1000 name=miui.whetstone.mcd scontext=u:r:mcd:s0 tcontext=u:object_r:mcd_service:s0 tclass=service_manager permissive=0
03-25 10:56:46.901  6430  6702 I dvm_lock_sample: [com.xiaomi.finddevice,0,AsyncTask #1,1411,SourceFile,-1,boolean com.xiaomi.finddevice.v2.FindDeviceStatusManagerInternal.isOpen(),-,-1,void com.xiaomi.finddevice.v2.FindDeviceStatusManagerInternal.fetchCloudConfig(android.content.Context),6692]
03-25 10:56:46.923  2492  3753 I sysui_multi_action: [757,199,758,1,759,1024,793,1018,794,0,795,1018,796,0,797,-1|android|g:Aggregate_AlertingSection,806,android,857,DEVELOPER_IMPORTANT,858,4,946,-1|android|g:Aggregate_Aler-df069087,947,1,1500,1018,1688,1]
03-25 10:56:46.924  2492  3753 I notification_alert: [-1|android|0|-1|android|g:Aggregate_AlertingSection|1000|-1|android|g:Aggregate_AlertingSection,0,0,0,0,1024]
03-25 10:56:46.929  2492  2579 I am_proc_bound: [0,7207,com.android.deskclock]
03-25 10:56:46.934  7145  7145 I mcd_start_complete: 7145
03-25 10:56:46.951  2492  2623 I uc_start_user_internal: [999,0,0]
03-25 10:56:46.951  2492  2623 I um_user_visibility_changed: [999,1]
03-25 10:56:47.030  4977  5537 I liblog  : 9
03-25 10:56:47.030  4977  5537 I liblog  : 3
03-25 10:56:47.042  4977  6323 I liblog  : 109
03-25 10:56:47.110  5329  5635 I jank_cuj_events_end_request: [14,1774407407110652000,23061356291,23061356343]
03-25 10:56:47.111  5329  5635 I jank_cuj_events_end_request: [14,1774407407110878000,23061582333,23061582385]
03-25 10:56:47.111  5329  5635 I jank_cuj_events_end_request: [14,1774407407110884000,23061587489,23061587541]
03-25 10:56:47.168  2492  6693 I configuration_changed: 3
03-25 10:56:47.231  2492  6693 I configuration_changed: 2
03-25 10:56:47.264  4682  5453 I viewroot_draw_event: [VRI[GestureStubLeft],reportDrawFinished seqId=0]
03-25 10:56:47.264  2492  6064 I am_uid_active: 10280
03-25 10:56:47.265  2492  2623 I uc_send_user_broadcast: [999,android.intent.action.USER_STARTED]
03-25 10:56:47.268  2492  2623 I uc_finish_user_boot: 999
03-25 10:56:47.268  2492  2623 I am_user_state_changed: [999,1]
03-25 10:56:47.268  2492  2623 I uc_send_user_broadcast: [999,android.intent.action.LOCKED_BOOT_COMPLETED]
03-25 10:56:47.269  2492  2623 I uc_send_user_broadcast: [999,android.intent.action.USER_STARTING]
03-25 10:56:47.271  2492  2623 I ssm_user_starting: 999
03-25 10:56:47.278  4682  4682 I viewroot_draw_event: [VRI[GestureStub],reportDrawFinished seqId=0]
03-25 10:56:47.279  4682  5453 I viewroot_draw_event: [VRI[GestureStubRight],reportDrawFinished seqId=0]
03-25 10:56:47.291  2492  4604 I stream_devices_changed: [3,2,128]
03-25 10:56:47.291  2492  4386 I stream_devices_changed: [0,1,128]
03-25 10:56:47.291  2492  4386 I stream_devices_changed: [2,2,130]
03-25 10:56:47.292  2492  4386 I stream_devices_changed: [4,2,130]
03-25 10:56:47.296  2492  2606 I commit_sys_config_file: [jobs,8]
03-25 10:56:47.296  2492  4386 I stream_devices_changed: [5,2,128]
03-25 10:56:47.345  2492  4386 I stream_devices_changed: [11,2,128]
03-25 10:56:47.348  5329  5994 I viewroot_draw_event: [VRI[RoundCornerTop],reportDrawFinished seqId=0]
03-25 10:56:47.353  5329  5329 I viewroot_draw_event: [VRI[NotificationShade],reportDrawFinished seqId=0]
03-25 10:56:47.355  5329  5994 I viewroot_draw_event: [VRI[RoundCornerBottom],reportDrawFinished seqId=0]
03-25 10:56:47.357  5329  6077 I viewroot_draw_event: [VRI[gxzw_anim],reportDrawFinished seqId=0]
03-25 10:56:47.365  5329  5329 I viewroot_draw_event: [VRI[StatusBar],reportDrawFinished seqId=0]
03-25 10:56:47.379  5329  5329 I viewroot_draw_event: [VRI[StatusBar1],reportDrawFinished seqId=0]
03-25 10:56:47.380  5329  5329 I viewroot_draw_event: [VRI[gxzw_touch],reportDrawFinished seqId=0]
03-25 10:56:47.388  2492  2623 I am_uid_running: 10231
03-25 10:56:47.429  2492  2624 I am_proc_start: [0,7425,10231,com.qualcomm.qti.poweroffalarm,broadcast,{com.qualcomm.qti.poweroffalarm/com.qualcomm.qti.poweroffalarm.PowerOffAlarmBroadcastReceiver}]
03-25 10:56:47.442  2492  2492 I notification_enqueue: [1000,2492,android,2000,NULL,0,Notification(channel=lsposed_status shortcut=null contentView=null vibrate=null sound=null defaults=0 flags=ONGOING_EVENT|CAN_COLORIZE color=0xfff48fb1 vis=SECRET focusType=null),1,1]
03-25 10:56:47.464  2492  3753 I am_proc_bound: [0,7425,com.qualcomm.qti.poweroffalarm]
03-25 10:56:47.468  2492  3851 I commit_sys_config_file: [settings-1-0,41]
03-25 10:56:47.487  2492  3851 I commit_sys_config_file: [settings-2-0,18]
03-25 10:56:47.522  2492  2623 I am_uid_running: 99901001
03-25 10:56:47.528  2492  2624 I am_proc_start: [999,7156,99901001,com.android.phone,broadcast,{com.android.phone/com.android.phone.XtsBroadcastReceiver}]
03-25 10:56:47.559  2492  3753 I am_proc_bound: [999,7156,com.android.phone]
03-25 10:56:47.563  2492  3753 I am_uid_active: 99901001
03-25 10:56:47.573  6430  7246 I dvm_lock_sample: [com.xiaomi.finddevice,0,AsyncTask #3,657,SourceFile,-1,void com.xiaomi.finddevice.v2.FindDeviceStatusManagerInternal.updateDeviceCredential(android.content.Context, boolean),-,-1,void com.xiaomi.finddevice.v2.FindDeviceStatusManagerInternal.updateDeviceCredential(android.content.Context, boolean),7247]
03-25 10:56:47.595  2492  3851 I commit_sys_config_file: [settings-0-0,2]
03-25 10:56:47.602  2492  6062 I wm_task_created: 9
03-25 10:56:47.602  2492  6062 I wm_task_windowing_mode_changed: [9,0,1]
03-25 10:56:47.606  2492  6062 I wm_task_moved: [9,9,0,1,3]
03-25 10:56:47.607  2492  6062 I wm_task_to_front: [0,9,0]
03-25 10:56:47.607  2492  6062 I wm_create_task: [0,9,9,0]
03-25 10:56:47.607  2492  6062 I wm_create_activity: [0,207641752,9,com.xiaomi.bluetooth/com.android.bluetooth.ble.app.fastconnect.MiuiFastConnectActivity,com.android.bluetooth.FAST_CONNECT_DEVICE,NULL,NULL,277086208]
03-25 10:56:47.607  2492  6062 I wm_task_moved: [9,9,0,1,3]
03-25 10:56:47.617  2492  2624 I am_proc_start: [0,7474,1002,com.xiaomi.bluetooth:ui,top-activity,{com.xiaomi.bluetooth/com.android.bluetooth.ble.app.fastconnect.MiuiFastConnectActivity}]
03-25 10:56:47.621  2492  2623 I am_uid_running: 99910129
03-25 10:56:47.637  2492  2624 I am_proc_start: [999,7515,99910129,com.google.android.gms.persistent,broadcast,{com.google.android.gms/com.google.android.gms.chimera.GmsIntentOperationService$PersistentTrustedReceiver}]
03-25 10:56:47.638  2492  4568 I [90098] : audio u:1000 p:5329 s:true
03-25 10:56:47.665  2492  4953 I am_proc_bound: [0,7474,com.xiaomi.bluetooth:ui]
03-25 10:56:47.667  7515  7515 I auditd  : type=1400 audit(0.0:914): avc:  denied  { read write } for  comm="dex_preload_t" name="metis" dev="tmpfs" ino=1097 scontext=u:r:gmscore_app:s0:c743,c771 tcontext=u:object_r:migt_dev:s0 tclass=chr_file permissive=0
03-25 10:56:47.686  2492  2656 I commit_sys_config_file: [package,39]
03-25 10:56:47.691  2492  3753 I am_proc_bound: [999,7515,com.google.android.gms.persistent]
03-25 10:56:47.691  2492  2654 I commit_sys_config_file: [package-user-0,5]
03-25 10:56:47.694  2492  3753 I am_uid_active: 99910129
03-25 10:56:47.696  2492  2606 I commit_sys_config_file: [notification-policy,39]
03-25 10:56:47.703  2492  2654 I commit_sys_config_file: [package-user-999,17]
03-25 10:56:47.751  7515  7515 I auditd  : type=1400 audit(0.0:915): avc:  denied  { read write } for  comm=".gms.persistent" name="metis" dev="tmpfs" ino=1097 scontext=u:r:gmscore_app:s0:c743,c771 tcontext=u:object_r:migt_dev:s0 tclass=chr_file permissive=0
03-25 10:56:47.751  7515  7515 I auditd  : type=1400 audit(0.0:916): avc:  denied  { read write } for  comm=".gms.persistent" name="metis" dev="tmpfs" ino=1097 scontext=u:r:gmscore_app:s0:c743,c771 tcontext=u:object_r:migt_dev:s0 tclass=chr_file permissive=0
03-25 10:56:47.763  2492  2492 I auditd  : type=1400 audit(0.0:917): avc:  denied  { read } for  comm="binder:2492_9" name="u:object_r:vendor_default_prop:s0" dev="tmpfs" ino=508 scontext=u:r:system_server:s0 tcontext=u:object_r:vendor_default_prop:s0 tclass=file permissive=0
03-25 10:56:47.769  2492  2579 I wm_restart_activity: [0,207641752,9,com.xiaomi.bluetooth/com.android.bluetooth.ble.app.fastconnect.MiuiFastConnectActivity]
03-25 10:56:47.771  2492  2579 I input_focus: displayId :0, focusApplication has changed to ActivityRecord{207641752 u0 com.xiaomi.bluetooth/com.android.bluetooth.ble.app.fastconnect.MiuiFastConnectActivity t9}
03-25 10:56:47.771  2492  2579 I wm_set_resumed_activity: [0,com.xiaomi.bluetooth/com.android.bluetooth.ble.app.fastconnect.MiuiFastConnectActivity,realStartActivityLocked - onActivityStateChanged]
03-25 10:56:47.772  2492  2579 I wm_pause_activity: [0,207641752,com.xiaomi.bluetooth/com.android.bluetooth.ble.app.fastconnect.MiuiFastConnectActivity,userLeaving=false,sleep]
03-25 10:56:47.775  2982  2982 I auditd  : type=1400 audit(0.0:918): avc:  denied  { read } for  comm="NPDecoder" name="u:object_r:vendor_default_prop:s0" dev="tmpfs" ino=508 scontext=u:r:mediaserver:s0 tcontext=u:object_r:vendor_default_prop:s0 tclass=file permissive=0
03-25 10:56:47.796  2492  6075 I am_foreground_service_start: [0,com.xiaomi.finddevice/.v2.ui.FindDeviceKeyguardControlReceiver,0,PROC_STATE_FGS,35,35,0,0,0,1,UNKNOWN,1]
03-25 10:56:47.796  1048  1048 I auditd  : avc:  denied  { find } for pid=5268 uid=1001 name=vendor.radio.extphone scontext=u:r:radio:s0 tcontext=u:object_r:default_android_service:s0 tclass=service_manager permissive=0
03-25 10:56:47.797  2492  6064 I am_foreground_service_stop: [0,com.xiaomi.finddevice/.v2.ui.FindDeviceKeyguardControlReceiver,0,PROC_STATE_FGS,35,35,0,0,1,1,STOP_FOREGROUND,1]
03-25 10:56:47.798  2492  2492 I notification_enqueue: [6110,6430,com.xiaomi.finddevice,14,NULL,0,Notification(channel=FGS_HIDE shortcut=null contentView=null vibrate=null sound=null defaults=0 flags=0 color=0x00000000 groupKey=FGS_HIDE_autogroup vis=PRIVATE focusType=null),0,1]
03-25 10:56:47.799  2492  2492 I sysui_multi_action: [757,128,758,5,759,8,793,2,794,0,795,2,796,14,806,com.xiaomi.finddevice,857,FGS_HIDE,858,2,946,FGS_HIDE_autogroup,947,0,1500,2]
03-25 10:56:47.799  2492  2492 I notification_canceled: [0|com.xiaomi.finddevice|14|null|6110,8,2,2,0,-1,-1,NULL]
03-25 10:56:47.802  2492  3753 I am_foreground_service_start: [0,com.xiaomi.finddevice/.v2.ui.FindDeviceSysNotificationReceiver,0,PROC_STATE_FGS,35,35,0,0,0,1,UNKNOWN,1]
03-25 10:56:47.804  2492  2492 I notification_enqueue: [6110,6430,com.xiaomi.finddevice,14,NULL,0,Notification(channel=FGS_HIDE shortcut=null contentView=null vibrate=null sound=null defaults=0 flags=FOREGROUND_SERVICE color=0x00000000 groupKey=FGS_HIDE_autogroup vis=PRIVATE focusType=null),0,1]
03-25 10:56:47.807  2492  6064 I am_foreground_service_stop: [0,com.xiaomi.finddevice/.v2.ui.FindDeviceSysNotificationReceiver,0,PROC_STATE_FGS,35,35,0,0,5,1,STOP_FOREGROUND,1]
03-25 10:56:47.808  2492  2492 I sysui_multi_action: [757,128,758,5,759,8,793,4,794,0,795,4,796,14,806,com.xiaomi.finddevice,857,FGS_HIDE,858,2,946,FGS_HIDE_autogroup,947,0,1500,4,1688,1]
03-25 10:56:47.808  2492  2492 I notification_canceled: [0|com.xiaomi.finddevice|14|null|6110,8,4,4,0,-1,-1,NULL]
03-25 10:56:47.849  1781  4113 I liblog  : 196
03-25 10:56:47.849  1781  4113 I liblog  : 2
03-25 10:56:47.849  1781  7643 I liblog  : 13
03-25 10:56:47.849  1781  7643 I liblog  : 1
03-25 10:56:47.849  1781  7643 I liblog  : 1
03-25 10:56:47.849  1781  7643 I liblog  : 1
03-25 10:56:47.849  1781  7643 I liblog  : 13
03-25 10:56:47.849  1781  7643 I liblog  : 1
03-25 10:56:47.849  1781  7643 I liblog  : 2
03-25 10:56:47.849  1781  7643 I liblog  : 1
03-25 10:56:47.849  1781  7643 I liblog  : 1
03-25 10:56:47.849  1781  7643 I liblog  : 1
03-25 10:56:47.849  1781  7643 I liblog  : 1
03-25 10:56:47.849  1781  7643 I liblog  : 1
03-25 10:56:47.849  1781  7643 I liblog  : 1
03-25 10:56:47.849  1781  7643 I liblog  : 1
03-25 10:56:47.849  1781  7643 I liblog  : 1
03-25 10:56:47.849  1781  7643 I liblog  : 1
03-25 10:56:47.849  1781  7643 I liblog  : 1
03-25 10:56:47.849  1781  7643 I liblog  : 1
03-25 10:56:47.849  1781  7643 I liblog  : 1
03-25 10:56:47.849  1781  7643 I liblog  : 1
03-25 10:56:47.849  1781  7643 I liblog  : 1
03-25 10:56:47.849  1781  7643 I liblog  : 1
03-25 10:56:47.849  1781  7643 I liblog  : 1
03-25 10:56:47.849  1781  7643 I liblog  : 1
03-25 10:56:47.849  1781  7643 I liblog  : 1
03-25 10:56:47.849  1781  7643 I liblog  : 1
03-25 10:56:47.849  1781  7643 I liblog  : 1
03-25 10:56:47.849  1781  7643 I liblog  : 1
03-25 10:56:47.849  1781  7643 I liblog  : 1
03-25 10:56:47.849  1781  7643 I liblog  : 1
03-25 10:56:47.849  1781  7643 I liblog  : 1
03-25 10:56:47.849  1781  7643 I liblog  : 1
03-25 10:56:47.849  1781  7643 I liblog  : 1
03-25 10:56:47.850  1781  7643 I liblog  : 1
03-25 10:56:47.850  1781  7643 I liblog  : 1
03-25 10:56:47.850  1781  7643 I liblog  : 1
03-25 10:56:47.850  1781  7643 I liblog  : 1
03-25 10:56:47.850  1781  7643 I liblog  : 95
03-25 10:56:47.850  1781  7643 I liblog  : 77
03-25 10:56:47.850  1781  7643 I liblog  : 2
03-25 10:56:47.850  1781  7643 I liblog  : 1
03-25 10:56:47.850  1781  7643 I liblog  : 1
03-25 10:56:47.850  1781  7643 I liblog  : 1
03-25 10:56:47.850  1781  7643 I liblog  : 31
03-25 10:56:47.850  1781  7643 I liblog  : 1
03-25 10:56:47.850  1781  7643 I liblog  : 1
03-25 10:56:47.850  1781  7643 I liblog  : 1
03-25 10:56:47.850  1781  7643 I liblog  : 1
03-25 10:56:47.850  1781  7643 I liblog  : 1
03-25 10:56:47.850  1781  7643 I liblog  : 1
03-25 10:56:47.850  1781  7643 I liblog  : 1
03-25 10:56:47.850  1781  7643 I liblog  : 1
03-25 10:56:47.850  1781  7643 I liblog  : 1
03-25 10:56:47.850  1781  7643 I liblog  : 1
03-25 10:56:47.850  1781  7643 I liblog  : 8
03-25 10:56:47.850  1781  7643 I liblog  : 2
03-25 10:56:47.850  1781  7643 I liblog  : 1
03-25 10:56:47.850  1781  7643 I liblog  : 1
03-25 10:56:47.850  1781  7643 I liblog  : 5
03-25 10:56:47.850  1781  7643 I liblog  : 1
03-25 10:56:47.850  1781  7643 I liblog  : 6
03-25 10:56:47.850  1781  7643 I liblog  : 1
03-25 10:56:47.850  1781  7643 I liblog  : 1
03-25 10:56:47.850  1781  7643 I liblog  : 1
03-25 10:56:47.850  1781  7643 I liblog  : 1
03-25 10:56:47.850  1781  7643 I liblog  : 1
03-25 10:56:47.850  1781  7643 I liblog  : 1
03-25 10:56:47.850  1781  7643 I liblog  : 1
03-25 10:56:47.850  1781  7643 I liblog  : 1
03-25 10:56:47.850  1781  7643 I liblog  : 1
03-25 10:56:47.850  1781  7643 I liblog  : 1
03-25 10:56:47.850  1781  7643 I liblog  : 1
03-25 10:56:47.850  1781  7643 I liblog  : 1
03-25 10:56:47.850  1781  7643 I liblog  : 1
03-25 10:56:47.850  1781  7643 I liblog  : 1
03-25 10:56:47.869  2492  2624 I am_proc_start: [999,7674,99910129,com.google.android.gms,service,{com.google.android.gms/com.google.android.gms.chimera.GmsIntentOperationService}]
03-25 10:56:47.888  2492  4953 I am_proc_bound: [999,7674,com.google.android.gms]
03-25 10:56:47.896  1781  7643 I liblog  : 317
03-25 10:56:47.897  1781  7643 I liblog  : 52
03-25 10:56:47.897  1781  7643 I liblog  : 2
03-25 10:56:47.897  1781  7643 I liblog  : 1
03-25 10:56:47.897  1781  7643 I liblog  : 1
03-25 10:56:47.897  1781  7643 I liblog  : 1
03-25 10:56:47.897  1781  7643 I liblog  : 1
03-25 10:56:47.897  1781  7643 I liblog  : 1
03-25 10:56:47.897  1781  7643 I liblog  : 61
03-25 10:56:47.897  1781  6356 I liblog  : 3
03-25 10:56:47.897  1781  7643 I liblog  : 4
03-25 10:56:47.897  1781  7643 I liblog  : 1
03-25 10:56:47.897  1781  7643 I liblog  : 2
03-25 10:56:47.897  1781  7643 I liblog  : 1
03-25 10:56:47.897  1781  7643 I liblog  : 1
03-25 10:56:47.897  1781  7643 I liblog  : 1
03-25 10:56:47.897  1781  7643 I liblog  : 1
03-25 10:56:47.897  1781  7643 I liblog  : 1
03-25 10:56:47.897  1781  7643 I liblog  : 1
03-25 10:56:47.897  1781  7643 I liblog  : 2
03-25 10:56:47.897  1781  7643 I liblog  : 1
03-25 10:56:47.897  1781  7643 I liblog  : 1
03-25 10:56:47.897  1781  7643 I liblog  : 1
03-25 10:56:47.897  1781  7643 I liblog  : 1
03-25 10:56:47.897  1781  7643 I liblog  : 1
03-25 10:56:47.897  1781  7643 I liblog  : 1
03-25 10:56:47.897  1781  7643 I liblog  : 2
03-25 10:56:47.897  1781  7643 I liblog  : 2
03-25 10:56:47.897  1781  7643 I liblog  : 2
03-25 10:56:47.897  1781  7643 I liblog  : 1
03-25 10:56:47.897  1781  7643 I liblog  : 2
03-25 10:56:47.897  1781  7643 I liblog  : 3
03-25 10:56:47.897  1781  7643 I liblog  : 2
03-25 10:56:47.897  1781  7643 I liblog  : 2
03-25 10:56:47.897  1781  7643 I liblog  : 1
03-25 10:56:47.897  1781  7643 I liblog  : 1
03-25 10:56:47.897  1781  7643 I liblog  : 1
03-25 10:56:47.898  1781  7643 I liblog  : 1
03-25 10:56:47.898  1781  7643 I liblog  : 2
03-25 10:56:47.898  1781  7643 I liblog  : 2
03-25 10:56:47.898  1781  7643 I liblog  : 1
03-25 10:56:47.898  1781  7643 I liblog  : 1
03-25 10:56:47.898  1781  7643 I liblog  : 2
03-25 10:56:47.898  1781  7643 I liblog  : 1
03-25 10:56:47.898  1781  7643 I liblog  : 2
03-25 10:56:47.898  1781  7643 I liblog  : 1
03-25 10:56:47.898  1781  7643 I liblog  : 1
03-25 10:56:47.898  1781  7643 I liblog  : 1
03-25 10:56:47.898  1781  7643 I liblog  : 2
03-25 10:56:47.898  1781  7643 I liblog  : 2
03-25 10:56:47.898  1781  7643 I liblog  : 1
03-25 10:56:47.898  1781  7643 I liblog  : 55
03-25 10:56:47.898  1781  7643 I liblog  : 2
03-25 10:56:47.898  1781  7643 I liblog  : 1
03-25 10:56:47.898  1781  7643 I liblog  : 2
03-25 10:56:47.898  1781  7643 I liblog  : 1
03-25 10:56:47.898  1781  7643 I liblog  : 2
03-25 10:56:47.898  1781  7643 I liblog  : 1
03-25 10:56:47.898  1781  7643 I liblog  : 2
03-25 10:56:47.898  1781  7643 I liblog  : 1
03-25 10:56:47.898  1781  7643 I liblog  : 1
03-25 10:56:47.898  1781  7643 I liblog  : 1
03-25 10:56:47.898  1781  7643 I liblog  : 1
03-25 10:56:47.898  1781  7643 I liblog  : 2
03-25 10:56:47.898  1781  7643 I liblog  : 3
03-25 10:56:47.898  1781  7643 I liblog  : 17
03-25 10:56:47.898  1781  7643 I liblog  : 2
03-25 10:56:47.898  1781  7643 I liblog  : 2
03-25 10:56:47.898  1781  7643 I liblog  : 1
03-25 10:56:47.898  1781  7643 I liblog  : 1
03-25 10:56:47.898  1781  7643 I liblog  : 2
03-25 10:56:47.898  1781  7643 I liblog  : 2
03-25 10:56:47.898  1781  7643 I liblog  : 1
03-25 10:56:47.898  1781  7643 I liblog  : 2
03-25 10:56:47.898  1781  7643 I liblog  : 1
03-25 10:56:47.898  1781  7643 I liblog  : 1
03-25 10:56:47.898  1781  7643 I liblog  : 2
03-25 10:56:47.898  1781  7643 I liblog  : 1
03-25 10:56:47.898  1781  7643 I liblog  : 3
03-25 10:56:47.898  1781  7643 I liblog  : 1
03-25 10:56:47.898  1781  7643 I liblog  : 2
03-25 10:56:47.898  1781  7643 I liblog  : 2
03-25 10:56:47.898  1781  7643 I liblog  : 2
03-25 10:56:47.898  1781  7643 I liblog  : 2
03-25 10:56:47.898  1781  7643 I liblog  : 2
03-25 10:56:47.898  1781  7643 I liblog  : 2
03-25 10:56:47.898  1781  7643 I liblog  : 1
03-25 10:56:47.898  1781  7643 I liblog  : 2
03-25 10:56:47.898  1781  7643 I liblog  : 111
03-25 10:56:47.898  1781  7643 I liblog  : 3
03-25 10:56:47.898  1781  7643 I liblog  : 2
03-25 10:56:47.898  1781  7643 I liblog  : 2
03-25 10:56:47.898  1781  7643 I liblog  : 2
03-25 10:56:47.898  1781  7643 I liblog  : 3
03-25 10:56:47.898  1781  7643 I liblog  : 1
03-25 10:56:47.898  1781  7643 I liblog  : 2
03-25 10:56:47.898  1781  7643 I liblog  : 1
03-25 10:56:47.898  1781  7643 I liblog  : 2
03-25 10:56:47.898  1781  7643 I liblog  : 2
03-25 10:56:47.898  1781  7643 I liblog  : 2
03-25 10:56:47.898  1781  7643 I liblog  : 2
03-25 10:56:47.898  1781  7643 I liblog  : 1
03-25 10:56:47.898  1781  7643 I liblog  : 3
03-25 10:56:47.898  1781  7643 I liblog  : 2
03-25 10:56:47.898  1781  7643 I liblog  : 2
03-25 10:56:47.898  1781  7643 I liblog  : 2
03-25 10:56:47.898  1781  7643 I liblog  : 2
03-25 10:56:47.898  1781  7643 I liblog  : 3
03-25 10:56:47.898  1781  7643 I liblog  : 1
03-25 10:56:47.898  1781  7643 I liblog  : 2
03-25 10:56:47.898  1781  7643 I liblog  : 2
03-25 10:56:47.898  1781  7643 I liblog  : 3
03-25 10:56:47.898  1781  7643 I liblog  : 1
03-25 10:56:47.898  1781  7643 I liblog  : 3
03-25 10:56:47.898  1781  7643 I liblog  : 1
03-25 10:56:47.898  1781  7643 I liblog  : 3
03-25 10:56:47.898  1781  7643 I liblog  : 1
03-25 10:56:47.898  1781  7643 I liblog  : 3
03-25 10:56:47.898  1781  7643 I liblog  : 2
03-25 10:56:47.898  1781  7643 I liblog  : 3
03-25 10:56:47.898  1781  7643 I liblog  : 1
03-25 10:56:47.898  1781  7643 I liblog  : 2
03-25 10:56:47.898  1781  7643 I liblog  : 1
03-25 10:56:47.898  1781  7643 I liblog  : 2
03-25 10:56:47.898  1781  7643 I liblog  : 1
03-25 10:56:47.898  1781  7643 I liblog  : 1
03-25 10:56:47.898  1781  7643 I liblog  : 2
03-25 10:56:47.898  1781  7643 I liblog  : 1
03-25 10:56:47.898  1781  7643 I liblog  : 1
03-25 10:56:47.900  1781  4113 I liblog  : 18
03-25 10:56:47.909  1781  7643 I liblog  : 104
03-25 10:56:47.910  1781  6356 I liblog  : 14
03-25 10:56:47.913  2066  4471 I [30200] : 5329&1000&1&89
03-25 10:56:47.945  1781  6356 I liblog  : 1257
03-25 10:56:47.945  1781  6356 I liblog  : 5
03-25 10:56:47.947  1781  6356 I liblog  : 69
03-25 10:56:47.949  1781  6356 I liblog  : 17
03-25 10:56:47.964  1781  6356 I liblog  : 407
03-25 10:56:47.974  1781  6356 I liblog  : 575
03-25 10:56:47.978  1781  7701 I liblog  : 88
03-25 10:56:47.981  1781  7701 I liblog  : 67
03-25 10:56:48.039  4977  5537 I liblog  : 23
03-25 10:56:48.039  4977  5537 I liblog  : 1
03-25 10:56:48.039  4977  5537 I liblog  : 1
03-25 10:56:48.180  2492  3851 I commit_sys_config_file: [settings-0-0,2]
03-25 10:56:48.240  4977  6512 I liblog  : 21
03-25 10:56:48.271  2492  2607 I wm_add_to_stopping: [0,207641752,com.xiaomi.bluetooth/com.android.bluetooth.ble.app.fastconnect.MiuiFastConnectActivity,completePauseLocked]
03-25 10:56:48.325  2492  3851 I commit_sys_config_file: [settings-1-0,2]
03-25 10:56:48.340  2492  3851 I commit_sys_config_file: [settings-2-0,1]
03-25 10:56:48.386  2492  5411 I service_manager_stats: [250,19,5036]
03-25 10:56:48.402  2492  4070 I netstats_mobile_sample: [0,0,0,0,0,0,0,0,1774407408402]
03-25 10:56:48.402  2492  4070 I netstats_wifi_sample: [0,0,0,0,0,0,0,0,1774407408402]
03-25 10:56:48.464  2492  4051 I commit_sys_config_file: [net-policy,1]
03-25 10:56:48.472  2492  7833 I am_uid_running: 10085
03-25 10:56:48.489  2492  2624 I am_proc_start: [0,7837,10085,android.process.acore,content provider,{com.android.providers.blockednumber/com.android.providers.blockednumber.BlockedNumberProvider}]
03-25 10:56:48.507  2492  4070 I netstats_mobile_sample: [0,0,0,0,0,0,0,0,1774407408507]
03-25 10:56:48.507  2492  4070 I netstats_wifi_sample: [0,0,0,0,0,0,0,0,1774407408507]
03-25 10:56:48.524  2492  4953 I am_proc_bound: [0,7837,android.process.acore]
03-25 10:56:48.570  2492  2579 I am_uid_active: 10085
03-25 10:56:48.587  2492  4070 I netstats_mobile_sample: [0,0,0,0,0,0,0,0,1774407408587]
03-25 10:56:48.587  2492  4070 I netstats_wifi_sample: [0,0,0,0,0,0,0,0,1774407408587]
03-25 10:56:48.670  2492  4070 I netstats_mobile_sample: [0,0,0,0,0,0,0,0,1774407408670]
03-25 10:56:48.670  2492  4070 I netstats_wifi_sample: [0,0,0,0,0,0,0,0,1774407408670]
03-25 10:56:48.684  2492  4070 I netstats_mobile_sample: [0,0,0,0,0,0,0,0,1774407408684]
03-25 10:56:48.684  2492  4070 I netstats_wifi_sample: [0,0,0,0,0,0,0,0,1774407408684]
03-25 10:56:48.720  2492  2623 I am_uid_running: 10107
03-25 10:56:48.739  2492  4070 I netstats_mobile_sample: [0,0,0,0,0,0,0,0,1774407408739]
03-25 10:56:48.739  2492  4070 I netstats_wifi_sample: [0,0,0,0,0,0,0,0,1774407408739]
03-25 10:56:48.750  2492  2624 I am_proc_start: [0,7925,10107,com.android.carrierdefaultapp,broadcast,{com.android.carrierdefaultapp/com.android.carrierdefaultapp.CarrierDefaultBroadcastReceiver}]
03-25 10:56:48.752  2492  4051 I commit_sys_config_file: [net-policy,1]
03-25 10:56:48.762  3283  3359 I [1000004]: [-1492643830,26586087,-205145840,68682210,51511584,131338]
03-25 10:56:48.767  3283  4944 I [1000004]: [-1492643830,26586087,-1076955120,68682625,51511584,3211530]
03-25 10:56:48.782  2492  6075 I am_proc_bound: [0,7925,com.android.carrierdefaultapp]
03-25 10:56:48.821  2492  2492 I notification_cancel_all: [10107,7925,com.android.carrierdefaultapp,0,0,98368,9,NULL]
03-25 10:56:48.824  2492  4070 I netstats_mobile_sample: [0,0,0,0,0,0,0,0,1774407408824]
03-25 10:56:48.824  2492  4070 I netstats_wifi_sample: [0,0,0,0,0,0,0,0,1774407408824]
03-25 10:56:48.847  5268  5268 I auditd  : type=1400 audit(0.0:934): avc:  denied  { read write } for  comm="m.android.phone" name="metis" dev="tmpfs" ino=1097 scontext=u:r:radio:s0 tcontext=u:object_r:migt_dev:s0 tclass=chr_file permissive=0
03-25 10:56:48.847  5268  5268 I auditd  : type=1400 audit(0.0:935): avc:  denied  { read write } for  comm="m.android.phone" name="metis" dev="tmpfs" ino=1097 scontext=u:r:radio:s0 tcontext=u:object_r:migt_dev:s0 tclass=chr_file permissive=0
03-25 10:56:48.859  2492  4070 I netstats_mobile_sample: [0,0,0,0,0,0,0,0,1774407408859]
03-25 10:56:48.859  2492  4070 I netstats_wifi_sample: [0,0,0,0,0,0,0,0,1774407408859]
03-25 10:56:48.911  5329  5329 I auditd  : type=1400 audit(0.0:936): avc:  denied  { read } for  comm="ndroid.systemui" name="u:object_r:keyguard_config_prop:s0" dev="tmpfs" ino=292 scontext=u:r:system_app:s0 tcontext=u:object_r:keyguard_config_prop:s0 tclass=file permissive=0
03-25 10:56:48.947     1     1 I auditd  : type=1107 audit(0.0:937): uid=0 auid=4294967295 ses=4294967295 subj=u:r:init:s0 msg='avc:  denied  { set } for property=persist.vendor.qcom.bluetooth.a2dp.active.device.exist pid=4977 uid=1002 gid=1002 scontext=u:r:bluetooth:s0 tcontext=u:object_r:vendor_bluetooth_prop:s0 tclass=property_service permissive=0'
03-25 10:56:48.989  5268  5268 I service_manager_stats: [942,23,5000]
03-25 10:56:49.001  2492  4051 I commit_sys_config_file: [net-policy,1]
03-25 10:56:49.003  2078  2078 I auditd  : type=1400 audit(0.0:938): avc:  denied  { search } for  comm="binder:2078_1" name="mcd" dev="dm-53" ino=814 scontext=u:r:surfaceflinger:s0 tcontext=u:object_r:mcd_data_file:s0 tclass=dir permissive=0
--------- beginning of radio
03-25 10:56:49.068  5268  5268 I MiuiSignalStrengthImpl: updateReportingCriteria: signalThresholdInfos: [SignalThresholdInfo{mRan=1 mSignalMeasurementType=1 mHysteresisMs=0 mHysteresisDb=2 mThresholds=[-113, -103, -97, -91] mIsEnabled=true}, SignalThresholdInfo{mRan=2 mSignalMeasurementType=2 mHysteresisMs=0 mHysteresisDb=2 mThresholds=[-113, -105, -99, -91] mIsEnabled=true}, SignalThresholdInfo{mRan=3 mSignalMeasurementType=3 mHysteresisMs=0 mHysteresisDb=2 mThresholds=[-140, -120, -115, -105] mIsEnabled=true}, SignalThresholdInfo{mRan=3 mSignalMeasurementType=4 mHysteresisMs=0 mHysteresisDb=2 mThresholds=[-20, -17, -14, -11] mIsEnabled=false}, SignalThresholdInfo{mRan=3 mSignalMeasurementType=5 mHysteresisMs=0 mHysteresisDb=2 mThresholds=[-5, 5, 15, 30] mIsEnabled=false}, SignalThresholdInfo{mRan=6 mSignalMeasurementType=6 mHysteresisMs=0 mHysteresisDb=2 mThresholds=[-140, -120, -115, -105] mIsEnabled=true}, SignalThresholdInfo{mRan=6 mSignalMeasurementType=7 mHysteresisMs=0 mHysteresisDb=2 mThresholds=[-31, -19, -7, 6] mIsEnabled=false}, SignalThresholdInfo{mRan=6 mSignalMeasurementType=8 mHysteresisMs=0 mHysteresisDb=2 mThresholds=[-5, 5, 15, 30] mIsEnabled=false}, SignalThresholdInfo{mRan=2 mSignalMeasurementType=9 mHysteresisMs=0 mHysteresisDb=2 mThresholds=[-24, -14, -6, 1] mIsEnabled=false}]
03-25 10:56:49.068  5268  5268 D RILJ    : [0420]> SET_SIGNAL_STRENGTH_REPORTING_CRITERIA [PHONE0]
