03-25 10:56:49.279  2492  3753 D TelephonyRegistry: notifyDataConnectionForSubscriber: phoneId=1 subId=1  state: CONNECTED, transport: WWAN, id: 1, netId: 102, network type: NR, APN Setting: [ApnSetting] 娌冨甯︾敤鎴疯繛鎺ヤ簰鑱旂綉, 3722, 46001, 3gnet, , null, , null, null, 0, supl | hipri | default | xcap, IPV4V6, IPV4V6, true, 0, false, 0, 0, 0, 0, 0, null, , false, UNKNOWN, UNKNOWN, 0, -1, -1, false, 3, 961, false, UNEDITED, link properties: {InterfaceName: rmnet_data3 LinkAddresses: [ 10.167.163.45/30 ] DnsAddresses: [ /221.12.1.227,/221.12.33.227 ] Domains: null MTU: 1400 TcpBufferSizes: 2097152,6291456,16777216,512000,2097152,8388608 Routes: [ 0.0.0.0/0 -> 10.167.163.46 rmnet_data3 mtu 1400 ]}, default QoS: null, fail cause: NONE(0x0), network validation status: unsupported
03-25 10:56:49.279  5268  5268 D DNC-1   : onDataNetworkConnected: [DataNetwork: DN-102-C, 3gnet, state=ConnectedState]
03-25 10:56:49.279  5268  5268 D MiuiDataControllerImpl[1]: onDataNetworkConnected: [DataNetwork: DN-102-C, 3gnet, state=ConnectedState]
03-25 10:56:49.279  5268  6222 D RILJ    : Unsol response received; Sending ack to ril.cpp [PHONE1]
03-25 10:56:49.279  5268  6222 D RILJ    : [UNSL]< UNSOL_PCO_DATA PcoData(1, IP, 0 ) [PHONE1]
03-25 10:56:49.280  5268  5268 D MiuiDataControllerImpl: updateSetupFailedInfo:reset_success
03-25 10:56:49.280  5268  5268 D MiuiDataControllerImpl[1]: getPreferredDataProfileSetId: cursor is null
03-25 10:56:49.280  5268  5268 D MiuiDataControllerImpl[1]: setPreferredDataProfile: [DataProfile=[ApnSetting] 娌冨甯︾敤鎴疯繛鎺ヤ簰鑱旂綉, 3722, 46001, 3gnet, , null, , null, null, 0, supl | hipri | default | xcap, IPV4V6, IPV4V6, true, 0, false, 0, 0, 0, 0, 0, null, , false, UNKNOWN, UNKNOWN, 0, -1, -1, false, 3, 961, false, UNEDITED, TrafficDescriptor={mDnn=3gnet, null}, preferred=true]
03-25 10:56:49.283  2492  3753 D TelephonyRegistry: onDataConnectionStateChanged(CONNECTED, NR) subId=1, phoneId=1
03-25 10:56:49.283  5268  5268 D DNC-1   : Internet data state changed from DISCONNECTED to CONNECTED.
03-25 10:56:49.284  5268  5268 D QOSCT-102: updateSessions: sessions size=0
03-25 10:56:49.284  5268  5268 D DNC-1   : Internet link status changed to ACTIVE
03-25 10:56:49.284  5268  5268 D QOSCT-102: updateSessions: sessions size=0
03-25 10:56:49.284  5268  5268 D SST     : [1] handleMessage: received event 55
03-25 10:56:49.284  5268  5268 D MiuiNetworkControllerImpl[1]: received event 55
03-25 10:56:49.284  5268  5268 D DN-102-C: ConnectedState: onPcoDataReceived: PcoData(1, IP, 0 )
03-25 10:56:49.284  5268  5268 D DN-102-C: ConnectedState: onPcoDataChanged: PcoData(1, IP, 0 )
03-25 10:56:49.284  5268  5268 D DN-103-C: ConnectedState: onPcoDataReceived: PcoData(1, IP, 0 )
03-25 10:56:49.284  5268  5268 D CarrierResolver: onChange URI: content://telephony/carriers
03-25 10:56:49.284  5268  5268 D CarrierResolver: onChange URI: content://telephony/carriers
03-25 10:56:49.284  5268  5268 D CarrierActionAgent: [0]EVENT_APN_SETTINGS_CHANGED
03-25 10:56:49.285  5268  5268 D CarrierSignalAgent: [0]Sending signal android.telephony.action.CARRIER_SIGNAL_RESET to the carrier signal receiver: ComponentInfo{com.android.carrierdefaultapp/com.android.carrierdefaultapp.CarrierDefaultBroadcastReceiver}
03-25 10:56:49.285  5268  5268 D CarrierActionAgent: [1]EVENT_APN_SETTINGS_CHANGED
03-25 10:56:49.287  5268  6110 D MiuiTelephonyStatistic: mDataStat {DataStat apn=3gnet apnType=supl,hipri,default,xcap reason=NA cause=NONE(0x0) setupDuration=652}
03-25 10:56:49.287  5268  6110 D FeatureConfiguration: Checking feature: FEATURE_DSDA
03-25 10:56:49.287  5268  6110 D FeatureConfiguration: Feature FEATURE_DSDA build is supported, featureSupported=true
03-25 10:56:49.287  5268  6110 D MiuiPhoneInterfaceManager: isConcurrentCallsPossible true
03-25 10:56:49.288  5268  6110 D FeatureConfiguration: Checking feature: FEATURE_SIGNALMAP_NOML_SUPPORTED
03-25 10:56:49.288  5268  6110 D FeatureConfiguration: Feature FEATURE_SIGNALMAP_NOML_SUPPORTED build is supported, featureSupported=false
03-25 10:56:49.289  5268  6110 E Ntn-Tele: NtnPhoneProxy --> get ntnphones failed, exception: java.lang.IllegalStateException: not support satellite!
03-25 10:56:49.292  2492  3753 I thermal_changed: [CPU7,0,95.000000,3,0]
03-25 10:56:49.293  5268  5268 D CarrierSignalAgent: [1]Sending signal android.telephony.action.CARRIER_SIGNAL_RESET to the carrier signal receiver: ComponentInfo{com.android.carrierdefaultapp/com.android.carrierdefaultapp.CarrierDefaultBroadcastReceiver}
03-25 10:56:49.295  5268  5268 D CarrierActionAgent: [0]EVENT_APN_SETTINGS_CHANGED
03-25 10:56:49.298  5268  5268 D CarrierSignalAgent: [0]Sending signal android.telephony.action.CARRIER_SIGNAL_RESET to the carrier signal receiver: ComponentInfo{com.android.carrierdefaultapp/com.android.carrierdefaultapp.CarrierDefaultBroadcastReceiver}
03-25 10:56:49.298  5268  5268 D CarrierResolver: onChange URI: content://telephony/carriers
03-25 10:56:49.298  5268  5268 D DNC-1   : handleMessage, msg.what = 1000
03-25 10:56:49.298  5268  5268 E DNC-1   : Unexpected event 1000
03-25 10:56:49.298  2492  2492 I notification_cancel_all: [10107,7925,com.android.carrierdefaultapp,0,0,98368,9,NULL]
03-25 10:56:49.301  2492  4070 I netstats_mobile_sample: [0,0,0,0,0,0,0,0,1774407409301]
03-25 10:56:49.301  2492  4070 I netstats_wifi_sample: [0,0,0,0,0,0,0,0,1774407409301]
03-25 10:56:49.302  5268  5268 D MiuiDataControllerImpl: Qcom Dsda State = true
03-25 10:56:49.302  5268  5268 D MiuiDataControllerImpl: isCurrentDSDAState:true
03-25 10:56:49.302  2492  2492 I notification_cancel_all: [10107,7925,com.android.carrierdefaultapp,0,0,98368,9,NULL]
03-25 10:56:49.302  5268  5268 D MiuiDisplayInfoController: activeDataSubId = 1, otherPhoneIsInCall = false, isDsdaFullOrTxsConcurrencyState = false, isVoiceLinkRegistered = false, isDsdaOrDsdalike = true, isDualDataConnected = false, subId = 1, phoneId = 1
03-25 10:56:49.302  5268  5268 D MiuiDisplayInfoController: isInternetNetworkConnected = true, isDataSuspended = false, phoneId = 1
03-25 10:56:49.302  5268  5268 D DRM-1   : onDataProfileUnthrottled: dataProfile=[DataProfile=[ApnSetting] 娌冨甯︾敤鎴疯繛鎺ヤ簰鑱旂綉, 3722, 46001, 3gnet, , null, , null, null, 0, supl | hipri | default | xcap, IPV4V6, IPV4V6, true, 0, false, 0, 0, 0, 0, 0, null, , false, UNKNOWN, UNKNOWN, 0, -1, -1, false, 3, 961, false, UNEDITED, TrafficDescriptor={mDnn=3gnet, null}, preferred=true], apn=null, transport=WWAN, remove=true
03-25 10:56:49.302  5268  5268 D DRM-1   : onDataProfileUnthrottled: Nothing to unthrottle.
03-25 10:56:49.302  5268  8083 D MiuiDefaultPhoneNotifierImpl: notifyDataConnectionForSubscriber[1] state = CONNECTED
03-25 10:56:49.302  5268  5268 D DSRM-1  : At Least One InternetDataNetwork Connected
03-25 10:56:49.303  5268  5268 D NetworkTypeController: [1] NrIdleState: process EVENT_PHYSICAL_CHANNEL_CONFIGS_CHANGED
03-25 10:56:49.303  5268  5268 D NetworkTypeController: [1] Physical channel configs updated: anchorNrCell=0, nrBandwidths=0, nrBands=[0], configs=[{mConnectionStatus=PrimaryServing,mCellBandwidthDownlinkKhz=0,mCellBandwidthUplinkKhz=0,mNetworkType=NR,mFrequencyRange=UNKNOWN,mDownlinkChannelNumber=0,mUplinkChannelNumber=0,mContextIds=[0, 0, 1, 1],mPhysicalCellId=0,mBand=0,mDownlinkFrequency=0,mUplinkFrequency=0}]
03-25 10:56:49.303  5268  5268 D MiuiNetworkControllerImpl: isDelayUpdateTelephonyDisplayInfo, mNewDisplayNetworkType = 20, mCurrentDisplayNetworkType = 20, phoneId = 1
03-25 10:56:49.303  5268  5268 D CarrierActionAgent: [1]EVENT_APN_SETTINGS_CHANGED
03-25 10:56:49.303  2492  5576 D TelephonyRegistry: notifyDataConnectionForSubscriber: phoneId=1 subId=1  state: CONNECTED, transport: WWAN, id: -1, netId: -1, network type: NR, APN Setting: [ApnSetting] 娌冨甯︾敤鎴疯繛鎺ヤ簰鑱旂綉, 3722, 46001, 3gnet, , null, , null, null, 0, supl | hipri | default | xcap, IPV4V6, IPV4V6, true, 0, false, 0, 0, 0, 0, 0, null, , false, UNKNOWN, UNKNOWN, 0, -1, -1, false, 3, 961, false, UNEDITED, link properties: {InterfaceName: rmnet_data3 LinkAddresses: [ 10.167.163.45/30 ] DnsAddresses: [ /221.12.1.227,/221.12.33.227 ] Domains: null MTU: 1400 TcpBufferSizes: 2097152,6291456,16777216,512000,2097152,8388608 Routes: [ 0.0.0.0/0 -> 10.167.163.46 rmnet_data3 mtu 1400 ]}, default QoS: null, fail cause: NONE(0x0), network validation status: unsupported
03-25 10:56:49.304  5268  5268 D CarrierSignalAgent: [1]Sending signal android.telephony.action.CARRIER_SIGNAL_RESET to the carrier signal receiver: ComponentInfo{com.android.carrierdefaultapp/com.android.carrierdefaultapp.CarrierDefaultBroadcastReceiver}
03-25 10:56:49.304  5268  5268 D CarrierResolver: onChange URI: content://telephony/carriers
03-25 10:56:49.304  5268  5268 D DPM-1   : Update data profiles due to APN db updated.
03-25 10:56:49.307  2492  2492 I notification_cancel_all: [10107,7925,com.android.carrierdefaultapp,0,0,98368,9,NULL]
03-25 10:56:49.307  5268  5268 D DPM-1   : Added [DataProfile=[ApnSetting] 娌冨甯︾敤鎴疯繛鎺ヤ簰鑱旂綉, 3722, 46001, 3gnet, , null, , null, null, 0, supl | hipri | default | xcap, IPV4V6, IPV4V6, true, 0, false, 0, 0, 0, 0, 0, null, , false, UNKNOWN, UNKNOWN, 0, -1, -1, false, 3, 961, false, UNEDITED, TrafficDescriptor={mDnn=3gnet, null}, preferred=false]
03-25 10:56:49.307  5268  5268 D DPM-1   : Added [DataProfile=[ApnSetting] 鑱旈€氬僵淇? 3723, 46001, 3gwap, 10.0.0.172, http://mmsc.myuni.com.cn, 10.0.0.172, 80, 80, 0, mms, IPV4V6, IPV4V6, true, 0, false, 0, 0, 0, 0, 0, null, , false, UNKNOWN, UNKNOWN, 0, -1, -1, false, 3, 961, false, UNEDITED, TrafficDescriptor={mDnn=3gwap, null}, preferred=false]
03-25 10:56:49.307  5268  5268 D DPM-1   : Added [DataProfile=[ApnSetting] 鑱旈€欼MS, 3724, 46001, ims, , null, , null, null, 0, ims, IPV4V6, IPV4V6, true, 0, false, 0, 0, 0, 0, 0, null, , false, UNKNOWN, UNKNOWN, 0, -1, -1, false, 3, 961, false, UNEDITED, TrafficDescriptor={mDnn=ims, null}, preferred=false]
03-25 10:56:49.308  5268  5268 D DPM-1   : Added default EIMS data profile.
03-25 10:56:49.308  5268  5268 D DPM-1   : Found 4 data profiles. profiles = [[DataProfile=[ApnSetting] 娌冨甯︾敤鎴疯繛鎺ヤ簰鑱旂綉, 3722, 46001, 3gnet, , null, , null, null, 0, supl | hipri | default | xcap, IPV4V6, IPV4V6, true, 0, false, 0, 0, 0, 0, 0, null, , false, UNKNOWN, UNKNOWN, 0, -1, -1, false, 3, 961, false, UNEDITED, TrafficDescriptor={mDnn=3gnet, null}, preferred=false], [DataProfile=[ApnSetting] 鑱旈€氬僵淇? 3723, 46001, 3gwap, 10.0.0.172, http://mmsc.myuni.com.cn, 10.0.0.172, 80, 80, 0, mms, IPV4V6, IPV4V6, true, 0, false, 0, 0, 0, 0, 0, null, , false, UNKNOWN, UNKNOWN, 0, -1, -1, false, 3, 961, false, UNEDITED, TrafficDescriptor={mDnn=3gwap, null}, preferred=false], [DataProfile=[ApnSetting] 鑱旈€欼MS, 3724, 46001, ims, , null, , null, null, 0, ims, IPV4V6, IPV4V6, true, 0, false, 0, 0, 0, 0, 0, null, , false, UNKNOWN, UNKNOWN, 0, -1, -1, false, 3, 961, false, UNEDITED, TrafficDescriptor={mDnn=ims, null}, preferred=false], [DataProfile=[ApnSetting] DEFAULT EIMS, 0, null, sos, null, null, null, null, null, 0, emergency, IPV4V6, IPV4V6, true, 0, false, 0, 0, 0, 0, 0, null, null, false, UNKNOWN, UNKNOWN, -1, -1, -1, false, 3, 961, false, UNEDITED, TrafficDescriptor={mDnn=sos, null}, preferred=false]]
03-25 10:56:49.309  5268  5268 D DPM-1   : getPreferredDataProfileFromDb: [DataProfile=[ApnSetting] 娌冨甯︾敤鎴疯繛鎺ヤ簰鑱旂綉, 3722, 46001, 3gnet, , null, , null, null, 0, supl | hipri | default | xcap, IPV4V6, IPV4V6, true, 0, false, 0, 0, 0, 0, 0, null, , false, UNKNOWN, UNKNOWN, 0, -1, -1, false, 3, 961, false, UNEDITED, TrafficDescriptor={mDnn=3gnet, null}, preferred=true]
03-25 10:56:49.309  5268  5268 D DPM-1   : getPreferredDataProfileSetId: cursor is null
03-25 10:56:49.309  5268  5268 D DPM-1   : updateDataProfilesAtModem: set 4 data profiles.
03-25 10:56:49.309  5268  5268 D QtiDSM-C-1: setDataProfile
03-25 10:56:49.309  5268  5268 D DNC-0   : handleMessage, msg.what = 1001
03-25 10:56:49.309  5268  5268 E DNC-0   : Unexpected event 1001
03-25 10:56:49.310  5268  5268 D MiuiDataControllerImpl[0]: getPreferredDataProfileFromDb: [DataProfile=[ApnSetting] 涓浗绉诲姩 (China Mobile) GPRS, 3719, 46000, cmnet, , null, , null, null, 0, supl | hipri | default, IPV4V6, IPV4V6, true, 0, false, 0, 0, 0, 0, 0, null, , false, UNKNOWN, UNKNOWN, 0, -1, -1, false, 3, 961, false, UNEDITED, TrafficDescriptor={mDnn=cmnet, null}, preferred=true]
03-25 10:56:49.310  5268  5268 D CarrierResolver: handleMessage: 3
03-25 10:56:49.310  5268  5268 D CarrierResolver: [getPreferApn]- cmnet
03-25 10:56:49.310  5268  5268 D CarrierResolver: handleMessage: 3
03-25 10:56:49.310  5268  5268 D CarrierResolver: [getPreferApn]- 3gnet
03-25 10:56:49.310  5268  5268 D DNC-1   : handleMessage, msg.what = 1001
03-25 10:56:49.310  5268  5268 E DNC-1   : Unexpected event 1001
03-25 10:56:49.310  5268  5268 D MiuiDataControllerImpl[1]: getPreferredDataProfileFromDb: [DataProfile=[ApnSetting] 娌冨甯︾敤鎴疯繛鎺ヤ簰鑱旂綉, 3722, 46001, 3gnet, , null, , null, null, 0, supl | hipri | default | xcap, IPV4V6, IPV4V6, true, 0, false, 0, 0, 0, 0, 0, null, , false, UNKNOWN, UNKNOWN, 0, -1, -1, false, 3, 961, false, UNEDITED, TrafficDescriptor={mDnn=3gnet, null}, preferred=true]
03-25 10:56:49.310  5268  5268 D DPM-0   : Update data profiles due to APN db updated.
03-25 10:56:49.312  5268  5268 D DPM-0   : Added [DataProfile=[ApnSetting] 涓浗绉诲姩 (China Mobile) GPRS, 3719, 46000, cmnet, , null, , null, null, 0, supl | hipri | default, IPV4V6, IPV4V6, true, 0, false, 0, 0, 0, 0, 0, null, , false, UNKNOWN, UNKNOWN, 0, -1, -1, false, 3, 961, false, UNEDITED, TrafficDescriptor={mDnn=cmnet, null}, preferred=false]
03-25 10:56:49.313  5268  5268 D DPM-0   : Added [DataProfile=[ApnSetting] 涓浗绉诲姩褰╀俊 (China Mobile), 3720, 46000, cmwap, 10.0.0.172, http://mmsc.monternet.com, 10.0.0.172, 80, 80, 0, mms, IPV4V6, IPV4V6, true, 0, false, 0, 0, 0, 0, 0, null, , false, UNKNOWN, UNKNOWN, 0, -1, -1, false, 3, 961, false, UNEDITED, TrafficDescriptor={mDnn=cmwap, null}, preferred=false]
03-25 10:56:49.313  5268  5268 D DPM-0   : Added [DataProfile=[ApnSetting] 涓浗绉诲姩 (China Mobile) IMS, 3721, 46000, ims, , null, , null, null, 0, ims, IPV4V6, IPV4V6, true, 0, false, 0, 0, 0, 0, 0, null, , false, UNKNOWN, UNKNOWN, 0, -1, -1, false, 3, 961, false, UNEDITED, TrafficDescriptor={mDnn=ims, null}, preferred=false]
03-25 10:56:49.313  5268  5268 D DPM-0   : Added default EIMS data profile.
03-25 10:56:49.314  5268  5268 D DPM-0   : Found 4 data profiles. profiles = [[DataProfile=[ApnSetting] 涓浗绉诲姩 (China Mobile) GPRS, 3719, 46000, cmnet, , null, , null, null, 0, supl | hipri | default, IPV4V6, IPV4V6, true, 0, false, 0, 0, 0, 0, 0, null, , false, UNKNOWN, UNKNOWN, 0, -1, -1, false, 3, 961, false, UNEDITED, TrafficDescriptor={mDnn=cmnet, null}, preferred=false], [DataProfile=[ApnSetting] 涓浗绉诲姩褰╀俊 (China Mobile), 3720, 46000, cmwap, 10.0.0.172, http://mmsc.monternet.com, 10.0.0.172, 80, 80, 0, mms, IPV4V6, IPV4V6, true, 0, false, 0, 0, 0, 0, 0, null, , false, UNKNOWN, UNKNOWN, 0, -1, -1, false, 3, 961, false, UNEDITED, TrafficDescriptor={mDnn=cmwap, null}, preferred=false], [DataProfile=[ApnSetting] 涓浗绉诲姩 (China Mobile) IMS, 3721, 46000, ims, , null, , null, null, 0, ims, IPV4V6, IPV4V6, true, 0, false, 0, 0, 0, 0, 0, null, , false, UNKNOWN, UNKNOWN, 0, -1, -1, false, 3, 961, false, UNEDITED, TrafficDescriptor={mDnn=ims, null}, preferred=false], [DataProfile=[ApnSetting] DEFAULT EIMS, 0, null, sos, null, null, null, null, null, 0, emergency, IPV4V6, IPV4V6, true, 0, false, 0, 0, 0, 0, 0, null, null, false, UNKNOWN, UNKNOWN, -1, -1, -1, false, 3, 961, false, UNEDITED, TrafficDescriptor={mDnn=sos, null}, preferred=false]]
03-25 10:56:49.314  5268  5268 D DPM-0   : getPreferredDataProfileFromDb: [DataProfile=[ApnSetting] 涓浗绉诲姩 (China Mobile) GPRS, 3719, 46000, cmnet, , null, , null, null, 0, supl | hipri | default, IPV4V6, IPV4V6, true, 0, false, 0, 0, 0, 0, 0, null, , false, UNKNOWN, UNKNOWN, 0, -1, -1, false, 3, 961, false, UNEDITED, TrafficDescriptor={mDnn=cmnet, null}, preferred=true]
03-25 10:56:49.314  5268  5268 D DPM-0   : getPreferredDataProfileSetId: cursor is null
03-25 10:56:49.314  5268  5268 D DPM-0   : updateDataProfilesAtModem: set 4 data profiles.
03-25 10:56:49.314  5268  5268 D QtiDSM-C-0: setDataProfile
03-25 10:56:49.314  5268  5268 D DNC-0   : handleMessage, msg.what = 1001
03-25 10:56:49.314  5268  5268 E DNC-0   : Unexpected event 1001
03-25 10:56:49.314  5268  6324 D RILJ    : [0433]> SET_DATA_PROFILE with data profiles :  [PHONE1]
03-25 10:56:49.314  5268  6324 D RILJ    : [DataProfile=[ApnSetting] 娌冨甯︾敤鎴疯繛鎺ヤ簰鑱旂綉, 3722, 46001, 3gnet, , null, , null, null, 0, supl | hipri | default | xcap, IPV4V6, IPV4V6, true, 0, false, 0, 0, 0, 0, 0, null, , false, UNKNOWN, UNKNOWN, 0, -1, -1, false, 3, 961, false, UNEDITED, TrafficDescriptor={mDnn=3gnet, null}, preferred=true] [PHONE1]
03-25 10:56:49.314  5268  6324 D RILJ    : [DataProfile=[ApnSetting] 鑱旈€氬僵淇? 3723, 46001, 3gwap, 10.0.0.172, http://mmsc.myuni.com.cn, 10.0.0.172, 80, 80, 0, mms, IPV4V6, IPV4V6, true, 0, false, 0, 0, 0, 0, 0, null, , false, UNKNOWN, UNKNOWN, 0, -1, -1, false, 3, 961, false, UNEDITED, TrafficDescriptor={mDnn=3gwap, null}, preferred=false] [PHONE1]
03-25 10:56:49.314  5268  6324 D RILJ    : [DataProfile=[ApnSetting] 鑱旈€欼MS, 3724, 46001, ims, , null, , null, null, 0, ims, IPV4V6, IPV4V6, true, 0, false, 0, 0, 0, 0, 0, null, , false, UNKNOWN, UNKNOWN, 0, -1, -1, false, 3, 961, false, UNEDITED, TrafficDescriptor={mDnn=ims, null}, preferred=false] [PHONE1]
03-25 10:56:49.314  5268  6324 D RILJ    : [DataProfile=[ApnSetting] DEFAULT EIMS, 0, null, sos, null, null, null, null, null, 0, emergency, IPV4V6, IPV4V6, true, 0, false, 0, 0, 0, 0, 0, null, null, false, UNKNOWN, UNKNOWN, -1, -1, -1, false, 3, 961, false, UNEDITED, TrafficDescriptor={mDnn=sos, null}, preferred=false] [PHONE1]
03-25 10:56:49.315  5268  5268 D MiuiDataControllerImpl[0]: getPreferredDataProfileFromDb: [DataProfile=[ApnSetting] 涓浗绉诲姩 (China Mobile) GPRS, 3719, 46000, cmnet, , null, , null, null, 0, supl | hipri | default, IPV4V6, IPV4V6, true, 0, false, 0, 0, 0, 0, 0, null, , false, UNKNOWN, UNKNOWN, 0, -1, -1, false, 3, 961, false, UNEDITED, TrafficDescriptor={mDnn=cmnet, null}, preferred=true]
03-25 10:56:49.315  5268  5268 D DPM-1   : Update data profiles due to APN db updated.
03-25 10:56:49.315  5268  6324 D RILJ    : [0434]> SET_DATA_PROFILE with data profiles :  [PHONE0]
03-25 10:56:49.315  5268  6324 D RILJ    : [DataProfile=[ApnSetting] 涓浗绉诲姩 (China Mobile) GPRS, 3719, 46000, cmnet, , null, , null, null, 0, supl | hipri | default, IPV4V6, IPV4V6, true, 0, false, 0, 0, 0, 0, 0, null, , false, UNKNOWN, UNKNOWN, 0, -1, -1, false, 3, 961, false, UNEDITED, TrafficDescriptor={mDnn=cmnet, null}, preferred=true] [PHONE0]
03-25 10:56:49.315  5268  6324 D RILJ    : [DataProfile=[ApnSetting] 涓浗绉诲姩褰╀俊 (China Mobile), 3720, 46000, cmwap, 10.0.0.172, http://mmsc.monternet.com, 10.0.0.172, 80, 80, 0, mms, IPV4V6, IPV4V6, true, 0, false, 0, 0, 0, 0, 0, null, , false, UNKNOWN, UNKNOWN, 0, -1, -1, false, 3, 961, false, UNEDITED, TrafficDescriptor={mDnn=cmwap, null}, preferred=false] [PHONE0]
03-25 10:56:49.315  5268  6324 D RILJ    : [DataProfile=[ApnSetting] 涓浗绉诲姩 (China Mobile) IMS, 3721, 46000, ims, , null, , null, null, 0, ims, IPV4V6, IPV4V6, true, 0, false, 0, 0, 0, 0, 0, null, , false, UNKNOWN, UNKNOWN, 0, -1, -1, false, 3, 961, false, UNEDITED, TrafficDescriptor={mDnn=ims, null}, preferred=false] [PHONE0]
03-25 10:56:49.315  5268  6324 D RILJ    : [DataProfile=[ApnSetting] DEFAULT EIMS, 0, null, sos, null, null, null, null, null, 0, emergency, IPV4V6, IPV4V6, true, 0, false, 0, 0, 0, 0, 0, null, null, false, UNKNOWN, UNKNOWN, -1, -1, -1, false, 3, 961, false, UNEDITED, TrafficDescriptor={mDnn=sos, null}, preferred=false] [PHONE0]
03-25 10:56:49.316  2492  2492 I notification_cancel_all: [10107,7925,com.android.carrierdefaultapp,0,0,98368,9,NULL]
03-25 10:56:49.316  2492  4070 I netstats_mobile_sample: [0,0,0,0,0,0,0,0,1774407409316]
03-25 10:56:49.316  2492  4070 I netstats_wifi_sample: [0,0,0,0,0,0,0,0,1774407409316]
03-25 10:56:49.316  5268  5268 D DPM-1   : Added [DataProfile=[ApnSetting] 娌冨甯︾敤鎴疯繛鎺ヤ簰鑱旂綉, 3722, 46001, 3gnet, , null, , null, null, 0, supl | hipri | default | xcap, IPV4V6, IPV4V6, true, 0, false, 0, 0, 0, 0, 0, null, , false, UNKNOWN, UNKNOWN, 0, -1, -1, false, 3, 961, false, UNEDITED, TrafficDescriptor={mDnn=3gnet, null}, preferred=false]
03-25 10:56:49.316  5268  5268 D DPM-1   : Added [DataProfile=[ApnSetting] 鑱旈€氬僵淇? 3723, 46001, 3gwap, 10.0.0.172, http://mmsc.myuni.com.cn, 10.0.0.172, 80, 80, 0, mms, IPV4V6, IPV4V6, true, 0, false, 0, 0, 0, 0, 0, null, , false, UNKNOWN, UNKNOWN, 0, -1, -1, false, 3, 961, false, UNEDITED, TrafficDescriptor={mDnn=3gwap, null}, preferred=false]
03-25 10:56:49.316  5268  5268 D DPM-1   : Added [DataProfile=[ApnSetting] 鑱旈€欼MS, 3724, 46001, ims, , null, , null, null, 0, ims, IPV4V6, IPV4V6, true, 0, false, 0, 0, 0, 0, 0, null, , false, UNKNOWN, UNKNOWN, 0, -1, -1, false, 3, 961, false, UNEDITED, TrafficDescriptor={mDnn=ims, null}, preferred=false]
03-25 10:56:49.317  5268  5268 D DPM-1   : Added default EIMS data profile.
03-25 10:56:49.317  5268  5268 D DPM-1   : Found 4 data profiles. profiles = [[DataProfile=[ApnSetting] 娌冨甯︾敤鎴疯繛鎺ヤ簰鑱旂綉, 3722, 46001, 3gnet, , null, , null, null, 0, supl | hipri | default | xcap, IPV4V6, IPV4V6, true, 0, false, 0, 0, 0, 0, 0, null, , false, UNKNOWN, UNKNOWN, 0, -1, -1, false, 3, 961, false, UNEDITED, TrafficDescriptor={mDnn=3gnet, null}, preferred=false], [DataProfile=[ApnSetting] 鑱旈€氬僵淇? 3723, 46001, 3gwap, 10.0.0.172, http://mmsc.myuni.com.cn, 10.0.0.172, 80, 80, 0, mms, IPV4V6, IPV4V6, true, 0, false, 0, 0, 0, 0, 0, null, , false, UNKNOWN, UNKNOWN, 0, -1, -1, false, 3, 961, false, UNEDITED, TrafficDescriptor={mDnn=3gwap, null}, preferred=false], [DataProfile=[ApnSetting] 鑱旈€欼MS, 3724, 46001, ims, , null, , null, null, 0, ims, IPV4V6, IPV4V6, true, 0, false, 0, 0, 0, 0, 0, null, , false, UNKNOWN, UNKNOWN, 0, -1, -1, false, 3, 961, false, UNEDITED, TrafficDescriptor={mDnn=ims, null}, preferred=false], [DataProfile=[ApnSetting] DEFAULT EIMS, 0, null, sos, null, null, null, null, null, 0, emergency, IPV4V6, IPV4V6, true, 0, false, 0, 0, 0, 0, 0, null, null, false, UNKNOWN, UNKNOWN, -1, -1, -1, false, 3, 961, false, UNEDITED, TrafficDescriptor={mDnn=sos, null}, preferred=false]]
03-25 10:56:49.318  5268  6110 D MiuiTelephonyFactory: qc: makeModemHydraStat
03-25 10:56:49.318  5268  5268 D DPM-1   : getPreferredDataProfileFromDb: [DataProfile=[ApnSetting] 娌冨甯︾敤鎴疯繛鎺ヤ簰鑱旂綉, 3722, 46001, 3gnet, , null, , null, null, 0, supl | hipri | default | xcap, IPV4V6, IPV4V6, true, 0, false, 0, 0, 0, 0, 0, null, , false, UNKNOWN, UNKNOWN, 0, -1, -1, false, 3, 961, false, UNEDITED, TrafficDescriptor={mDnn=3gnet, null}, preferred=true]
03-25 10:56:49.318  5268  5268 D DPM-1   : getPreferredDataProfileSetId: cursor is null
03-25 10:56:49.318  5268  5268 D DPM-1   : updateDataProfilesAtModem: set 4 data profiles.
03-25 10:56:49.318  5268  5268 D QtiDSM-C-1: setDataProfile
03-25 10:56:49.318  5268  5268 D CarrierResolver: handleMessage: 3
03-25 10:56:49.318  5268  5268 D CarrierResolver: [getPreferApn]- 3gnet
03-25 10:56:49.318  5268  5268 D DPM-0   : Update data profiles due to APN db updated.
03-25 10:56:49.318  5268  6324 D RILJ    : [0435]> SET_DATA_PROFILE with data profiles :  [PHONE1]
03-25 10:56:49.318  5268  6324 D RILJ    : [DataProfile=[ApnSetting] 娌冨甯︾敤鎴疯繛鎺ヤ簰鑱旂綉, 3722, 46001, 3gnet, , null, , null, null, 0, supl | hipri | default | xcap, IPV4V6, IPV4V6, true, 0, false, 0, 0, 0, 0, 0, null, , false, UNKNOWN, UNKNOWN, 0, -1, -1, false, 3, 961, false, UNEDITED, TrafficDescriptor={mDnn=3gnet, null}, preferred=true] [PHONE1]
03-25 10:56:49.318  5268  6324 D RILJ    : [DataProfile=[ApnSetting] 鑱旈€氬僵淇? 3723, 46001, 3gwap, 10.0.0.172, http://mmsc.myuni.com.cn, 10.0.0.172, 80, 80, 0, mms, IPV4V6, IPV4V6, true, 0, false, 0, 0, 0, 0, 0, null, , false, UNKNOWN, UNKNOWN, 0, -1, -1, false, 3, 961, false, UNEDITED, TrafficDescriptor={mDnn=3gwap, null}, preferred=false] [PHONE1]
03-25 10:56:49.318  5268  6324 D RILJ    : [DataProfile=[ApnSetting] 鑱旈€欼MS, 3724, 46001, ims, , null, , null, null, 0, ims, IPV4V6, IPV4V6, true, 0, false, 0, 0, 0, 0, 0, null, , false, UNKNOWN, UNKNOWN, 0, -1, -1, false, 3, 961, false, UNEDITED, TrafficDescriptor={mDnn=ims, null}, preferred=false] [PHONE1]
03-25 10:56:49.318  5268  6324 D RILJ    : [DataProfile=[ApnSetting] DEFAULT EIMS, 0, null, sos, null, null, null, null, null, 0, emergency, IPV4V6, IPV4V6, true, 0, false, 0, 0, 0, 0, 0, null, null, false, UNKNOWN, UNKNOWN, -1, -1, -1, false, 3, 961, false, UNEDITED, TrafficDescriptor={mDnn=sos, null}, preferred=false] [PHONE1]
03-25 10:56:49.320  5268  5268 D DPM-0   : Added [DataProfile=[ApnSetting] 涓浗绉诲姩 (China Mobile) GPRS, 3719, 46000, cmnet, , null, , null, null, 0, supl | hipri | default, IPV4V6, IPV4V6, true, 0, false, 0, 0, 0, 0, 0, null, , false, UNKNOWN, UNKNOWN, 0, -1, -1, false, 3, 961, false, UNEDITED, TrafficDescriptor={mDnn=cmnet, null}, preferred=false]
03-25 10:56:49.320  5268  5268 D DPM-0   : Added [DataProfile=[ApnSetting] 涓浗绉诲姩褰╀俊 (China Mobile), 3720, 46000, cmwap, 10.0.0.172, http://mmsc.monternet.com, 10.0.0.172, 80, 80, 0, mms, IPV4V6, IPV4V6, true, 0, false, 0, 0, 0, 0, 0, null, , false, UNKNOWN, UNKNOWN, 0, -1, -1, false, 3, 961, false, UNEDITED, TrafficDescriptor={mDnn=cmwap, null}, preferred=false]
03-25 10:56:49.320  5268  5268 D DPM-0   : Added [DataProfile=[ApnSetting] 涓浗绉诲姩 (China Mobile) IMS, 3721, 46000, ims, , null, , null, null, 0, ims, IPV4V6, IPV4V6, true, 0, false, 0, 0, 0, 0, 0, null, , false, UNKNOWN, UNKNOWN, 0, -1, -1, false, 3, 961, false, UNEDITED, TrafficDescriptor={mDnn=ims, null}, preferred=false]
03-25 10:56:49.321  5268  5268 D DPM-0   : Added default EIMS data profile.
03-25 10:56:49.321  5268  5268 D DPM-0   : Found 4 data profiles. profiles = [[DataProfile=[ApnSetting] 涓浗绉诲姩 (China Mobile) GPRS, 3719, 46000, cmnet, , null, , null, null, 0, supl | hipri | default, IPV4V6, IPV4V6, true, 0, false, 0, 0, 0, 0, 0, null, , false, UNKNOWN, UNKNOWN, 0, -1, -1, false, 3, 961, false, UNEDITED, TrafficDescriptor={mDnn=cmnet, null}, preferred=false], [DataProfile=[ApnSetting] 涓浗绉诲姩褰╀俊 (China Mobile), 3720, 46000, cmwap, 10.0.0.172, http://mmsc.monternet.com, 10.0.0.172, 80, 80, 0, mms, IPV4V6, IPV4V6, true, 0, false, 0, 0, 0, 0, 0, null, , false, UNKNOWN, UNKNOWN, 0, -1, -1, false, 3, 961, false, UNEDITED, TrafficDescriptor={mDnn=cmwap, null}, preferred=false], [DataProfile=[ApnSetting] 涓浗绉诲姩 (China Mobile) IMS, 3721, 46000, ims, , null, , null, null, 0, ims, IPV4V6, IPV4V6, true, 0, false, 0, 0, 0, 0, 0, null, , false, UNKNOWN, UNKNOWN, 0, -1, -1, false, 3, 961, false, UNEDITED, TrafficDescriptor={mDnn=ims, null}, preferred=false], [DataProfile=[ApnSetting] DEFAULT EIMS, 0, null, sos, null, null, null, null, null, 0, emergency, IPV4V6, IPV4V6, true, 0, false, 0, 0, 0, 0, 0, null, null, false, UNKNOWN, UNKNOWN, -1, -1, -1, false, 3, 961, false, UNEDITED, TrafficDescriptor={mDnn=sos, null}, preferred=false]]
03-25 10:56:49.321  5268  5268 D DPM-0   : getPreferredDataProfileFromDb: [DataProfile=[ApnSetting] 涓浗绉诲姩 (China Mobile) GPRS, 3719, 46000, cmnet, , null, , null, null, 0, supl | hipri | default, IPV4V6, IPV4V6, true, 0, false, 0, 0, 0, 0, 0, null, , false, UNKNOWN, UNKNOWN, 0, -1, -1, false, 3, 961, false, UNEDITED, TrafficDescriptor={mDnn=cmnet, null}, preferred=true]
03-25 10:56:49.321  5268  5268 D DPM-0   : getPreferredDataProfileSetId: cursor is null
03-25 10:56:49.321  5268  5268 D DPM-0   : updateDataProfilesAtModem: set 4 data profiles.
03-25 10:56:49.321  5268  5268 D QtiDSM-C-0: setDataProfile
03-25 10:56:49.321  5268  5268 D DNC-1   : handleMessage, msg.what = 1001
03-25 10:56:49.321  5268  5268 E DNC-1   : Unexpected event 1001
03-25 10:56:49.322  5268  6324 D RILJ    : [0436]> SET_DATA_PROFILE with data profiles :  [PHONE0]
03-25 10:56:49.322  5268  6324 D RILJ    : [DataProfile=[ApnSetting] 涓浗绉诲姩 (China Mobile) GPRS, 3719, 46000, cmnet, , null, , null, null, 0, supl | hipri | default, IPV4V6, IPV4V6, true, 0, false, 0, 0, 0, 0, 0, null, , false, UNKNOWN, UNKNOWN, 0, -1, -1, false, 3, 961, false, UNEDITED, TrafficDescriptor={mDnn=cmnet, null}, preferred=true] [PHONE0]
03-25 10:56:49.322  5268  6324 D RILJ    : [DataProfile=[ApnSetting] 涓浗绉诲姩褰╀俊 (China Mobile), 3720, 46000, cmwap, 10.0.0.172, http://mmsc.monternet.com, 10.0.0.172, 80, 80, 0, mms, IPV4V6, IPV4V6, true, 0, false, 0, 0, 0, 0, 0, null, , false, UNKNOWN, UNKNOWN, 0, -1, -1, false, 3, 961, false, UNEDITED, TrafficDescriptor={mDnn=cmwap, null}, preferred=false] [PHONE0]
03-25 10:56:49.322  5268  6324 D RILJ    : [DataProfile=[ApnSetting] 涓浗绉诲姩 (China Mobile) IMS, 3721, 46000, ims, , null, , null, null, 0, ims, IPV4V6, IPV4V6, true, 0, false, 0, 0, 0, 0, 0, null, , false, UNKNOWN, UNKNOWN, 0, -1, -1, false, 3, 961, false, UNEDITED, TrafficDescriptor={mDnn=ims, null}, preferred=false] [PHONE0]
03-25 10:56:49.322  5268  6324 D RILJ    : [DataProfile=[ApnSetting] DEFAULT EIMS, 0, null, sos, null, null, null, null, null, 0, emergency, IPV4V6, IPV4V6, true, 0, false, 0, 0, 0, 0, 0, null, null, false, UNKNOWN, UNKNOWN, -1, -1, -1, false, 3, 961, false, UNEDITED, TrafficDescriptor={mDnn=sos, null}, preferred=false] [PHONE0]
03-25 10:56:49.322  5268  5268 D MiuiDataControllerImpl[1]: getPreferredDataProfileFromDb: [DataProfile=[ApnSetting] 娌冨甯︾敤鎴疯繛鎺ヤ簰鑱旂綉, 3722, 46001, 3gnet, , null, , null, null, 0, supl | hipri | default | xcap, IPV4V6, IPV4V6, true, 0, false, 0, 0, 0, 0, 0, null, , false, UNKNOWN, UNKNOWN, 0, -1, -1, false, 3, 961, false, UNEDITED, TrafficDescriptor={mDnn=3gnet, null}, preferred=true]
03-25 10:56:49.322  5268  5268 D NetworkTypeController: [1] NrIdleState: process EVENT_PHYSICAL_LINK_STATUS_CHANGED
03-25 10:56:49.322  5268  5268 D NetworkTypeController: [1] Transition with primary timer from connected_rrc_idle to connected
03-25 10:56:49.322  5268  5268 D NetworkTypeController: [1] Entering NrConnectedState
03-25 10:56:49.322  5268  5268 D MiuiNetworkControllerImpl: isDelayUpdateTelephonyDisplayInfo, mNewDisplayNetworkType = 20, mCurrentDisplayNetworkType = 20, phoneId = 1
03-25 10:56:49.323  5268  5268 D CarrierResolver: handleMessage: 3
03-25 10:56:49.323  5268  5268 D CarrierResolver: [getPreferApn]- cmnet
03-25 10:56:49.325  5268  5961 D NetworkTypeController: [1] On Available: 102
03-25 10:56:49.325  5268  5961 D NetworkTypeController: [1] satellite constrained data status : false
03-25 10:56:49.325  5268  5961 D NetworkTypeController: [1] onCapabilitiesChanged: 102
03-25 10:56:49.325  5268  5961 D NetworkTypeController: [1] satellite constrained data status : false
03-25 10:56:49.327  5268  5885 D NetworkTypeController: [0] On Available: 102
03-25 10:56:49.327  5268  6034 D SatelliteEntitlementController: shouldStartQueryEntitlement 2
03-25 10:56:49.327  5268  6034 D SatelliteEntitlementController: Doesn't support entitlement query for satellite.
03-25 10:56:49.327  5268  6034 D SatelliteEntitlementController: resetEntitlementQueryPerSubId: 2
03-25 10:56:49.327  5268  6034 D SatelliteEntitlementController: shouldStartQueryEntitlement 1
03-25 10:56:49.327  5268  6034 D SatelliteEntitlementController: Doesn't support entitlement query for satellite.
03-25 10:56:49.328  5268  6034 D SatelliteEntitlementController: resetEntitlementQueryPerSubId: 1
03-25 10:56:49.329  5268  5885 D NetworkTypeController: [0] satellite constrained data status : false
03-25 10:56:49.329  5268  5885 D NetworkTypeController: [0] onCapabilitiesChanged: 102
03-25 10:56:49.329  5268  5885 D NetworkTypeController: [0] satellite constrained data status : false
03-25 10:56:49.335  5268  5349 D MiuiDataServiceManagerImpl[1]: getDataServicePackageName packageName = com.android.phone
03-25 10:56:49.335  5268  5349 D MiuiDataServiceManagerImpl[1]: getDataServicePackageName packageName = vendor.qti.iwlan
03-25 10:56:49.341  5268  5268 D PhoneSwitcher: onEvaluate : requestsChanged = true, reason = netReleased
03-25 10:56:49.341  5268  5268 D MiuiPhoneSwitcherImpl: updatePreferredDataPhoneId  TempDataPhoneId=-1,isTempDdsSwitchEnabled=false
03-25 10:56:49.341  5268  5268 D TNP     : onNetworkUnneeded: phoneId=1, [NetworkRequest [ REQUEST id=150, [ Capabilities: INTERNET&NOT_RESTRICTED&TRUSTED&NOT_VCN_MANAGED&NOT_BANDWIDTH_CONSTRAINED Uid: 10235 RequestorUid: 10235 RequestorPkg: com.qti.qcc UnderlyingNetworks: Null] ], mPriority=20, state=SATISFIED, mAttachedDataNetwork=DN-102-C, created time=10:56:48.822, evaluation result=null]
03-25 10:56:49.341  5268  5268 D GwsdManagerQc: onReceive: intentAction = android.net.conn.CONNECTIVITY_CHANGE
03-25 10:56:49.343  5268  5268 D SmartDualSimSwitch: networkType=0,connected=true
03-25 10:56:49.343  5268  5268 D SmartDualSimSwitch: mobile=true
03-25 10:56:49.343  5268  5268 D DNC-1   : handleMessage, msg.what = 3
03-25 10:56:49.343  5268  5268 D DNC-1   : onRemoveNetworkRequest: Network request Removed: [NetworkRequest [ REQUEST id=150, [ Capabilities: INTERNET&NOT_RESTRICTED&TRUSTED&NOT_VCN_MANAGED&NOT_BANDWIDTH_CONSTRAINED Uid: 10235 RequestorUid: 10235 RequestorPkg: com.qti.qcc UnderlyingNetworks: Null] ], mPriority=20, state=SATISFIED, mAttachedDataNetwork=DN-102-C, created time=10:56:48.821, evaluation result=null]
03-25 10:56:49.343  5268  5268 D MiuiDataControllerImpl[1]: onRemoveNetworkRequest isSatelliteNetworkMode = false, networkRequestState = 0
03-25 10:56:49.343  5268  5663 D RILJ    : [0434]< SET_DATA_PROFILE  [PHONE0]
03-25 10:56:49.344  5268  6324 D QtiDSM-C-0: onSetDataProfileComplete. resultCode = 0
03-25 10:56:49.345  5268  5663 D RILJ    : [0433]< SET_DATA_PROFILE  [PHONE1]
03-25 10:56:49.346  5268  6324 D QtiDSM-C-1: onSetDataProfileComplete. resultCode = 0
03-25 10:56:49.347  5268  6180 D SelfStudyController: self init mask is 0
03-25 10:56:49.359  3283  4944 I [1000004]: [-1492643830,26586087,-1076955120,68682625,51511584,3211530]
03-25 10:56:49.365  5268  6444 D RILJ    : [0436]< SET_DATA_PROFILE  [PHONE0]
03-25 10:56:49.367  5268  6324 D QtiDSM-C-0: onSetDataProfileComplete. resultCode = 0
03-25 10:56:49.371  5268  6444 D RILJ    : [0435]< SET_DATA_PROFILE  [PHONE1]
03-25 10:56:49.372  5268  6324 D QtiDSM-C-1: onSetDataProfileComplete. resultCode = 0
03-25 10:56:49.384  5268  5268 D QtiDSMGR-1: handleMessage: 5
03-25 10:56:49.384  5268  5268 D QtiDSMGR-0: handleMessage: 5
03-25 10:56:49.390  5268  6444 D RILJ    : Unsol response received; Sending ack to ril.cpp [PHONE1]
03-25 10:56:49.392  5268  6444 D RILJ    : [UNSL]< UNSOL_DATA_CALL_LIST_CHANGED [DataCallResponse: { cause=NONE(0x0) retry=-1 cid=1 linkStatus=2 protocolType=2 ifname=rmnet_data31x.16x.16x.4x/30,240x:844x:8a0x:28x:d0bx:16fx:feex:6dax/64] dnses=[/22x.1x.x.22x,/22x.1x.3x.22x,/240x:888xx:x,/240x:889xx:x gateways=[/10.167.163.46, /fe80::d9e7:6dd7:1303:ec0d] pcscf=[] mtu=1400 mtuV4=1400 mtuV6=1400 handoverFailureMode=legacy pduSessionId=0 defaultQos=null qosBearerSessions=[] sliceInfo=null trafficDescriptors=[TrafficDescriptor={mDnn=3gnet, null}] networkValidationStatus=unsupported}, DataCallResponse: { cause=NONE(0x0) retry=-1 cid=0 linkStatus=2 protocolType=1 ifname=rmnet_data2240x:854x:8aax:353x:bc4x:fx:fe8x:b7ex/64] dnses=[/240x:888xx:x,/240x:889xx:x gateways=[/fe80::4428:8556:cc32:5381] pcscf=[/2408:8141:a000:2001:0:1:0:a00, /2408:8141:a000:2000::a00] mtu=1400 mtuV4=0 mtuV6=1400 handoverFailureMode=legacy pduSessionId=0 defaultQos=null qosBearerSessions=[] sliceInfo=null trafficDescriptors=[TrafficDescriptor={mDnn=ims, null}] networkValidationStatus=unsupported}] [PHONE1]
03-25 10:56:49.392  5268  6444 D RILJ    : Unsol response received; Sending ack to ril.cpp [PHONE1]
03-25 10:56:49.393  5268  6444 D RILJ    : [UNSL]< UNSOL_PCO_DATA PcoData(1, IPV6, 0 ) [PHONE1]
03-25 10:56:49.394  5268  6444 D RILJ    : Unsol response received; Sending ack to ril.cpp [PHONE1]
03-25 10:56:49.395  5268  5268 D DN-102-C: ConnectedState: onDataStateChanged: DataCallResponse: { cause=NONE(0x0) retry=-1 cid=1 linkStatus=2 protocolType=2 ifname=rmnet_data31x.16x.16x.4x/30,240x:844x:8a0x:28x:d0bx:16fx:feex:6dax/64] dnses=[/22x.1x.x.22x,/22x.1x.3x.22x,/240x:888xx:x,/240x:889xx:x gateways=[/10.167.163.46, /fe80::d9e7:6dd7:1303:ec0d] pcscf=[] mtu=1400 mtuV4=1400 mtuV6=1400 handoverFailureMode=legacy pduSessionId=0 defaultQos=null qosBearerSessions=[] sliceInfo=null trafficDescriptors=[TrafficDescriptor={mDnn=3gnet, null}] networkValidationStatus=unsupported}
03-25 10:56:49.395  5268  5268 D MiuiDataControllerImpl[1]: getMtuForJpKddi ret=-1
03-25 10:56:49.395  5268  5268 D MiuiDataControllerImpl[1]: getMtuForJpKddi ret=-1
03-25 10:56:49.395  5268  5268 D DN-102-C: ConnectedState: updateQosBearerSessions: []
03-25 10:56:49.395  5268  6444 D RILJ    : [UNSL]< UNSOL_DATA_CALL_LIST_CHANGED [DataCallResponse: { cause=NONE(0x0) retry=-1 cid=1 linkStatus=2 protocolType=2 ifname=rmnet_data31x.16x.16x.4x/30,240x:844x:8a0x:28x:d0bx:16fx:feex:6dax/64] dnses=[/22x.1x.x.22x,/22x.1x.3x.22x,/240x:888xx:x,/240x:889xx:x gateways=[/10.167.163.46, /fe80::d9e7:6dd7:1303:ec0d] pcscf=[] mtu=1400 mtuV4=1400 mtuV6=1400 handoverFailureMode=legacy pduSessionId=0 defaultQos=null qosBearerSessions=[] sliceInfo=null trafficDescriptors=[TrafficDescriptor={mDnn=3gnet, null}] networkValidationStatus=unsupported}, DataCallResponse: { cause=NONE(0x0) retry=-1 cid=0 linkStatus=2 protocolType=1 ifname=rmnet_data2240x:854x:8aax:353x:bc4x:fx:fe8x:b7ex/64] dnses=[/240x:888xx:x,/240x:889xx:x gateways=[/fe80::4428:8556:cc32:5381] pcscf=[/2408:8141:a000:2001:0:1:0:a00, /2408:8141:a000:2000::a00] mtu=1400 mtuV4=0 mtuV6=1400 handoverFailureMode=legacy pduSessionId=0 defaultQos=null qosBearerSessions=[] sliceInfo=null trafficDescriptors=[TrafficDescriptor={mDnn=ims, null}] networkValidationStatus=unsupported}] [PHONE1]
03-25 10:56:49.395  5268  5268 D DN-102-C: ConnectedState: isLinkPropertiesCompatible: old={InterfaceName: rmnet_data3 LinkAddresses: [ 10.167.163.45/30 ] DnsAddresses: [ /221.12.1.227,/221.12.33.227 ] Domains: null MTU: 1400 TcpBufferSizes: 2097152,6291456,16777216,512000,2097152,8388608 Routes: [ 0.0.0.0/0 -> 10.167.163.46 rmnet_data3 mtu 1400 ]} new={InterfaceName: rmnet_data3 LinkAddresses: [ 10.167.163.45/30,2408:8440:8a00:280:d0b5:16ff:fee3:6dab/64 ] DnsAddresses: [ /221.12.1.227,/221.12.33.227,/2408:8888::8,/2408:8899::8 ] Domains: null MTU: 1400 TcpBufferSizes: 2097152,6291456,16777216,512000,2097152,8388608 Routes: [ 0.0.0.0/0 -> 10.167.163.46 rmnet_data3 mtu 1400,::/0 -> fe80::d9e7:6dd7:1303:ec0d rmnet_data3 mtu 1400 ]} result=removed=[] added=[2408:8440:8a00:280:d0b5:16ff:fee3:6dab/64] updated=[]
03-25 10:56:49.395  5268  5268 D DN-102-C: ConnectedState: sendLinkProperties {InterfaceName: rmnet_data3 LinkAddresses: [ 10.167.163.45/30,2408:8440:8a00:280:d0b5:16ff:fee3:6dab/64 ] DnsAddresses: [ /221.12.1.227,/221.12.33.227,/2408:8888::8,/2408:8899::8 ] Domains: null MTU: 1400 TcpBufferSizes: 2097152,6291456,16777216,512000,2097152,8388608 Routes: [ 0.0.0.0/0 -> 10.167.163.46 rmnet_data3 mtu 1400,::/0 -> fe80::d9e7:6dd7:1303:ec0d rmnet_data3 mtu 1400 ]}
03-25 10:56:49.396  5268  5268 D MiuiDataControllerImpl[1]: isSatelliteRequest: satellite data disabled
03-25 10:56:49.396  5268  5268 D DN-102-C: ConnectedState: updateNetworkCapabilities: Capabilities not changed.
03-25 10:56:49.397  5268  5268 D DN-102-C: ConnectedState: onPcoDataReceived: PcoData(1, IPV6, 0 )
03-25 10:56:49.397  5268  5268 D DN-102-C: ConnectedState: onPcoDataChanged: PcoData(1, IPV6, 0 )
03-25 10:56:49.397  5268  5268 D DN-103-C: ConnectedState: onPcoDataReceived: PcoData(1, IPV6, 0 )
03-25 10:56:49.397  5268  5268 D QOSCT-102: updateSessions: sessions size=0
03-25 10:56:49.450  2492  2492 I notification_enqueue: [6110,6430,com.xiaomi.finddevice,116001157,NULL,0,Notification(channel=FGS_HIDE shortcut=null contentView=null vibrate=null sound=null defaults=0 flags=FOREGROUND_SERVICE color=0x00000000 groupKey=FGS_HIDE_autogroup vis=PRIVATE focusType=null),1,1]
03-25 10:56:49.457  2492  6075 I thermal_changed: [CPU7,0,89.900002,0,0]
03-25 10:56:49.571  5268  5268 D XmRILJ  : handleMessage: EVENT_XM_RADIO_RETRY_GET_SERVICE, currentRetryCount = 3 [PHONE0]
03-25 10:56:49.572  5268  5268 D XmRILJ  : handleMessage: EVENT_XM_RADIO_RETRY_GET_SERVICE, currentRetryCount = 3 [PHONE1]
03-25 10:56:49.577  7474  7474 I wm_on_create_called: [0,207641752,com.android.bluetooth.ble.app.fastconnect.MiuiFastConnectActivity,performCreate,1786]
03-25 10:56:49.579  7474  7474 I wm_on_start_called: [0,207641752,com.android.bluetooth.ble.app.fastconnect.MiuiFastConnectActivity,handleStartActivity,1]
03-25 10:56:49.583  2492  4568 I [90098] : power idle com.qualcomm.qti.powersavemode/10232
03-25 10:56:49.583  7474  7474 I wm_on_resume_called: [0,207641752,com.android.bluetooth.ble.app.fastconnect.MiuiFastConnectActivity,RESUME_ACTIVITY,5]
03-25 10:56:49.599  5268  5870 D MiuiTelephonyStatistic: NetworkCallback called, mLastNetworkInfo update to [type: MOBILE[NR], state: CONNECTED/CONNECTED, reason: (unspecified), extra: 3gnet, failover: false, available: true, roaming: false]
03-25 10:56:49.600  5268  5870 D MiuiTelephonyStatistic: NetworkCallback called, mLastNetworkInfo update to [type: MOBILE[NR], state: CONNECTED/CONNECTED, reason: (unspecified), extra: 3gnet, failover: false, available: true, roaming: false]
03-25 10:56:49.602  5268  5961 D NetworkTypeController: [1] onCapabilitiesChanged: 102
03-25 10:56:49.602  5268  5961 D NetworkTypeController: [1] satellite constrained data status : false
03-25 10:56:49.603  5268  5870 D MiuiTelephonyStatistic: NetworkCallback called, mLastNetworkInfo update to [type: MOBILE[NR], state: CONNECTED/CONNECTED, reason: (unspecified), extra: 3gnet, failover: false, available: true, roaming: false]
03-25 10:56:49.604  5268  5885 D NetworkTypeController: [0] onCapabilitiesChanged: 102
03-25 10:56:49.604  5268  5885 D NetworkTypeController: [0] satellite constrained data status : false
03-25 10:56:49.608  5268  5268 D DNC-1   : onDataNetworkValidationStatusChanged: [DataNetwork: DN-102-C, 3gnet, state=ConnectedState], validation status=VALID, 
03-25 10:56:49.609  5268  5268 D DSRM-1  : onInternetValidationStatusChanged: VALID
03-25 10:56:49.609  5268  5268 D DSRM-1  : broadcastDataStallDetected recoveryAction: 0
03-25 10:56:49.609  5268  5268 D DSRM-1  : mValidationCount=1, mActionValidationCount=1
03-25 10:56:49.610  5268  5268 D DSRM-1  : cancelNetworkCheckTimer()
03-25 10:56:49.615  2492  2607 I wm_stop_activity: [0,207641752,com.xiaomi.bluetooth/com.android.bluetooth.ble.app.fastconnect.MiuiFastConnectActivity]
03-25 10:56:49.615  5268  5268 D MiuiDataControllerImpl[1]: onInternetValidationStatusChanged锛欴ATA_CONNECTION_OK_CN
03-25 10:56:49.616  5268  6110 E Ntn-Tele: NtnPhoneProxy --> get ntnphones failed, exception: java.lang.IllegalStateException: not support satellite!
03-25 10:56:49.639  7474  7474 I viewroot_draw_event: [VRI[MiuiFastConnectActivity],reportDrawFinished seqId=0]
03-25 10:56:49.650  7474  7474 I viewroot_draw_event: [VRI[MiuiFastConnectActivity],reportDrawFinished seqId=0]
03-25 10:56:49.650  7474  7474 I wm_on_top_resumed_gained_called: [207641752,com.android.bluetooth.ble.app.fastconnect.MiuiFastConnectActivity,topStateChangedWhenResumed]
03-25 10:56:49.650  7474  7474 I wm_on_top_resumed_lost_called: [207641752,com.android.bluetooth.ble.app.fastconnect.MiuiFastConnectActivity,topStateChangedWhenResumed]
03-25 10:56:49.656  2492  2580 I sysui_multi_action: [319,0,322,2058,325,23,757,761,758,7,759,3,806,com.xiaomi.bluetooth,871,com.android.bluetooth.ble.app.fastconnect.MiuiFastConnectActivity,904,com.xiaomi.bluetooth,905,0,945,94,1320,8,1321,5]
03-25 10:56:49.658  2492  2580 I wm_activity_launch_time: [0,207641752,com.xiaomi.bluetooth/com.android.bluetooth.ble.app.fastconnect.MiuiFastConnectActivity,2058]
03-25 10:56:49.658  7474  7474 I wm_on_paused_called: [0,207641752,com.android.bluetooth.ble.app.fastconnect.MiuiFastConnectActivity,performPause,1]
03-25 10:56:49.658  2492  3753 I wm_failed_to_pause: [0,207641752,com.xiaomi.bluetooth/com.android.bluetooth.ble.app.fastconnect.MiuiFastConnectActivity,(none)]
03-25 10:56:49.661  5268  6023 D FeatureConnector: [ScbmHandler, 0] imsFeatureCreated: FeatureContainer{imsFeature=android.os.BinderProxy@6036510, imsConfig=android.telephony.ims.aidl.IImsConfig$Stub$Proxy@a780d5, imsRegistration=android.telephony.ims.aidl.IImsRegistration$Stub$Proxy@a50f0ea, sipTransport=null, state=READY, capabilities = capabilities={ EMERGENCY_OVER_MMTEL SIMULTANEOUS_CALLING }}, subId: 2
03-25 10:56:49.661  5268  6023 D FeatureConnector: [ScbmHandler, 0] imsStatusChanged: status=READY
03-25 10:56:49.663  5268  6023 D FeatureConnector: [ScbmHandler, 1] imsFeatureCreated: FeatureContainer{imsFeature=android.os.BinderProxy@a4a0a36, imsConfig=android.telephony.ims.aidl.IImsConfig$Stub$Proxy@bfea1a8, imsRegistration=android.telephony.ims.aidl.IImsRegistration$Stub$Proxy@9c34c1, sipTransport=null, state=READY, capabilities = capabilities={ EMERGENCY_OVER_MMTEL SIMULTANEOUS_CALLING }}, subId: 1
03-25 10:56:49.665  5268  6023 D FeatureConnector: [ScbmHandler, 1] imsStatusChanged: status=READY
03-25 10:56:49.718  7474  7474 I wm_on_stop_called: [0,207641752,com.android.bluetooth.ble.app.fastconnect.MiuiFastConnectActivity,STOP_ACTIVITY_ITEM,0]
03-25 10:56:49.782  2492  3851 I commit_sys_config_file: [settings-0-0,5]
03-25 10:56:49.790  7474  7474 I viewroot_draw_event: [VRI[MiuiFastConnectActivity],Not drawing due to not visible. Reason=View.INVISIBLE]
03-25 10:56:49.791  7474  7474 I wm_on_idle_called: com.android.bluetooth.ble.app.fastconnect.MiuiFastConnectActivity
03-25 10:56:49.806  7474  7474 I viewroot_draw_event: [VRI[MiuiFastConnectActivity],Not drawing due to not visible. Reason=!mAppVisible && !mForceDecorViewVisibility]
03-25 10:56:49.838  5268  5657 D RILJ    : Unsol response received; Sending ack to ril.cpp [PHONE1]
03-25 10:56:49.838  5268  5657 D RILJ    : [UNSL]< UNSOL_RESPONSE_NETWORK_STATE_CHANGED [PHONE1]
03-25 10:56:49.839  5268  6454 D NRM-C-1 : onNetworkStateChanged
03-25 10:56:49.839  5268  5268 D SST     : [1] handleMessage: received event 2
03-25 10:56:49.840  5268  5268 D SST     : [1] pollState: modemTriggered=true, radioState=1
03-25 10:56:49.840  5268  5268 D SST     : [1] issuePollCommands
03-25 10:56:49.841  5268  5268 D RILJ    : [0441]> OPERATOR [PHONE1]
03-25 10:56:49.843  5268  6454 D RILJ    : [0442]> DATA_REGISTRATION_STATE [PHONE1]
03-25 10:56:49.843  5268  6454 D RILJ    : getDataRegistrationState: overrideHalVersion=null [PHONE1]
03-25 10:56:49.844  5268  6454 D RILJ    : [0444]> VOICE_REGISTRATION_STATE [PHONE1]
03-25 10:56:49.844  5268  6454 D RILJ    : getVoiceRegistrationState: overrideHalVersion=null [PHONE1]
03-25 10:56:49.845  5268  5268 D RILJ    : [0443]> QUERY_NETWORK_SELECTION_MODE [PHONE1]
03-25 10:56:49.845  5268  5268 D MiuiNetworkControllerImpl[1]: received event 2
03-25 10:56:49.847  5268  5657 D NRM-I-1 : onRequestNetworkRegistrationInfoComplete result: 0, info: NetworkRegistrationInfo{ domain=PS transportType=WLAN registrationState=NOT_REG_OR_SEARCHING networkRegistrationState=NOT_REG_OR_SEARCHING roamingType=NOT_ROAMING accessNetworkTechnology=UNKNOWN rejectCause=0 emergencyEnabled=false availableServices=[] cellIdentity=null voiceSpecificInfo=null dataSpecificInfo=null nrState=**** rRplmn= isUsingCarrierAggregation=false isNonTerrestrialNetwork=TERRESTRIAL}
03-25 10:56:49.848  5268  5663 D RILJ    : Unsol response received; Sending ack to ril.cpp [PHONE1]
03-25 10:56:49.848  5268  5663 D RILJ    : [UNSL]< UNSOL_RESPONSE_NETWORK_STATE_CHANGED [PHONE1]
03-25 10:56:49.848  5268  5268 D SST     : [1] handleMessage: received event 6
03-25 10:56:49.848  5268  5268 D SST     : [1] QTISST: handlePollStateResultMessage processing 6
03-25 10:56:49.848  5268  5268 D SST     : [1] handlePollStateResultMessage: PS IWLAN. NetworkRegistrationInfo{ domain=PS transportType=WLAN registrationState=NOT_REG_OR_SEARCHING networkRegistrationState=NOT_REG_OR_SEARCHING roamingType=NOT_ROAMING accessNetworkTechnology=UNKNOWN rejectCause=0 emergencyEnabled=false availableServices=[] cellIdentity=null voiceSpecificInfo=null dataSpecificInfo=null nrState=**** rRplmn= isUsingCarrierAggregation=false isNonTerrestrialNetwork=TERRESTRIAL}
03-25 10:56:49.848  5268  5268 D MiuiNetworkControllerImpl[1]: received event 6
03-25 10:56:49.848  5268  6454 D NRM-C-1 : onNetworkStateChanged
03-25 10:56:49.848  5268  5268 D SST     : [1] handleMessage: received event 2
03-25 10:56:49.848  5268  5268 D SST     : [1] pollState: modemTriggered=true, radioState=1
03-25 10:56:49.848  5268  5268 D SST     : [1] issuePollCommands
03-25 10:56:49.849  5268  5268 D RILJ    : [0446]> OPERATOR [PHONE1]
03-25 10:56:49.850  5268  6454 D RILJ    : [0447]> DATA_REGISTRATION_STATE [PHONE1]
03-25 10:56:49.850  5268  6454 D RILJ    : getDataRegistrationState: overrideHalVersion=null [PHONE1]
03-25 10:56:49.851  5268  5268 D RILJ    : [0448]> QUERY_NETWORK_SELECTION_MODE [PHONE1]
03-25 10:56:49.851  5268  5268 D MiuiNetworkControllerImpl[1]: received event 2
03-25 10:56:49.851  5268  6454 D RILJ    : [0449]> VOICE_REGISTRATION_STATE [PHONE1]
03-25 10:56:49.852  5268  6454 D RILJ    : getVoiceRegistrationState: overrideHalVersion=null [PHONE1]
03-25 10:56:49.854  5268  5663 D NRM-I-1 : onRequestNetworkRegistrationInfoComplete result: 0, info: NetworkRegistrationInfo{ domain=PS transportType=WLAN registrationState=NOT_REG_OR_SEARCHING networkRegistrationState=NOT_REG_OR_SEARCHING roamingType=NOT_ROAMING accessNetworkTechnology=UNKNOWN rejectCause=0 emergencyEnabled=false availableServices=[] cellIdentity=null voiceSpecificInfo=null dataSpecificInfo=null nrState=**** rRplmn= isUsingCarrierAggregation=false isNonTerrestrialNetwork=TERRESTRIAL}
03-25 10:56:49.854  5268  5268 D SST     : [1] handleMessage: received event 6
03-25 10:56:49.854  5268  5268 D SST     : [1] QTISST: handlePollStateResultMessage processing 6
