03-25 09:28:50.831  2439  4546 I MiSensorServiceImpl: user found in check list, getPackageName  android.view.OrientationEventListener
03-25 09:28:50.832  2439  4546 I MiSensorServiceImpl: user found in check list, getPackageName  android.view.OrientationEventListener
03-25 09:28:50.832  2439  4546 I MiSensorServiceImpl: user found in check list, getPackageName  android.view.OrientationEventListener
03-25 09:28:50.832  2439  4546 I MiSensorServiceImpl: user found in check list, getPackageName  android.view.OrientationEventListener
03-25 09:28:50.832  2439  4546 I MiSensorServiceImpl: user found in check list, getPackageName  android.view.OrientationEventListener
03-25 09:28:50.832  2439  4546 I MiSensorServiceImpl: user found in check list, getPackageName  android.view.OrientationEventListener
03-25 09:28:50.981  3280  4803 I libsensor-boledalgo: Write:the value of channelCali C:2833.0,R:1591.8,G:927.5,B:565.8,scales [1.024484,1.028844,1.055530,0.912332]
03-25 09:28:50.982  3280  4803 D libsensor-boledalgo: brightness:667,R:55344.6,G:55117.8,B:55117.8,EVENT C:6885.5,R:3322.5,G:2572.3,B:1542.5, lux: 84.4, clone:48484
03-25 09:28:50.992  7642  7697 D QLM-Service: check_headroom_zone: Timer EVT, Temp: 27958
03-25 09:28:51.036  2439  4546 I MiSensorServiceImpl: user found in check list, getPackageName  android.view.OrientationEventListener
03-25 09:28:51.037  2439  4546 I MiSensorServiceImpl: user found in check list, getPackageName  android.view.OrientationEventListener
03-25 09:28:51.037  2439  4546 I MiSensorServiceImpl: user found in check list, getPackageName  android.view.OrientationEventListener
03-25 09:28:51.037  2439  4546 I MiSensorServiceImpl: user found in check list, getPackageName  android.view.OrientationEventListener
03-25 09:28:51.037  2439  4546 I MiSensorServiceImpl: user found in check list, getPackageName  android.view.OrientationEventListener
03-25 09:28:51.037  2439  4546 I MiSensorServiceImpl: user found in check list, getPackageName  android.view.OrientationEventListener
03-25 09:28:51.037  2439  4546 I MiSensorServiceImpl: user found in check list, getPackageName  android.view.OrientationEventListener
03-25 09:28:51.037  2439  4546 I MiSensorServiceImpl: user found in check list, getPackageName  android.view.OrientationEventListener
03-25 09:28:51.037  2439  4546 I MiSensorServiceImpl: user found in check list, getPackageName  android.view.OrientationEventListener
03-25 09:28:51.037  2439  4546 I MiSensorServiceImpl: user found in check list, getPackageName  android.view.OrientationEventListener
03-25 09:28:51.037  2439  4546 I MiSensorServiceImpl: user found in check list, getPackageName  android.view.OrientationEventListener
03-25 09:28:51.037  2439  4546 I MiSensorServiceImpl: user found in check list, getPackageName  android.view.OrientationEventListener
03-25 09:28:51.052  5625  5625 D QtiLinkBandwidthEstimator-0: handleMessage: 2
03-25 09:28:51.052  5625  5625 D QtiLinkBandwidthEstimator-0: MSG_TRAFFIC_STATS_POLL
03-25 09:28:51.057  5625  5625 D QtiLinkBandwidthEstimator-0: isDataPacketsCaluclationOnEachSimSeperately : true
03-25 09:28:51.058  5625  5625 D QtiLinkBandwidthEstimator-1: handleMessage: 2
03-25 09:28:51.059  5625  5625 D QtiLinkBandwidthEstimator-1: MSG_TRAFFIC_STATS_POLL
03-25 09:28:51.063  5625  5625 D QtiLinkBandwidthEstimator-1: isDataPacketsCaluclationOnEachSimSeperately : true
03-25 09:28:51.170  1772  6646 D vendor.qti.bluetooth@1.1-wake_lock: Acquire wakelock is acquired 
03-25 09:28:51.175  5379  6691 V ScanController: onScanResult() - eventType=0x1b, addressType=1, address=XX:XX:XX:XX:32:9E, primaryPhy=1, secondaryPhy=0, advertisingSid=0xff, txPower=127, rssi=-59, periodicAdvInt=0x0, originalAddress=C9:A1:6E:56:32:9E
03-25 09:28:51.176  5379  6691 V ScanController: Skipping client: permission=true matches=false
03-25 09:28:51.176  5379  6691 V ScanController: Skipping client: permission=true matches=false
03-25 09:28:51.180  5379  6691 V ScanController: Skipping client: permission=true matches=false
03-25 09:28:51.181  3280  4803 I libsensor-boledalgo: Write:the value of channelCali C:2833.0,R:1591.8,G:927.5,B:565.8,scales [1.024484,1.028844,1.055530,0.912332]
03-25 09:28:51.181  6726  6726 D MiuiFastConnectService_Plugin: data V4 pos 112 res true
03-25 09:28:51.181  3280  4803 D libsensor-boledalgo: brightness:667,R:55344.6,G:55117.8,B:55117.8,EVENT C:6912.9,R:3335.6,G:2586.8,B:1547.6, lux: 85.1, clone:48484
03-25 09:28:51.182  6726  6726 V BluetoothPluginCloud: queryPluginFeatureSupport: pluginVersion = 1.4_1.48featureId = scan_aux_V
03-25 09:28:51.183  3280  4803 I libsensor-boledalgo: Write:the value of channelCali C:2833.0,R:1591.8,G:927.5,B:565.8,scales [1.024484,1.028844,1.055530,0.912332]
03-25 09:28:51.183  3280  4803 D libsensor-boledalgo: brightness:667,R:55344.6,G:55117.8,B:55117.8,EVENT C:6889.2,R:3326.9,G:2578.7,B:1543.3, lux: 84.6, clone:48484
03-25 09:28:51.191  6726  6726 D MiuiFastConnectService_Plugin: device Id 0201030048
03-25 09:28:51.193  6726  7030 D MiuiFastConnectService_Plugin: getCachedDeviceId: deviceId = 0201030048
03-25 09:28:51.194  6726  7030 D MiuiFastConnectV2_Plugin: getScrambledAccountKey data=[1B,82,D1,25,5A,43,0A,F6,29,24,BC,21,F5,B0,4C,A8,F5,47,73,1E,]
03-25 09:28:51.194  6726  7030 D MiuiParseData_Plugin: getRecordFromUnsyncTable
03-25 09:28:51.194  6726  7030 V BluetoothPluginCloud: queryPluginFeatureSupport: pluginVersion = 1.4_1.48featureId = 0201030048
03-25 09:28:51.197  6726  7030 D MiuiDataBaseUtils: minversion: 1.48, minversionLocal: 1.40
03-25 09:28:51.197  6726  7030 D MultiFeatureManager: getDeviceInfoV2!!!
03-25 09:28:51.204  3283  3283 I adbd    : in ShellService: logcat -d -t 500 2>&1
03-25 09:28:51.211  6726  7030 D XiaoaiDialogTranslationController_btplugin: isMiuiBtSupportGlasses result = true
03-25 09:28:51.219  6726  7030 D XiaoaiDialogTranslationController_btplugin: isMiuiBtSupportGlasses result = true
03-25 09:28:51.224  6726  7030 D DeviceSupport: device info v2 length =140
03-25 09:28:51.224  6726  7030 D DeviceSupport: device info v2 has data, add to support id!140
03-25 09:28:51.229  6726  7030 D MultiFeatureManager: [checkSupport] check support in deviceinfoV2
03-25 09:28:51.229  6726  7030 D MultiFeatureManager: getDeviceInfoV2!!!
03-25 09:28:51.236  6726  7030 D XiaoaiDialogTranslationController_btplugin: isMiuiBtSupportGlasses result = true
03-25 09:28:51.238  2439  4546 I MiSensorServiceImpl: user found in check list, getPackageName  android.view.OrientationEventListener
03-25 09:28:51.238  2439  4546 I MiSensorServiceImpl: user found in check list, getPackageName  android.view.OrientationEventListener
03-25 09:28:51.238  2439  4546 I MiSensorServiceImpl: user found in check list, getPackageName  android.view.OrientationEventListener
03-25 09:28:51.238  2439  4546 I MiSensorServiceImpl: user found in check list, getPackageName  android.view.OrientationEventListener
03-25 09:28:51.238  2439  4546 I MiSensorServiceImpl: user found in check list, getPackageName  android.view.OrientationEventListener
03-25 09:28:51.238  2439  4546 I MiSensorServiceImpl: user found in check list, getPackageName  android.view.OrientationEventListener
03-25 09:28:51.238  2439  4546 I MiSensorServiceImpl: user found in check list, getPackageName  android.view.OrientationEventListener
03-25 09:28:51.238  2439  4546 I MiSensorServiceImpl: user found in check list, getPackageName  android.view.OrientationEventListener
03-25 09:28:51.238  2439  4546 I MiSensorServiceImpl: user found in check list, getPackageName  android.view.OrientationEventListener
03-25 09:28:51.239  2439  4546 I MiSensorServiceImpl: user found in check list, getPackageName  android.view.OrientationEventListener
03-25 09:28:51.239  2439  4546 I MiSensorServiceImpl: user found in check list, getPackageName  android.view.OrientationEventListener
03-25 09:28:51.239  2439  4546 I MiSensorServiceImpl: user found in check list, getPackageName  android.view.OrientationEventListener
03-25 09:28:51.239 21133 22520 D JavaheapMonitor: Java heap used=10M max=256M, proc: com.xiaomi.finddevice
03-25 09:28:51.239 21133 22520 V JavaheapMonitor: Check java heap usage finished! Next check delay: 300000
03-25 09:28:51.242  6726  7030 D XiaoaiDialogTranslationController_btplugin: isMiuiBtSupportGlasses result = true
03-25 09:28:51.243  6726  6742 I iaomi.bluetooth: This is sticky GC, maxfree is 33554432 minfree is 8388608
03-25 09:28:51.244  5379  6691 V ScanController: onScanResult() - eventType=0x1b, addressType=1, address=XX:XX:XX:XX:32:9E, primaryPhy=1, secondaryPhy=0, advertisingSid=0xff, txPower=127, rssi=-59, periodicAdvInt=0x0, originalAddress=C9:A1:6E:56:32:9E
03-25 09:28:51.244  6726  7030 D DeviceSupport: device info v2 length =140
03-25 09:28:51.244  6726  7030 D DeviceSupport: device info v2 has data, add to support id!140
03-25 09:28:51.244  5379  6691 V ScanController: Skipping client: permission=true matches=false
03-25 09:28:51.245  5379  6691 V ScanController: Skipping client: permission=true matches=false
03-25 09:28:51.247  6726  7030 D MiuiCloudParser: isGlasses deviceId= 0201030048
03-25 09:28:51.247  5379  6691 V ScanController: Skipping client: permission=true matches=false
03-25 09:28:51.247  6726  7030 D plgin_MiuiCandidateDeviceManager: add the mAlternateHeadsets size = {00:BB:43:BC:EE:7D=wear state =true, audio switch state =true, audio state = 0, connected =true, address =BC:EE:7Drecent add time =1774402131247, mAccountkey = [B@5fcc92c, deviceId =0201030048}
03-25 09:28:51.248  6726  7030 D MiuiFastConnectStateMachine_Plugin: Scanning: MSG_BLE_SCAN_DEVICE
03-25 09:28:51.248  6726  6726 D MiuiFastConnectService_Plugin: data V4 pos 112 res true
03-25 09:28:51.248  6726  7030 D MiuiFastConnectStateMachine_Plugin: dumpScanRecord Scanning getBytes: [1B,16,2D,FD,01,03,48,00,9A,07,5A,25,D1,82,1B,00,01,FF,64,08,9D,50,17,27,4E,70,01,00,02,01,1A,1B,FF,8F,03,16,01,1F,8E,2F,FF,01,64,8B,47,40,BB,00,43,7D,EE,BC,08,BB,00,43,CF,B7,E9,00,00,00,]
03-25 09:28:51.248  6726  7030 D MiuiFastConnectV2_Plugin: downloadAccountKey
03-25 09:28:51.248  6726  6726 V BluetoothPluginCloud: queryPluginFeatureSupport: pluginVersion = 1.4_1.48featureId = scan_aux_V
03-25 09:28:51.248  6726  7030 D MiuiDataBaseUtils_Plugin: query BtData in datebase
03-25 09:28:51.249  6726  7030 D MiuiParseData_Plugin: getRecordFromUnsyncTable
03-25 09:28:51.249  6726  7030 E MiuiFastConnectV2_Plugin: eTag= 217318366503311104 syncId= AwQR5yaZFwEmac= 00:BB:43:BC:EE:7DaccountKey= 04AABFE27A79389A765CC944B55B1735
03-25 09:28:51.249  6726  7030 D MiuiFastConnectV2_Plugin: account key synced from cloud!
03-25 09:28:51.249  6726  7030 D MiuiFastConnectV2_Plugin: downloadAccountKey{00:BB:43:BC:EE:7D=04AABFE27A79389A765CC944B55B1735}
03-25 09:28:51.249  6726  7030 E MiuiFastConnectV2_Plugin: mac =00:BB:43:BC:EE:7D, accountKey =04AABFE27A79389A765CC944B55B1735
03-25 09:28:51.249  6726  7030 D MiuiFastConnectV2_Plugin: getScrambledAccountKey data=[1B,82,D1,25,5A,43,0A,F6,29,24,BC,21,F5,B0,4C,A8,F5,47,73,1E,]
03-25 09:28:51.249  6726  7030 I System.out: scrambledAccountKey: (byte)0x1B, (byte)0x82, (byte)0xD1, (byte)0x25, (byte)0x5A, 
03-25 09:28:51.249  6726  7030 D MiuiFastConnectStateMachine_Plugin: account strMac: 00:BB:43:BC:EE:7D
03-25 09:28:51.249  6726  7030 D MiuiFastConnectStateMachine_Plugin: scanCallback: data=[13,01,03,48,00,08,01,9A,07,8B,47,40,A1,C9,6E,9E,32,56,00,FF,64,00,00,00,], rssi: -59
03-25 09:28:51.250  6726  7030 D MiuiFastConnectStateMachine_Plugin: can't start activity rssi=-59, rssiThreshold=-54
03-25 09:28:51.250  6726  7030 D MiuiFastConnectStateMachine_Plugin: currentTime: 1774402131250, storedTime: 0
03-25 09:28:51.250  6726  7030 E MiuiFastConnectStateMachine_Plugin: Clear Current Device All Info, resetAdvNum:false
03-25 09:28:51.258  6726  6726 D MiuiFastConnectService_Plugin: device Id 0201030048
03-25 09:28:51.258  6726  7030 D MiuiFastConnectService_Plugin: getCachedDeviceId: deviceId = 0201030048
03-25 09:28:51.258  6726  7030 D MiuiFastConnectV2_Plugin: getScrambledAccountKey data=[1B,82,D1,25,5A,43,0A,F6,29,24,BC,21,F5,B0,4C,A8,F5,47,73,1E,]
03-25 09:28:51.259  6726  7030 D MiuiParseData_Plugin: getRecordFromUnsyncTable
03-25 09:28:51.259  6726  7030 V BluetoothPluginCloud: queryPluginFeatureSupport: pluginVersion = 1.4_1.48featureId = 0201030048
03-25 09:28:51.260  6726  7030 D MiuiDataBaseUtils: minversion: 1.48, minversionLocal: 1.40
03-25 09:28:51.260  6726  7030 D MultiFeatureManager: getDeviceInfoV2!!!
