03-23 08:42:09.794  4751  6230 D RecentsTaskLoader: reloadTasksData [TaskKey{id=1507, stackId=0, baseIntent=Intent { act=android.intent.action.MAIN cat=[android.intent.category.LAUNCHER] flg=0x10200000 cmp=com.applist.test/.MainActivity }, userId=0, lastActiveTime=63170723, windowingMode=1, isThumbnailBlur=false, isAccessLocked=false, isScreening=false, topActivity=ComponentInfo{com.applist.test/com.applist.test.MainActivity}, mHashCode=45818589}, title=搴旂敤鍒楄〃娴嬭瘯, titleDescription=搴旂敤鍒楄〃娴嬭瘯, bounds=null, isLaunchTarget=true, isStackTask=true, isSystemApp=false, isDockable=true, baseActivity=ComponentInfo{com.applist.test/com.applist.test.MainActivity}, isLocked=false, mNeedHide=false, hasMultipleTasks=false, cti1Key=, cti2Key=, cti1Task=, cti2Task=] 
03-23 08:42:09.795  1980  1980 D RefreshRateSelector: Touch Boost
03-23 08:42:09.795 24953  4313 D ViewContentFactory: initViewContentFetcherClass
03-23 08:42:09.795 24953  4313 D ViewContentFactory: getInterceptorPackageInfo
03-23 08:42:09.795 24953  4313 D ViewContentFactory: getInitialApplication took 0ms
03-23 08:42:09.795 24953  4313 D ViewContentFactory: packageInfo.packageName: com.miui.contentcatcher
03-23 08:42:09.796  4751  6230 D TaskSnapshotCompatVV: getIsInvalidateFromTaskSnapshot, return, mTaskSnapshot=null, mTaskSnapshotClazz=null
03-23 08:42:09.796 24953  4313 D ViewContentFactory: initViewContentFetcherClass took 1ms
03-23 08:42:09.796  4751  6230 D RecentsTaskLoader: reloadTasksData [TaskKey{id=1506, stackId=0, baseIntent=Intent { act=android.intent.action.MAIN cat=[android.intent.category.LAUNCHER] flg=0x10200000 cmp=io.github.a13e300.ksuwebui/.MainActivity }, userId=0, lastActiveTime=63092947, windowingMode=1, isThumbnailBlur=false, isAccessLocked=false, isScreening=false, topActivity=ComponentInfo{io.github.a13e300.ksuwebui/io.github.a13e300.ksuwebui.MainActivity}, mHashCode=45788798}, title=KsuWebUI, titleDescription=KsuWebUI, bounds=null, isLaunchTarget=false, isStackTask=true, isSystemApp=false, isDockable=true, baseActivity=ComponentInfo{io.github.a13e300.ksuwebui/io.github.a13e300.ksuwebui.MainActivity}, isLocked=false, mNeedHide=false, hasMultipleTasks=false, cti1Key=, cti2Key=, cti1Task=, cti2Task=] 
03-23 08:42:09.796 24953  4313 I ContentCatcher: ViewContentFetcher : ViewContentFetcher
03-23 08:42:09.796  4751  6230 D RecentsTaskLoader: reloadTasksData [TaskKey{id=1505, stackId=0, baseIntent=Intent { act=android.intent.action.MAIN cat=[android.intent.category.LAUNCHER] flg=0x10200000 cmp=com.android.settings/.MainSettings }, userId=0, lastActiveTime=62986168, windowingMode=1, isThumbnailBlur=false, isAccessLocked=false, isScreening=false, topActivity=ComponentInfo{com.android.settings/com.android.settings.SubSettings}, mHashCode=45759007}, title=璁剧疆, titleDescription=璁剧疆, bounds=null, isLaunchTarget=false, isStackTask=true, isSystemApp=true, isDockable=true, baseActivity=ComponentInfo{com.android.settings/com.android.settings.MiuiSettings}, isLocked=false, mNeedHide=false, hasMultipleTasks=false, cti1Key=, cti2Key=, cti1Task=, cti2Task=] 
03-23 08:42:09.796  4751  6230 D RecentsTaskLoader: reloadTasksData [TaskKey{id=1416, stackId=0, baseIntent=Intent { act=android.intent.action.MAIN cat=[android.intent.category.LAUNCHER] flg=0x10200000 cmp=com.tencent.mm/.ui.LauncherUI }, userId=0, lastActiveTime=62980537, windowingMode=1, isThumbnailBlur=false, isAccessLocked=true, isScreening=false, topActivity=ComponentInfo{com.miui.securitycenter/com.miui.applicationlock.AppLockActivity}, mHashCode=43107608}, title=寰俊, titleDescription=寰俊, bounds=null, isLaunchTarget=true, isStackTask=true, isSystemApp=false, isDockable=true, baseActivity=ComponentInfo{com.tencent.mm/com.tencent.mm.ui.LauncherUI}, isLocked=false, mNeedHide=false, hasMultipleTasks=false, cti1Key=, cti2Key=, cti1Task=, cti2Task=] 
03-23 08:42:09.796  4751  6230 D RecentsTaskLoader: reloadTasksData: [TaskKey{id=1416, stackId=0, baseIntent=Intent { act=android.intent.action.MAIN cat=[android.intent.category.LAUNCHER] flg=0x10200000 cmp=com.tencent.mm/.ui.LauncherUI }, userId=0, lastActiveTime=62980537, windowingMode=1, isThumbnailBlur=false, isAccessLocked=true, isScreening=false, topActivity=ComponentInfo{com.miui.securitycenter/com.miui.applicationlock.AppLockActivity}, mHashCode=43107608}, title=寰俊, titleDescription=寰俊, bounds=null, isLaunchTarget=true, isStackTask=true, isSystemApp=false, isDockable=true, baseActivity=ComponentInfo{com.tencent.mm/com.tencent.mm.ui.LauncherUI}, isLocked=false, mNeedHide=false, hasMultipleTasks=false, cti1Key=, cti2Key=, cti1Task=, cti2Task=] 
03-23 08:42:09.796 24953  4313 D ViewContentFactory: createInterceptor took 1ms
03-23 08:42:09.796  4751  6230 D RecentsTaskLoader: reloadTasksData [TaskKey{id=1504, stackId=0, baseIntent=Intent { act=android.intent.action.MAIN cat=[android.intent.category.LAUNCHER] flg=0x10200000 cmp=com.android.contacts/.activities.TwelveKeyDialer }, userId=0, lastActiveTime=62244401, windowingMode=1, isThumbnailBlur=false, isAccessLocked=false, isScreening=false, topActivity=ComponentInfo{com.android.contacts/com.android.contacts.activities.PeopleActivity}, mHashCode=45729216}, title=鐢佃瘽, titleDescription=閫氳褰曚笌鎷ㄥ彿 鐢佃瘽, bounds=null, isLaunchTarget=false, isStackTask=true, isSystemApp=true, isDockable=true, baseActivity=ComponentInfo{com.android.contacts/com.android.contacts.activities.PeopleActivity}, isLocked=false, mNeedHide=false, hasMultipleTasks=false, cti1Key=, cti2Key=, cti1Task=, cti2Task=] 
03-23 08:42:09.796  4751  6230 D RecentsTaskLoader: reloadTasksData [TaskKey{id=1498, stackId=0, baseIntent=Intent { act=android.intent.action.MAIN cat=[android.intent.category.LAUNCHER] flg=0x10200000 cmp=com.ss.android.ugc.aweme/.splash.SplashActivity }, userId=0, lastActiveTime=61266234, windowingMode=1, isThumbnailBlur=false, isAccessLocked=false, isScreening=false, topActivity=ComponentInfo{com.ss.android.ugc.aweme/com.ss.android.ugc.aweme.main.MainActivity}, mHashCode=45550470}, title=鎶栭煶, titleDescription=鎶栭煶, bounds=null, isLaunchTarget=false, isStackTask=true, isSystemApp=false, isDockable=true, baseActivity=ComponentInfo{com.ss.android.ugc.aweme/com.ss.android.ugc.aweme.main.MainActivity}, isLocked=false, mNeedHide=false, hasMultipleTasks=false, cti1Key=, cti2Key=, cti1Task=, cti2Task=] 
03-23 08:42:09.796  4751  6230 D RecentsTaskLoader: reloadTasksData [TaskKey{id=1501, stackId=0, baseIntent=Intent { act=android.intent.action.MAIN cat=[android.intent.category.LAUNCHER] flg=0x10200000 cmp=me.weishu.kernelsu/.ui.MainActivity }, userId=0, lastActiveTime=57418807, windowingMode=1, isThumbnailBlur=false, isAccessLocked=false, isScreening=false, topActivity=ComponentInfo{me.weishu.kernelsu/me.weishu.kernelsu.ui.MainActivity}, mHashCode=45639843}, title=KernelSU, titleDescription=KernelSU, bounds=null, isLaunchTarget=false, isStackTask=true, isSystemApp=false, isDockable=true, baseActivity=ComponentInfo{me.weishu.kernelsu/me.weishu.kernelsu.ui.MainActivity}, isLocked=false, mNeedHide=false, hasMultipleTasks=false, cti1Key=, cti2Key=, cti1Task=, cti2Task=] 
03-23 08:42:09.796  4751  6230 D RecentsTaskLoader: reloadTasksData [TaskKey{id=1500, stackId=0, baseIntent=Intent { act=android.intent.action.MAIN cat=[android.intent.category.LAUNCHER] flg=0x10200000 cmp=com.xiaomi.market/.ui.MarketTabActivity }, userId=0, lastActiveTime=57219290, windowingMode=1, isThumbnailBlur=false, isAccessLocked=false, isScreening=false, topActivity=ComponentInfo{com.xiaomi.market/com.xiaomi.market.business_ui.main.MarketTabActivity}, mHashCode=45610052}, title=搴旂敤鍟嗗簵, titleDescription=搴旂敤鍟嗗簵, bounds=null, isLaunchTarget=false, isStackTask=true, isSystemApp=true, isDockable=false, baseActivity=ComponentInfo{com.xiaomi.market/com.xiaomi.market.business_ui.main.MarketTabActivity}, isLocked=false, mNeedHide=false, hasMultipleTasks=false, cti1Key=, cti2Key=, cti1Task=, cti2Task=] 
03-23 08:42:09.796  4751  6230 D RecentsTaskLoader: reloadTasksData [TaskKey{id=1422, stackId=0, baseIntent=Intent { act=android.intent.action.MAIN cat=[android.intent.category.LAUNCHER] flg=0x10200000 cmp=bin.mt.plus/.MainLightIcon }, userId=0, lastActiveTime=34859587, windowingMode=1, isThumbnailBlur=false, isAccessLocked=false, isScreening=false, topActivity=ComponentInfo{bin.mt.plus/bin.mt.plus.Main}, mHashCode=43286354}, title=MT绠＄悊鍣? titleDescription=MT绠＄悊鍣? bounds=null, isLaunchTarget=false, isStackTask=true, isSystemApp=false, isDockable=true, baseActivity=ComponentInfo{bin.mt.plus/bin.mt.plus.Main}, isLocked=false, mNeedHide=false, hasMultipleTasks=false, cti1Key=, cti2Key=, cti1Task=, cti2Task=] 
03-23 08:42:09.796  4751  6230 D RecentsTaskLoader: reloadTasksData [TaskKey{id=1496, stackId=0, baseIntent=Intent { act=android.settings.APPLICATION_DETAILS_SETTINGS dat=package: flg=0x10008000 cmp=com.android.settings/.applications.InstalledAppDetails }, userId=0, lastActiveTime=34836980, windowingMode=1, isThumbnailBlur=false, isAccessLocked=false, isScreening=false, topActivity=null, mHashCode=45490888}, title=搴旂敤璇︽儏, titleDescription=璁剧疆 搴旂敤淇℃伅, bounds=null, isLaunchTarget=false, isStackTask=true, isSystemApp=true, isDockable=true, baseActivity=null, isLocked=false, mNeedHide=false, hasMultipleTasks=false, cti1Key=, cti2Key=, cti1Task=, cti2Task=] 
03-23 08:42:09.796  4751  6230 D RecentsTaskLoader: reloadTasksData [TaskKey{id=1461, stackId=0, baseIntent=Intent { act=android.intent.action.MAIN cat=[android.intent.category.LAUNCHER] flg=0x11200000 cmp=com.android.fileexplorer/.FileExplorerTabActivity }, userId=0, lastActiveTime=34564594, windowingMode=1, isThumbnailBlur=false, isAccessLocked=true, isScreening=false, topActivity=ComponentInfo{com.android.fileexplorer/com.android.fileexplorer.FileExplorerTabActivity}, mHashCode=44448203}, title=鏂囦欢绠＄悊, titleDescription=鏂囦欢绠＄悊, bounds=null, isLaunchTarget=true, isStackTask=true, isSystemApp=true, isDockable=true, baseActivity=ComponentInfo{com.android.fileexplorer/com.android.fileexplorer.FileExplorerTabActivity}, isLocked=false, mNeedHide=false, hasMultipleTasks=false, cti1Key=, cti2Key=, cti1Task=, cti2Task=] 
03-23 08:42:09.796  4751  6230 D RecentsTaskLoader: reloadTasksData [TaskKey{id=1482, stackId=0, baseIntent=Intent { act=android.intent.action.MAIN cat=[android.intent.category.LAUNCHER] flg=0x11200000 cmp=com.tencent.mm/.ui.LauncherUI }, userId=999, lastActiveTime=34187466, windowingMode=1, isThumbnailBlur=false, isAccessLocked=true, isScreening=false, topActivity=ComponentInfo{com.tencent.mm/com.tencent.mm.ui.LauncherUI}, mHashCode=45074813}, title=寰俊, titleDescription=寰俊, bounds=null, isLaunchTarget=false, isStackTask=true, isSystemApp=false, isDockable=true, baseActivity=ComponentInfo{com.tencent.mm/com.tencent.mm.ui.LauncherUI}, isLocked=false, mNeedHide=false, hasMultipleTasks=false, cti1Key=, cti2Key=, cti1Task=, cti2Task=] 
03-23 08:42:09.796  4751  6230 D RecentsTaskLoader: reloadTasksData [TaskKey{id=1470, stackId=0, baseIntent=Intent { act=android.intent.action.MAIN cat=[android.intent.category.LAUNCHER] flg=0x10200000 cmp=com.phoenix.read/com.dragon.read.pages.splash.SplashActivity }, userId=0, lastActiveTime=33384541, windowingMode=1, isThumbnailBlur=false, isAccessLocked=false, isScreening=false, topActivity=ComponentInfo{com.phoenix.read/com.dragon.read.component.shortvideo.impl.ShortSeriesActivity}, mHashCode=44716322}, title=绾㈡灉鍏嶈垂鐭墽, titleDescription=绾㈡灉鍏嶈垂鐭墽, bounds=null, isLaunchTarget=false, isStackTask=true, isSystemApp=false, isDockable=true, baseActivity=ComponentInfo{com.phoenix.read/com.dragon.read.pages.main.MainFragmentActivity}, isLocked=false, mNeedHide=false, hasMultipleTasks=false, cti1Key=, cti2Key=, cti1Task=, cti2Task=] 
03-23 08:42:09.796  4751  6230 D RecentsTaskLoader: reloadTasksData [TaskKey{id=1439, stackId=0, baseIntent=Intent { act=android.intent.action.MAIN cat=[android.intent.category.LAUNCHER] flg=0x11200000 cmp=com.tencent.mobileqq/.activity.SplashActivity }, userId=0, lastActiveTime=28515344, windowingMode=1, isThumbnailBlur=false, isAccessLocked=true, isScreening=false, topActivity=null, mHashCode=43792801}, title=QQ, titleDescription=QQ, bounds=null, isLaunchTarget=false, isStackTask=true, isSystemApp=false, isDockable=true, baseActivity=null, isLocked=false, mNeedHide=false, hasMultipleTasks=false, cti1Key=, cti2Key=, cti1Task=, cti2Task=] 
03-23 08:42:09.797 24953  4313 E ContentCatcherManager: failed to get ContentCatcherService.
03-23 08:42:09.797  4751  6230 W RecentsModel: getRunningTask   taskInfo=TaskInfo{userId=0 taskId=1507 effectiveUid=10433 displayId=0 isRunning=true baseIntent=Intent { act=android.intent.action.MAIN cat=[android.intent.category.LAUNCHER] flg=0x10200000 cmp=com.applist.test/.MainActivity } baseActivity=ComponentInfo{com.applist.test/com.applist.test.MainActivity} topActivity=ComponentInfo{com.applist.test/com.applist.test.MainActivity} origActivity=null realActivity=ComponentInfo{com.applist.test/com.applist.test.MainActivity} numActivities=1 lastActiveTime=63170831 supportsSplitScreenMultiWindow=true mSoScDisplayMode=-1 supportsMultiWindow=true resizeMode=1 isResizeable=true minWidth=-1 minHeight=-1 defaultMinSize=200 token=WCT{android.window.IWindowContainerToken$Stub$Proxy@7e4a8f6} topActivityType=1 pictureInPictureParams=null shouldDockBigOverlays=false launchIntoPipHostTaskId=-1 lastParentTaskIdBeforePip=-1 displayCutoutSafeInsets=Rect(0, 0 - 0, 0) topActivityInfo=ActivityInfo{c1b14f7 com.applist.test.MainActivity} launchCookies=[] positionInParent=Point(0, 0) parentTaskId=-1 isFocused=true isVisible=true isVisibleRequested=true isTopActivityNoDisplay=false isSleeping=false locusId=null displayAreaFeatureId=1 isTopActivityTransparent=false isActivityStackTransparent=false lastNonFullscreenBounds=Rect(286, 712 - 794, 1792) capturedLink=null capturedLinkTimestamp=0 requestedVisibleTypes=-9 topActivityRequestOpenInBrowserEducationTimestamp=0 appCompatTaskInfo=AppCompatTaskInfo { topActivityInSizeCompat=false eligibleForLetterboxEducation= false topActivityInMiuiSizeCompat=false isLetterboxEducationEnabled= false isLetterboxDoubleTapEnabled= false eligibleForUserAspectRatioButton= false topActivityBoundsLetterboxed= false isFromLetterboxDoubleTap= false topActivityLetterboxVerticalPosition= -1 topActivityLetterboxHorizontalPosition= -1 topActivityLetterboxWidth=-1 topActivityLetterboxHeight=-1 topActivityAppBounds=Rect(0, 0 - 1080, 2400) isUserFullscreenOverrideEnabled=false isSystemFullscreenOverrideEnabled=false hasMinAspectRatioOverride=false topActivityLetterboxBounds=null cameraCompatTaskInfo=CameraCompatTaskInfo { freeformCameraCompatMode=inactive}} isImmersive=false mTopActivityRequestOrientation=1 mStatusBarParent=null mNavBarParent=null mBehindAppLockPkg=null mOriginatingUid=0 isEmbedded=false shouldBeVisible=true isCreatedByOrganizer=false mIsCastMode=false mTopActivityMediaSize=null mTopActivityRecordName=ActivityRecord{102729103 u0 com.applist.test/.MainActivity t1507} mTopActivityOrientation=1 topActivityMainWindowFrame=null}
03-23 08:42:09.797  4751  6230 E ActivityManagerWrapper: get all recent tasks force including 1507 userId =0
03-23 08:42:09.797 24953  4313 E ContentCatcherManager: failed to get ContentCatcherService.
03-23 08:42:09.797  2337  4642 E HyperSentinel: ->pid:24953,processName:"com.applist.test",Rss Memory Size Change 141464kb -> 184316kb
03-23 08:42:09.797  1980  1980 E HwcComposer: presentOrValidateDisplay 0 presentFence:-1
03-23 08:42:09.798  4751  4751 D HWUI    : DDRE Debug DrawPath: smoothCornerEnabled = true
03-23 08:42:09.802  4751  6230 E ActivityManagerWrapper: getRecentTasksForceIncludingTaskIdIfValid: getRecentTasks: size=14
03-23 08:42:09.802  4751  6230 E ActivityManagerWrapper:  mainTaskId=1507   userId=0   windowMode=1   isExcludedFromRecents=false   baseIntent=Intent { act=android.intent.action.MAIN flag=270532608 cmp=ComponentInfo{com.applist.test/com.applist.test.MainActivity} }
03-23 08:42:09.802  4751  6230 E ActivityManagerWrapper:  mainTaskId=1506   userId=0   windowMode=1   isExcludedFromRecents=false   baseIntent=Intent { act=android.intent.action.MAIN flag=270532608 cmp=ComponentInfo{io.github.a13e300.ksuwebui/io.github.a13e300.ksuwebui.MainActivity} }
03-23 08:42:09.802  4751  6230 E ActivityManagerWrapper:  mainTaskId=1505   userId=0   windowMode=1   isExcludedFromRecents=false   baseIntent=Intent { act=android.intent.action.MAIN flag=270532608 cmp=ComponentInfo{com.android.settings/com.android.settings.MainSettings} }
03-23 08:42:09.802  4751  6230 E ActivityManagerWrapper:  mainTaskId=1416   userId=0   windowMode=1   isExcludedFromRecents=false   baseIntent=Intent { act=android.intent.action.MAIN flag=270532608 cmp=ComponentInfo{com.tencent.mm/com.tencent.mm.ui.LauncherUI} }
03-23 08:42:09.802  4751  6230 E ActivityManagerWrapper:  mainTaskId=1504   userId=0   windowMode=1   isExcludedFromRecents=false   baseIntent=Intent { act=android.intent.action.MAIN flag=270532608 cmp=ComponentInfo{com.android.contacts/com.android.contacts.activities.TwelveKeyDialer} }
03-23 08:42:09.802  4751  6230 E ActivityManagerWrapper:  mainTaskId=1498   userId=0   windowMode=1   isExcludedFromRecents=false   baseIntent=Intent { act=android.intent.action.MAIN flag=270532608 cmp=ComponentInfo{com.ss.android.ugc.aweme/com.ss.android.ugc.aweme.splash.SplashActivity} }
03-23 08:42:09.802  4751  6230 E ActivityManagerWrapper:  mainTaskId=1501   userId=0   windowMode=1   isExcludedFromRecents=false   baseIntent=Intent { act=android.intent.action.MAIN flag=270532608 cmp=ComponentInfo{me.weishu.kernelsu/me.weishu.kernelsu.ui.MainActivity} }
03-23 08:42:09.802  4751  6230 E ActivityManagerWrapper:  mainTaskId=1500   userId=0   windowMode=1   isExcludedFromRecents=false   baseIntent=Intent { act=android.intent.action.MAIN flag=270532608 cmp=ComponentInfo{com.xiaomi.market/com.xiaomi.market.ui.MarketTabActivity} }
03-23 08:42:09.802  4751  6230 E ActivityManagerWrapper:  mainTaskId=1422   userId=0   windowMode=1   isExcludedFromRecents=false   baseIntent=Intent { act=android.intent.action.MAIN flag=270532608 cmp=ComponentInfo{bin.mt.plus/bin.mt.plus.MainLightIcon} }
03-23 08:42:09.802  4751  6230 E ActivityManagerWrapper:  mainTaskId=1496   userId=0   windowMode=1   isExcludedFromRecents=false   baseIntent=Intent { act=android.settings.APPLICATION_DETAILS_SETTINGS flag=268468224 cmp=ComponentInfo{com.android.settings/com.android.settings.applications.InstalledAppDetails} }
03-23 08:42:09.802  4751  6230 E ActivityManagerWrapper:  mainTaskId=1461   userId=0   windowMode=1   isExcludedFromRecents=false   baseIntent=Intent { act=android.intent.action.MAIN flag=287309824 cmp=ComponentInfo{com.android.fileexplorer/com.android.fileexplorer.FileExplorerTabActivity} }
03-23 08:42:09.802  4751  6230 E ActivityManagerWrapper:  mainTaskId=1482   userId=999   windowMode=1   isExcludedFromRecents=false   baseIntent=Intent { act=android.intent.action.MAIN flag=287309824 cmp=ComponentInfo{com.tencent.mm/com.tencent.mm.ui.LauncherUI} }
03-23 08:42:09.802  4751  6230 E ActivityManagerWrapper:  mainTaskId=1470   userId=0   windowMode=1   isExcludedFromRecents=false   baseIntent=Intent { act=android.intent.action.MAIN flag=270532608 cmp=ComponentInfo{com.phoenix.read/com.dragon.read.pages.splash.SplashActivity} }
03-23 08:42:09.802  4751  6230 E ActivityManagerWrapper:  mainTaskId=1439   userId=0   windowMode=1   isExcludedFromRecents=false   baseIntent=Intent { act=android.intent.action.MAIN flag=287309824 cmp=ComponentInfo{com.tencent.mobileqq/com.tencent.mobileqq.activity.SplashActivity} }
03-23 08:42:09.804  1980  1980 D RefreshRateSelector: Touch Boost
03-23 08:42:09.805  1980  1980 E HwcComposer: presentOrValidateDisplay 0 presentFence:-1
03-23 08:42:09.806 24953 24953 D CompatChangeReporter: Compat change id reported: 63938206; UID 10433; state: ENABLED
03-23 08:42:09.806  4751  6230 D RecentsTaskLoader: reloadTasksData [TaskKey{id=1507, stackId=0, baseIntent=Intent { act=android.intent.action.MAIN cat=[android.intent.category.LAUNCHER] flg=0x10200000 cmp=com.applist.test/.MainActivity }, userId=0, lastActiveTime=63170723, windowingMode=1, isThumbnailBlur=false, isAccessLocked=false, isScreening=false, topActivity=ComponentInfo{com.applist.test/com.applist.test.MainActivity}, mHashCode=45818589}, title=搴旂敤鍒楄〃娴嬭瘯, titleDescription=搴旂敤鍒楄〃娴嬭瘯, bounds=null, isLaunchTarget=true, isStackTask=true, isSystemApp=false, isDockable=true, baseActivity=ComponentInfo{com.applist.test/com.applist.test.MainActivity}, isLocked=false, mNeedHide=false, hasMultipleTasks=false, cti1Key=, cti2Key=, cti1Task=, cti2Task=] 
03-23 08:42:09.806  4751  4751 D HWUI    : DDRE Debug DrawPath: smoothCornerEnabled = true
03-23 08:42:09.807  4751  5563 D Launcher.Boost: bindcore 70
03-23 08:42:09.808  4751  6230 D TaskSnapshotCompatVV: getIsInvalidateFromTaskSnapshot, return, mTaskSnapshot=null, mTaskSnapshotClazz=null
03-23 08:42:09.808  4751  6230 D RecentsTaskLoader: reloadTasksData [TaskKey{id=1506, stackId=0, baseIntent=Intent { act=android.intent.action.MAIN cat=[android.intent.category.LAUNCHER] flg=0x10200000 cmp=io.github.a13e300.ksuwebui/.MainActivity }, userId=0, lastActiveTime=63092947, windowingMode=1, isThumbnailBlur=false, isAccessLocked=false, isScreening=false, topActivity=ComponentInfo{io.github.a13e300.ksuwebui/io.github.a13e300.ksuwebui.MainActivity}, mHashCode=45788798}, title=KsuWebUI, titleDescription=KsuWebUI, bounds=null, isLaunchTarget=false, isStackTask=true, isSystemApp=false, isDockable=true, baseActivity=ComponentInfo{io.github.a13e300.ksuwebui/io.github.a13e300.ksuwebui.MainActivity}, isLocked=false, mNeedHide=false, hasMultipleTasks=false, cti1Key=, cti2Key=, cti1Task=, cti2Task=] 
03-23 08:42:09.808  4751  6230 D RecentsTaskLoader: reloadTasksData [TaskKey{id=1505, stackId=0, baseIntent=Intent { act=android.intent.action.MAIN cat=[android.intent.category.LAUNCHER] flg=0x10200000 cmp=com.android.settings/.MainSettings }, userId=0, lastActiveTime=62986168, windowingMode=1, isThumbnailBlur=false, isAccessLocked=false, isScreening=false, topActivity=ComponentInfo{com.android.settings/com.android.settings.SubSettings}, mHashCode=45759007}, title=璁剧疆, titleDescription=璁剧疆, bounds=null, isLaunchTarget=false, isStackTask=true, isSystemApp=true, isDockable=true, baseActivity=ComponentInfo{com.android.settings/com.android.settings.MiuiSettings}, isLocked=false, mNeedHide=false, hasMultipleTasks=false, cti1Key=, cti2Key=, cti1Task=, cti2Task=] 
03-23 08:42:09.808  4751  6230 D RecentsTaskLoader: reloadTasksData [TaskKey{id=1416, stackId=0, baseIntent=Intent { act=android.intent.action.MAIN cat=[android.intent.category.LAUNCHER] flg=0x10200000 cmp=com.tencent.mm/.ui.LauncherUI }, userId=0, lastActiveTime=62980537, windowingMode=1, isThumbnailBlur=false, isAccessLocked=true, isScreening=false, topActivity=ComponentInfo{com.miui.securitycenter/com.miui.applicationlock.AppLockActivity}, mHashCode=43107608}, title=寰俊, titleDescription=寰俊, bounds=null, isLaunchTarget=true, isStackTask=true, isSystemApp=false, isDockable=true, baseActivity=ComponentInfo{com.tencent.mm/com.tencent.mm.ui.LauncherUI}, isLocked=false, mNeedHide=false, hasMultipleTasks=false, cti1Key=, cti2Key=, cti1Task=, cti2Task=] 
03-23 08:42:09.808  4751  6230 D RecentsTaskLoader: reloadTasksData: [TaskKey{id=1416, stackId=0, baseIntent=Intent { act=android.intent.action.MAIN cat=[android.intent.category.LAUNCHER] flg=0x10200000 cmp=com.tencent.mm/.ui.LauncherUI }, userId=0, lastActiveTime=62980537, windowingMode=1, isThumbnailBlur=false, isAccessLocked=true, isScreening=false, topActivity=ComponentInfo{com.miui.securitycenter/com.miui.applicationlock.AppLockActivity}, mHashCode=43107608}, title=寰俊, titleDescription=寰俊, bounds=null, isLaunchTarget=true, isStackTask=true, isSystemApp=false, isDockable=true, baseActivity=ComponentInfo{com.tencent.mm/com.tencent.mm.ui.LauncherUI}, isLocked=false, mNeedHide=false, hasMultipleTasks=false, cti1Key=, cti2Key=, cti1Task=, cti2Task=] 
03-23 08:42:09.808  1980  2320 E HwcComposer: getLuts failed Status(-129, EX_TRANSACTION_FAILED): 'UNKNOWN_TRANSACTION: '
03-23 08:42:09.808  4751  6230 D RecentsTaskLoader: reloadTasksData [TaskKey{id=1504, stackId=0, baseIntent=Intent { act=android.intent.action.MAIN cat=[android.intent.category.LAUNCHER] flg=0x10200000 cmp=com.android.contacts/.activities.TwelveKeyDialer }, userId=0, lastActiveTime=62244401, windowingMode=1, isThumbnailBlur=false, isAccessLocked=false, isScreening=false, topActivity=ComponentInfo{com.android.contacts/com.android.contacts.activities.PeopleActivity}, mHashCode=45729216}, title=鐢佃瘽, titleDescription=閫氳褰曚笌鎷ㄥ彿 鐢佃瘽, bounds=null, isLaunchTarget=false, isStackTask=true, isSystemApp=true, isDockable=true, baseActivity=ComponentInfo{com.android.contacts/com.android.contacts.activities.PeopleActivity}, isLocked=false, mNeedHide=false, hasMultipleTasks=false, cti1Key=, cti2Key=, cti1Task=, cti2Task=] 
03-23 08:42:09.808  4751  6230 D RecentsTaskLoader: reloadTasksData [TaskKey{id=1498, stackId=0, baseIntent=Intent { act=android.intent.action.MAIN cat=[android.intent.category.LAUNCHER] flg=0x10200000 cmp=com.ss.android.ugc.aweme/.splash.SplashActivity }, userId=0, lastActiveTime=61266234, windowingMode=1, isThumbnailBlur=false, isAccessLocked=false, isScreening=false, topActivity=ComponentInfo{com.ss.android.ugc.aweme/com.ss.android.ugc.aweme.main.MainActivity}, mHashCode=45550470}, title=鎶栭煶, titleDescription=鎶栭煶, bounds=null, isLaunchTarget=false, isStackTask=true, isSystemApp=false, isDockable=true, baseActivity=ComponentInfo{com.ss.android.ugc.aweme/com.ss.android.ugc.aweme.main.MainActivity}, isLocked=false, mNeedHide=false, hasMultipleTasks=false, cti1Key=, cti2Key=, cti1Task=, cti2Task=] 
03-23 08:42:09.808  4751  6230 D RecentsTaskLoader: reloadTasksData [TaskKey{id=1501, stackId=0, baseIntent=Intent { act=android.intent.action.MAIN cat=[android.intent.category.LAUNCHER] flg=0x10200000 cmp=me.weishu.kernelsu/.ui.MainActivity }, userId=0, lastActiveTime=57418807, windowingMode=1, isThumbnailBlur=false, isAccessLocked=false, isScreening=false, topActivity=ComponentInfo{me.weishu.kernelsu/me.weishu.kernelsu.ui.MainActivity}, mHashCode=45639843}, title=KernelSU, titleDescription=KernelSU, bounds=null, isLaunchTarget=false, isStackTask=true, isSystemApp=false, isDockable=true, baseActivity=ComponentInfo{me.weishu.kernelsu/me.weishu.kernelsu.ui.MainActivity}, isLocked=false, mNeedHide=false, hasMultipleTasks=false, cti1Key=, cti2Key=, cti1Task=, cti2Task=] 
03-23 08:42:09.808  4751  6230 D RecentsTaskLoader: reloadTasksData [TaskKey{id=1500, stackId=0, baseIntent=Intent { act=android.intent.action.MAIN cat=[android.intent.category.LAUNCHER] flg=0x10200000 cmp=com.xiaomi.market/.ui.MarketTabActivity }, userId=0, lastActiveTime=57219290, windowingMode=1, isThumbnailBlur=false, isAccessLocked=false, isScreening=false, topActivity=ComponentInfo{com.xiaomi.market/com.xiaomi.market.business_ui.main.MarketTabActivity}, mHashCode=45610052}, title=搴旂敤鍟嗗簵, titleDescription=搴旂敤鍟嗗簵, bounds=null, isLaunchTarget=false, isStackTask=true, isSystemApp=true, isDockable=false, baseActivity=ComponentInfo{com.xiaomi.market/com.xiaomi.market.business_ui.main.MarketTabActivity}, isLocked=false, mNeedHide=false, hasMultipleTasks=false, cti1Key=, cti2Key=, cti1Task=, cti2Task=] 
03-23 08:42:09.808  4751  6230 D RecentsTaskLoader: reloadTasksData [TaskKey{id=1422, stackId=0, baseIntent=Intent { act=android.intent.action.MAIN cat=[android.intent.category.LAUNCHER] flg=0x10200000 cmp=bin.mt.plus/.MainLightIcon }, userId=0, lastActiveTime=34859587, windowingMode=1, isThumbnailBlur=false, isAccessLocked=false, isScreening=false, topActivity=ComponentInfo{bin.mt.plus/bin.mt.plus.Main}, mHashCode=43286354}, title=MT绠＄悊鍣? titleDescription=MT绠＄悊鍣? bounds=null, isLaunchTarget=false, isStackTask=true, isSystemApp=false, isDockable=true, baseActivity=ComponentInfo{bin.mt.plus/bin.mt.plus.Main}, isLocked=false, mNeedHide=false, hasMultipleTasks=false, cti1Key=, cti2Key=, cti1Task=, cti2Task=] 
03-23 08:42:09.808  4751  6230 D RecentsTaskLoader: reloadTasksData [TaskKey{id=1496, stackId=0, baseIntent=Intent { act=android.settings.APPLICATION_DETAILS_SETTINGS dat=package: flg=0x10008000 cmp=com.android.settings/.applications.InstalledAppDetails }, userId=0, lastActiveTime=34836980, windowingMode=1, isThumbnailBlur=false, isAccessLocked=false, isScreening=false, topActivity=null, mHashCode=45490888}, title=搴旂敤璇︽儏, titleDescription=璁剧疆 搴旂敤淇℃伅, bounds=null, isLaunchTarget=false, isStackTask=true, isSystemApp=true, isDockable=true, baseActivity=null, isLocked=false, mNeedHide=false, hasMultipleTasks=false, cti1Key=, cti2Key=, cti1Task=, cti2Task=] 
03-23 08:42:09.808  4751  6230 D RecentsTaskLoader: reloadTasksData [TaskKey{id=1461, stackId=0, baseIntent=Intent { act=android.intent.action.MAIN cat=[android.intent.category.LAUNCHER] flg=0x11200000 cmp=com.android.fileexplorer/.FileExplorerTabActivity }, userId=0, lastActiveTime=34564594, windowingMode=1, isThumbnailBlur=false, isAccessLocked=true, isScreening=false, topActivity=ComponentInfo{com.android.fileexplorer/com.android.fileexplorer.FileExplorerTabActivity}, mHashCode=44448203}, title=鏂囦欢绠＄悊, titleDescription=鏂囦欢绠＄悊, bounds=null, isLaunchTarget=true, isStackTask=true, isSystemApp=true, isDockable=true, baseActivity=ComponentInfo{com.android.fileexplorer/com.android.fileexplorer.FileExplorerTabActivity}, isLocked=false, mNeedHide=false, hasMultipleTasks=false, cti1Key=, cti2Key=, cti1Task=, cti2Task=] 
03-23 08:42:09.808  4751  6230 D RecentsTaskLoader: reloadTasksData [TaskKey{id=1482, stackId=0, baseIntent=Intent { act=android.intent.action.MAIN cat=[android.intent.category.LAUNCHER] flg=0x11200000 cmp=com.tencent.mm/.ui.LauncherUI }, userId=999, lastActiveTime=34187466, windowingMode=1, isThumbnailBlur=false, isAccessLocked=true, isScreening=false, topActivity=ComponentInfo{com.tencent.mm/com.tencent.mm.ui.LauncherUI}, mHashCode=45074813}, title=寰俊, titleDescription=寰俊, bounds=null, isLaunchTarget=false, isStackTask=true, isSystemApp=false, isDockable=true, baseActivity=ComponentInfo{com.tencent.mm/com.tencent.mm.ui.LauncherUI}, isLocked=false, mNeedHide=false, hasMultipleTasks=false, cti1Key=, cti2Key=, cti1Task=, cti2Task=] 
03-23 08:42:09.809  4751  6230 D RecentsTaskLoader: reloadTasksData [TaskKey{id=1470, stackId=0, baseIntent=Intent { act=android.intent.action.MAIN cat=[android.intent.category.LAUNCHER] flg=0x10200000 cmp=com.phoenix.read/com.dragon.read.pages.splash.SplashActivity }, userId=0, lastActiveTime=33384541, windowingMode=1, isThumbnailBlur=false, isAccessLocked=false, isScreening=false, topActivity=ComponentInfo{com.phoenix.read/com.dragon.read.component.shortvideo.impl.ShortSeriesActivity}, mHashCode=44716322}, title=绾㈡灉鍏嶈垂鐭墽, titleDescription=绾㈡灉鍏嶈垂鐭墽, bounds=null, isLaunchTarget=false, isStackTask=true, isSystemApp=false, isDockable=true, baseActivity=ComponentInfo{com.phoenix.read/com.dragon.read.pages.main.MainFragmentActivity}, isLocked=false, mNeedHide=false, hasMultipleTasks=false, cti1Key=, cti2Key=, cti1Task=, cti2Task=] 
03-23 08:42:09.809  4751  6230 D RecentsTaskLoader: reloadTasksData [TaskKey{id=1439, stackId=0, baseIntent=Intent { act=android.intent.action.MAIN cat=[android.intent.category.LAUNCHER] flg=0x11200000 cmp=com.tencent.mobileqq/.activity.SplashActivity }, userId=0, lastActiveTime=28515344, windowingMode=1, isThumbnailBlur=false, isAccessLocked=true, isScreening=false, topActivity=null, mHashCode=43792801}, title=QQ, titleDescription=QQ, bounds=null, isLaunchTarget=false, isStackTask=true, isSystemApp=false, isDockable=true, baseActivity=null, isLocked=false, mNeedHide=false, hasMultipleTasks=false, cti1Key=, cti2Key=, cti1Task=, cti2Task=] 
03-23 08:42:09.809  4751  6230 D RecentsTaskLoader: reloadTasksData [TaskKey{id=1507, stackId=0, baseIntent=Intent { act=android.intent.action.MAIN cat=[android.intent.category.LAUNCHER] flg=0x10200000 cmp=com.applist.test/.MainActivity }, userId=0, lastActiveTime=63170723, windowingMode=1, isThumbnailBlur=false, isAccessLocked=false, isScreening=false, topActivity=ComponentInfo{com.applist.test/com.applist.test.MainActivity}, mHashCode=45818589}, title=搴旂敤鍒楄〃娴嬭瘯, titleDescription=搴旂敤鍒楄〃娴嬭瘯, bounds=null, isLaunchTarget=true, isStackTask=true, isSystemApp=false, isDockable=true, baseActivity=ComponentInfo{com.applist.test/com.applist.test.MainActivity}, isLocked=false, mNeedHide=false, hasMultipleTasks=false, cti1Key=, cti2Key=, cti1Task=, cti2Task=] 
03-23 08:42:09.809  4751  6230 D TaskSnapshotCompatVV: getIsInvalidateFromTaskSnapshot, return, mTaskSnapshot=null, mTaskSnapshotClazz=null
03-23 08:42:09.809  4751  6230 D RecentsTaskLoader: reloadTasksData [TaskKey{id=1506, stackId=0, baseIntent=Intent { act=android.intent.action.MAIN cat=[android.intent.category.LAUNCHER] flg=0x10200000 cmp=io.github.a13e300.ksuwebui/.MainActivity }, userId=0, lastActiveTime=63092947, windowingMode=1, isThumbnailBlur=false, isAccessLocked=false, isScreening=false, topActivity=ComponentInfo{io.github.a13e300.ksuwebui/io.github.a13e300.ksuwebui.MainActivity}, mHashCode=45788798}, title=KsuWebUI, titleDescription=KsuWebUI, bounds=null, isLaunchTarget=false, isStackTask=true, isSystemApp=false, isDockable=true, baseActivity=ComponentInfo{io.github.a13e300.ksuwebui/io.github.a13e300.ksuwebui.MainActivity}, isLocked=false, mNeedHide=false, hasMultipleTasks=false, cti1Key=, cti2Key=, cti1Task=, cti2Task=] 
03-23 08:42:09.809  4751  6230 D RecentsTaskLoader: reloadTasksData [TaskKey{id=1505, stackId=0, baseIntent=Intent { act=android.intent.action.MAIN cat=[android.intent.category.LAUNCHER] flg=0x10200000 cmp=com.android.settings/.MainSettings }, userId=0, lastActiveTime=62986168, windowingMode=1, isThumbnailBlur=false, isAccessLocked=false, isScreening=false, topActivity=ComponentInfo{com.android.settings/com.android.settings.SubSettings}, mHashCode=45759007}, title=璁剧疆, titleDescription=璁剧疆, bounds=null, isLaunchTarget=false, isStackTask=true, isSystemApp=true, isDockable=true, baseActivity=ComponentInfo{com.android.settings/com.android.settings.MiuiSettings}, isLocked=false, mNeedHide=false, hasMultipleTasks=false, cti1Key=, cti2Key=, cti1Task=, cti2Task=] 
03-23 08:42:09.809  4751  6230 D RecentsTaskLoader: reloadTasksData [TaskKey{id=1416, stackId=0, baseIntent=Intent { act=android.intent.action.MAIN cat=[android.intent.category.LAUNCHER] flg=0x10200000 cmp=com.tencent.mm/.ui.LauncherUI }, userId=0, lastActiveTime=62980537, windowingMode=1, isThumbnailBlur=false, isAccessLocked=true, isScreening=false, topActivity=ComponentInfo{com.miui.securitycenter/com.miui.applicationlock.AppLockActivity}, mHashCode=43107608}, title=寰俊, titleDescription=寰俊, bounds=null, isLaunchTarget=true, isStackTask=true, isSystemApp=false, isDockable=true, baseActivity=ComponentInfo{com.tencent.mm/com.tencent.mm.ui.LauncherUI}, isLocked=false, mNeedHide=false, hasMultipleTasks=false, cti1Key=, cti2Key=, cti1Task=, cti2Task=] 
03-23 08:42:09.809  4751  6230 D RecentsTaskLoader: reloadTasksData: [TaskKey{id=1416, stackId=0, baseIntent=Intent { act=android.intent.action.MAIN cat=[android.intent.category.LAUNCHER] flg=0x10200000 cmp=com.tencent.mm/.ui.LauncherUI }, userId=0, lastActiveTime=62980537, windowingMode=1, isThumbnailBlur=false, isAccessLocked=true, isScreening=false, topActivity=ComponentInfo{com.miui.securitycenter/com.miui.applicationlock.AppLockActivity}, mHashCode=43107608}, title=寰俊, titleDescription=寰俊, bounds=null, isLaunchTarget=true, isStackTask=true, isSystemApp=false, isDockable=true, baseActivity=ComponentInfo{com.tencent.mm/com.tencent.mm.ui.LauncherUI}, isLocked=false, mNeedHide=false, hasMultipleTasks=false, cti1Key=, cti2Key=, cti1Task=, cti2Task=] 
03-23 08:42:09.809  4751  6230 D RecentsTaskLoader: reloadTasksData [TaskKey{id=1504, stackId=0, baseIntent=Intent { act=android.intent.action.MAIN cat=[android.intent.category.LAUNCHER] flg=0x10200000 cmp=com.android.contacts/.activities.TwelveKeyDialer }, userId=0, lastActiveTime=62244401, windowingMode=1, isThumbnailBlur=false, isAccessLocked=false, isScreening=false, topActivity=ComponentInfo{com.android.contacts/com.android.contacts.activities.PeopleActivity}, mHashCode=45729216}, title=鐢佃瘽, titleDescription=閫氳褰曚笌鎷ㄥ彿 鐢佃瘽, bounds=null, isLaunchTarget=false, isStackTask=true, isSystemApp=true, isDockable=true, baseActivity=ComponentInfo{com.android.contacts/com.android.contacts.activities.PeopleActivity}, isLocked=false, mNeedHide=false, hasMultipleTasks=false, cti1Key=, cti2Key=, cti1Task=, cti2Task=] 
03-23 08:42:09.809  4751  6230 D RecentsTaskLoader: reloadTasksData [TaskKey{id=1498, stackId=0, baseIntent=Intent { act=android.intent.action.MAIN cat=[android.intent.category.LAUNCHER] flg=0x10200000 cmp=com.ss.android.ugc.aweme/.splash.SplashActivity }, userId=0, lastActiveTime=61266234, windowingMode=1, isThumbnailBlur=false, isAccessLocked=false, isScreening=false, topActivity=ComponentInfo{com.ss.android.ugc.aweme/com.ss.android.ugc.aweme.main.MainActivity}, mHashCode=45550470}, title=鎶栭煶, titleDescription=鎶栭煶, bounds=null, isLaunchTarget=false, isStackTask=true, isSystemApp=false, isDockable=true, baseActivity=ComponentInfo{com.ss.android.ugc.aweme/com.ss.android.ugc.aweme.main.MainActivity}, isLocked=false, mNeedHide=false, hasMultipleTasks=false, cti1Key=, cti2Key=, cti1Task=, cti2Task=] 
03-23 08:42:09.809  4751  6230 D RecentsTaskLoader: reloadTasksData [TaskKey{id=1501, stackId=0, baseIntent=Intent { act=android.intent.action.MAIN cat=[android.intent.category.LAUNCHER] flg=0x10200000 cmp=me.weishu.kernelsu/.ui.MainActivity }, userId=0, lastActiveTime=57418807, windowingMode=1, isThumbnailBlur=false, isAccessLocked=false, isScreening=false, topActivity=ComponentInfo{me.weishu.kernelsu/me.weishu.kernelsu.ui.MainActivity}, mHashCode=45639843}, title=KernelSU, titleDescription=KernelSU, bounds=null, isLaunchTarget=false, isStackTask=true, isSystemApp=false, isDockable=true, baseActivity=ComponentInfo{me.weishu.kernelsu/me.weishu.kernelsu.ui.MainActivity}, isLocked=false, mNeedHide=false, hasMultipleTasks=false, cti1Key=, cti2Key=, cti1Task=, cti2Task=] 
03-23 08:42:09.809  4751  6230 D RecentsTaskLoader: reloadTasksData [TaskKey{id=1500, stackId=0, baseIntent=Intent { act=android.intent.action.MAIN cat=[android.intent.category.LAUNCHER] flg=0x10200000 cmp=com.xiaomi.market/.ui.MarketTabActivity }, userId=0, lastActiveTime=57219290, windowingMode=1, isThumbnailBlur=false, isAccessLocked=false, isScreening=false, topActivity=ComponentInfo{com.xiaomi.market/com.xiaomi.market.business_ui.main.MarketTabActivity}, mHashCode=45610052}, title=搴旂敤鍟嗗簵, titleDescription=搴旂敤鍟嗗簵, bounds=null, isLaunchTarget=false, isStackTask=true, isSystemApp=true, isDockable=false, baseActivity=ComponentInfo{com.xiaomi.market/com.xiaomi.market.business_ui.main.MarketTabActivity}, isLocked=false, mNeedHide=false, hasMultipleTasks=false, cti1Key=, cti2Key=, cti1Task=, cti2Task=] 
03-23 08:42:09.809  4751  6230 D RecentsTaskLoader: reloadTasksData [TaskKey{id=1422, stackId=0, baseIntent=Intent { act=android.intent.action.MAIN cat=[android.intent.category.LAUNCHER] flg=0x10200000 cmp=bin.mt.plus/.MainLightIcon }, userId=0, lastActiveTime=34859587, windowingMode=1, isThumbnailBlur=false, isAccessLocked=false, isScreening=false, topActivity=ComponentInfo{bin.mt.plus/bin.mt.plus.Main}, mHashCode=43286354}, title=MT绠＄悊鍣? titleDescription=MT绠＄悊鍣? bounds=null, isLaunchTarget=false, isStackTask=true, isSystemApp=false, isDockable=true, baseActivity=ComponentInfo{bin.mt.plus/bin.mt.plus.Main}, isLocked=false, mNeedHide=false, hasMultipleTasks=false, cti1Key=, cti2Key=, cti1Task=, cti2Task=] 
03-23 08:42:09.809  4751  6230 D RecentsTaskLoader: reloadTasksData [TaskKey{id=1496, stackId=0, baseIntent=Intent { act=android.settings.APPLICATION_DETAILS_SETTINGS dat=package: flg=0x10008000 cmp=com.android.settings/.applications.InstalledAppDetails }, userId=0, lastActiveTime=34836980, windowingMode=1, isThumbnailBlur=false, isAccessLocked=false, isScreening=false, topActivity=null, mHashCode=45490888}, title=搴旂敤璇︽儏, titleDescription=璁剧疆 搴旂敤淇℃伅, bounds=null, isLaunchTarget=false, isStackTask=true, isSystemApp=true, isDockable=true, baseActivity=null, isLocked=false, mNeedHide=false, hasMultipleTasks=false, cti1Key=, cti2Key=, cti1Task=, cti2Task=] 
03-23 08:42:09.809  4751  6230 D RecentsTaskLoader: reloadTasksData [TaskKey{id=1461, stackId=0, baseIntent=Intent { act=android.intent.action.MAIN cat=[android.intent.category.LAUNCHER] flg=0x11200000 cmp=com.android.fileexplorer/.FileExplorerTabActivity }, userId=0, lastActiveTime=34564594, windowingMode=1, isThumbnailBlur=false, isAccessLocked=true, isScreening=false, topActivity=ComponentInfo{com.android.fileexplorer/com.android.fileexplorer.FileExplorerTabActivity}, mHashCode=44448203}, title=鏂囦欢绠＄悊, titleDescription=鏂囦欢绠＄悊, bounds=null, isLaunchTarget=true, isStackTask=true, isSystemApp=true, isDockable=true, baseActivity=ComponentInfo{com.android.fileexplorer/com.android.fileexplorer.FileExplorerTabActivity}, isLocked=false, mNeedHide=false, hasMultipleTasks=false, cti1Key=, cti2Key=, cti1Task=, cti2Task=] 
03-23 08:42:09.809  4751  6230 D RecentsTaskLoader: reloadTasksData [TaskKey{id=1482, stackId=0, baseIntent=Intent { act=android.intent.action.MAIN cat=[android.intent.category.LAUNCHER] flg=0x11200000 cmp=com.tencent.mm/.ui.LauncherUI }, userId=999, lastActiveTime=34187466, windowingMode=1, isThumbnailBlur=false, isAccessLocked=true, isScreening=false, topActivity=ComponentInfo{com.tencent.mm/com.tencent.mm.ui.LauncherUI}, mHashCode=45074813}, title=寰俊, titleDescription=寰俊, bounds=null, isLaunchTarget=false, isStackTask=true, isSystemApp=false, isDockable=true, baseActivity=ComponentInfo{com.tencent.mm/com.tencent.mm.ui.LauncherUI}, isLocked=false, mNeedHide=false, hasMultipleTasks=false, cti1Key=, cti2Key=, cti1Task=, cti2Task=] 
03-23 08:42:09.809  4751  6230 D RecentsTaskLoader: reloadTasksData [TaskKey{id=1470, stackId=0, baseIntent=Intent { act=android.intent.action.MAIN cat=[android.intent.category.LAUNCHER] flg=0x10200000 cmp=com.phoenix.read/com.dragon.read.pages.splash.SplashActivity }, userId=0, lastActiveTime=33384541, windowingMode=1, isThumbnailBlur=false, isAccessLocked=false, isScreening=false, topActivity=ComponentInfo{com.phoenix.read/com.dragon.read.component.shortvideo.impl.ShortSeriesActivity}, mHashCode=44716322}, title=绾㈡灉鍏嶈垂鐭墽, titleDescription=绾㈡灉鍏嶈垂鐭墽, bounds=null, isLaunchTarget=false, isStackTask=true, isSystemApp=false, isDockable=true, baseActivity=ComponentInfo{com.phoenix.read/com.dragon.read.pages.main.MainFragmentActivity}, isLocked=false, mNeedHide=false, hasMultipleTasks=false, cti1Key=, cti2Key=, cti1Task=, cti2Task=] 
03-23 08:42:09.809  4751  6230 D RecentsTaskLoader: reloadTasksData [TaskKey{id=1439, stackId=0, baseIntent=Intent { act=android.intent.action.MAIN cat=[android.intent.category.LAUNCHER] flg=0x11200000 cmp=com.tencent.mobileqq/.activity.SplashActivity }, userId=0, lastActiveTime=28515344, windowingMode=1, isThumbnailBlur=false, isAccessLocked=true, isScreening=false, topActivity=null, mHashCode=43792801}, title=QQ, titleDescription=QQ, bounds=null, isLaunchTarget=false, isStackTask=true, isSystemApp=false, isDockable=true, baseActivity=null, isLocked=false, mNeedHide=false, hasMultipleTasks=false, cti1Key=, cti2Key=, cti1Task=, cti2Task=] 
03-23 08:42:09.811 26141 26141 I RegionSamplingImageView: onRegionDarknessChanged, new = false, old = false
03-23 08:42:09.812  1980  1980 D RefreshRateSelector: Touch Boost
03-23 08:42:09.814  1754  2396 I vendor.qti.hardware.display.composer-service: Sensor: notify citsensorservice to trigger cwb, misForced = 0
03-23 08:42:09.814  1980  1980 E HwcComposer: presentOrValidateDisplay 0 presentFence:-1
03-23 08:42:09.814  3106  3787 I libsensor-parseRGB: request dump start for mRequestDisplayId 0
03-23 08:42:09.814  3106  3787 D vendor.xiaomi.sensor.citsensorservice.aidl: handle id:20 wxh:1536x3200 uwxuh:1440x3200 size: 14745600 fd:17 fd_meta:18 flags:0x228 usage:0x33  format:0x3 layer_count: 1 reserved_size = 0 custom_content_md_reserved_size = 0
03-23 08:42:09.815  1754  2303 D SDM     : HWCSession::PostBuffer: CWB config passed by cwb_client : tappoint 1  CWB_ROI : (768.000000 37.000000 1009.000000 278.000000)
03-23 08:42:09.820  1980  1980 D RefreshRateSelector: Touch Boost
03-23 08:42:09.821 24953 24953 D ScrollerOptimizationManager: registerConfigChangedListener
03-23 08:42:09.822  1980  1980 E HwcComposer: presentOrValidateDisplay 0 presentFence:-1
03-23 08:42:09.828 24953 24953 D Activity: Activity = ActivityInfo{dfb6c9a com.applist.test.MainActivity}, Resume onConfigurationChanged = {1.0 460mcc?mnc [zh_CN] ldltr sw411dp w411dp h914dp 420dpi nrml long hdr widecg port finger -keyb/v/h -nav/h winConfig={ mBounds=Rect(0, 0 - 1080, 2400) mAppBounds=Rect(0, 0 - 1080, 2400) mMaxBounds=Rect(0, 0 - 1080, 2400) mDisplayRotation=ROTATION_0 mWindowingMode=fullscreen mActivityType=standard mAlwaysOnTop=undefined mRotation=ROTATION_0 mInSplitScreen=false letterBoxed=false foScaled=false isSpecificEmbedded=false embeddingScale=1.0} as.3 s.2 fontWeightAdjustment=0/dc themeChanged=0 themeChangedFlags=0 display=0 extraData = Bundle[{}] screenType=0c}
03-23 08:42:09.828  1980  1980 D RefreshRateSelector: Touch Boost
03-23 08:42:09.829  1980  1980 E HwcComposer: presentOrValidateDisplay 0 presentFence:-1
03-23 08:42:09.830  1754  1897 D SDM     : HWDeviceDRM::SetupConcurrentWriteback: Tear down the Concurrent Writeback topology
03-23 08:42:09.833 24953  4313 I ContentCatcher: SettingTrigger : register screen QA status observer com.applist.test.MainActivity
03-23 08:42:09.834 24953  4313 I ContentCatcher: SettingTrigger : register global collect status observer com.applist.test.MainActivity
03-23 08:42:09.835 24953 24953 D CompatChangeReporter: Compat change id reported: 352594277; UID 10433; state: ENABLED
03-23 08:42:09.835  1973  4542 D AudioFlingerImpl: setGameParameters keyvalue: gamebooster=false
03-23 08:42:09.835  1666  4451 D AHAL: AudioDeviceCustom: SetParameters: 134: SetParameters gamebooster=false
03-23 08:42:09.835  1666  4451 D AHAL: AudioDeviceCustom: SetParameters: 447: AUDIO_MODE_RINGTONE 1 speaker_number  mode 0
03-23 08:42:09.835  1666  4451 D AHAL: AudioDevice: SetParameters: 1763: Enter: kvpairs is gamebooster=false
03-23 08:42:09.835  1666  4451 D AHAL: AudioVoice: VoiceSetParameters: 215: Enter params: gamebooster=false
03-23 08:42:09.835  1666  4451 D AHAL: AudioVoice: VoiceSetParameters: 682: Exit ret: 0
03-23 08:42:09.835  1666  4451 D AHAL: hfp: hfp_set_parameters: 444: enter
03-23 08:42:09.835  1666  4451 D AHAL: FM: fm_set_parameters: 261: Enter
03-23 08:42:09.835  1666  4451 D AHAL: FM: fm_set_parameters: 319: Exit
03-23 08:42:09.835  1666  4451 D AHAL: AudioDevice: SetParameters: 2904: Exit: -2
03-23 08:42:09.836  1666  4373 D r_submix: adev_set_parameters() kvpairs='gamebooster=false'
03-23 08:42:09.837  1980  1980 D RefreshRateSelector: Touch Boost
03-23 08:42:09.837 24953  4313 I ContentCatcher: SettingTrigger : registerUIAgentListener com.applist.test.MainActivity, uid:10433
03-23 08:42:09.838 24953 24953 D CompatChangeReporter: Compat change id reported: 349153669; UID 10433; state: ENABLED
03-23 08:42:09.838  1754 16722 D SDM     : CompManager::NotifyCwbDone: display 0 notify cwb callback, status = 0
03-23 08:42:09.838 24953 24953 D FramePredict: FramePredict init: false
03-23 08:42:09.838  2337  6633 I DataHub : registerUIAgentListener packageName: com.applist.test~10433, client:miui.security.IUIAgentInteractionClient$Stub$Proxy@f331641
03-23 08:42:09.838  2337  6633 I RemoteCallbackList: register success, put callback for com.applist.test~10433
03-23 08:42:09.838 24953 24953 D FramePredict: init success
03-23 08:42:09.839  1980  1980 E HwcComposer: presentOrValidateDisplay 0 presentFence:-1
03-23 08:42:09.839  2337  5678 W ActivityManager: Permission Denial: getCurrentUser() from pid=24953, uid=10433 requires android.permission.INTERACT_ACROSS_USERS
03-23 08:42:09.839  1754  4749 D SDM     : HWCSession::NotifyCWBStatus: Notify the client about buffer status 0.
03-23 08:42:09.839  1754  4749 D SDM     : HWCSession::ProcessCWBStatus: CWB queue is empty. Display: 0
03-23 08:42:09.839 24953  4329 E FramePredict: registerContentObserver fail
03-23 08:42:09.839 24953 24953 E MI-PreRender: init cloud whiteList failed
03-23 08:42:09.840 24953 24953 D om.applist.test: MiuiProcessManagerServiceStub setSchedFifo
03-23 08:42:09.840 24953 24953 I MiuiProcessManagerImpl: setSchedFifo pid:24953, mode:3
03-23 08:42:09.841  2337  5678 D ProcessManager: beginSchedThreads is not Enabled
03-23 08:42:09.841  3106 30376 E libsensor-parseRGB: CWB NotifyCWBBufferDone  error 0
03-23 08:42:09.842 24953  4277 D HWUI    : TAG_DDRE, CanvasContext::setDdreActivities: 
03-23 08:42:09.843 24953 24953 D FirstFrameSpeedUp: bls: [com.xcj.hm.kangfuyixue]
03-23 08:42:09.843 24953 24953 I ViewRootImpl: com.applist.test/com.applist.test.MainActivity use first frame acceleration
03-23 08:42:09.843   948   948 I hwservicemanager: getTransport: Cannot find entry android.hardware.graphics.allocator@4.0::IAllocator/default in either framework or device VINTF manifest.
03-23 08:42:09.844  2337  5678 I MiuiSplitInputMethodImpl: Skpi check shouldUpdateImeTargetForBackScreen.
03-23 08:42:09.844  2337  5678 I MiuiSplitInputMethodImpl: Skpi check shouldUpdateImeTargetForBackScreen.
03-23 08:42:09.844  2337  5678 I MiuiSplitInputMethodImpl: Skpi check shouldUpdateImeTargetForBackScreen.
03-23 08:42:09.844  2337  5678 I MiuiSplitInputMethodImpl: Skpi check shouldUpdateImeTargetForBackScreen.
03-23 08:42:09.844  2337  5678 I MiuiSplitInputMethodImpl: Skpi check shouldUpdateImeTargetForBackScreen.
03-23 08:42:09.844  2337  5678 I MiuiSplitInputMethodImpl: Skpi check shouldUpdateImeTargetForBackScreen.
