03-23 08:42:10.153  1980  1980 D RefreshRateSelector: Touch Boost
03-23 08:42:10.155  1980  1980 E HwcComposer: presentOrValidateDisplay 0 presentFence:-1
03-23 08:42:10.157 26141 26141 D HWUI    : DDRE Debug DrawPath: smoothCornerEnabled = true
03-23 08:42:10.158  3106  3793 I libsensor-boledalgo: Write:the value of channelCali C:74.7,R:41.6,G:24.3,B:14.4,scales [1.024484,1.028844,1.055530,0.912332]
03-23 08:42:10.158  3106  3793 D libsensor-boledalgo: brightness:301,R:3517.5,G:3449.0,B:3449.0,EVENT C:3827.5,R:1699.2,G:1511.0,B:909.0, lux: 76.4, clone:3050
03-23 08:42:10.162  1980  1980 D RefreshRateSelector: Touch Boost
03-23 08:42:10.162  1980  1980 E HwcComposer: presentOrValidateDisplay 0 presentFence:-1
03-23 08:42:10.164 26141 26141 D HWUI    : DDRE Debug DrawPath: smoothCornerEnabled = true
03-23 08:42:10.168 26698 12060 E Scene   : Daemon [onConnectFail]
03-23 08:42:10.171  1980  1980 E HwcComposer: presentOrValidateDisplay 0 presentFence:-1
03-23 08:42:10.173 26141 26141 D HWUI    : DDRE Debug DrawPath: smoothCornerEnabled = true
03-23 08:42:10.175  2337  6761 W ActivityTaskManager: MANAGE_ACTIVITY_STACKS is deprecated, please use alternative permission: MANAGE_ACTIVITY_TASKS
03-23 08:42:10.176  1908  2791 I [THP-DAE]: thp_set_doze_mode_func:enable doze mode
03-23 08:42:10.178  1980  1980 D RefreshRateSelector: Touch Boost
03-23 08:42:10.180  1980  1980 E HwcComposer: presentOrValidateDisplay 0 presentFence:-1
03-23 08:42:10.182 26141 26141 D HWUI    : DDRE Debug DrawPath: smoothCornerEnabled = true
03-23 08:42:10.183  2337  3925 D AmlMiuiTcpSocketTracker: skip mismatch tcpInfo:TcpInfo{lost=0, retransmit=0, sent=11, dataSent=3, state=TCP_ESTABLISHED}
03-23 08:42:10.183  2337  3925 D AmlMiuiTcpSocketTracker: skip mismatch tcpInfo:TcpInfo{lost=0, retransmit=0, sent=11, dataSent=3, state=TCP_ESTABLISHED}
03-23 08:42:10.186  2337  2509 W TaskSnapshot_CInjector: doSnapshotQS()...later! state=RESUMED
03-23 08:42:10.186  2337  2509 W TaskSnapshot_CInjector: isTop()...current=com.applist.test/.MainActivity, topActivity=com.applist.test/.MainActivity
03-23 08:42:10.186  2337  2509 D TaskSnapshot_Helper: SYS is normal.
03-23 08:42:10.186  2337  2509 W TaskSnapshot_CInjector: couldPersist()... false.
03-23 08:42:10.187  1980  1980 D RefreshRateSelector: Touch Boost
03-23 08:42:10.187  1980  1980 E HwcComposer: presentOrValidateDisplay 0 presentFence:-1
03-23 08:42:10.189 26141 26141 D HWUI    : DDRE Debug DrawPath: smoothCornerEnabled = true
03-23 08:42:10.196  1980  1980 E HwcComposer: presentOrValidateDisplay 0 presentFence:-1
03-23 08:42:10.198 26141 26141 D HWUI    : DDRE Debug DrawPath: smoothCornerEnabled = true
03-23 08:42:10.203  1980  1980 D RefreshRateSelector: Touch Boost
03-23 08:42:10.204  1980  1980 E HwcComposer: presentOrValidateDisplay 0 presentFence:-1
03-23 08:42:10.206 26141 26141 D HWUI    : DDRE Debug DrawPath: smoothCornerEnabled = true
03-23 08:42:10.211  1980  1980 D RefreshRateSelector: Touch Boost
03-23 08:42:10.212  1980  1980 E HwcComposer: presentOrValidateDisplay 0 presentFence:-1
03-23 08:42:10.214 26141 26141 D HWUI    : DDRE Debug DrawPath: smoothCornerEnabled = true
03-23 08:42:10.215  2337  2337 W AccessibilityManagerService:  wait for adding window timeout: 2703
03-23 08:42:10.215  1980  2320 E HwcComposer: getLuts failed Status(-129, EX_TRANSACTION_FAILED): 'UNKNOWN_TRANSACTION: '
03-23 08:42:10.216 26141 26141 I RegionSamplingImageView: onRegionDarknessChanged, new = true, old = true
03-23 08:42:10.220  1980  1980 D RefreshRateSelector: Touch Boost
03-23 08:42:10.220  2918  2954 E MiuiBooster: "Unkwnow sched policy:-1073741825!!!"
03-23 08:42:10.221  1980  1980 E HwcComposer: presentOrValidateDisplay 0 presentFence:-1
03-23 08:42:10.223 26141 26141 D HWUI    : DDRE Debug DrawPath: smoothCornerEnabled = true
03-23 08:42:10.228  1980  1980 D RefreshRateSelector: Touch Boost
03-23 08:42:10.229  1754  2396 I vendor.qti.hardware.display.composer-service: Sensor: notify citsensorservice to trigger cwb, misForced = 0
03-23 08:42:10.229  1980  1980 E HwcComposer: presentOrValidateDisplay 0 presentFence:-1
03-23 08:42:10.229  3106  3787 I libsensor-parseRGB: request dump start for mRequestDisplayId 0
03-23 08:42:10.229  3106  3787 D vendor.xiaomi.sensor.citsensorservice.aidl: handle id:20 wxh:1536x3200 uwxuh:1440x3200 size: 14745600 fd:17 fd_meta:18 flags:0x228 usage:0x33  format:0x3 layer_count: 1 reserved_size = 0 custom_content_md_reserved_size = 0
03-23 08:42:10.230  1754  2303 D SDM     : HWCSession::PostBuffer: CWB config passed by cwb_client : tappoint 1  CWB_ROI : (768.000000 37.000000 1009.000000 278.000000)
03-23 08:42:10.231 26141 26141 D HWUI    : DDRE Debug DrawPath: smoothCornerEnabled = true
03-23 08:42:10.237 24953  4098 I om.applist.test: Compiler allocated 6488KB to compile void android.view.ViewRootImpl.performTraversals()
03-23 08:42:10.237  1980  1980 E HwcComposer: presentOrValidateDisplay 0 presentFence:-1
03-23 08:42:10.240 26141 26141 D HWUI    : DDRE Debug DrawPath: smoothCornerEnabled = true
03-23 08:42:10.241  5358  6236 D SelfStudyController: handleMessage msg.what is 1010
03-23 08:42:10.246  1980  1980 E HwcComposer: presentOrValidateDisplay 0 presentFence:-1
03-23 08:42:10.248 26141 26141 D HWUI    : DDRE Debug DrawPath: smoothCornerEnabled = true
03-23 08:42:10.254  1980  1980 E HwcComposer: presentOrValidateDisplay 0 presentFence:-1
03-23 08:42:10.255  1754  1897 D SDM     : HWDeviceDRM::SetupConcurrentWriteback: Tear down the Concurrent Writeback topology
03-23 08:42:10.256 26141 26141 D HWUI    : DDRE Debug DrawPath: smoothCornerEnabled = true
03-23 08:42:10.261  1980  1980 D RefreshRateSelector: Touch Boost
03-23 08:42:10.262  1754 16722 D SDM     : CompManager::NotifyCwbDone: display 0 notify cwb callback, status = 0
03-23 08:42:10.262  1980  1980 E HwcComposer: presentOrValidateDisplay 0 presentFence:-1
03-23 08:42:10.262  1754  4749 D SDM     : HWCSession::NotifyCWBStatus: Notify the client about buffer status 0.
03-23 08:42:10.262  1754  4749 D SDM     : HWCSession::ProcessCWBStatus: CWB queue is empty. Display: 0
03-23 08:42:10.263  3106  3106 E libsensor-parseRGB: CWB NotifyCWBBufferDone  error 0
03-23 08:42:10.264 26141 26141 D HWUI    : DDRE Debug DrawPath: smoothCornerEnabled = true
03-23 08:42:10.270  1980  1980 D RefreshRateSelector: Touch Boost
03-23 08:42:10.271  1980  1980 E HwcComposer: presentOrValidateDisplay 0 presentFence:-1
03-23 08:42:10.273 26141 26141 D HWUI    : DDRE Debug DrawPath: smoothCornerEnabled = true
03-23 08:42:10.279  1980  1980 E HwcComposer: presentOrValidateDisplay 0 presentFence:-1
03-23 08:42:10.281 26141 26141 D HWUI    : DDRE Debug DrawPath: smoothCornerEnabled = true
03-23 08:42:10.288  1980  1980 E HwcComposer: presentOrValidateDisplay 0 presentFence:-1
03-23 08:42:10.290 26141 26141 D HWUI    : DDRE Debug DrawPath: smoothCornerEnabled = true
03-23 08:42:10.295  1980  1980 E HwcComposer: presentOrValidateDisplay 0 presentFence:-1
03-23 08:42:10.298 26141 26141 D HWUI    : DDRE Debug DrawPath: smoothCornerEnabled = true
03-23 08:42:10.304  1980  1980 E HwcComposer: presentOrValidateDisplay 0 presentFence:-1
03-23 08:42:10.306 26141 26141 D HWUI    : DDRE Debug DrawPath: smoothCornerEnabled = true
03-23 08:42:10.311  1980  1980 D RefreshRateSelector: Touch Boost
03-23 08:42:10.312  1980  1980 E HwcComposer: presentOrValidateDisplay 0 presentFence:-1
03-23 08:42:10.315 26141 26141 D HWUI    : DDRE Debug DrawPath: smoothCornerEnabled = true
03-23 08:42:10.321  1980  1980 E HwcComposer: presentOrValidateDisplay 0 presentFence:-1
03-23 08:42:10.323 26141 26141 D HWUI    : DDRE Debug DrawPath: smoothCornerEnabled = true
03-23 08:42:10.328  1980  1980 D RefreshRateSelector: Touch Boost
03-23 08:42:10.329  1980  1980 E HwcComposer: presentOrValidateDisplay 0 presentFence:-1
03-23 08:42:10.331 26141 26141 D HWUI    : DDRE Debug DrawPath: smoothCornerEnabled = true
03-23 08:42:10.337  1980  1980 E HwcComposer: presentOrValidateDisplay 0 presentFence:-1
03-23 08:42:10.338  2337  3829 I MiuiNetworkPolicy: updateUidState uid = 10129, uidState = 3
03-23 08:42:10.340 26141 26141 D HWUI    : DDRE Debug DrawPath: smoothCornerEnabled = true
03-23 08:42:10.341 10266 11407 V OsAgent : broadcastSystemEvent - 7
03-23 08:42:10.341  6183 13817 I FontLog : (REDACTED) Received query %s, URI %s
03-23 08:42:10.341  6183 13817 I FontLog : (REDACTED) Query [%s] resolved to %s
03-23 08:42:10.342  6183 13817 I FontLog : (REDACTED) Fetch %s end status %s
03-23 08:42:10.344  6183 13817 I FontLog : (REDACTED) Pulling font file for id = %d, cache size = %d
03-23 08:42:10.345  1980  1980 D RefreshRateSelector: Touch Boost
03-23 08:42:10.346  1980  1980 E HwcComposer: presentOrValidateDisplay 0 presentFence:-1
03-23 08:42:10.348 26141 26141 D HWUI    : DDRE Debug DrawPath: smoothCornerEnabled = true
03-23 08:42:10.353  6183 13817 I FontLog : (REDACTED) Pulling font file for id = %d, cache size = %d
03-23 08:42:10.354  1980  1980 E HwcComposer: presentOrValidateDisplay 0 presentFence:-1
03-23 08:42:10.356 26141 26141 D HWUI    : DDRE Debug DrawPath: smoothCornerEnabled = true
03-23 08:42:10.357  3106  3793 I libsensor-boledalgo: Write:the value of channelCali C:48.0,R:26.9,G:15.4,B:9.3,scales [1.024484,1.028844,1.055530,0.912332]
03-23 08:42:10.357  3106  3793 D libsensor-boledalgo: brightness:301,R:2027.0,G:1968.6,B:1968.6,EVENT C:3782.5,R:1678.1,G:1497.5,B:901.6, lux: 76.1, clone:1751
03-23 08:42:10.362  1980  1980 E HwcComposer: presentOrValidateDisplay 0 presentFence:-1
03-23 08:42:10.364  4751  4751 I RectFSpringAnim_84545042: TransitionTest MultiSpringDynamicAnimation on end. this=com.miui.home.recents.util.RectFSpringAnim@50a0e12
03-23 08:42:10.364  4751  4751 I RectFSpringAnim_84545042: changeAnimStart start=false
03-23 08:42:10.364  4751  4751 I LocalWindowAnimImplementor: reset mDisableStateManagerListener false.
03-23 08:42:10.364  4751  4751 I RectFSpringAnim_84545042: getPropertyVelocity old, value = 0.0
03-23 08:42:10.364  4751  4751 I RectFSpringAnim_84545042: getPropertyVelocity old, value = 0.0
03-23 08:42:10.364  4751  4751 I RectFSpringAnim_84545042: getPropertyVelocity old, value = 0.0
03-23 08:42:10.364  4751  4751 I RectFSpringAnim_84545042: getPropertyVelocity old, value = 0.0
03-23 08:42:10.364  4751  4751 I RectFSpringAnim_84545042: getPropertyVelocity old, value = 0.0
03-23 08:42:10.364  4751  4751 I RectFSpringAnim_84545042: getPropertyVelocity old, value = 0.0
03-23 08:42:10.364  4751  4751 E MultiSpringDynamicAnimation97da9e3: ERROR Not Found Bundle Radius
03-23 08:42:10.364  4751  4751 I RectFSpringAnim_84545042: getPropertyVelocity old, value = 0.0
03-23 08:42:10.364  4751  4751 I WindowElementcd6afe0: com.miui.home.recents.anim.FastLaunchWindowElement@cd6afe0 TransitionTest onAnimationEnd AnimType = OPEN_FROM_HOME allowShellListener = true, isDuringMerge=false, mUserAnimListener=com.miui.home.recents.anim.WindowAnimParamsProvider$getQuickOpeningWindowsAnimParams$animListener$1@acdd937
03-23 08:42:10.364  4751  4751 D WindowElementcd6afe0: com.miui.home.recents.anim.FastLaunchWindowElement@cd6afe0 mOnShellAnimListener end OPEN_FROM_HOME com.miui.home.recents.anim.FastLaunchWindowElement@cd6afe0 needFinish = true
03-23 08:42:10.364  4751  4751 E WindowElementcd6afe0: com.miui.home.recents.anim.FastLaunchWindowElement@cd6afe0 finishTransition toHome = false isHalf = false runningTaskId = 0
03-23 08:42:10.364  4751  4751 E WindowTransitionCompat: com.android.systemui.shared.recents.system.WindowTransitionCompat@976f95e finishTransition toHome = false
03-23 08:42:10.365  4751  4751 D TransitionCallback: call executeFinishCallback, toHome = false
03-23 08:42:10.365  4751  4751 D TransitionCallback: java.lang.Exception
03-23 08:42:10.365  4751  4751 D TransitionCallback: 	at com.android.systemui.shared.recents.utilities.WindowTransitionCallbackHelper.executeFinishCallback(WindowTransitionCallbackHelper.java:221)
03-23 08:42:10.365  4751  4751 D TransitionCallback: 	at com.android.systemui.shared.recents.utilities.WindowTransitionCallbackHelper.executeFinishCallback(WindowTransitionCallbackHelper.java:160)
03-23 08:42:10.365  4751  4751 D TransitionCallback: 	at com.android.systemui.shared.recents.system.WindowTransitionCompat.finishTransition(WindowTransitionCompat.java:815)
03-23 08:42:10.365  4751  4751 D TransitionCallback: 	at com.miui.home.recents.anim.WindowElement.finishTransitionCompat(WindowElement.kt:507)
03-23 08:42:10.365  4751  4751 D TransitionCallback: 	at com.miui.home.recents.anim.WindowElement.finishTransition$lambda$7(WindowElement.kt:484)
03-23 08:42:10.365  4751  4751 D TransitionCallback: 	at com.miui.home.recents.anim.WindowElement.$r8$lambda$tWOgmEbuZc1qc6cejgwJqu9Dv-w(WindowElement.kt:0)
03-23 08:42:10.365  4751  4751 D TransitionCallback: 	at com.miui.home.recents.anim.WindowElement$$ExternalSyntheticLambda2.run(R8$$SyntheticClass:0)
03-23 08:42:10.365  4751  4751 D TransitionCallback: 	at com.miui.launcher.utils.LooperExecutor.execute(LooperExecutor.java:43)
03-23 08:42:10.365  4751  4751 D TransitionCallback: 	at com.miui.home.recents.anim.WindowElement.finishTransition(WindowElement.kt:476)
03-23 08:42:10.365  4751  4751 D TransitionCallback: 	at com.miui.home.recents.anim.WindowElement.finishTransition$default(WindowElement.kt:474)
03-23 08:42:10.365  4751  4751 D TransitionCallback: 	at com.miui.home.recents.anim.WindowElement.finishTransitionSyncIfNeed(WindowElement.kt:500)
03-23 08:42:10.365  4751  4751 D TransitionCallback: 	at com.miui.home.recents.anim.WindowElement.finishTransitionSyncIfNeed$default(WindowElement.kt:489)
03-23 08:42:10.365  4751  4751 D TransitionCallback: 	at com.miui.home.recents.anim.WindowElement.onShellAnimationEnd(WindowElement.kt:457)
03-23 08:42:10.365  4751  4751 D TransitionCallback: 	at com.miui.home.recents.anim.WindowElement.resetData$lambda$41(WindowElement.kt:1865)
03-23 08:42:10.365  4751  4751 D TransitionCallback: 	at com.miui.home.recents.anim.WindowElement.$r8$lambda$GZvI4uzIbI3Y4HkQ_VUwfSzygew(WindowElement.kt:0)
03-23 08:42:10.365  4751  4751 D TransitionCallback: 	at com.miui.home.recents.anim.WindowElement$$ExternalSyntheticLambda7.run(R8$$SyntheticClass:0)
03-23 08:42:10.365  4751  4751 D TransitionCallback: 	at com.miui.launcher.utils.LooperExecutor.execute(LooperExecutor.java:43)
03-23 08:42:10.365  4751  4751 D TransitionCallback: 	at com.miui.home.recents.anim.WindowElement.resetData(WindowElement.kt:1863)
03-23 08:42:10.365  4751  4751 D TransitionCallback: 	at com.miui.home.recents.anim.windowanim.LocalWindowAnimImplementor$rectFSpringAnimListener$1.onWindowAnimEnd$lambda$2(LocalWindowAnimImplementor.kt:164)
03-23 08:42:10.365  4751  4751 D TransitionCallback: 	at com.miui.home.recents.anim.windowanim.LocalWindowAnimImplementor$rectFSpringAnimListener$1.$r8$lambda$HSR1sivxh6NljZvC7m5uTdKLYLI(LocalWindowAnimImplementor.kt:0)
03-23 08:42:10.365  4751  4751 D TransitionCallback: 	at com.miui.home.recents.anim.windowanim.LocalWindowAnimImplementor$rectFSpringAnimListener$1$$ExternalSyntheticLambda0.run(R8$$SyntheticClass:0)
03-23 08:42:10.365  4751  4751 D TransitionCallback: 	at com.miui.launcher.utils.LooperExecutor.execute(LooperExecutor.java:43)
03-23 08:42:10.365  4751  4751 D TransitionCallback: 	at com.miui.home.recents.anim.windowanim.LocalWindowAnimImplementor$rectFSpringAnimListener$1.onWindowAnimEnd(LocalWindowAnimImplementor.kt:148)
03-23 08:42:10.365  4751  4751 D TransitionCallback: 	at com.miui.home.recents.anim.windowanim.LocalWindowAnimImplementor$rectFSpringAnimListener$1.onAnimationEnd(LocalWindowAnimImplementor.kt:125)
03-23 08:42:10.365  4751  4751 D TransitionCallback: 	at com.miui.home.recents.util.RectFSpringAnim.lambda$initListener$1(RectFSpringAnim.java:216)
03-23 08:42:10.365  4751  4751 D TransitionCallback: 	at com.miui.home.recents.util.RectFSpringAnim.$r8$lambda$PRV-j4VFrvzUNyus8KYPdX5szgA(RectFSpringAnim.java:0)
03-23 08:42:10.365  4751  4751 D TransitionCallback: 	at com.miui.home.recents.util.RectFSpringAnim$$ExternalSyntheticLambda1.onAnimationEnd(R8$$SyntheticClass:0)
03-23 08:42:10.365  4751  4751 D TransitionCallback: 	at com.miui.home.recents.anim.MultiSpringDynamicAnimation.endAnimationInternal(MultiSpringDynamicAnimation.java:275)
03-23 08:42:10.365  4751  4751 D TransitionCallback: 	at com.miui.home.recents.anim.MultiSpringDynamicAnimation.doAnimationFrame(MultiSpringDynamicAnimation.java:242)
03-23 08:42:10.365  4751  4751 D TransitionCallback: 	at com.miui.home.recents.anim.AnimationHandler.doAnimationFrame(AnimationHandler.java:117)
03-23 08:42:10.365  4751  4751 D TransitionCallback: 	at com.miui.home.recents.anim.AnimationHandler$AnimationCallbackDispatcher.dispatchAnimationFrame(AnimationHandler.java:32)
03-23 08:42:10.365  4751  4751 D TransitionCallback: 	at com.miui.home.recents.anim.AnimationHandler$FrameCallbackProvider16$1.doFrame(AnimationHandler.java:165)
03-23 08:42:10.365  4751  4751 D TransitionCallback: 	at android.view.Choreographer$CallbackRecord.run(Choreographer.java:2038)
03-23 08:42:10.365  4751  4751 D TransitionCallback: 	at android.view.Choreographer$CallbackRecord.run(Choreographer.java:2049)
03-23 08:42:10.365  4751  4751 D TransitionCallback: 	at android.view.Choreographer.doCallbacks(Choreographer.java:1524)
03-23 08:42:10.365  4751  4751 D TransitionCallback: 	at android.view.Choreographer.doFrame(Choreographer.java:1381)
03-23 08:42:10.365  4751  4751 D TransitionCallback: 	at android.view.Choreographer$FrameDisplayEventReceiver.run(Choreographer.java:2003)
03-23 08:42:10.365  4751  4751 D TransitionCallback: 	at android.os.Handler.handleCallback(Handler.java:1029)
03-23 08:42:10.365  4751  4751 D TransitionCallback: 	at android.os.Handler.dispatchMessage(Handler.java:107)
03-23 08:42:10.365  4751  4751 D TransitionCallback: 	at android.os.Looper.loopOnce(Looper.java:267)
03-23 08:42:10.365  4751  4751 D TransitionCallback: 	at android.os.Looper.loop(Looper.java:360)
03-23 08:42:10.365  4751  4751 D TransitionCallback: 	at android.app.ActivityThread.main(ActivityThread.java:10054)
03-23 08:42:10.365  4751  4751 D TransitionCallback: 	at java.lang.reflect.Method.invoke(Native Method)
03-23 08:42:10.365  4751  4751 D TransitionCallback: 	at com.android.internal.os.RuntimeInit$MethodAndArgsCaller.run(RuntimeInit.java:616)
03-23 08:42:10.365  4751  4751 D TransitionCallback: 	at com.android.internal.os.ZygoteInit.main(ZygoteInit.java:1115)
03-23 08:42:10.365 26141 26141 D HWUI    : DDRE Debug DrawPath: smoothCornerEnabled = true
03-23 08:42:10.365  4751  4751 D ReflectUtils: getMethod
03-23 08:42:10.365  4751  4751 D ReflectUtils: java.lang.NoSuchMethodException: android.window.WindowContainerTransaction.setWillFinishToHome [boolean]
03-23 08:42:10.365  4751  4751 D ReflectUtils: 	at java.lang.Class.getMethod(Class.java:2940)
03-23 08:42:10.365  4751  4751 D ReflectUtils: 	at java.lang.Class.getMethod(Class.java:2440)
03-23 08:42:10.365  4751  4751 D ReflectUtils: 	at com.miui.launcher.utils.ReflectUtils.getMethod(ReflectUtils.java:237)
03-23 08:42:10.365  4751  4751 D ReflectUtils: 	at com.miui.launcher.utils.ReflectUtils.invoke(ReflectUtils.java:88)
03-23 08:42:10.365  4751  4751 D ReflectUtils: 	at com.android.systemui.shared.recents.utilities.WindowTransitionCallbackHelper.setWillFinishToHome(WindowTransitionCallbackHelper.java:321)
03-23 08:42:10.365  4751  4751 D ReflectUtils: 	at com.android.systemui.shared.recents.utilities.WindowTransitionCallbackHelper.executeFinishCallback(WindowTransitionCallbackHelper.java:244)
03-23 08:42:10.365  4751  4751 D ReflectUtils: 	at com.android.systemui.shared.recents.utilities.WindowTransitionCallbackHelper.executeFinishCallback(WindowTransitionCallbackHelper.java:160)
03-23 08:42:10.365  4751  4751 D ReflectUtils: 	at com.android.systemui.shared.recents.system.WindowTransitionCompat.finishTransition(WindowTransitionCompat.java:815)
03-23 08:42:10.365  4751  4751 D ReflectUtils: 	at com.miui.home.recents.anim.WindowElement.finishTransitionCompat(WindowElement.kt:507)
03-23 08:42:10.365  4751  4751 D ReflectUtils: 	at com.miui.home.recents.anim.WindowElement.finishTransition$lambda$7(WindowElement.kt:484)
03-23 08:42:10.365  4751  4751 D ReflectUtils: 	at com.miui.home.recents.anim.WindowElement.$r8$lambda$tWOgmEbuZc1qc6cejgwJqu9Dv-w(WindowElement.kt:0)
03-23 08:42:10.365  4751  4751 D ReflectUtils: 	at com.miui.home.recents.anim.WindowElement$$ExternalSyntheticLambda2.run(R8$$SyntheticClass:0)
03-23 08:42:10.365  4751  4751 D ReflectUtils: 	at com.miui.launcher.utils.LooperExecutor.execute(LooperExecutor.java:43)
03-23 08:42:10.365  4751  4751 D ReflectUtils: 	at com.miui.home.recents.anim.WindowElement.finishTransition(WindowElement.kt:476)
03-23 08:42:10.365  4751  4751 D ReflectUtils: 	at com.miui.home.recents.anim.WindowElement.finishTransition$default(WindowElement.kt:474)
03-23 08:42:10.365  4751  4751 D ReflectUtils: 	at com.miui.home.recents.anim.WindowElement.finishTransitionSyncIfNeed(WindowElement.kt:500)
03-23 08:42:10.365  4751  4751 D ReflectUtils: 	at com.miui.home.recents.anim.WindowElement.finishTransitionSyncIfNeed$default(WindowElement.kt:489)
03-23 08:42:10.365  4751  4751 D ReflectUtils: 	at com.miui.home.recents.anim.WindowElement.onShellAnimationEnd(WindowElement.kt:457)
03-23 08:42:10.365  4751  4751 D ReflectUtils: 	at com.miui.home.recents.anim.WindowElement.resetData$lambda$41(WindowElement.kt:1865)
03-23 08:42:10.365  4751  4751 D ReflectUtils: 	at com.miui.home.recents.anim.WindowElement.$r8$lambda$GZvI4uzIbI3Y4HkQ_VUwfSzygew(WindowElement.kt:0)
03-23 08:42:10.365  4751  4751 D ReflectUtils: 	at com.miui.home.recents.anim.WindowElement$$ExternalSyntheticLambda7.run(R8$$SyntheticClass:0)
03-23 08:42:10.365  4751  4751 D ReflectUtils: 	at com.miui.launcher.utils.LooperExecutor.execute(LooperExecutor.java:43)
03-23 08:42:10.365  4751  4751 D ReflectUtils: 	at com.miui.home.recents.anim.WindowElement.resetData(WindowElement.kt:1863)
03-23 08:42:10.365  4751  4751 D ReflectUtils: 	at com.miui.home.recents.anim.windowanim.LocalWindowAnimImplementor$rectFSpringAnimListener$1.onWindowAnimEnd$lambda$2(LocalWindowAnimImplementor.kt:164)
03-23 08:42:10.365  4751  4751 D ReflectUtils: 	at com.miui.home.recents.anim.windowanim.LocalWindowAnimImplementor$rectFSpringAnimListener$1.$r8$lambda$HSR1sivxh6NljZvC7m5uTdKLYLI(LocalWindowAnimImplementor.kt:0)
03-23 08:42:10.365  4751  4751 D ReflectUtils: 	at com.miui.home.recents.anim.windowanim.LocalWindowAnimImplementor$rectFSpringAnimListener$1$$ExternalSyntheticLambda0.run(R8$$SyntheticClass:0)
03-23 08:42:10.365  4751  4751 D ReflectUtils: 	at com.miui.launcher.utils.LooperExecutor.execute(LooperExecutor.java:43)
03-23 08:42:10.365  4751  4751 D ReflectUtils: 	at com.miui.home.recents.anim.windowanim.LocalWindowAnimImplementor$rectFSpringAnimListener$1.onWindowAnimEnd(LocalWindowAnimImplementor.kt:148)
03-23 08:42:10.365  4751  4751 D ReflectUtils: 	at com.miui.home.recents.anim.windowanim.LocalWindowAnimImplementor$rectFSpringAnimListener$1.onAnimationEnd(LocalWindowAnimImplementor.kt:125)
03-23 08:42:10.365  4751  4751 D ReflectUtils: 	at com.miui.home.recents.util.RectFSpringAnim.lambda$initListener$1(RectFSpringAnim.java:216)
03-23 08:42:10.365  4751  4751 D ReflectUtils: 	at com.miui.home.recents.util.RectFSpringAnim.$r8$lambda$PRV-j4VFrvzUNyus8KYPdX5szgA(RectFSpringAnim.java:0)
03-23 08:42:10.365  4751  4751 D ReflectUtils: 	at com.miui.home.recents.util.RectFSpringAnim$$ExternalSyntheticLambda1.onAnimationEnd(R8$$SyntheticClass:0)
03-23 08:42:10.365  4751  4751 D ReflectUtils: 	at com.miui.home.recents.anim.MultiSpringDynamicAnimation.endAnimationInternal(MultiSpringDynamicAnimation.java:275)
03-23 08:42:10.365  4751  4751 D ReflectUtils: 	at com.miui.home.recents.anim.MultiSpringDynamicAnimation.doAnimationFrame(MultiSpringDynamicAnimation.java:242)
03-23 08:42:10.365  4751  4751 D ReflectUtils: 	at com.miui.home.recents.anim.AnimationHandler.doAnimationFrame(AnimationHandler.java:117)
03-23 08:42:10.365  4751  4751 D ReflectUtils: 	at com.miui.home.recents.anim.AnimationHandler$AnimationCallbackDispatcher.dispatchAnimationFrame(AnimationHandler.java:32)
03-23 08:42:10.365  4751  4751 D ReflectUtils: 	at com.miui.home.recents.anim.AnimationHandler$FrameCallbackProvider16$1.doFrame(AnimationHandler.java:165)
03-23 08:42:10.365  4751  4751 D ReflectUtils: 	at android.view.Choreographer$CallbackRecord.run(Choreographer.java:2038)
03-23 08:42:10.365  4751  4751 D ReflectUtils: 	at android.view.Choreographer$CallbackRecord.run(Choreographer.java:2049)
03-23 08:42:10.365  4751  4751 D ReflectUtils: 	at android.view.Choreographer.doCallbacks(Choreographer.java:1524)
03-23 08:42:10.365  4751  4751 D ReflectUtils: 	at android.view.Choreographer.doFrame(Choreographer.java:1381)
03-23 08:42:10.365  4751  4751 D ReflectUtils: 	at android.view.Choreographer$FrameDisplayEventReceiver.run(Choreographer.java:2003)
03-23 08:42:10.365  4751  4751 D ReflectUtils: 	at android.os.Handler.handleCallback(Handler.java:1029)
03-23 08:42:10.365  4751  4751 D ReflectUtils: 	at android.os.Handler.dispatchMessage(Handler.java:107)
03-23 08:42:10.365  4751  4751 D ReflectUtils: 	at android.os.Looper.loopOnce(Looper.java:267)
03-23 08:42:10.365  4751  4751 D ReflectUtils: 	at android.os.Looper.loop(Looper.java:360)
03-23 08:42:10.365  4751  4751 D ReflectUtils: 	at android.app.ActivityThread.main(ActivityThread.java:10054)
03-23 08:42:10.365  4751  4751 D ReflectUtils: 	at java.lang.reflect.Method.invoke(Native Method)
03-23 08:42:10.365  4751  4751 D ReflectUtils: 	at com.android.internal.os.RuntimeInit$MethodAndArgsCaller.run(RuntimeInit.java:616)
03-23 08:42:10.365  4751  4751 D ReflectUtils: 	at com.android.internal.os.ZygoteInit.main(ZygoteInit.java:1115)
03-23 08:42:10.365  4751  4751 I TransitionCallback: addCallbackListenerSync callBack:com.android.systemui.shared.recents.system.WindowTransitionCompat$1@10f6185
03-23 08:42:10.365  4751  4751 I TransitionCallback: mNeedShowLauncher = false
03-23 08:42:10.365  4751  4751 I TransitionCallback: addCallbackListenerSync callBack:null
03-23 08:42:10.365  4751  4751 I TransitionCallback: com.android.systemui.shared.recents.utilities.WindowTransitionCallbackHelper@4591c07 call finishMainCallback, wct = WindowContainerTransaction { changes= {} hops= [] errorCallbackToken=null taskFragmentOrganizer=null }, sct = android.view.SurfaceControl$Transaction@5213bda, callback = android.window.IRemoteTransitionFinishedCallback$Stub$Proxy@4e54134, mCounterRotatorList.size = 0, mInfoExposeList.size = 1
03-23 08:42:10.365  4751  4751 I TransitionCallback_FW_FINISH: call onTransitionFinished end
03-23 08:42:10.365  4751  4751 I TransitionCallback: onTransitionFinished finally call notifyFinishTransitionEnd
03-23 08:42:10.365  4751  4751 I TransitionCallback: checkCallbackSync, size = 1
03-23 08:42:10.365  4751  4751 I WindowElementcd6afe0: onFinishCompleted mDisableStateManagerListener = false
03-23 08:42:10.365  4751  4751 I LaunchAppAndBackHomeAnimTarget: resetShortcutIcon, icon=com.miui.home.launcher.ShortcutIcon{22bca2e VFED..CL. ........ 641,0-844,203}(搴旂敤鍒楄〃娴嬭瘯)
03-23 08:42:10.365  4751  4751 D FloatingIconView25ee1fc2: finishImmediately 
03-23 08:42:10.365  4751  4751 I LaunchAppAndBackHomeAnimTarget: resetShortcutIcon, icon=com.miui.home.launcher.ShortcutIcon{22bca2e VFED..CL. ......ID 641,0-844,203}(搴旂敤鍒楄〃娴嬭瘯)
03-23 08:42:10.365  4751  4751 E FloatingIconView25ee1fc2: recycleView
03-23 08:42:10.365  4751  4751 D FloatingIconView25ee1fc2: setIsDrawIcon, isDraw=true
03-23 08:42:10.365  4751  4751 D FloatingIconView25ee1fc2: Recycle Bitmap to cache, Cache size: 1
03-23 08:42:10.365  4751  4751 D FloatingIconView25ee1fc2: recycleView post: com.miui.home.recents.views.FloatingIconView2$$ExternalSyntheticLambda4@61cd1d3
03-23 08:42:10.365  4751  4751 D AnimStateManager: onAnimationEnd view: null, windowElementcom.miui.home.recents.anim.FastLaunchWindowElement@cd6afe0
03-23 08:42:10.365  4751  4751 D AnimStateManager: onAnimationEnd: current=com.miui.home.recents.anim.FastLaunchWindowElement@cd6afe0, set to null
03-23 08:42:10.365  4751  4751 I AnimStateManager: go to state com.miui.home.recents.anim.StateManager$IdleState@5485269
03-23 08:42:10.365  4751  4751 I TransitionCallback: execute finishMainCallbackSync return, no need post delay
03-23 08:42:10.365  4751  4751 I ScenarioRecognitionUtil: setScenarioState, type: 321, isStart: false
03-23 08:42:10.365  4751  4751 D WindowElementcd6afe0: onWindowAnimEnd: resetFloatingIcon
03-23 08:42:10.365  4751  4751 D AnimStateManager: send event 8001 currentState = IdleState windowElement = null
03-23 08:42:10.365  4751  4751 I AnimStateManager: IdleState handle event 8001
03-23 08:42:10.365  4751  4751 I AnimStateManager: CommonState handle event 8001
03-23 08:42:10.365  4751  4751 D ShortcutMenuLayerElement: setTo, anim cancel
03-23 08:42:10.365  4751  4751 I MultiSpringDynamicAnimation5449557: TransitionTest cancel
03-23 08:42:10.365  4751  4751 D ShortcutMenuLayerElement: onAnimationEnd animation = com.miui.home.recents.anim.HyperSpringAnimation@5449557 canceled = true
03-23 08:42:10.365  4751  4751 D ShortcutMenuLayerElement: setTo, params=ShortcutMenuLayerParams(alpha=1.0, scaleX=1.0, scaleY=1.0, dampingRation=1.2, response=0.5, isSurfaceChange=false, shouldTryDisableByRecents=true, reason=, anim=true, animEndListener=null)
03-23 08:42:10.366  4751  4751 D Launcher.ShortcutMenuLayer: ShortcutMenuLayer setAlpha to 1.0f
03-23 08:42:10.366  4751  4751 D SystemWallpaperElement: setTo   zoomOut=1.0 useWallpaperAnim=true
03-23 08:42:10.366  4751  4751 D RecentBlurViewElement: setTo: params = RecentBlurParams(blurRadius=0.0, dimming=0.0, dampingRatio=0.95, response=0.45) blurView = null
03-23 08:42:10.366  5421  5594 I RemoteTransitionHandlerStubImpl: putCallback return, transition or wctCB is null.
03-23 08:42:10.366  4751  4751 D NavStubView: setWindowAnimType  type=null
03-23 08:42:10.366  4751  4751 D NavStubView: setIsAnimatingToLauncher  isAnimatingToLauncher=false
03-23 08:42:10.366  5421  5594 I MultiTaskingTaskRepository: try to update multiTaskingTaskInfo taskInfo taskId = 1507
03-23 08:42:10.366  5421  5594 I MultiTaskingTaskInfo: MultiTaskingBaseTaskInfo::update::mTaskBounds = Rect(0, 0 - 1080, 2400), mTaskId = 1507
03-23 08:42:10.366  5421  5594 D MultiTaskingAnimTarget: setAnimParam bounds: Rect(0, 0 - 1080, 2400) scaleX: 1.0 scaleY: 1.0
03-23 08:42:10.366  5421  5594 D MultiTaskingAnimTarget: java.lang.Throwable
03-23 08:42:10.366  5421  5594 D MultiTaskingAnimTarget: 	at com.android.wm.shell.multitasking.common.animation.MultiTaskingAnimTarget.setAnimParam(go/retraceme 905fe248eee73ec01aa5e2c7e8e2a5d900513e8d0994e37081a1508aaf5ff25f:35)
03-23 08:42:10.366  5421  5594 D MultiTaskingAnimTarget: 	at com.android.wm.shell.multitasking.common.animation.MultiTaskingFolmeControl.updateBaseAnimParam(go/retraceme 905fe248eee73ec01aa5e2c7e8e2a5d900513e8d0994e37081a1508aaf5ff25f:15)
03-23 08:42:10.366  5421  5594 D MultiTaskingAnimTarget: 	at com.android.wm.shell.multitasking.common.taskmanager.MultiTaskingTaskInfo.update(go/retraceme 905fe248eee73ec01aa5e2c7e8e2a5d900513e8d0994e37081a1508aaf5ff25f:23)
03-23 08:42:10.366  5421  5594 D MultiTaskingAnimTarget: 	at com.android.wm.shell.multitasking.common.taskmanager.MultiTaskingTaskRepository.updateAllPendingBaseAnimParam(go/retraceme 905fe248eee73ec01aa5e2c7e8e2a5d900513e8d0994e37081a1508aaf5ff25f:60)
03-23 08:42:10.366  5421  5594 D MultiTaskingAnimTarget: 	at com.android.wm.shell.multitasking.common.taskmanager.MultiTaskingTransitionObserver.onTransitionFinished(go/retraceme 905fe248eee73ec01aa5e2c7e8e2a5d900513e8d0994e37081a1508aaf5ff25f:27)
03-23 08:42:10.366  5421  5594 D MultiTaskingAnimTarget: 	at com.android.wm.shell.transition.Transitions.onFinish(go/retraceme 905fe248eee73ec01aa5e2c7e8e2a5d900513e8d0994e37081a1508aaf5ff25f:155)
03-23 08:42:10.366  5421  5594 D MultiTaskingAnimTarget: 	at com.android.wm.shell.transition.Transitions.lambda$playTransition$2(go/retraceme 905fe248eee73ec01aa5e2c7e8e2a5d900513e8d0994e37081a1508aaf5ff25f:1)
03-23 08:42:10.366  5421  5594 D MultiTaskingAnimTarget: 	at com.android.wm.shell.transition.Transitions.$r8$lambda$W7xYOftIaREiTW7mnjUmUz2jYkA(go/retraceme 905fe248eee73ec01aa5e2c7e8e2a5d900513e8d0994e37081a1508aaf5ff25f:1)
03-23 08:42:10.366  5421  5594 D MultiTaskingAnimTarget: 	at com.android.wm.shell.transition.Transitions$$ExternalSyntheticLambda4.onTransitionFinished(go/retraceme 905fe248eee73ec01aa5e2c7e8e2a5d900513e8d0994e37081a1508aaf5ff25f:18)
03-23 08:42:10.366  5421  5594 D MultiTaskingAnimTarget: 	at com.android.wm.shell.transition.DefaultMixedHandler$$ExternalSyntheticLambda0.onTransitionFinished(go/retraceme 905fe248eee73ec01aa5e2c7e8e2a5d900513e8d0994e37081a1508aaf5ff25f:17)
03-23 08:42:10.366  5421  5594 D MultiTaskingAnimTarget: 	at com.android.wm.shell.transition.DefaultMixedTransition$$ExternalSyntheticLambda0.onTransitionFinished(go/retraceme 905fe248eee73ec01aa5e2c7e8e2a5d900513e8d0994e37081a1508aaf5ff25f:26)
03-23 08:42:10.366  5421  5594 D MultiTaskingAnimTarget: 	at com.android.wm.shell.transition.RemoteTransitionHandler$1$$ExternalSyntheticLambda0.run(go/retraceme 905fe248eee73ec01aa5e2c7e8e2a5d900513e8d0994e37081a1508aaf5ff25f:30)
03-23 08:42:10.366  5421  5594 D MultiTaskingAnimTarget: 	at android.os.Handler.handleCallback(Handler.java:1029)
03-23 08:42:10.366  5421  5594 D MultiTaskingAnimTarget: 	at android.os.Handler.dispatchMessage(Handler.java:107)
03-23 08:42:10.366  5421  5594 D MultiTaskingAnimTarget: 	at android.os.Looper.loopOnce(Looper.java:267)
03-23 08:42:10.366  5421  5594 D MultiTaskingAnimTarget: 	at android.os.Looper.loop(Looper.java:360)
03-23 08:42:10.366  5421  5594 D MultiTaskingAnimTarget: 	at android.os.HandlerThread.run(HandlerThread.java:85)
03-23 08:42:10.366  4751  4751 D HWUI    : DDRE Debug DrawPath: smoothCornerEnabled = true
03-23 08:42:10.366  5421  5594 D MultiTaskingFolmeControl: updateBaseAnimParam taskId = 1507 taskBounds : Rect(0, 0 - 1080, 2400)
03-23 08:42:10.366  5421  5594 D MultiTaskingTransitionObserver: onTransitionFinished::transition = android.os.BinderProxy@e163b90 remoteFreeformTasks = []
03-23 08:42:10.366  5421  5594 D MultiTaskingTransitionObserver: onTransitionFinished::mRunningTransitions = 0 mRemoteOpenFreeformTransitions = []
03-23 08:42:10.366  5421  5594 D SoScUtils: monitorTransitionFinished transition:android.os.BinderProxy@e163b90 transaction: android.view.SurfaceControl$Transaction@87cf54c mRequestCloseTransition:null mRequestOpenTransition:null mPairsOpenTransition:null mPairsOpenTransitionNull:null mRequestOpenTriggerTask:-1 mRequestCloseTriggerTask:-1 mOrientationTransition: null mPendingChange:null mMainStartingTask:-1 mSideStartingTask:-1
03-23 08:42:10.367  2337  6633 W system_server: Binder 0xb4000079529ef740 destroyed after setInheritRt before being parceled.
03-23 08:42:10.368  2337  6633 D BarFollowAnimation: onTaskInfoChanedForCaptionBar Task{8b0ad35 #1 type=home} shouldbeVisible:false isVisible:false isOnTop:false windowMode:1 preDisplayId:-1 displayId:0 mCaptionAssociatedTask:null mIsTouchedInCaption:false
03-23 08:42:10.369 10287 10287 D VRI[personalassistant]: visibilityChanged oldVisibility=true newVisibility=false
03-23 08:42:10.369  2337  6633 I TransitionImpl: finishTransition: updateLastSurfacePosition tf=Task{f9fe425 #1507 type=standard A=10433:com.applist.test}
03-23 08:42:10.369 10324 10324 D VRI[quicksearchbox]: visibilityChanged oldVisibility=true newVisibility=false
03-23 08:42:10.369  2337  6633 D SystemPerformanceHinter: endSession#HighPerfSession-d0-Transition
03-23 08:42:10.369  1980  4745 W VsyncModulator: setTransactionSchedule: Unexpected EarlyEnd
03-23 08:42:10.370  1980  4745 D MI-SF   : updateScene: module = 268 (Animation), value = 0, pkg = perf_interaction, Vrr = 1, mSetTpIdleFlag = 0
03-23 08:42:10.370  1980  4745 D MI-SF   : isIdleTimerSkip is 0,mSetIdleForceFlag = 0
03-23 08:42:10.370  1980  4745 D MI-SF   : updateScene mSetAnimationFlag status 0, vsync 60
03-23 08:42:10.370  2337  4651 I DisplayModeDirectorImpl: SmartDisplayPolicyEnd
03-23 08:42:10.370  5421  5594 I RemoteTransitionHandlerStubImpl: invokeAndRemoveWctCB transition is null, curWctCB: null
03-23 08:42:10.370  2337  2509 I DisplayModeDirectorImpl: updateRefreshRateResultIfNeeded after:baseModeId=2 allowGroupSwitching=false primary=physical: (0.0 Infinity) render:  (0.0 120.0) appRequest=physical: (0.0 Infinity) render:  (0.0 120.0) idleScreenRefreshRateConfig=null mNormalModeSkipOveride: false
03-23 08:42:10.370  2337  4715 D BarFollowAnimation: checkBarStatus mReparentToOriginParent:false hasTopFullAppTask:true mHomeTask:Task{8b0ad35 #1 type=home} mCurrentTopTask: Task{f9fe425 #1507 type=standard A=10433:com.applist.test} mAssociatedTask: Task{f9fe425 #1507 type=standard A=10433:com.applist.test} homeTaskonTop:false mLastAppBarVisible:true mLastHomeBarVisible:false isInSplitScreen:false
03-23 08:42:10.370  2337  2510 I WindowManager: wms.hideSurface mWin:Window{dab620 u0 com.miui.miwallpaper.wallpaperservice.ImageWallpaper} reason:(prepareSurfaceLocked) in Surface(name=com.miui.miwallpaper.wallpaperservice.ImageWallpaper#57)/@0xa0f0b14
03-23 08:42:10.370  2337  2510 D WallpaperWindowTokenImpl: setVisibility for WallpaperWindowToken{88446c1 showWhenLocked=true} isVisible=false mLastSurfaceShowing=true mEnforceApplyVisibility=true
03-23 08:42:10.370  2337  2510 I WindowManager: wms.hideSurface mWin:Window{bbf0234 u0 com.miui.home/com.miui.home.launcher.Launcher} reason:(prepareSurfaceLocked) in Surface(name=com.miui.home/com.miui.home.launcher.Launcher#34481)/@0x9eb9e3b
03-23 08:42:10.370  2337  2510 I WindowManager: wms.hideSurface mWin:Window{14b4a42 u0 LauncherOverlayWindow:com.android.quicksearchbox} reason:(prepareSurfaceLocked) in Surface(name=LauncherOverlayWindow:com.android.quicksearchbox#34480)/@0xce71035
03-23 08:42:10.370  2337  2510 I WindowManager: wms.hideSurface mWin:Window{63613ea u0 LauncherOverlayWindow:com.miui.personalassistant} reason:(prepareSurfaceLocked) in Surface(name=LauncherOverlayWindow:com.miui.personalassistant#34482)/@0xb6ae304
03-23 08:42:10.370  1980  1980 D RefreshRateSelector: Touch Boost
03-23 08:42:10.371  4869  4869 I MiuiWallpaper-ImageWallpaper: onVisibilityChanged, visible = false
03-23 08:42:10.371  2337  2510 D WindowManager: New lock/shared screen wallpaper: Window{dab620 u0 com.miui.miwallpaper.wallpaperservice.ImageWallpaper}, prev: null
03-23 08:42:10.371  2337  2510 I WallpaperControllerImpl: updateWallpaperTokens requestedVisibility=false on keyguardLocked=false topWallpaper=Window{dab620 u0 com.miui.miwallpaper.wallpaperservice.ImageWallpaper}
03-23 08:42:10.371  2337  2510 D WindowManager: Wallpaper target=null prev=null
03-23 08:42:10.372  2337  2510 D BarFollowAnimation: pairAppearanceRegionAndWin win=Window{a3bd8c3 u0 com.applist.test/com.applist.test.MainActivity} 0
03-23 08:42:10.372  5421  5594 I MultiTaskingTaskRepository: needSkip::is home task
03-23 08:42:10.372  2337  2510 D BarFollowAnimation: isAppTaskBarOnTop win:Window{a3bd8c3 u0 com.applist.test/com.applist.test.MainActivity} (mCurrentTopTask:Task{f9fe425 #1507 type=standard A=10433:com.applist.test} : true); (mAssociatedTask:Task{f9fe425 #1507 type=standard A=10433:com.applist.test} : true); (mHomeTask:Task{8b0ad35 #1 type=home} : false); mReparentToOriginParent:false mLastAppBarVisible:true mLastHomeBarVisible:false
03-23 08:42:10.372  5421  5594 D MiuiDecorationHomeController: relayout::taskId=1, userId=0, visible=false, bounds=Rect(0, 0 - 1080, 2400), focused=false, activityType=2, displayId=0, baseActivity=ComponentInfo{com.miui.home/com.miui.home.launcher.Launcher}, topActivity=ComponentInfo{com.miui.home/com.miui.home.launcher.Launcher}, callers=com.android.wm.shell.multitasking.miuimultiwinswitch.miuiwindowdecor.decoration.MiuiDecorationController.relayout:4 com.android.wm.shell.multitasking.miuimultiwinswitch.miuiwindowdecor.MulWinSwitchDecorViewModel.onTaskInfoChanged:18 com.android.wm.shell.multitasking.common.taskmanager.MultiTaskingTaskListener.onTaskInfoChanged:47 com.android.wm.shell.ShellTaskOrganizer.onTaskInfoChanged:136 android.window.TaskOrganizer$1.lambda$onTaskInfoChanged$6:300 
03-23 08:42:10.372  1754  2303 I MiClstc : simplifyLayerName Unknown layer 1, skip
03-23 08:42:10.372  1754  2303 I MiClstc : DropLayers erase layer 1
03-23 08:42:10.372  1754  2303 I MiClstc : DropLayers erase layer 8123
03-23 08:42:10.372  1754  2303 I MiClstc : DropLayers erase layer 8124
03-23 08:42:10.372  2337  2510 D MiuiRefreshRatePolicy: reset
03-23 08:42:10.372  5421  5594 D MiuiDecorationBottom: releaseViews_HomeBottomCaption: taskId=1
03-23 08:42:10.372  1754  2303 I SDM     : ClstcAlgorithmAdapter::UcscToneMap():1623 Checksum for layer 7861 is: 0
03-23 08:42:10.373  4751  4751 D VRI[Launcher]: visibilityChanged oldVisibility=true newVisibility=false
03-23 08:42:10.373  1980  1980 I MI-SF   : surfaceflinger setAffinity mode=0
03-23 08:42:10.373  4751  4751 D OnLongClickAgent: reset:   removeMessages MSG_LONG_CLICK
03-23 08:42:10.373  4751  4751 D OnLongClickAgent: reset:   removeMessages MSG_LONG_CLICK
03-23 08:42:10.373  4751  4751 D OnLongClickAgent: reset:   removeMessages MSG_LONG_CLICK
03-23 08:42:10.373  4751  4751 D OnLongClickAgent: reset:   removeMessages MSG_LONG_CLICK
03-23 08:42:10.373  4751  4751 D OnLongClickAgent: reset:   removeMessages MSG_LONG_CLICK
03-23 08:42:10.373  4751  4751 D OnLongClickAgent: reset:   removeMessages MSG_LONG_CLICK
03-23 08:42:10.373  4751  4751 D OnLongClickAgent: reset:   removeMessages MSG_LONG_CLICK
03-23 08:42:10.373  4751  4751 D OnLongClickAgent: reset:   removeMessages MSG_LONG_CLICK
03-23 08:42:10.373  4751  4751 D OnLongClickAgent: reset:   removeMessages MSG_LONG_CLICK
03-23 08:42:10.373  4751  4751 D OnLongClickAgent: reset:   removeMessages MSG_LONG_CLICK
03-23 08:42:10.373  4751  4751 D OnLongClickAgent: reset:   removeMessages MSG_LONG_CLICK
03-23 08:42:10.373  4751  4751 D OnLongClickAgent: reset:   removeMessages MSG_LONG_CLICK
03-23 08:42:10.373  4751  4751 D OnLongClickAgent: reset:   removeMessages MSG_LONG_CLICK
03-23 08:42:10.373  4751  4751 D OnLongClickAgent: reset:   removeMessages MSG_LONG_CLICK
03-23 08:42:10.373  4751  4751 D OnLongClickAgent: reset:   removeMessages MSG_LONG_CLICK
03-23 08:42:10.374  2337  4715 D BarFollowAnimation: resetBarState transition:2013
03-23 08:42:10.374  4751  4751 I AutofillManager: onInvisibleForAutofill(): expiringResponse
03-23 08:42:10.374  4751  4751 D Launcher.Lifecycle: onStop:UserHandle{0},4823535,false
03-23 08:42:10.374  4751  4751 D UninstallDialogWrapper: mUninstallDialogShowing != isShowfalse, mUninstallDialogShowingfalse,isShowfalse
03-23 08:42:10.374  4751  4751 D SoscSplitStateController: updateDividerFixedState: isFixed = false
03-23 08:42:10.374  4751  4751 D Launcher_UnlockAnimationStateMachine: onStop = IDLE
03-23 08:42:10.375  5421  5594 D SoScSplitScreenController: updateDividerFixedState isFixed:false
03-23 08:42:10.375 10062 17393 D ForegroundUtils: Foreground UID status:
03-23 08:42:10.375 10062 17393 D ForegroundUtils: UID: 10129 is in foreground: true
03-23 08:42:10.375 10062 17393 D ForegroundUtils: UID: 10133 is in foreground: false
03-23 08:42:10.375 10062 17393 D ForegroundUtils: UID: 10134 is in foreground: true
03-23 08:42:10.375 10062 17393 D ForegroundUtils: UID: 10144 is in foreground: false
03-23 08:42:10.375 10062 17393 D ForegroundUtils: UID: 10235 is in foreground: true
03-23 08:42:10.375 10062 17393 D ForegroundUtils: UID: 10252 is in foreground: true
03-23 08:42:10.375 10062 17393 D ForegroundUtils: UID: 10312 is in foreground: false
03-23 08:42:10.375 10062 17393 D ForegroundUtils: UID: 10329 is in foreground: false
03-23 08:42:10.375 10062 17393 D ForegroundUtils: UID: 10364 is in foreground: false
03-23 08:42:10.375 10062 17393 D ForegroundUtils: UID: 10382 is in foreground: false
03-23 08:42:10.375 10062 17393 D ForegroundUtils: UID: 10383 is in foreground: false
03-23 08:42:10.375 10062 17393 D ForegroundUtils: UID: 10391 is in foreground: false
03-23 08:42:10.375 10062 17393 D ForegroundUtils: UID: 10433 is in foreground: true
03-23 08:42:10.375 10062 17393 D ForegroundUtils: UID: 99910382 is in foreground: false
03-23 08:42:10.375  1980  1980 E MI-SF   : surfaceflinger setAffinity success
03-23 08:42:10.375  2337  3829 I MiuiNetworkPolicy: updateUidState uid = 10332, uidState = 5
03-23 08:42:10.375  4751  4751 E Launcher.application: setClickAppWaitForCallback = false
03-23 08:42:10.375 10287 10424 D LauncherOverlay: setActivityState:0
03-23 08:42:10.375 21594 21632 D LauncherOverlay: setActivityState:0
03-23 08:42:10.375 10324 10771 D LauncherOverlay: setActivityState:0
03-23 08:42:10.376 10266 11407 V OsAgent : broadcastSystemEvent - 7
03-23 08:42:10.376 10266 11407 V OsAgent : broadcastSystemEvent - 7
03-23 08:42:10.376 10266 11407 V OsAgent : broadcastSystemEvent - 7
03-23 08:42:10.376 10266 11407 V OsAgent : broadcastSystemEvent - 7
03-23 08:42:10.376 10266 11407 V OsAgent : broadcastSystemEvent - 7
03-23 08:42:10.376 10266 11407 V OsAgent : broadcastSystemEvent - 7
03-23 08:42:10.377  2337  6633 I SmartPower: com.miui.personalassistant/10134(10287): visible->invisible(5344ms) R(become invisible) adj=100.
03-23 08:42:10.377  2337  6633 I SmartPower: com.miui.personalassistant/10134(10287): invisible->background(0ms) R(become background) adj=100.
03-23 08:42:10.377  2337  6633 D BarFollowAnimation: pairAppearanceRegionAndWin win=Window{a3bd8c3 u0 com.applist.test/com.applist.test.MainActivity} 0
03-23 08:42:10.377  2337  6633 D BarFollowAnimation: isAppTaskBarOnTop win:Window{a3bd8c3 u0 com.applist.test/com.applist.test.MainActivity} (mCurrentTopTask:Task{f9fe425 #1507 type=standard A=10433:com.applist.test} : true); (mAssociatedTask:Task{f9fe425 #1507 type=standard A=10433:com.applist.test} : true); (mHomeTask:Task{8b0ad35 #1 type=home} : false); mReparentToOriginParent:false mLastAppBarVisible:true mLastHomeBarVisible:false
03-23 08:42:10.377  2337  6633 D MiuiRefreshRatePolicy: reset
03-23 08:42:10.378  2337  2510 D WallpaperWindowTokenImpl: setVisibility for WallpaperWindowToken{88446c1 showWhenLocked=true} isVisible=false mLastSurfaceShowing=false mEnforceApplyVisibility=true
03-23 08:42:10.378 26141 26141 D HWUI    : DDRE Debug DrawPath: smoothCornerEnabled = true
03-23 08:42:10.378 10287 10287 W rsonalassistant: Binder 0xb400007952851e00 destroyed after setInheritRt before being parceled.
03-23 08:42:10.379  2337  6761 I SmartPower: com.android.quicksearchbox/10135(10324): visible->invisible(5352ms) R(become invisible) adj=100.
03-23 08:42:10.379  2337  6761 I SmartPower: com.android.quicksearchbox/10135(10324): invisible->background(0ms) R(become background) adj=100.
03-23 08:42:10.379 10287 10287 I LauncherOverlayCallback: handleMessage WHAT_ACTIVITY_STATE_CHANGED what锛?
03-23 08:42:10.379 10287 10287 D LauncherOverlay.Window: onStop
03-23 08:42:10.379  2337  6761 D BarFollowAnimation: pairAppearanceRegionAndWin win=Window{a3bd8c3 u0 com.applist.test/com.applist.test.MainActivity} 0
03-23 08:42:10.379 10287 10287 I LauncherOverlayCallback: handleMessage WHAT_LAUNCHER_STATE what锛?
03-23 08:42:10.379 10287 10287 D LauncherOverlay.Window: launcherState 0
03-23 08:42:10.379 10287 10287 D LauncherOverlay.Window: resumedStateNow 0,resumedStateNew = 0
03-23 08:42:10.379  2337  6761 D BarFollowAnimation: isAppTaskBarOnTop win:Window{a3bd8c3 u0 com.applist.test/com.applist.test.MainActivity} (mCurrentTopTask:Task{f9fe425 #1507 type=standard A=10433:com.applist.test} : true); (mAssociatedTask:Task{f9fe425 #1507 type=standard A=10433:com.applist.test} : true); (mHomeTask:Task{8b0ad35 #1 type=home} : false); mReparentToOriginParent:false mLastAppBarVisible:true mLastHomeBarVisible:false
03-23 08:42:10.379  2337  6761 D MiuiRefreshRatePolicy: reset
03-23 08:42:10.381 10324 10324 W .quicksearchbox: Binder 0xb40000795286d400 destroyed after setInheritRt before being parceled.
03-23 08:42:10.381  4751  5683 W com.miui.home: Binder 0xb4000079528b44a0 destroyed after setInheritRt before being parceled.
03-23 08:42:10.382  2337  5678 D WindowManager: New lock/shared screen wallpaper: Window{dab620 u0 com.miui.miwallpaper.wallpaperservice.ImageWallpaper}, prev: null
03-23 08:42:10.382  2337  5678 I WallpaperControllerImpl: updateWallpaperTokens requestedVisibility=false on keyguardLocked=false topWallpaper=Window{dab620 u0 com.miui.miwallpaper.wallpaperservice.ImageWallpaper}
03-23 08:42:10.382  2337  5678 D WindowManager: Wallpaper target=null prev=null
03-23 08:42:10.382  2337  5678 D BarFollowAnimation: pairAppearanceRegionAndWin win=Window{a3bd8c3 u0 com.applist.test/com.applist.test.MainActivity} 0
03-23 08:42:10.382  2337  5678 D BarFollowAnimation: isAppTaskBarOnTop win:Window{a3bd8c3 u0 com.applist.test/com.applist.test.MainActivity} (mCurrentTopTask:Task{f9fe425 #1507 type=standard A=10433:com.applist.test} : true); (mAssociatedTask:Task{f9fe425 #1507 type=standard A=10433:com.applist.test} : true); (mHomeTask:Task{8b0ad35 #1 type=home} : false); mReparentToOriginParent:false mLastAppBarVisible:true mLastHomeBarVisible:false
03-23 08:42:10.382  2337  5678 D MiuiRefreshRatePolicy: reset
03-23 08:42:10.384  2337  2497 W SSRU-ResourceUsageProxy: Nonexistent ongoing transaction AW_TOP:243082291 for u:0 pkg:com.miui.home ended
03-23 08:42:10.385  2337  3829 I MiuiNetworkPolicyTrafficLimit: updateWhiteListUidForMobileTraffic uid=10332,add=false
03-23 08:42:10.385  2337  3829 I MiuiNetworkPolicy: updateUidState uid = 10286, uidState = 5
03-23 08:42:10.385 10287 10373 D travelService_ActivityObserverUtils: activityStopped ComponentInfo{com.miui.home/com.miui.home.launcher.Launcher}
03-23 08:42:10.385 26931 27099 D EventBus: No subscribers registered for event class com.xiaomi.xms.event.msg.PageLifecycleMsg
