03-23 08:42:05.903  2337  6121 I MiuiSplitInputMethodImpl: Skpi check shouldUpdateImeTargetForBackScreen.
03-23 08:42:05.903  2337  6121 I MiuiSplitInputMethodImpl: Skpi check shouldUpdateImeTargetForBackScreen.
03-23 08:42:05.903  2337  6121 I MiuiSplitInputMethodImpl: Skpi check shouldUpdateImeTargetForBackScreen.
03-23 08:42:05.903  2337  6121 I MiuiSplitInputMethodImpl: Skpi check shouldUpdateImeTargetForBackScreen.
03-23 08:42:05.903  2337  6121 I MiuiSplitInputMethodImpl: Skpi check shouldUpdateImeTargetForBackScreen.
03-23 08:42:05.903  2337  6121 I MiuiSplitInputMethodImpl: Skpi check shouldUpdateImeTargetForBackScreen.
03-23 08:42:05.903  2337  6121 I MiuiSplitInputMethodImpl: Skpi check shouldUpdateImeTargetForBackScreen.
03-23 08:42:05.903  2337  6121 I MiuiSplitInputMethodImpl: Skpi check shouldUpdateImeTargetForBackScreen.
03-23 08:42:05.904  2337  4651 I DisplayModeDirectorImpl: SmartDisplayPolicyEnd
03-23 08:42:05.904  2337  4715 D BarFollowAnimation: checkBarStatus mReparentToOriginParent:false hasTopFullAppTask:false mHomeTask:Task{8b0ad35 #1 type=home} mCurrentTopTask: Task{6d54210 #1497 type=standard A=10433:com.applist.test} mAssociatedTask: Task{6d54210 #1497 type=standard A=10433:com.applist.test} homeTaskonTop:true mLastAppBarVisible:false mLastHomeBarVisible:true isInSplitScreen:false
03-23 08:42:05.904  5421  5594 I RemoteTransitionHandlerStubImpl: invokeAndRemoveWctCB transition is null, curWctCB: null
03-23 08:42:05.905  2337  2509 I DisplayModeDirectorImpl: updateRefreshRateResultIfNeeded after:baseModeId=2 allowGroupSwitching=false primary=physical: (0.0 Infinity) render:  (0.0 120.0) appRequest=physical: (0.0 Infinity) render:  (0.0 120.0) idleScreenRefreshRateConfig=null mNormalModeSkipOveride: false
03-23 08:42:05.908  2337  2510 D WallpaperWindowTokenImpl: setVisibility for WallpaperWindowToken{88446c1 showWhenLocked=true} isVisible=true mLastSurfaceShowing=false mEnforceApplyVisibility=true
03-23 08:42:05.908  2337  2510 I WindowManager: wms.hideSurface mWin:Window{1819bd5 u0 com.applist.test/com.applist.test.MainActivity} reason:(prepareSurfaceLocked) in Surface(name=com.applist.test/com.applist.test.MainActivity#34461)/@0x5d47d24
03-23 08:42:05.910  5421  5594 I MultiTaskingTaskInfo: MultiTaskingBaseTaskInfo::update::mTaskBounds = Rect(0, 0 - 1080, 2400), mTaskId = 1497
03-23 08:42:05.910  5421  5648 I MultiTaskingTaskInfo: releaseCoverLayerControl::mTaskId = 1497
03-23 08:42:05.910  5421  5594 D MultiTaskingAnimTarget: setAnimParam bounds: Rect(0, 0 - 1080, 2400) scaleX: 1.0 scaleY: 1.0
03-23 08:42:05.910  5421  5594 D MultiTaskingAnimTarget: java.lang.Throwable
03-23 08:42:05.910  5421  5594 D MultiTaskingAnimTarget: 	at com.android.wm.shell.multitasking.common.animation.MultiTaskingAnimTarget.setAnimParam(go/retraceme 905fe248eee73ec01aa5e2c7e8e2a5d900513e8d0994e37081a1508aaf5ff25f:35)
03-23 08:42:05.910  5421  5594 D MultiTaskingAnimTarget: 	at com.android.wm.shell.multitasking.common.animation.MultiTaskingFolmeControl.updateBaseAnimParam(go/retraceme 905fe248eee73ec01aa5e2c7e8e2a5d900513e8d0994e37081a1508aaf5ff25f:15)
03-23 08:42:05.910  5421  5594 D MultiTaskingAnimTarget: 	at com.android.wm.shell.multitasking.common.taskmanager.MultiTaskingTaskInfo.update(go/retraceme 905fe248eee73ec01aa5e2c7e8e2a5d900513e8d0994e37081a1508aaf5ff25f:23)
03-23 08:42:05.910  5421  5594 D MultiTaskingAnimTarget: 	at com.android.wm.shell.multitasking.common.taskmanager.MultiTaskingTaskRepository.onTaskInfoChanged(go/retraceme 905fe248eee73ec01aa5e2c7e8e2a5d900513e8d0994e37081a1508aaf5ff25f:133)
03-23 08:42:05.910  5421  5594 D MultiTaskingAnimTarget: 	at com.android.wm.shell.multitasking.common.taskmanager.MultiTaskingTaskListener.onTaskInfoChanged(go/retraceme 905fe248eee73ec01aa5e2c7e8e2a5d900513e8d0994e37081a1508aaf5ff25f:3)
03-23 08:42:05.910  5421  5594 D MultiTaskingAnimTarget: 	at com.android.wm.shell.ShellTaskOrganizer.onTaskInfoChanged(go/retraceme 905fe248eee73ec01aa5e2c7e8e2a5d900513e8d0994e37081a1508aaf5ff25f:136)
03-23 08:42:05.910  5421  5594 D MultiTaskingAnimTarget: 	at android.window.TaskOrganizer$1.lambda$onTaskInfoChanged$6(TaskOrganizer.java:300)
03-23 08:42:05.910  5421  5594 D MultiTaskingAnimTarget: 	at android.window.TaskOrganizer$1.$r8$lambda$ymyF3xZeY830CRyp4eBo81WJpe0(Unknown Source:0)
03-23 08:42:05.910  5421  5594 D MultiTaskingAnimTarget: 	at android.window.TaskOrganizer$1$$ExternalSyntheticLambda6.run(D8$$SyntheticClass:0)
03-23 08:42:05.910  5421  5594 D MultiTaskingAnimTarget: 	at android.os.Handler.handleCallback(Handler.java:1029)
03-23 08:42:05.910  5421  5594 D MultiTaskingAnimTarget: 	at android.os.Handler.dispatchMessage(Handler.java:107)
03-23 08:42:05.910  5421  5594 D MultiTaskingAnimTarget: 	at android.os.Looper.loopOnce(Looper.java:267)
03-23 08:42:05.910  5421  5594 D MultiTaskingAnimTarget: 	at android.os.Looper.loop(Looper.java:360)
03-23 08:42:05.910  5421  5594 D MultiTaskingAnimTarget: 	at android.os.HandlerThread.run(HandlerThread.java:85)
03-23 08:42:05.910  5421  5594 D MultiTaskingFolmeControl: updateBaseAnimParam taskId = 1497 taskBounds : Rect(0, 0 - 1080, 2400)
03-23 08:42:05.910  5421  5594 I MultiTaskingTaskRepository: onTaskInfoChanged::taskId = 1497, windowingMode = 1, mMultiWindowTaskIdsInZOrder = [5, 4], mFullscreenTaskIdsInZOrder = [1497, 1506, 1505, 1416, 1504, 1498, 1501, 1500, 1422, 1461, 1482, 1470], mFreeformTaskIdsInZOrder = [], mTasks: 1506, 1505, 1504, 1501, 1500, 1498, 1497, 1482, 1470, 1461, 1422, 1416, 8, 7, 6, 5, 4, 3, 1, 
03-23 08:42:05.910  5421  5594 D MiuiDecorationController: relayout:: taskId=1497 mRunningTaskInfo.mStatusBarParent=Surface(name=StatusBar Container of Task = 1497#31520)/@0x981f75a taskInfo.mStatusBarParent=null
03-23 08:42:05.910  5421  5594 D MiuiDecorationController: relayout:: taskId=1497 mRunningTaskInfo.mNavBarParent=Surface(name=NavigationBar Container of Task = 1497#31519)/@0xf4fed8b taskInfo.mNavBarParent=null
03-23 08:42:05.910  5421  5594 D MiuiDecorationController: relayout::taskId=1497, visible=false, bounds=Rect(0, 0 - 1080, 2400), focused=false, oldImmersive=false, newImmersive=false, windowMode=1, activityType=1, displayId=0, baseActivity=ComponentInfo{com.applist.test/com.applist.test.MainActivity}, topActivity=ComponentInfo{com.applist.test/com.applist.test.MainActivity}, callers=com.android.wm.shell.multitasking.miuimultiwinswitch.miuiwindowdecor.decoration.MiuiDecorationController.relayout:4 com.android.wm.shell.multitasking.miuimultiwinswitch.miuiwindowdecor.MulWinSwitchDecorViewModel.onTaskInfoChanged:18 com.android.wm.shell.multitasking.common.taskmanager.MultiTaskingTaskListener.onTaskInfoChanged:47 com.android.wm.shell.ShellTaskOrganizer.onTaskInfoChanged:136 android.window.TaskOrganizer$1.lambda$onTaskInfoChanged$6:300 
03-23 08:42:05.910  5421  5594 D MiuiDecorationDot: releaseViews_TopCaption: taskId=1497
03-23 08:42:05.910  5421  5594 D MiuiDecorationBottom: releaseViews_BottomCaption: taskId=1497
03-23 08:42:05.915  2337  6122 I DataHub : unregisterUIAgentListener packageName: com.applist.test~10433
03-23 08:42:05.915  2337  6122 I RemoteCallbackList: unregister success, remove callback for com.applist.test~10433
03-23 08:42:05.923  2337  3800 I MiuiSplitInputMethodImpl: Skpi check shouldUpdateImeTargetForBackScreen.
03-23 08:42:05.923  2337  3800 I MiuiSplitInputMethodImpl: Skpi check shouldUpdateImeTargetForBackScreen.
03-23 08:42:05.923  2337  3800 I MiuiSplitInputMethodImpl: Skpi check shouldUpdateImeTargetForBackScreen.
03-23 08:42:05.923  2337  3800 I MiuiSplitInputMethodImpl: Skpi check shouldUpdateImeTargetForBackScreen.
03-23 08:42:05.923  2337  3800 I MiuiSplitInputMethodImpl: Skpi check shouldUpdateImeTargetForBackScreen.
03-23 08:42:05.923  2337  3800 I MiuiSplitInputMethodImpl: Skpi check shouldUpdateImeTargetForBackScreen.
03-23 08:42:05.923  2337  3800 I MiuiSplitInputMethodImpl: Skpi check shouldUpdateImeTargetForBackScreen.
03-23 08:42:05.923  2337  3800 I MiuiSplitInputMethodImpl: Skpi check shouldUpdateImeTargetForBackScreen.
03-23 08:42:05.923  2337  3800 I MiuiSplitInputMethodImpl: Skpi check shouldUpdateImeTargetForBackScreen.
03-23 08:42:05.923  2337  3800 I MiuiSplitInputMethodImpl: Skpi check shouldUpdateImeTargetForBackScreen.
03-23 08:42:05.923  2337  3800 I MiuiSplitInputMethodImpl: Skpi check shouldUpdateImeTargetForBackScreen.
03-23 08:42:05.923  2337  3800 I MiuiSplitInputMethodImpl: Skpi check shouldUpdateImeTargetForBackScreen.
03-23 08:42:05.923  2337  3800 I MiuiSplitInputMethodImpl: Skpi check shouldUpdateImeTargetForBackScreen.
03-23 08:42:05.923  2337  3800 I MiuiSplitInputMethodImpl: Skpi check shouldUpdateImeTargetForBackScreen.
03-23 08:42:05.923  2337  3800 I MiuiSplitInputMethodImpl: Skpi check shouldUpdateImeTargetForBackScreen.
03-23 08:42:05.923  2337  3800 I MiuiSplitInputMethodImpl: Skpi check shouldUpdateImeTargetForBackScreen.
03-23 08:42:05.923  2337  3800 I MiuiSplitInputMethodImpl: Skpi check shouldUpdateImeTargetForBackScreen.
03-23 08:42:05.923  2337  3800 I MiuiSplitInputMethodImpl: Skpi check shouldUpdateImeTargetForBackScreen.
03-23 08:42:05.923  2337  3800 I MiuiSplitInputMethodImpl: Skpi check shouldUpdateImeTargetForBackScreen.
03-23 08:42:05.923  2337  3800 I MiuiSplitInputMethodImpl: Skpi check shouldUpdateImeTargetForBackScreen.
03-23 08:42:05.923  2337  3800 I MiuiSplitInputMethodImpl: Skpi check shouldUpdateImeTargetForBackScreen.
03-23 08:42:05.924  2337  3800 W InputMethodManagerService: Clear show forced flag.
03-23 08:42:05.924  2337  3800 I InputMethodManagerServiceImpl: Skip shouldIgnoreHideCurrentInputForBackDisplay check.
03-23 08:42:05.925  2337  6136 W AppCompatLetterboxPolicy: start not layout letterbox Window{63613ea u0 LauncherOverlayWindow:com.miui.personalassistant}
03-23 08:42:05.925  2337  6136 W AppCompatLetterboxPolicy: start not layout letterbox Window{14b4a42 u0 LauncherOverlayWindow:com.android.quicksearchbox}
03-23 08:42:05.925  2337  6136 D BarFollowAnimation: pairAppearanceRegionAndWin win=Window{bbf0234 u0 com.miui.home/com.miui.home.launcher.Launcher} 0
03-23 08:42:05.925  2337  6136 D BarFollowAnimation: isAppTaskBarOnTop win:Window{bbf0234 u0 com.miui.home/com.miui.home.launcher.Launcher} (mCurrentTopTask:Task{6d54210 #1497 type=standard A=10433:com.applist.test} : false); (mAssociatedTask:Task{6d54210 #1497 type=standard A=10433:com.applist.test} : false); (mHomeTask:Task{8b0ad35 #1 type=home} : true); mReparentToOriginParent:false mLastAppBarVisible:false mLastHomeBarVisible:true
03-23 08:42:05.925  2337  6136 D MiuiRefreshRatePolicy: reset
03-23 08:42:05.927  2337  3800 W SecurityInputMethodSwitcher: first check switch to security ime: false
03-23 08:42:05.927  2337  3800 W SecurityInputMethodSwitcher: double check switch to security ime: false
03-23 08:42:05.927  2337  3800 W SecurityInputMethodSwitcher: switch to other input method from security ime:false mayChangeToMiuiSecurityInputMethod: false current focus window: android.os.BinderProxy@56d4107
03-23 08:42:05.927  2337  3800 D InputMethodManagerService: startInputUncheckedLocked:set client state as:ClientState{348c166 mUid=10144 mPid=4751 mSelfReportedDisplayId=0}
03-23 08:42:05.928  2337  3800 D InputMethodManagerServiceImpl: ime switch to security: false , switch to normal ime: false , switch from security: false
03-23 08:42:05.931  2337  2497 W SSRU-ResourceUsageProxy: Nonexistent ongoing transaction AW_TOP:169844015 for u:0 pkg:com.applist.test ended
03-23 08:42:05.932  2337  6136 I MiuiSplitInputMethodImpl: Skpi check shouldUpdateImeTargetForBackScreen.
03-23 08:42:05.934  2337  2507 D Aurogon :  uid = 10433 switch to BG
03-23 08:42:05.934  2337  2509 I DisplayManagerServiceImpl: updateInputScene: , status: 0 targetPkg: input, cookie: 270
03-23 08:42:05.935  2337  2510 W AppCompatLetterboxPolicy: start not layout letterbox Window{63613ea u0 LauncherOverlayWindow:com.miui.personalassistant}
03-23 08:42:05.935  2337  2510 W AppCompatLetterboxPolicy: start not layout letterbox Window{14b4a42 u0 LauncherOverlayWindow:com.android.quicksearchbox}
03-23 08:42:05.935  2337  2510 D BarFollowAnimation: pairAppearanceRegionAndWin win=Window{bbf0234 u0 com.miui.home/com.miui.home.launcher.Launcher} 0
03-23 08:42:05.935  2337  2510 D BarFollowAnimation: isAppTaskBarOnTop win:Window{bbf0234 u0 com.miui.home/com.miui.home.launcher.Launcher} (mCurrentTopTask:Task{6d54210 #1497 type=standard A=10433:com.applist.test} : false); (mAssociatedTask:Task{6d54210 #1497 type=standard A=10433:com.applist.test} : false); (mHomeTask:Task{8b0ad35 #1 type=home} : true); mReparentToOriginParent:false mLastAppBarVisible:false mLastHomeBarVisible:true
03-23 08:42:05.935  2337  2510 D MiuiRefreshRatePolicy: reset
03-23 08:42:05.942  2337  2510 I DisplayPolicyStubImpl: com.android.server.wm.WindowState hide ime, enable touchboost
03-23 08:42:05.943  2337  2510 I DisplayPolicyStubImpl: com.android.server.wm.WindowState hide ime, enable touchboost
03-23 08:42:05.948  2337  6136 D VibratorManagerService: Vibration 2512 step 0 on vibrator 0 complete, notifying thread
03-23 08:42:05.952  2337  3540 D VibratorManagerService: VibrationThread released vibration 2512
03-23 08:42:05.952  2337  3540 D VibratorManagerServiceImpl: checkVibrationStop: vibrationId:2512
03-23 08:42:05.952  2337  3540 D VibratorManagerService: Finish AppOp mode VIBRATE for uid 10144 and package com.miui.home
03-23 08:42:05.952  2337  3540 D VibratorManagerService: Vibration for uid=10144 and with attrs=VibrationAttributes{mUsage=TOUCH, mAudioUsage= USAGE_UNKNOWN, mFlags=0} ended with status FINISHED
03-23 08:42:05.961  2337  2511 D WallpaperControllerImpl: updateOffsetNoCrop: multiCrop=true pkg=com.miui.miwallpaper cropHint={} scroll=false
03-23 08:42:05.961  2337  2511 D WallpaperControllerImpl: updateOffsetNoCrop: mWallpaperX=0.5f
03-23 08:42:05.961  2337  2511 D MiuiWallpaperSurfaceAnimation: resetEnable curState: STARTED
03-23 08:42:05.962  2337  2511 D MiuiWallpaperSurfaceAnimation: onAnimationEnd
03-23 08:42:05.962  2337  2511 D MiuiWallpaperSurfaceAnimation: setAnimationState curState: IDLE
03-23 08:42:06.041  2337  3934 D NetworkMetricsTracker: handleMessage:4
03-23 08:42:06.135  2337  4597 D Aurogon :  onForegroundActivitiesChanged packageName = com.applist.test
03-23 08:42:06.167  5421  5594 D MiuiFreeformModeGestureHandler: start handle MotionEvents:(1014.0,1506.0)
03-23 08:42:06.167  2337  2509 I MiuiSplitInputMethodImpl: Skip onPointerDownOutsideFocusLocked
03-23 08:42:06.167  5421  5594 D MiuiFreeformModeGestureHandler: handleMotionEvents mActiveMiuiFreeformTask null x: 1014.0 y: 1506.0 current miuiFreeformModeTaskInfo: 
03-23 08:42:06.167  2337  2509 I MiuiSplitInputMethodImpl: Skip onPointerDownOutsideFocusLocked
03-23 08:42:06.167  5421  5594 D MultiTaskingTaskRepository: getTopFullscreenTaskInfo: taskId=1497 windowingMode=1 isVisible=false isTopActivityTransparent=false
03-23 08:42:06.167  4751  4751 D VRI[Launcher]: getMiuiFreeformStackInfo mTmpFrames.miuiFreeFormStackInfo: null
03-23 08:42:06.167  2337  4656 I ProcessManager: getRenderThreadTidByPid, caller=2337
03-23 08:42:06.168  2337  2509 I MiuiSplitInputMethodImpl: Skip onPointerDownOutsideFocusLocked
03-23 08:42:06.168  5421  5594 D MultiTaskingTaskRepository: getTopFullscreenTaskInfo: taskId=1506 windowingMode=1 isVisible=false isTopActivityTransparent=false
03-23 08:42:06.168  5421  5594 D MultiTaskingTaskRepository: getTopFullscreenTaskInfo: taskId=1505 windowingMode=1 isVisible=false isTopActivityTransparent=false
03-23 08:42:06.168  5421  5594 D MultiTaskingTaskRepository: getTopFullscreenTaskInfo: taskId=1416 windowingMode=1 isVisible=false isTopActivityTransparent=false
03-23 08:42:06.168  5421  5594 D MultiTaskingTaskRepository: getTopFullscreenTaskInfo: taskId=1504 windowingMode=1 isVisible=false isTopActivityTransparent=false
03-23 08:42:06.168  5421  5594 D MultiTaskingTaskRepository: getTopFullscreenTaskInfo: taskId=1498 windowingMode=1 isVisible=false isTopActivityTransparent=false
03-23 08:42:06.168  5421  5594 D MultiTaskingTaskRepository: getTopFullscreenTaskInfo: taskId=1501 windowingMode=1 isVisible=false isTopActivityTransparent=false
03-23 08:42:06.168  5421  5594 D MultiTaskingTaskRepository: getTopFullscreenTaskInfo: taskId=1500 windowingMode=1 isVisible=false isTopActivityTransparent=false
03-23 08:42:06.168  5421  5594 D MultiTaskingTaskRepository: getTopFullscreenTaskInfo: taskId=1422 windowingMode=1 isVisible=false isTopActivityTransparent=false
03-23 08:42:06.168  5421  5594 D MultiTaskingTaskRepository: getTopFullscreenTaskInfo: taskId=1461 windowingMode=1 isVisible=false isTopActivityTransparent=false
03-23 08:42:06.168  5421  5594 D MultiTaskingTaskRepository: getTopFullscreenTaskInfo: taskId=1482 windowingMode=1 isVisible=false isTopActivityTransparent=false
03-23 08:42:06.168  5421  5594 D MultiTaskingTaskRepository: getTopFullscreenTaskInfo: taskId=1470 windowingMode=1 isVisible=false isTopActivityTransparent=false
03-23 08:42:06.168  5421  5594 D MulWinSwitchDecorViewModel: touchedInSplitOrFullTaskId::topVisibleFullscreenTaskInfo = null
03-23 08:42:06.168  5421  5594 D MulWinSwitchEventHandler: dispatchToFullOrSplitDecorationDot: touchedTaskId=-1
03-23 08:42:06.168  5421  5594 D MulWinSwitchEventHandler: handleReceivedMotionEvent: mTouchedBottomTaskId=-1
03-23 08:42:06.168  2337  4651 I DisplayModeDirectorImpl: setSmartDisplayUpRefreshRatePolicy [0.0,120.0]
03-23 08:42:06.168  2337  2509 D DisplayModeDirectorImpl: use smart display refresh rate policy false
03-23 08:42:06.169  2337  2509 I DisplayModeDirectorImpl: updateRefreshRateResultIfNeeded after:baseModeId=2 allowGroupSwitching=false primary=physical: (0.0 Infinity) render:  (0.0 120.0) appRequest=physical: (0.0 Infinity) render:  (0.0 120.0) idleScreenRefreshRateConfig=null mNormalModeSkipOveride: false
03-23 08:42:06.176  2337  2544 D CompatChangeReporter: Compat change id reported: 151861875; UID 10433; state: ENABLED
03-23 08:42:06.177  2337  2544 I ActivityTaskManager: removetask notifyTaskRemoved Task{6d54210 #1497 type=standard A=10433:com.applist.test}, call from com.android.server.wm.ActivityTaskSupervisor.removeTask:1979 com.android.server.wm.ActivityTaskSupervisor.removeTask:1924 com.android.server.wm.WindowProcessUtils.removeTaskLocked:391 com.android.server.wm.WindowProcessUtils.removeTask:378 com.android.server.am.ProcessCleanerBase.removeTaskIfNeeded:198 com.android.server.am.ProcessSceneCleaner.handleSwipeKill:203 com.android.server.am.ProcessSceneCleaner.-$$Nest$mhandleSwipeKill:0 com.android.server.am.ProcessSceneCleaner$H.handleMessage:120 
03-23 08:42:06.177  2337  2544 I ActivityTaskManager: removetask notifyTaskRemoved Task{6d54210 #1497 type=standard A=10433:com.applist.test}, call from com.android.server.wm.ActivityTaskSupervisor.removeTask:1924 com.android.server.wm.WindowProcessUtils.removeTaskLocked:391 com.android.server.wm.WindowProcessUtils.removeTask:378 com.android.server.am.ProcessCleanerBase.removeTaskIfNeeded:198 com.android.server.am.ProcessSceneCleaner.handleSwipeKill:203 com.android.server.am.ProcessSceneCleaner.-$$Nest$mhandleSwipeKill:0 com.android.server.am.ProcessSceneCleaner$H.handleMessage:120 android.os.Handler.dispatchMessage:114 
03-23 08:42:06.178  2337  2544 I ATMSImpl: cacheTasksForDefaultDisplay size=10 topId=2
03-23 08:42:06.179 29441 30846 E ContentCatcherManager: failed to get ContentCatcherService.
03-23 08:42:06.179  2337  6136 D CoreBackPreview: Window{1819bd5 u0 com.applist.test/com.applist.test.MainActivity}: Setting back callback null
03-23 08:42:06.179  2337  2544 I ProcessSceneCleaner: SwipeUpClean: force-stop pkgName=com.applist.test info=AS:90018
03-23 08:42:06.180  2337  2544 I ActivityManager: Force stopping com.applist.test appid=10433 user=0: SwipeUpClean
03-23 08:42:06.180 29441 29441 D DecorViewImmersiveImpl: onDetachedFromWindow
03-23 08:42:06.180  2337  4622 E ProcessManager: error write exception log
03-23 08:42:06.181  2337  2544 E ActivityManager: Unable to freeze binder for 29441: -11
03-23 08:42:06.183  2337  2544 I ActivityManager: Killing 29441 for binder freeze failed but process frozen
03-23 08:42:06.183  2337  2544 D ActivityManager: Force removing proc 29441:com.applist.test/u0a433 (com.applist.test/10433)
03-23 08:42:06.184  2337  2544 I ActivityManager: Killing 29441:com.applist.test/u0a433 (adj 900): stop com.applist.test due to SwipeUpClean
03-23 08:42:06.184  2337  2544 I ActivityManager: note: ProcessRecord{e95a35a 29441:com.applist.test/u0a433} is being killed, reason: USER REQUESTED, sub-reason: FORCE STOP, message: stop com.applist.test due to SwipeUpClean
03-23 08:42:06.185  2337  2544 I ActivityManager: note: ProcessRecord{e95a35a 29441:com.applist.test/u0a433} died, saving the exit info
03-23 08:42:06.185  2337  2544 W ActivityTaskManager: Force removing ActivityRecord{86632642 u0 com.applist.test/.MainActivity t1497 f}}: app died, no saved state
03-23 08:42:06.185  2337  2532 I ActivityManager: Update process exit info for com.applist.test(29441/u10433)
03-23 08:42:06.194  2337  2544 W AppCompatLetterboxPolicy: start not layout letterbox Window{63613ea u0 LauncherOverlayWindow:com.miui.personalassistant}
03-23 08:42:06.194  2337  3490 W UsageStatsService: Unexpected activity event reported! (com.applist.test/com.applist.test.MainActivity event : 23 instanceId : 169844015)
03-23 08:42:06.194  2337  2544 W AppCompatLetterboxPolicy: start not layout letterbox Window{14b4a42 u0 LauncherOverlayWindow:com.android.quicksearchbox}
03-23 08:42:06.194  2337  4597 D ExternalInterface: setUidState, uid = 10433 allow = true
03-23 08:42:06.194  2337  2544 D BarFollowAnimation: pairAppearanceRegionAndWin win=Window{bbf0234 u0 com.miui.home/com.miui.home.launcher.Launcher} 0
03-23 08:42:06.194  2337  2544 D BarFollowAnimation: isAppTaskBarOnTop win:Window{bbf0234 u0 com.miui.home/com.miui.home.launcher.Launcher} (mCurrentTopTask:Task{6d54210 #1497 type=standard A=10433:com.applist.test} : false); (mAssociatedTask:Task{6d54210 #1497 type=standard A=10433:com.applist.test} : false); (mHomeTask:Task{8b0ad35 #1 type=home} : true); mReparentToOriginParent:false mLastAppBarVisible:false mLastHomeBarVisible:true
03-23 08:42:06.195  2337  2544 D MiuiRefreshRatePolicy: reset
03-23 08:42:06.195  2337  2544 D BarFollowAnimation: onTaskInfoChanedForCaptionBar Task{6d54210 #1497 type=standard A=10433:com.applist.test} shouldbeVisible:false isVisible:false isOnTop:false windowMode:1 preDisplayId:-1 displayId:0 mCaptionAssociatedTask:null mIsTouchedInCaption:false
03-23 08:42:06.195  2337  2544 I WindowManager: unsetColor Surface(name=Task=1497#31518)/@0xfcf66d3
03-23 08:42:06.196  2337  2544 D BarFollowAnimation: onTaskValishedForCaptionBar Task{6d54210 #1497 type=standard A=10433:com.applist.test}
03-23 08:42:06.197  2337  2510 W ActivityTaskManager: Can't find TaskDisplayArea to determine support for multi window. Task id=1497 attached=false
03-23 08:42:06.197  2337  2510 W ActivityTaskManager: Can't find TaskDisplayArea to determine support for multi window. Task id=1497 attached=false
03-23 08:42:06.198  5421  5594 I MultiTaskingTaskRepository: onTaskVanished::taskId = 1497 mTasks: 1506, 1505, 1504, 1501, 1500, 1498, 1497, 1482, 1470, 1461, 1422, 1416, 8, 7, 6, 5, 4, 3, 1, 
03-23 08:42:06.198  5421  5594 D MultiTaskingTaskRepository: removeMultiTaskingTaskInfo::taskInfo.taskId = 1497 current mMultiTaskingTaskInfoList: { ,1506 ,1505 ,1504 ,1501 ,1500 ,1498 ,1497 ,1482 ,1470 ,1461 ,1422 ,1416 ,5 ,4 }
03-23 08:42:06.198  5421  5594 D MultiTaskingTaskRepository: removeFullscreenTask::taskId = 1497
03-23 08:42:06.198  5421  5594 I MultiTaskingTaskRepository: onTaskVanished::mMultiWindowTaskIdsInZOrder = [5, 4], mFullscreenTaskIdsInZOrder = [1506, 1505, 1416, 1504, 1498, 1501, 1500, 1422, 1461, 1482, 1470]
03-23 08:42:06.198  5421  5594 D MulWinSwitchEventHandler: onForceStop taskId = 1497, type = TASK_VANISH, mTouchedTaskId = -1
03-23 08:42:06.198  5421  5594 D MulWinSwitchDecorViewModel: destroyWindowDecoration: taskId=1497 windowingMode=1 mWindowDecorByTaskId.size()=12 callers=com.android.wm.shell.multitasking.common.taskmanager.MultiTaskingTaskListener.onTaskVanished:8 com.android.wm.shell.ShellTaskOrganizer.onTaskVanished:146 android.window.TaskOrganizer$1.lambda$onTaskVanished$5:295 android.window.TaskOrganizer$1.$r8$lambda$BfZljSLvbOxLl9lAmxVzXFoCjYU:0 android.window.TaskOrganizer$1$$ExternalSyntheticLambda0.run:0 
03-23 08:42:06.198  5421  5594 D MiuiDecorationDot: releaseViews_TopCaption: taskId=1497
03-23 08:42:06.198  5421  5594 D MiuiDecorationBottom: releaseViews_BottomCaption: taskId=1497
03-23 08:42:06.199  2337  2544 I AppsFilter: interaction: PackageSetting{f752785 com.android.microdroid.empty_payload/10260} -> PackageSetting{174c38a com.applist.test/10433} BLOCKED
03-23 08:42:06.199  2337  2544 I AppsFilter: interaction: PackageSetting{d94e0b bin.mt.termex/10271} -> PackageSetting{174c38a com.applist.test/10433} BLOCKED
03-23 08:42:06.200  2337 10037 E TaskPersister: File error accessing recents directory (directory doesn't exist?).
03-23 08:42:06.202  2337 10037 E TaskPersister: File error accessing recents directory (directory doesn't exist?).
03-23 08:42:06.203  2337  4715 D BarFollowAnimation: reparentAppBarToBirthParent  mCurrentTopTaskisVisible:false mAssociatedTaskisVisible:false mHomeTaskisVisible:true
03-23 08:42:06.203  2337  2527 D BroadcastQueue: Logging broadcast for android, stopped=false, firstLaunch=false
03-23 08:42:06.204  2337  2527 D BroadcastQueue: Logging broadcast for android, stopped=false, firstLaunch=false
03-23 08:42:06.204  2337  2527 D BroadcastQueue: Logging broadcast for android, stopped=false, firstLaunch=false
03-23 08:42:06.204  2337  2527 D BroadcastQueue: Logging broadcast for android, stopped=false, firstLaunch=false
03-23 08:42:06.204  2337  2527 D BroadcastQueue: Logging broadcast for android, stopped=false, firstLaunch=false
03-23 08:42:06.204  2337  2527 D BroadcastQueue: Logging broadcast for android, stopped=false, firstLaunch=false
03-23 08:42:06.204  2337  2527 D BroadcastQueue: Logging broadcast for android, stopped=false, firstLaunch=false
03-23 08:42:06.204  2337  2527 D BroadcastQueue: Logging broadcast for android, stopped=false, firstLaunch=false
03-23 08:42:06.204  2337  2527 D BroadcastQueue: Logging broadcast for com.android.phone, stopped=false, firstLaunch=false
03-23 08:42:06.204  2337  2527 D BroadcastQueue: Logging broadcast for com.android.phone, stopped=false, firstLaunch=false
03-23 08:42:06.205  2337  2527 D BroadcastQueue: Logging broadcast for com.android.phone, stopped=false, firstLaunch=false
03-23 08:42:06.205  2337  2527 D BroadcastQueue: Logging broadcast for com.android.systemui, stopped=false, firstLaunch=false
03-23 08:42:06.205  2337  2527 D BroadcastQueue: Logging broadcast for com.android.systemui, stopped=false, firstLaunch=false
03-23 08:42:06.205  2337  2527 D BroadcastQueue: Logging broadcast for com.android.nfc, stopped=false, firstLaunch=false
03-23 08:42:06.205  2337  2527 D BroadcastQueue: Logging broadcast for com.android.nfc, stopped=false, firstLaunch=false
03-23 08:42:06.206  2337  2527 D BroadcastQueue: Logging broadcast for com.miui.home, stopped=false, firstLaunch=false
03-23 08:42:06.226  2337  2509 W ActivityManager: setHasOverlayUi called on unknown pid: 29441
03-23 08:42:06.226  2337  2529 I ActivityManager: Got SIGCHLD from zygote: pid=29441, uid=10433, status=9
03-23 08:42:06.226  2337  2532 I ActivityManager: zygote: proc died: pid=29441 uid=10433, status=9
03-23 08:42:06.243  2337  6761 D MiuiWallpaperAnimationManager: startScaleAnimation  from: 1.06 to: 1.0 by window: Window{bbf0234 u0 com.miui.home/com.miui.home.launcher.Launcher}
03-23 08:42:06.243  2337  6761 D MiuiWallpaperSurfaceAnimation: setAnimationState curState: INITIALIZED
03-23 08:42:06.244  2337  2511 D MiuiWallpaperSurfaceAnimation: setAnimationState curState: STARTED
03-23 08:42:06.245  2337  5678 D MIUI_SBMS: disableForUser what = 0, pkg = com.miui.personalassistant, userId = 0
03-23 08:42:06.359  2337  4656 D QcomSchedBoost: stopBoostInternal
03-23 08:42:06.383  2337  4597 D GreezeManager:  report signal uid = 10433 pid = 29441is not frozen.
03-23 08:42:06.474  2337  2527 D BroadcastQueue: Logging broadcast for com.android.phone, stopped=false, firstLaunch=false
03-23 08:42:06.700  2337  2527 D BroadcastQueue: Logging broadcast for com.miui.miwallpaper, stopped=false, firstLaunch=false
03-23 08:42:06.701  2337  2527 D BroadcastQueue: Logging broadcast for com.google.android.gms, stopped=false, firstLaunch=false
03-23 08:42:06.701  2337  2527 D BroadcastQueue: Logging broadcast for com.google.android.gms, stopped=false, firstLaunch=false
03-23 08:42:06.711  2337  2509 W AccessibilityWindowsPopulator: Windows change within in 2 frames continuously over 500 ms and notify windows changed immediately
03-23 08:42:06.714  2337  2527 D BroadcastQueue: Logging broadcast for com.google.android.gms, stopped=false, firstLaunch=false
03-23 08:42:06.714  2337  2527 D BroadcastQueue: Logging broadcast for com.xiaomi.xmsf, stopped=false, firstLaunch=false
03-23 08:42:06.714  2337  2527 D BroadcastQueue: Logging broadcast for com.xiaomi.xmsf, stopped=false, firstLaunch=false
03-23 08:42:06.714  2337  2527 D BroadcastQueue: Logging broadcast for com.milink.service, stopped=false, firstLaunch=false
03-23 08:42:06.748  2337 10154 W ActivityTaskManager: MANAGE_ACTIVITY_STACKS is deprecated, please use alternative permission: MANAGE_ACTIVITY_TASKS
03-23 08:42:06.918  2337  2511 D WallpaperControllerImpl: updateOffsetNoCrop: multiCrop=true pkg=com.miui.miwallpaper cropHint={} scroll=false
03-23 08:42:06.918  2337  2511 D WallpaperControllerImpl: updateOffsetNoCrop: mWallpaperX=0.5f
03-23 08:42:06.918  2337  2511 D MiuiWallpaperSurfaceAnimation: resetEnable curState: STARTED
03-23 08:42:06.918  2337  2511 D MiuiWallpaperSurfaceAnimation: onAnimationEnd
03-23 08:42:06.918  2337  2511 D MiuiWallpaperSurfaceAnimation: setAnimationState curState: IDLE
03-23 08:42:07.169  2337  4651 I DisplayModeDirectorImpl: SmartDisplayPolicyEnd
03-23 08:42:07.170  2337  2509 I DisplayModeDirectorImpl: updateRefreshRateResultIfNeeded after:baseModeId=2 allowGroupSwitching=false primary=physical: (0.0 Infinity) render:  (0.0 120.0) appRequest=physical: (0.0 Infinity) render:  (0.0 120.0) idleScreenRefreshRateConfig=null mNormalModeSkipOveride: false
03-23 08:42:07.325  2337  4602 D ExternalInterface: setUidState, uid = 10312 allow = false
03-23 08:42:07.760  2337 10154 W ActivityTaskManager: MANAGE_ACTIVITY_STACKS is deprecated, please use alternative permission: MANAGE_ACTIVITY_TASKS
03-23 08:42:08.167  2337  4656 D QcomSchedBoost: stopBoostInternal
03-23 08:42:08.168  2337  4656 D QcomSchedBoost: stopBoostInternal
03-23 08:42:08.526  2337  4649 I SmartPower: com.miui.voiceassist:core/10190(9988): background->idle(3001ms) R(broadcast start Intent { act=android.intent.action.CLOSE_SYSTEM_DIALOGS flg=0x50000010 (has extras) }) adj=100.
03-23 08:42:09.529  2337  2527 D BroadcastQueue: Logging broadcast for com.android.phone, stopped=false, firstLaunch=false
03-23 08:42:09.598  2337  2509 I MiuiSplitInputMethodImpl: Skip onPointerDownOutsideFocusLocked
03-23 08:42:09.599  2337  2509 I MiuiSplitInputMethodImpl: Skip onPointerDownOutsideFocusLocked
03-23 08:42:09.599  2337  2509 I MiuiSplitInputMethodImpl: Skip onPointerDownOutsideFocusLocked
03-23 08:42:09.599  5421  5594 D MiuiFreeformModeGestureHandler: start handle MotionEvents:(762.0,280.5)
03-23 08:42:09.599  5421  5594 D MiuiFreeformModeGestureHandler: handleMotionEvents mActiveMiuiFreeformTask null x: 762.0 y: 280.5 current miuiFreeformModeTaskInfo: 
03-23 08:42:09.599  5421  5594 D MultiTaskingTaskRepository: getTopFullscreenTaskInfo: taskId=1506 windowingMode=1 isVisible=false isTopActivityTransparent=false
03-23 08:42:09.599  5421  5594 D MultiTaskingTaskRepository: getTopFullscreenTaskInfo: taskId=1505 windowingMode=1 isVisible=false isTopActivityTransparent=false
03-23 08:42:09.600  5421  5594 D MultiTaskingTaskRepository: getTopFullscreenTaskInfo: taskId=1416 windowingMode=1 isVisible=false isTopActivityTransparent=false
03-23 08:42:09.600  2337  4656 I ProcessManager: getRenderThreadTidByPid, caller=2337
03-23 08:42:09.600  5421  5594 D MultiTaskingTaskRepository: getTopFullscreenTaskInfo: taskId=1504 windowingMode=1 isVisible=false isTopActivityTransparent=false
03-23 08:42:09.600  5421  5594 D MultiTaskingTaskRepository: getTopFullscreenTaskInfo: taskId=1498 windowingMode=1 isVisible=false isTopActivityTransparent=false
03-23 08:42:09.600  5421  5594 D MultiTaskingTaskRepository: getTopFullscreenTaskInfo: taskId=1501 windowingMode=1 isVisible=false isTopActivityTransparent=false
03-23 08:42:09.600  5421  5594 D MultiTaskingTaskRepository: getTopFullscreenTaskInfo: taskId=1500 windowingMode=1 isVisible=false isTopActivityTransparent=false
03-23 08:42:09.600  2337  4651 I DisplayModeDirectorImpl: setSmartDisplayUpRefreshRatePolicy [0.0,120.0]
03-23 08:42:09.600  5421  5594 D MultiTaskingTaskRepository: getTopFullscreenTaskInfo: taskId=1422 windowingMode=1 isVisible=false isTopActivityTransparent=false
03-23 08:42:09.601  5421  5594 D MultiTaskingTaskRepository: getTopFullscreenTaskInfo: taskId=1461 windowingMode=1 isVisible=false isTopActivityTransparent=false
03-23 08:42:09.601  5421  5594 D MultiTaskingTaskRepository: getTopFullscreenTaskInfo: taskId=1482 windowingMode=1 isVisible=false isTopActivityTransparent=false
03-23 08:42:09.601  5421  5594 D MultiTaskingTaskRepository: getTopFullscreenTaskInfo: taskId=1470 windowingMode=1 isVisible=false isTopActivityTransparent=false
03-23 08:42:09.601  5421  5594 D MulWinSwitchDecorViewModel: touchedInSplitOrFullTaskId::topVisibleFullscreenTaskInfo = null
03-23 08:42:09.601  2337  2509 D DisplayModeDirectorImpl: use smart display refresh rate policy false
03-23 08:42:09.601  5421  5594 D MulWinSwitchEventHandler: dispatchToFullOrSplitDecorationDot: touchedTaskId=-1
03-23 08:42:09.601  5421  5594 D MulWinSwitchEventHandler: handleReceivedMotionEvent: mTouchedBottomTaskId=-1
03-23 08:42:09.602  2337  2509 I DisplayModeDirectorImpl: updateRefreshRateResultIfNeeded after:baseModeId=2 allowGroupSwitching=false primary=physical: (0.0 Infinity) render:  (0.0 120.0) appRequest=physical: (0.0 Infinity) render:  (0.0 120.0) idleScreenRefreshRateConfig=null mNormalModeSkipOveride: false
03-23 08:42:09.602  4751  4751 D VRI[Launcher]: getMiuiFreeformStackInfo mTmpFrames.miuiFreeFormStackInfo: null
03-23 08:42:09.605  2337  6761 D PreStartingManager: Load bitmap start, fileName: /data/system_ce/0/pre_starting_bitmap/com.applist.test_0_normal_light.webp
03-23 08:42:09.605  2337  4622 I Perf[AppStartScene]: onSceneChangeNotify:Bundle[{type=0, state=0}]
03-23 08:42:09.605  2337  4622 D MiuiEmbeddingWindow: blacklistedAppRunningOnPhone: package=com.applist.testisNotProjeciton=true isHavingJeppackDisabledConfig=false isRunningOnPhone=true isAppleConnection=false
03-23 08:42:09.605  2337  4622 D MiuiEmbeddingWindow: MiuiEmbeddingWindowService: updateApplicationInfo for com.applist.test, blacklistedAppRunningOnPhone updated: clear
03-23 08:42:09.607  2337  4622 I Perf[AppStartScene]: onSceneChangeNotify:Bundle[{hostingRecordName={com.applist.test/com.applist.test.MainActivity}, hostingRecordType=prestart-top-activity, uid=10433, type=0, state=1, processName=com.applist.test, packageName=com.applist.test}]
03-23 08:42:09.607  2337  4622 I ActivityManager: Posting procStart msg for 0:com.applist.test/u0a433
03-23 08:42:09.607  2337  2528 W ActivityManager: Unknown package:com.xiaomi.aiservice
03-23 08:42:09.610  2337  2528 I Perf[AppStartScene]: onSceneChangeNotify:Bundle[{hostingRecordName={com.applist.test/com.applist.test.MainActivity}, hostingRecordType=prestart-top-activity, pid=24953, uid=10433, type=0, state=2, processName=com.applist.test, packageName=com.applist.test}]
03-23 08:42:09.620  2337 11912 D PreStartingCapture: Load bitmap end, fileName: /data/system_ce/0/pre_starting_bitmap/com.applist.test_0_normal_light.webp  mBitmapDrawableCache: {com.applist.test=android.graphics.drawable.BitmapDrawable@eb7f0f9}
03-23 08:42:09.622  2337  2528 I ActivityManager: Start proc 24953:com.applist.test/u0a433 for prestart-top-activity {com.applist.test/com.applist.test.MainActivity} caller=null
03-23 08:42:09.622  2337  2528 I ActivityManager: ProcessObserver broadcast disabled
03-23 08:42:09.632  2337  6761 D MiuiForceVkService: shouldUseVk, pkg=com.applist.test useVk 0
03-23 08:42:09.632 24953 24953 I ActivityThread: Current dynamic renderEngine type=0
03-23 08:42:09.635  2337  6761 I Perf[AppStartScene]: onSceneChangeNotify:Bundle[{applicationThread=android.os.BinderProxy@3d5b69f, hostingRecordName={com.applist.test/com.applist.test.MainActivity}, hostingRecordType=prestart-top-activity, pid=24953, uid=10433, type=0, state=3, processName=com.applist.test, packageName=com.applist.test, applicationThreadExt=android.os.BinderProxy@d9d63ec}]
03-23 08:42:09.637  2337  6761 I SmartPower: com.applist.test/10433(24953): died->background(3453ms) R(process start ) adj=-10000.
03-23 08:42:09.642  2337  6761 W MiuiBoosterUtils: enable_miuibooster_launch : false
03-23 08:42:09.645 24953  4105 D MiuiDownscaleImpl: set override inverted scale : 1.0
03-23 08:42:09.647  2337  2507 D Aurogon :  uid = 10433 switch to FG
03-23 08:42:09.656  2337  4602 D GreezeManager: freezeBinder pid=17491 block=true state=-11
03-23 08:42:09.664  2337  4602 D GreezeManager: freezeBinder pid=7038 block=true state=-11
03-23 08:42:09.667  2337  4602 D GreezeManager: FZ uid = 99910382 reason =check binder success !
03-23 08:42:09.668  2337  4602 I PowerManagerServiceImpl: Partial wakeLock:[PARTIAL_WAKE_LOCK                 'VFS:Maintenance' ACQ=-5s18ms (uid=99910382 pid=7038 pkg=com.tencent.mm)], disabled: true, procState: 10, reason: greeze
03-23 08:42:09.669  2337  4602 D ExternalInterface: setUidState, uid = 99910382 allow = false
03-23 08:42:09.674  2337 10154 D GreezeManager: THAW uid = 99910382 pid = [ 7038 17491 ]  reason : Check Binder caller : 1
03-23 08:42:09.674  2337 10154 I PowerManagerServiceImpl: Partial wakeLock:[PARTIAL_WAKE_LOCK                 'VFS:Maintenance' DISABLED (uid=99910382 pid=7038 pkg=com.tencent.mm)], disabled: false, procState: 10, reason: greeze
03-23 08:42:09.675  2337 10154 D ExternalInterface: setUidState, uid = 99910382 allow = true
03-23 08:42:09.676  2337  4656 D QcomSchedBoost: stopBoostInternal
03-23 08:42:09.676  2337  4656 D QcomSchedBoost: stopBoostInternal
03-23 08:42:09.676  2337  4656 D QcomSchedBoost: stopBoostInternal
03-23 08:42:09.677  2337  4654 E PerfShielderService: onScenarioChanged start type: 296 time:63170706
03-23 08:42:09.678  2337  5678 W XSpaceManagerServiceImpl: checkXSpaceControl, from:com.miui.home, to:com.applist.test, with act:android.intent.action.MAIN, callingUserId:0, toUserId:0
03-23 08:42:09.678  2337  5678 E ActivityStarterImpl: checkDeviceGuardStartActivityPermission: request is null
03-23 08:42:09.678  2337  5678 I SecurityManagerService: isVirtualDisplayActive caller=com.miui.home~10144, target=com.applist.test~10433~0
03-23 08:42:09.678  2337  5678 I SecurityManagerService: find uiagent virtual display id=0
03-23 08:42:09.678  2337  5678 I SecurityManagerService: no uiagent display, return
03-23 08:42:09.679  2337  5678 I SecurityManagerService: isVirtualDisplayActive, should not intercept
03-23 08:42:09.680  2337  5678 W OptProp : Cannot read opt property android.window.PROPERTY_COMPAT_ALLOW_RESIZEABLE_ACTIVITY_OVERRIDES
03-23 08:42:09.680  2337  5678 W OptProp : Cannot read opt property android.window.PROPERTY_COMPAT_ALLOW_MIN_ASPECT_RATIO_OVERRIDE
03-23 08:42:09.680  2337  5678 I AnimInterruptController: FIS notify Foresee interrupt start:2050
03-23 08:42:09.680  2337  5678 I AnimInterruptController: remove FO timeout
03-23 08:42:09.680  2337  5678 D DisplayContentStubImpl: Remove FixedRotationTimeoutRunnable
03-23 08:42:09.680  2337  5678 D BLASTSyncEngine: [DH_DEBUG]scheduleTimeout #2051 success=true timeoutMs=5000 callback=com.android.server.wm.BLASTSyncEngine$SyncGroup$$ExternalSyntheticLambda2@1fa0a69
03-23 08:42:09.680  2337  5678 I ActivityStarterImpl: isKeyguardEditor: false, newTransition: TransitionRecord{cd89cee id=2051 type=OPEN flags=0x0}
03-23 08:42:09.680  2337  5678 I SmartPower: com.applist.test/10433(24953): background->invisible(44ms) R(become foreground) adj=0.
03-23 08:42:09.680  2337  5678 D WindowManager: Collecting in transition 2051: ActivityRecord{102729103 u0 com.applist.test/.MainActivity init visibleRequested:false dc:null
03-23 08:42:09.681  2337  5678 I ActivityStarterImpl: boost warm start activity for com.applist.test
03-23 08:42:09.682  2337  5678 D MiuiFreeformServiceImpl: addLaunchFreeformActivityOptionIfNeed sourceFfas: null
03-23 08:42:09.682  2337  5678 D MiuiFreeformServiceImpl: addLaunchFreeformActivityOptionIfNeed skip due to not find sourceTask: null sourceFfas: null sourceFreeFormActivity: ActivityRecord{116178850 u0 com.miui.home/.launcher.Launcher t2}
03-23 08:42:09.683  2337  5678 I ATMSImpl: cacheTasksForDefaultDisplay size=10 topId=2
03-23 08:42:09.684  2337  5678 D BarFollowAnimation: onTaskAppearedForCaptionBar Task{f9fe425 #1507 type=standard}
03-23 08:42:09.685  2337  5678 D WindowManager: Collecting in transition 2051: Task{f9fe425 #1507 type=standard A=10433:com.applist.test} init visibleRequested:false dc:Display{#0 state=ON size=1080x2400 ROTATION_0}
03-23 08:42:09.685  2337  4715 D BarFollowAnimation:  CreateBarRunnable  mTask = Task{f9fe425 #1507 type=standard A=10433:com.applist.test} mSurfaceControl = Surface(name=Task=1507#34492)/@0x1b7a01c currentPid = 2337 currentThread name = BarFollowAnimation Thread currentThread id = 370
03-23 08:42:09.685  2337  5678 D BarFollowAnimation: onTaskInfoChanedForCaptionBar Task{f9fe425 #1507 type=standard A=10433:com.applist.test} shouldbeVisible:true isVisible:false isOnTop:true windowMode:1 preDisplayId:-1 displayId:0 mCaptionAssociatedTask:null mIsTouchedInCaption:false
03-23 08:42:09.685  2337  5678 D BarFollowAnimation: onTaskInfoChanedForCaptionBar Task{f9fe425 #1507 type=standard A=10433:com.applist.test} shouldbeVisible:true isVisible:false isOnTop:true windowMode:1 preDisplayId:-1 displayId:0 mCaptionAssociatedTask:null mIsTouchedInCaption:false
03-23 08:42:09.685  2337  5678 W OptProp : Cannot read opt property android.window.PROPERTY_COMPAT_ALLOW_ORIENTATION_OVERRIDE
03-23 08:42:09.686  2337  5678 D BarFollowAnimation: onTaskInfoChanedForCaptionBar Task{f9fe425 #1507 type=standard A=10433:com.applist.test} shouldbeVisible:true isVisible:false isOnTop:true windowMode:1 preDisplayId:-1 displayId:0 mCaptionAssociatedTask:null mIsTouchedInCaption:false
03-23 08:42:09.686  2337  5678 D MiuiFreeFormManagerService: onStartActivityInner as = Task{f9fe425 #1507 type=standard A=10433:com.applist.test} op = ActivityOptions(20143046), mPackageName=null, mAnimationType=13, mStartX=0, mStartY=0, mWidth=0, mHeight=0, mLaunchDisplayId=-1, mLaunchBoundsnull, mElementSurfaceTransition = null, activityOptionsInjector=ActivityOptionsInjector={freeformScale: -1.0 mIsNormalFreeForm: true}
03-23 08:42:09.686  2337  5678 D TaskStubImpl: setToBackByHome false for Task#1507
03-23 08:42:09.686  2337  5678 I ActivityTaskManager: moveTaskToFront: Task{f9fe425 #1507 type=standard A=10433:com.applist.test} caller trace:com.android.server.wm.TaskDisplayArea.onTaskMoved:461 com.android.server.wm.Task.updateTaskMovement:1756 com.android.server.wm.TaskDisplayArea.positionChildTaskAt:425 com.android.server.wm.TaskDisplayArea.positionChildAt:386 com.android.server.wm.Task.moveToFront:6245 com.android.server.wm.Task.moveToFront:6215 com.android.server.wm.ActivityStarter.startActivityInner:2455 com.android.server.wm.ActivityStarter.startActivityUnchecked:1958 com.android.server.wm.ActivityStarter.executeRequest:1770 com.android.server.wm.ActivityStarter.execute:997 
03-23 08:42:09.686  2337  5678 I ActivityRecordImpl: home top resume state lost
03-23 08:42:09.686  2337  5678 D ActivityTaskManager: Task#startActivityLocked isThisOrHasChildTask=true newTask=true
03-23 08:42:09.687  2337  5678 I WindowManager: Try to add startingWindow type = STARTING_WINDOW_TYPE_SPLASH_SCREEN this = ActivityRecord{102729103 u0 com.applist.test/.MainActivity t1507} mOccludesParent = true preAllowTaskSnapshot = true afterAllowTaskSnapshot = true newTask = true taskSwitch = true processRunning = true activityCreated = false activityAllDrawn = false isSnapshotCompatible = false snapshotRotation = NaN resolvedTheme = 2131689995 theme = 2131689995
03-23 08:42:09.687  2337  5678 D TaskSnapshot_Helper: SYS is normal.
03-23 08:42:09.688  2337  5678 D ActivityRecordImpl: hot launch boost start ,is FastLaunch = false
03-23 08:42:09.688  2337  3674 D PreStartingManager: Get background color: ff303030  key: com.applist.test_light  containColor: true
03-23 08:42:09.688  2337  5678 I ATMSImpl: pauseImmediately isLaunchFromHome
03-23 08:42:09.688  2337  3674 D PreStartingManager: Successfully loaded mColorSurfaceControl. color: ff303030  isNextTransitionForward: true  isLetterboxed: false  colorSurfaceControl: Surface(name=PreColorStarting#34496)/@0x76772dd  ColorSurfaceSize: 1
03-23 08:42:09.688  2337  5678 D WindowManager: Collecting in transition 2051: ActivityRecord{102729103 u0 com.applist.test/.MainActivity t1507} init visibleRequested:false dc:Display{#0 state=ON size=1080x2400 ROTATION_0}
03-23 08:42:09.688  2337  5678 D Transition: setReady 2051 wc=Display{#0 state=ON size=1080x2400 ROTATION_0} ready=true
03-23 08:42:09.688  2337  5678 D PreStartingManager: Execute transition immediately.
03-23 08:42:09.689  2337  5678 D WindowManager: Set transition=TransitionRecord{cd89cee id=2051 type=OPEN flags=0x0 c=[
03-23 08:42:09.689  2337  5678 D WindowManager:    ChangeInfo{ff96e52 container=Display{#0 state=ON size=1080x2400 ROTATION_0} flags=0x0}
03-23 08:42:09.689  2337  5678 D WindowManager:    ChangeInfo{23d2523 container=DefaultTaskDisplayArea@44103985 flags=0x0}
03-23 08:42:09.689  2337  5678 D WindowManager:    ChangeInfo{16baa20 container=ActivityRecord{102729103 u0 com.applist.test/.MainActivity t1507} flags=0x0}
03-23 08:42:09.689  2337  5678 D WindowManager:    ChangeInfo{d6d5fd9 container=Task{f9fe425 #1507 type=standard A=10433:com.applist.test} flags=0x0}
03-23 08:42:09.689  2337  5678 D WindowManager: ]
03-23 08:42:09.689  2337  5678 D WindowManager: }, ready=true, SyncId=2051 info=used=true, override=false, defer=0, states=Display{#0 state=ON size=1080x2400 ROTATION_0}:true reason=com.android.server.wm.Transition.applyReady:1266 com.android.server.wm.Transition.start:892 com.android.server.wm.PreStartingManager.setReadyForPreStarting:318 com.android.server.wm.ActivityRecordImpl.setReadyForStartingWindow:2472 com.android.server.wm.ActivityRecord.setVisibleRequested:6202 com.android.server.wm.ActivityRecord.setVisibility:6317 com.android.server.wm.ActivityRecord.setVisibility:6251 com.android.server.wm.EnsureActivitiesVisibleHelper.makeVisibleAndRestartIfNeeded:249 
03-23 08:42:09.689  2337  5678 D PreStartingManager: Start transition by preStarting. mStartTransitionToken: 2051_binder:2337_F
03-23 08:42:09.689  2337  5678 D WindowManager: Collecting in transition 2051: ActivityRecord{116178850 u0 com.miui.home/.launcher.Launcher t2} init visibleRequested:true dc:Display{#0 state=ON size=1080x2400 ROTATION_0}
03-23 08:42:09.689  2337  5678 D WindowManager: Collecting in transition 2051: WallpaperWindowToken{88446c1 showWhenLocked=true} init visibleRequested:true dc:Display{#0 state=ON size=1080x2400 ROTATION_0}
03-23 08:42:09.689  2337  5678 I ATMSImpl: cacheTasksForDefaultDisplay size=10 topId=1507
03-23 08:42:09.687  5421  5594 D OneHandedController: stopOneHanded state is 0
03-23 08:42:09.690  2337  5678 I AppsFilter: interaction: PackageSetting{f752785 com.android.microdroid.empty_payload/10260} -> PackageSetting{ab2f07f com.applist.test/10433} BLOCKED
03-23 08:42:09.690  2337  5678 I AppsFilter: interaction: PackageSetting{d94e0b bin.mt.termex/10271} -> PackageSetting{ab2f07f com.applist.test/10433} BLOCKED
03-23 08:42:09.690  2337  5678 I ActivityTaskManager: The Process com.applist.test Already Exists in BG. So sending its PID: 24953
03-23 08:42:09.691  2337  5678 D BarFollowAnimation: onTaskInfoChanedForCaptionBar Task{f9fe425 #1507 type=standard A=10433:com.applist.test} shouldbeVisible:true isVisible:false isOnTop:true windowMode:1 preDisplayId:-1 displayId:0 mCaptionAssociatedTask:null mIsTouchedInCaption:false
03-23 08:42:09.691  2337  5678 D WindowManager: Collecting in transition 2051: ActivityRecord{102729103 u0 com.applist.test/.MainActivity t1507} init visibleRequested:true dc:Display{#0 state=ON size=1080x2400 ROTATION_0}
03-23 08:42:09.691  2337  3674 D PreStartingManager: Create preSplashStarting by disk cache, preSurfaceControl: Surface(name=preSplashStarting#34497)/@0x59c1d9e  PreSurfaceSize: 1
03-23 08:42:09.692  2337  5678 I ATMSImpl: cacheTasksForDefaultDisplay size=10 topId=1507
03-23 08:42:09.692  2337  5678 D CompatChangeReporter: Compat change id reported: 324203798; UID 10433; state: ENABLED
03-23 08:42:09.693  2337  5678 D BarFollowAnimation: onTaskInfoChanedForCaptionBar Task{8b0ad35 #1 type=home} shouldbeVisible:false isVisible:true isOnTop:false windowMode:1 preDisplayId:-1 displayId:0 mCaptionAssociatedTask:null mIsTouchedInCaption:false
03-23 08:42:09.693  2337  5678 D BarFollowAnimation: onTaskInfoChanedForCaptionBar Task{f9fe425 #1507 type=standard A=10433:com.applist.test} shouldbeVisible:true isVisible:false isOnTop:true windowMode:1 preDisplayId:-1 displayId:0 mCaptionAssociatedTask:null mIsTouchedInCaption:false
03-23 08:42:09.693  2337  5678 I MiuiSplitInputMethodImpl: Skpi check shouldUpdateImeTargetForBackScreen.
