03-23 08:40:57.624  2337  2509 I MiuiSplitInputMethodImpl: Skip onPointerDownOutsideFocusLocked
03-23 08:40:57.624  2337  2509 I MiuiSplitInputMethodImpl: Skip onPointerDownOutsideFocusLocked
03-23 08:40:57.624  5421  5594 D MiuiFreeformModeGestureHandler: start handle MotionEvents:(241.5,522.0)
03-23 08:40:57.625  5421  5594 D MiuiFreeformModeGestureHandler: handleMotionEvents mActiveMiuiFreeformTask null x: 241.5 y: 522.0 current miuiFreeformModeTaskInfo: 
03-23 08:40:57.625 29441 29441 D VRI[MainActivity]: getMiuiFreeformStackInfo mTmpFrames.miuiFreeFormStackInfo: null
03-23 08:40:57.625  5421  5594 D MultiTaskingTaskRepository: getTopFullscreenTaskInfo: taskId=1497 windowingMode=1 isVisible=true isTopActivityTransparent=false
03-23 08:40:57.626  5421  5594 D MiuiDecorationRootViewHost: isTouchedInTopCaption: taskId = 1497, tempViewHost = null
03-23 08:40:57.626  5421  5594 D MiuiDecorationDot: isTouchedInTopCaption: taskId = 1497, mMulWinSwitchVIewHost is not ready for layout
03-23 08:40:57.626  5421  5594 D MulWinSwitchEventHandler: dispatchToFullOrSplitDecorationDot: touchedTaskId=-1
03-23 08:40:57.626  5421  5594 D MulWinSwitchEventHandler: handleReceivedMotionEvent: mTouchedBottomTaskId=-1
03-23 08:40:57.626 26141 26141 I SidebarCoverView: onTouch : 4
03-23 08:40:57.628 26931 26931 D EventBus: No subscribers registered for event class com.xiaomi.xms.event.msg.SystemTouchMsg
03-23 08:40:57.628 26931 26931 D EventBus: No subscribers registered for event class ud.h
03-23 08:40:57.633  1754  2396 I vendor.qti.hardware.display.composer-service: Sensor: notify citsensorservice to trigger cwb, misForced = 0
03-23 08:40:57.634  3106  3787 I libsensor-parseRGB: request dump start for mRequestDisplayId 0
03-23 08:40:57.634  3106  3787 D vendor.xiaomi.sensor.citsensorservice.aidl: handle id:20 wxh:1536x3200 uwxuh:1440x3200 size: 14745600 fd:17 fd_meta:18 flags:0x228 usage:0x33  format:0x3 layer_count: 1 reserved_size = 0 custom_content_md_reserved_size = 0
03-23 08:40:57.634  1754  2304 D SDM     : HWCSession::PostBuffer: CWB config passed by cwb_client : tappoint 1  CWB_ROI : (768.000000 37.000000 1009.000000 278.000000)
03-23 08:40:57.658  1754  1897 D SDM     : HWDeviceDRM::SetupConcurrentWriteback: Tear down the Concurrent Writeback topology
03-23 08:40:57.664  1754 16722 D SDM     : CompManager::NotifyCwbDone: display 0 notify cwb callback, status = 0
03-23 08:40:57.664  1754  4749 D SDM     : HWCSession::NotifyCWBStatus: Notify the client about buffer status 0.
03-23 08:40:57.665  1754  4749 D SDM     : HWCSession::ProcessCWBStatus: CWB queue is empty. Display: 0
03-23 08:40:57.666  3106 30376 E libsensor-parseRGB: CWB NotifyCWBBufferDone  error 0
03-23 08:40:57.695  2337  3694 I MIUIInput: [MotionEvent] notifyMotion - eventTime=44624369509000, deviceId=7, source=0x1002, policyFlags=0x0, action=0x1, flags=0x0, downTime=44624295890000
03-23 08:40:57.696  2337  3693 I MIUIInput: [MotionEvent] publisher action=0x1, deviceId=7, 44624369, channel '1819bd5 com.applist.test/com.applist.test.MainActivity'
03-23 08:40:57.696  2337  3693 I MIUIInput: [MotionEvent] publisher action=0x1, deviceId=7, 44624369, channel '[Gesture Monitor] WMShell'
03-23 08:40:57.696  2337  3693 I MIUIInput: [MotionEvent] publisher action=0x1, deviceId=7, 44624369, channel '[Gesture Monitor] miui-gesture'
03-23 08:40:57.697 29441 29441 I MIUIInput: [MotionEvent] ViewRootImpl windowName 'com.applist.test/com.applist.test.MainActivity', { action=ACTION_UP, id[0]=0, pointerCount=1, eventTime=44624369, downTime=44624295, phoneEventTime=08:40:57.694 } moveCount:0
03-23 08:40:57.698 29441 29441 D AppListTest: 鎸夐挳1琚偣鍑?
03-23 08:40:57.698 29441 29441 D AppListTest: testPackageManager 寮€濮?
03-23 08:40:57.699  1908  1962 I [THP-HAL]: release_all:force:0
03-23 08:40:57.700 29441 30872 D AppListTest:  doInBackground 璋冪敤 getInstalledPackages
03-23 08:40:57.701  2337  6116 I AppsFilter: interaction: PackageSetting{37ce8e4 com.applist.test/10433} -> PackageSetting{7cbfb33 com.miui.screenrecorder/10287} BLOCKED
03-23 08:40:57.701  2337  6116 I AppsFilter: interaction: PackageSetting{37ce8e4 com.applist.test/10433} -> PackageSetting{42e825d com.android.ncm.overlay.common/10052} BLOCKED
03-23 08:40:57.701  2337  6116 I AppsFilter: interaction: PackageSetting{37ce8e4 com.applist.test/10433} -> PackageSetting{4d5aef0 icu.nullptr.applistdetector/10309} BLOCKED
03-23 08:40:57.701  2337  6116 I AppsFilter: interaction: PackageSetting{37ce8e4 com.applist.test/10433} -> PackageSetting{7e8cc69 com.android.cts.priv.ctsshim/10247} BLOCKED
03-23 08:40:57.701  2337  6116 I AppsFilter: interaction: PackageSetting{37ce8e4 com.applist.test/10433} -> PackageSetting{e9d36ee com.quark.browser/10296} BLOCKED
03-23 08:40:57.701  2337  6116 I AppsFilter: interaction: PackageSetting{37ce8e4 com.applist.test/10433} -> PackageSetting{9c1178f com.android.uwb.resources/10262} BLOCKED
03-23 08:40:57.701  2337  6116 I AppsFilter: interaction: PackageSetting{37ce8e4 com.applist.test/10433} -> PackageSetting{3feca1c com.byyang.appmodify/10291} BLOCKED
03-23 08:40:57.701  2337  6116 I AppsFilter: interaction: PackageSetting{37ce8e4 com.applist.test/10433} -> PackageSetting{9583ff com.android.internal.display.cutout.emulation.corner/10010} BLOCKED
03-23 08:40:57.701  2337  6116 I AppsFilter: interaction: PackageSetting{37ce8e4 com.applist.test/10433} -> PackageSetting{41b15cc com.android.internal.display.cutout.emulation.double/10011} BLOCKED
03-23 08:40:57.701  2337  6116 I AppsFilter: interaction: PackageSetting{37ce8e4 com.applist.test/10433} -> PackageSetting{2b8c625 com.unionpay.tsmservice.mi/10183} BLOCKED
03-23 08:40:57.701  2337  6116 I AppsFilter: interaction: PackageSetting{37ce8e4 com.applist.test/10433} -> PackageSetting{aa9d3fa com.android.healthconnect.controller/10243} BLOCKED
03-23 08:40:57.701  2337  6116 I AppsFilter: interaction: PackageSetting{37ce8e4 com.applist.test/10433} -> PackageSetting{6419dab com.xiaomi.hyper.aiphoto/10409} BLOCKED
03-23 08:40:57.701  2337  6116 I AppsFilter: interaction: PackageSetting{37ce8e4 com.applist.test/10433} -> PackageSetting{53c6c08 com.xiaomi.vipaccount/10299} BLOCKED
03-23 08:40:57.701  2337  6116 I AppsFilter: interaction: PackageSetting{37ce8e4 com.applist.test/10433} -> PackageSetting{9d49fa1 com.tencent.tmgp.sgame/10330} BLOCKED
03-23 08:40:57.701  2337  6116 I AppsFilter: interaction: PackageSetting{37ce8e4 com.applist.test/10433} -> PackageSetting{fb135c6 com.qiyi.video/10388} BLOCKED
03-23 08:40:57.701  2337  6116 I AppsFilter: interaction: PackageSetting{37ce8e4 com.applist.test/10433} -> PackageSetting{9fa6987 com.google.android.onetimeinitializer/10124} BLOCKED
03-23 08:40:57.701  2337  6116 I AppsFilter: interaction: PackageSetting{37ce8e4 com.applist.test/10433} -> PackageSetting{13040b4 com.android.health.connect.backuprestore/10244} BLOCKED
03-23 08:40:57.701  2337  6116 I AppsFilter: interaction: PackageSetting{37ce8e4 com.applist.test/10433} -> PackageSetting{47a94dd com.google.android.ext.shared/10151} BLOCKED
03-23 08:40:57.701  2337  6116 I AppsFilter: interaction: PackageSetting{37ce8e4 com.applist.test/10433} -> PackageSetting{17ae852 com.android.virtualmachine.res/10261} BLOCKED
03-23 08:40:57.701  2337  6116 I AppsFilter: interaction: PackageSetting{37ce8e4 com.applist.test/10433} -> PackageSetting{dd8b1df io.github.a13e300.ksuwebui/10312} BLOCKED
03-23 08:40:57.702  2337  6116 I AppsFilter: interaction: PackageSetting{37ce8e4 com.applist.test/10433} -> PackageSetting{6eab420 com.miui.themestore/10290} BLOCKED
03-23 08:40:57.702  2337  6116 I AppsFilter: interaction: PackageSetting{37ce8e4 com.applist.test/10433} -> PackageSetting{590a1d9 com.android.bankabc/10357} BLOCKED
03-23 08:40:57.702  2337  6116 I AppsFilter: interaction: PackageSetting{37ce8e4 com.applist.test/10433} -> PackageSetting{6bb379e com.sankuai.meituan/10379} BLOCKED
03-23 08:40:57.702  2337  6116 I AppsFilter: interaction: PackageSetting{37ce8e4 com.applist.test/10433} -> PackageSetting{add027f com.youku.phone/10426} BLOCKED
03-23 08:40:57.702  2337  6116 I AppsFilter: interaction: PackageSetting{37ce8e4 com.applist.test/10433} -> PackageSetting{416f24c com.sinovatech.unicom.ui/10387} BLOCKED
03-23 08:40:57.702  2337  6116 I AppsFilter: interaction: PackageSetting{37ce8e4 com.applist.test/10433} -> PackageSetting{57589fc com.android.providers.telephony.auto_generated_characteristics_rro/10066} BLOCKED
03-23 08:40:57.702  2337  6116 I AppsFilter: interaction: PackageSetting{37ce8e4 com.applist.test/10433} -> PackageSetting{e608295 com.xiaomi.gamecenter.sdk.service/10139} BLOCKED
03-23 08:40:57.702  2337  6116 I AppsFilter: interaction: PackageSetting{37ce8e4 com.applist.test/10433} -> PackageSetting{b1f2faa com.phoenix.read/10329} BLOCKED
03-23 08:40:57.702  2337  6116 I AppsFilter: interaction: PackageSetting{37ce8e4 com.applist.test/10433} -> PackageSetting{449479b com.android.htmlviewer/10095} BLOCKED
03-23 08:40:57.702  2337  6116 I AppsFilter: interaction: PackageSetting{37ce8e4 com.applist.test/10433} -> PackageSetting{3e6e738 com.miui.gallery/10283} BLOCKED
03-23 08:40:57.702  2337  6116 I AppsFilter: interaction: PackageSetting{37ce8e4 com.applist.test/10433} -> PackageSetting{113b311 com.tencent.androidqqmail/10389} BLOCKED
03-23 08:40:57.702  2337  6116 I AppsFilter: interaction: PackageSetting{37ce8e4 com.applist.test/10433} -> PackageSetting{6189c76 com.coderstory.toolkit/10404} BLOCKED
03-23 08:40:57.702  2337  6116 I AppsFilter: interaction: PackageSetting{37ce8e4 com.applist.test/10433} -> PackageSetting{16ac277 com.mi.earphone/10371} BLOCKED
03-23 08:40:57.702  2337  6116 I AppsFilter: interaction: PackageSetting{37ce8e4 com.applist.test/10433} -> PackageSetting{bf3ee4 com.byyoung.setting/10328} BLOCKED
03-23 08:40:57.702  2337  6116 I AppsFilter: interaction: PackageSetting{37ce8e4 com.applist.test/10433} -> PackageSetting{eef6f4d com.zhenxi.hunter/10437} BLOCKED
03-23 08:40:57.702  2337  6116 I AppsFilter: interaction: PackageSetting{37ce8e4 com.applist.test/10433} -> PackageSetting{26a0a02 cn.gov.zcy.gpcclient/10421} BLOCKED
03-23 08:40:57.702  2337  6116 I AppsFilter: interaction: PackageSetting{37ce8e4 com.applist.test/10433} -> PackageSetting{5bf0f13 com.topmiaohan.sulist/10307} BLOCKED
03-23 08:40:57.702  2337  6116 I AppsFilter: interaction: PackageSetting{37ce8e4 com.applist.test/10433} -> PackageSetting{4a36550 cn.gov.tax.its/10429} BLOCKED
03-23 08:40:57.702  2337  6116 I AppsFilter: interaction: PackageSetting{37ce8e4 com.applist.test/10433} -> PackageSetting{e50b349 com.xiaomi.superhexa/10355} BLOCKED
03-23 08:40:57.702  2337  6116 I AppsFilter: interaction: PackageSetting{37ce8e4 com.applist.test/10433} -> PackageSetting{272c44e com.miui.miwallpaper.snowmountain/10415} BLOCKED
03-23 08:40:57.702  2337  6116 I AppsFilter: interaction: PackageSetting{37ce8e4 com.applist.test/10433} -> PackageSetting{501896f com.google.android.configupdater/10122} BLOCKED
03-23 08:40:57.702  2337  6116 I AppsFilter: interaction: PackageSetting{37ce8e4 com.applist.test/10433} -> PackageSetting{461867c com.android.soundrecorder/10292} BLOCKED
03-23 08:40:57.702  2337  6116 I AppsFilter: interaction: PackageSetting{37ce8e4 com.applist.test/10433} -> PackageSetting{4683b05 com.baidu.input_mi/10270} BLOCKED
03-23 08:40:57.702  2337  6116 I AppsFilter: interaction: PackageSetting{37ce8e4 com.applist.test/10433} -> PackageSetting{d3ad75a com.zui.browser/10354} BLOCKED
03-23 08:40:57.702  2337  6116 I AppsFilter: interaction: PackageSetting{37ce8e4 com.applist.test/10433} -> PackageSetting{9474d8b io.github.a13e300.tricky_store/10411} BLOCKED
03-23 08:40:57.702  2337  6116 I AppsFilter: interaction: PackageSetting{37ce8e4 com.applist.test/10433} -> PackageSetting{17e8e68 com.hihonor.id/10408} BLOCKED
03-23 08:40:57.702  2337  6116 I AppsFilter: interaction: PackageSetting{37ce8e4 com.applist.test/10433} -> PackageSetting{eb68281 me.ele/10380} BLOCKED
03-23 08:40:57.702  2337  6116 I AppsFilter: interaction: PackageSetting{37ce8e4 com.applist.test/10433} -> PackageSetting{3f0f26 com.android.safetycenter.resources/10266} BLOCKED
03-23 08:40:57.702  2337  6116 I AppsFilter: interaction: PackageSetting{37ce8e4 com.applist.test/10433} -> PackageSetting{edb3767 com.android.providers.downloads.ui/10268} BLOCKED
03-23 08:40:57.702  2337  6116 I AppsFilter: interaction: PackageSetting{37ce8e4 com.applist.test/10433} -> PackageSetting{ee22914 com.android.simappdialog/10113} BLOCKED
03-23 08:40:57.702  2337  6116 I AppsFilter: interaction: PackageSetting{37ce8e4 com.applist.test/10433} -> PackageSetting{847c5bd com.huawei.smarthome/10362} BLOCKED
03-23 08:40:57.702  2337  6116 I AppsFilter: interaction: PackageSetting{37ce8e4 com.applist.test/10433} -> PackageSetting{1fcf7b2 com.android.connectivity.resources/10265} BLOCKED
03-23 08:40:57.702  2337  6116 I AppsFilter: interaction: PackageSetting{37ce8e4 com.applist.test/10433} -> PackageSetting{1d9e303 com.tencent.mm/10382} BLOCKED
03-23 08:40:57.702  2337  6116 I AppsFilter: interaction: PackageSetting{37ce8e4 com.applist.test/10433} -> PackageSetting{b451c73 com.android.internal.display.cutout.emulation.hole/10012} BLOCKED
03-23 08:40:57.702 26931 26931 D EventBus: No subscribers registered for event class com.xiaomi.xms.event.msg.SystemTouchMsg
03-23 08:40:57.702  2337  6116 I AppsFilter: interaction: PackageSetting{37ce8e4 com.applist.test/10433} -> PackageSetting{f0a5730 com.android.internal.display.cutout.emulation.tall/10022} BLOCKED
03-23 08:40:57.702  2337  6116 I AppsFilter: interaction: PackageSetting{37ce8e4 com.applist.test/10433} -> PackageSetting{442c280 com.android.modulemetadata/10175} BLOCKED
03-23 08:40:57.702  2337  6116 I AppsFilter: interaction: PackageSetting{37ce8e4 com.applist.test/10433} -> PackageSetting{6b000b9 com.zbiti.qyt/10351} BLOCKED
03-23 08:40:57.702  2337  6116 I AppsFilter: interaction: PackageSetting{37ce8e4 com.applist.test/10433} -> PackageSetting{13edcfe com.xiaomi.mibrain.speech/10295} BLOCKED
03-23 08:40:57.702  2337  6116 I AppsFilter: interaction: PackageSetting{37ce8e4 com.applist.test/10433} -> PackageSetting{98dac5f com.miui.vipservice/10417} BLOCKED
03-23 08:40:57.702 26931 26931 D EventBus: No subscribers registered for event class ud.h
03-23 08:40:57.702  2337  6116 I AppsFilter: interaction: PackageSetting{37ce8e4 com.applist.test/10433} -> PackageSetting{c5186ac com.miui.findmy/10278} BLOCKED
03-23 08:40:57.702  2337  6116 I AppsFilter: interaction: PackageSetting{37ce8e4 com.applist.test/10433} -> PackageSetting{40f3a3a com.android.internal.systemui.navbar.threebutton/10049} BLOCKED
03-23 08:40:57.702  2337  6116 I AppsFilter: interaction: PackageSetting{37ce8e4 com.applist.test/10433} -> PackageSetting{ac6ef75 com.xunlei.downloadprovider/10385} BLOCKED
03-23 08:40:57.702  2337  6116 I AppsFilter: interaction: PackageSetting{37ce8e4 com.applist.test/10433} -> PackageSetting{d27cb0a com.xiaomi.migameservice/10403} BLOCKED
03-23 08:40:57.702  2337  6116 I AppsFilter: interaction: PackageSetting{37ce8e4 com.applist.test/10433} -> PackageSetting{d8aaf7b com.android.wifi.dialog/10211} BLOCKED
03-23 08:40:57.702  2337  6116 I AppsFilter: interaction: PackageSetting{37ce8e4 com.applist.test/10433} -> PackageSetting{9a66198 org.lsposed.manager/10419} BLOCKED
03-23 08:40:57.702  2337  6116 I AppsFilter: interaction: PackageSetting{37ce8e4 com.applist.test/10433} -> PackageSetting{1240df1 com.tencent.android.qqdownloader/10423} BLOCKED
03-23 08:40:57.702  2337  6116 I AppsFilter: interaction: PackageSetting{37ce8e4 com.applist.test/10433} -> PackageSetting{1ff8dd6 com.huawei.hwid/10407} BLOCKED
03-23 08:40:57.702  2337  6116 I AppsFilter: interaction: PackageSetting{37ce8e4 com.applist.test/10433} -> PackageSetting{8ac857 com.android.contacts/10133} BLOCKED
03-23 08:40:57.703  2337  6116 I AppsFilter: interaction: PackageSetting{37ce8e4 com.applist.test/10433} -> PackageSetting{e6bff44 com.miui.securitymanager/10289} BLOCKED
03-23 08:40:57.703  2337  6116 I AppsFilter: interaction: PackageSetting{37ce8e4 com.applist.test/10433} -> PackageSetting{e5a982d com.binary.hyperdroid/10298} BLOCKED
03-23 08:40:57.703  2337  6116 I AppsFilter: interaction: PackageSetting{37ce8e4 com.applist.test/10433} -> PackageSetting{6beb162 com.example.saseandroid/10342} BLOCKED
03-23 08:40:57.703  2337  6116 I AppsFilter: interaction: PackageSetting{37ce8e4 com.applist.test/10433} -> PackageSetting{d0992f3 cn.wps.moffice_eng.xiaomi.lite/10306} BLOCKED
03-23 08:40:57.703  2337  6116 I AppsFilter: interaction: PackageSetting{37ce8e4 com.applist.test/10433} -> PackageSetting{2cbcbb0 com.cmcc.simsecurity/10413} BLOCKED
03-23 08:40:57.703  2337  6116 I AppsFilter: interaction: PackageSetting{37ce8e4 com.applist.test/10433} -> PackageSetting{d94e0b bin.mt.termex/10271} BLOCKED
03-23 08:40:57.703  2337  6116 I AppsFilter: interaction: PackageSetting{37ce8e4 com.applist.test/10433} -> PackageSetting{2f58a29 com.android.mms/10142} BLOCKED
03-23 08:40:57.703  2337  6116 I AppsFilter: interaction: PackageSetting{37ce8e4 com.applist.test/10433} -> PackageSetting{75a81ae com.mfashiongallery.emag/10269} BLOCKED
03-23 08:40:57.703  2337  6116 I AppsFilter: interaction: PackageSetting{37ce8e4 com.applist.test/10433} -> PackageSetting{1c1988b bin.mt.plus/10285} BLOCKED
03-23 08:40:57.703  2337  6116 I AppsFilter: interaction: PackageSetting{37ce8e4 com.applist.test/10433} -> PackageSetting{fa06b4f com.android.compos.payload/10264} BLOCKED
03-23 08:40:57.703  2337  6116 I AppsFilter: interaction: PackageSetting{37ce8e4 com.applist.test/10433} -> PackageSetting{619f2dc com.microsoft.emmx/10350} BLOCKED
03-23 08:40:57.703  2337  6116 I AppsFilter: interaction: PackageSetting{37ce8e4 com.applist.test/10433} -> PackageSetting{3339fe5 com.android.settings.intelligence/10141} BLOCKED
03-23 08:40:57.703  2337  6116 I AppsFilter: interaction: PackageSetting{37ce8e4 com.applist.test/10433} -> PackageSetting{7d10aba com.android.calendar/10275} BLOCKED
03-23 08:40:57.703  2337  6116 I AppsFilter: interaction: PackageSetting{37ce8e4 com.applist.test/10433} -> PackageSetting{b226d6b com.mfcloudcalculate.networkdisk/10368} BLOCKED
03-23 08:40:57.703  2337  6116 I AppsFilter: interaction: PackageSetting{37ce8e4 com.applist.test/10433} -> PackageSetting{6c160c8 com.miui.virtualsim/10293} BLOCKED
03-23 08:40:57.703  2337  6116 I AppsFilter: interaction: PackageSetting{37ce8e4 com.applist.test/10433} -> PackageSetting{e835561 com.omarea.vtools/10340} BLOCKED
03-23 08:40:57.703  2337  6116 I AppsFilter: interaction: PackageSetting{37ce8e4 com.applist.test/10433} -> PackageSetting{bf51886 com.miui.compass/10276} BLOCKED
03-23 08:40:57.703  2337  6116 I AppsFilter: interaction: PackageSetting{37ce8e4 com.applist.test/10433} -> PackageSetting{2787547 com.hanweb.android.zhejiang.activity/10358} BLOCKED
03-23 08:40:57.703  2337  6116 I AppsFilter: interaction: PackageSetting{37ce8e4 com.applist.test/10433} -> PackageSetting{cefc174 com.xhey.xcamera/10334} BLOCKED
03-23 08:40:57.703  2337  6116 I AppsFilter: interaction: PackageSetting{37ce8e4 com.applist.test/10433} -> PackageSetting{2bee69d com.android.printspooler/10229} BLOCKED
03-23 08:40:57.703  2337  6116 I AppsFilter: interaction: PackageSetting{37ce8e4 com.applist.test/10433} -> PackageSetting{ffa3712 com.tencent.qqpimsecure/10323} BLOCKED
03-23 08:40:57.703  2337  6116 I AppsFilter: interaction: PackageSetting{37ce8e4 com.applist.test/10433} -> PackageSetting{43d1ee3 com.android.virtualization.terminal/10259} BLOCKED
03-23 08:40:57.703  2337  6116 I AppsFilter: interaction: PackageSetting{37ce8e4 com.applist.test/10433} -> PackageSetting{40180e0 com.android.dreams.basic/10104} BLOCKED
03-23 08:40:57.703  2337  6116 I AppsFilter: interaction: PackageSetting{37ce8e4 com.applist.test/10433} -> PackageSetting{7284f99 com.android.incallui/10126} BLOCKED
03-23 08:40:57.703  2337  6116 I AppsFilter: interaction: PackageSetting{37ce8e4 com.applist.test/10433} -> PackageSetting{dc0b25e com.tencent.qqgame/10361} BLOCKED
03-23 08:40:57.703  2337  6116 I AppsFilter: interaction: PackageSetting{37ce8e4 com.applist.test/10433} -> PackageSetting{418c63f com.tencent.qqlive/10348} BLOCKED
03-23 08:40:57.703  2337  6116 I AppsFilter: interaction: PackageSetting{37ce8e4 com.applist.test/10433} -> PackageSetting{eadcb0c com.android.photopicker/10258} BLOCKED
03-23 08:40:57.703  2337  6116 I AppsFilter: interaction: PackageSetting{37ce8e4 com.applist.test/10433} -> PackageSetting{b254c55 com.duokan.phone.remotecontroller/10304} BLOCKED
03-23 08:40:57.703  2337  6116 I AppsFilter: interaction: PackageSetting{37ce8e4 com.applist.test/10433} -> PackageSetting{ae1966a com.android.rkpdapp/10256} BLOCKED
03-23 08:40:57.703  2337  6116 I AppsFilter: interaction: PackageSetting{37ce8e4 com.applist.test/10433} -> PackageSetting{ddd875b info.muge.appshare/10430} BLOCKED
03-23 08:40:57.703  2337  6116 I AppsFilter: interaction: PackageSetting{37ce8e4 com.applist.test/10433} -> PackageSetting{1f28bf8 com.xunmeng.pinduoduo/10384} BLOCKED
03-23 08:40:57.703  2337  6116 I AppsFilter: interaction: PackageSetting{37ce8e4 com.applist.test/10433} -> PackageSetting{4bb58d1 com.miui.handwriting/10399} BLOCKED
03-23 08:40:57.703  2337  6116 I AppsFilter: interaction: PackageSetting{37ce8e4 com.applist.test/10433} -> PackageSetting{b7aaf36 com.tencent.wetype/10359} BLOCKED
03-23 08:40:57.703  2337  6116 I AppsFilter: interaction: PackageSetting{37ce8e4 com.applist.test/10433} -> PackageSetting{3fa24fd android.auto_generated_characteristics_rro/10073} BLOCKED
03-23 08:40:57.703  2337  6116 I AppsFilter: interaction: PackageSetting{37ce8e4 com.applist.test/10433} -> PackageSetting{e633e37 com.android.musicfx/10096} BLOCKED
03-23 08:40:57.703  2337  6116 I AppsFilter: interaction: PackageSetting{37ce8e4 com.applist.test/10433} -> PackageSetting{2c06fa4 com.google.android.webview/10194} BLOCKED
03-23 08:40:57.703  2337  6116 I AppsFilter: interaction: PackageSetting{37ce8e4 com.applist.test/10433} -> PackageSetting{9931ac0 com.google.android.ncm.overlay.common/10051} BLOCKED
03-23 08:40:57.703  2337  6116 I AppsFilter: interaction: PackageSetting{37ce8e4 com.applist.test/10433} -> PackageSetting{acbb10d com.mipay.wallet/10297} BLOCKED
03-23 08:40:57.703  2337  6116 I AppsFilter: interaction: PackageSetting{37ce8e4 com.applist.test/10433} -> PackageSetting{cc98f3e com.android.phone.auto_generated_characteristics_rro/10063} BLOCKED
03-23 08:40:57.703  2337  6116 I AppsFilter: interaction: PackageSetting{37ce8e4 com.applist.test/10433} -> PackageSetting{5ba88c2 com.xiaomi.mico/10339} BLOCKED
03-23 08:40:57.703  2337  6116 I AppsFilter: interaction: PackageSetting{37ce8e4 com.applist.test/10433} -> PackageSetting{ea0333f me.weishu.kernelsu/10427} BLOCKED
03-23 08:40:57.703  2337  6116 I AppsFilter: interaction: PackageSetting{37ce8e4 com.applist.test/10433} -> PackageSetting{ebbed57 com.ss.android.ugc.aweme/10383} BLOCKED
03-23 08:40:57.703  2337  6116 I AppsFilter: interaction: PackageSetting{37ce8e4 com.applist.test/10433} -> PackageSetting{266e210 com.xunlei.browser/10352} BLOCKED
03-23 08:40:57.703  2337  6116 I AppsFilter: interaction: PackageSetting{37ce8e4 com.applist.test/10433} -> PackageSetting{70f5109 com.android.wifi.resources/10253} BLOCKED
03-23 08:40:57.704  2337  6116 I AppsFilter: interaction: PackageSetting{37ce8e4 com.applist.test/10433} -> PackageSetting{22c6f0e com.tencent.mobileqq/10386} BLOCKED
03-23 08:40:57.704  2337  6116 I AppsFilter: interaction: PackageSetting{37ce8e4 com.applist.test/10433} -> PackageSetting{995bd2f com.miui.miwallpaper.moon/10410} BLOCKED
03-23 08:40:57.704  2337  6116 I AppsFilter: interaction: PackageSetting{37ce8e4 com.applist.test/10433} -> PackageSetting{1664816 com.android.theme.font.notoserifsource/10015} BLOCKED
03-23 08:40:57.704  2337  6116 I AppsFilter: interaction: PackageSetting{37ce8e4 com.applist.test/10433} -> PackageSetting{9879597 com.android.internal.display.cutout.emulation.waterfall/10013} BLOCKED
03-23 08:40:57.704  2337  6116 I AppsFilter: interaction: PackageSetting{37ce8e4 com.applist.test/10433} -> PackageSetting{5c00f3c cn.du.hyperosperfutil/10324} BLOCKED
03-23 08:40:57.704  2337  6116 I AppsFilter: interaction: PackageSetting{37ce8e4 com.applist.test/10433} -> PackageSetting{bd2f4c5 com.iflytek.inputmethod.miui/10305} BLOCKED
03-23 08:40:57.704  2337  6116 I AppsFilter: interaction: PackageSetting{37ce8e4 com.applist.test/10433} -> PackageSetting{76cfa2 com.android.internal.systemui.navbar.transparent/10067} BLOCKED
03-23 08:40:57.704  2337  6116 I AppsFilter: interaction: PackageSetting{37ce8e4 com.applist.test/10433} -> PackageSetting{a819018 com.miui.newhome/10286} BLOCKED
03-23 08:40:57.704  2337  6116 I AppsFilter: interaction: PackageSetting{37ce8e4 com.applist.test/10433} -> PackageSetting{34afd4b com.miui.video/10294} BLOCKED
03-23 08:40:57.704  2337  6116 I AppsFilter: interaction: PackageSetting{37ce8e4 com.applist.test/10433} -> PackageSetting{31ce328 com.zhiliaoapp.musically/10425} BLOCKED
03-23 08:40:57.704  2337  6116 I AppsFilter: interaction: PackageSetting{37ce8e4 com.applist.test/10433} -> PackageSetting{9731841 com.tencent.jkchess/10331} BLOCKED
03-23 08:40:57.704  2337  6116 I AppsFilter: interaction: PackageSetting{37ce8e4 com.applist.test/10433} -> PackageSetting{aab51e6 com.google.android.printservice.recommendation/10153} BLOCKED
03-23 08:40:57.704  2337  6116 I AppsFilter: interaction: PackageSetting{37ce8e4 com.applist.test/10433} -> PackageSetting{bca2327 com.MIUI.hook/10412} BLOCKED
03-23 08:40:57.704  2337  6116 I AppsFilter: interaction: PackageSetting{37ce8e4 com.applist.test/10433} -> PackageSetting{2f109d4 com.google.android.documentsui/10093} BLOCKED
03-23 08:40:57.704  2337  6116 I AppsFilter: interaction: PackageSetting{37ce8e4 com.applist.test/10433} -> PackageSetting{f97f77d com.cmcc.simauthn/10402} BLOCKED
03-23 08:40:57.704  2337  6116 I AppsFilter: interaction: PackageSetting{37ce8e4 com.applist.test/10433} -> PackageSetting{8caa672 com.appbyme.app36512/10367} BLOCKED
03-23 08:40:57.704  2337  6116 I AppsFilter: interaction: PackageSetting{37ce8e4 com.applist.test/10433} -> PackageSetting{b2bcac3 com.google.android.accessibility.switchaccess/10184} BLOCKED
03-23 08:40:57.704  2337  6116 I AppsFilter: interaction: PackageSetting{37ce8e4 com.applist.test/10433} -> PackageSetting{f3eef40 com.sohu.inputmethod.sogou.xiaomi/10182} BLOCKED
03-23 08:40:57.704  2337  6116 I AppsFilter: interaction: PackageSetting{37ce8e4 com.applist.test/10433} -> PackageSetting{6318e79 com.xiaomi.router/10420} BLOCKED
03-23 08:40:57.704  2337  6116 I AppsFilter: interaction: PackageSetting{37ce8e4 com.applist.test/10433} -> PackageSetting{718b7be com.baidu.BaiduMap/10381} BLOCKED
03-23 08:40:57.704  2337  6116 I AppsFilter: interaction: PackageSetting{37ce8e4 com.applist.test/10433} -> PackageSetting{876501f com.android.providers.partnerbookmarks/10097} BLOCKED
03-23 08:40:57.704  2337  6116 I AppsFilter: interaction: PackageSetting{37ce8e4 com.applist.test/10433} -> PackageSetting{dc3bf6c com.android.smspush/10234} BLOCKED
03-23 08:40:57.704  2337  6116 I AppsFilter: interaction: PackageSetting{37ce8e4 com.applist.test/10433} -> PackageSetting{a339935 com.example.businesshall/10397} BLOCKED
03-23 08:40:57.704  2337  6116 I AppsFilter: interaction: PackageSetting{37ce8e4 com.applist.test/10433} -> PackageSetting{4a491ca com.miui.calculator/10274} BLOCKED
03-23 08:40:57.704  2337  6116 I AppsFilter: interaction: PackageSetting{37ce8e4 com.applist.test/10433} -> PackageSetting{ab9cf3b com.coolapk.market/10391} BLOCKED
03-23 08:40:57.704  2337  6116 I AppsFilter: interaction: PackageSetting{37ce8e4 com.applist.test/10433} -> PackageSetting{e36658 com.android.wallpaper.livepicker/10092} BLOCKED
03-23 08:40:57.704  2337  6116 I AppsFilter: interaction: PackageSetting{37ce8e4 com.applist.test/10433} -> PackageSetting{a1193b1 com.pingan.carowner/10422} BLOCKED
03-23 08:40:57.704  2337  6116 I AppsFilter: interaction: PackageSetting{37ce8e4 com.applist.test/10433} -> PackageSetting{620096 com.android.apps.tag/10101} BLOCKED
03-23 08:40:57.704  2337  6116 I AppsFilter: interaction: PackageSetting{37ce8e4 com.applist.test/10433} -> PackageSetting{3aaba58 com.chinamworld.main/10363} BLOCKED
03-23 08:40:57.704  2337  6116 I AppsFilter: interaction: PackageSetting{37ce8e4 com.applist.test/10433} -> PackageSetting{8ce874c com.android.imsserviceentitlement/10125} BLOCKED
03-23 08:40:57.704  2337  6116 I AppsFilter: interaction: PackageSetting{37ce8e4 com.applist.test/10433} -> PackageSetting{fec2417 org.frknkrc44.hma_oss/10311} BLOCKED
03-23 08:40:57.704  2337  6116 I AppsFilter: interaction: PackageSetting{37ce8e4 com.applist.test/10433} -> PackageSetting{b549004 com.xiaomi.gamecenter/10284} BLOCKED
03-23 08:40:57.704  2337  6116 I AppsFilter: interaction: PackageSetting{37ce8e4 com.applist.test/10433} -> PackageSetting{dfab9ed com.android.appsearch.apk/10249} BLOCKED
03-23 08:40:57.704  2337  6116 I AppsFilter: interaction: PackageSetting{37ce8e4 com.applist.test/10433} -> PackageSetting{2b59022 com.larus.nova/10416} BLOCKED
03-23 08:40:57.704  2337  6116 I AppsFilter: interaction: PackageSetting{37ce8e4 com.applist.test/10433} -> PackageSetting{584eab3 com.cainiao.wireless/10394} BLOCKED
03-23 08:40:57.704  2337  6116 I AppsFilter: interaction: PackageSetting{37ce8e4 com.applist.test/10433} -> PackageSetting{28ca870 com.miui.cleanmaster/10277} BLOCKED
03-23 08:40:57.704  2337  6116 I AppsFilter: interaction: PackageSetting{37ce8e4 com.applist.test/10433} -> PackageSetting{7d607e9 com.tencent.lolm/10337} BLOCKED
03-23 08:40:57.704  2337  6116 I AppsFilter: interaction: PackageSetting{37ce8e4 com.applist.test/10433} -> PackageSetting{3c08c6e com.ss.android.ugc.livepro/10370} BLOCKED
03-23 08:40:57.704  2337  6116 I AppsFilter: interaction: PackageSetting{37ce8e4 com.applist.test/10433} -> PackageSetting{ed97f0f com.miui.miwallpaper.geometry/10398} BLOCKED
03-23 08:40:57.704  2337  6116 I AppsFilter: interaction: PackageSetting{37ce8e4 com.applist.test/10433} -> PackageSetting{bebdb9c com.netease.mail/10372} BLOCKED
03-23 08:40:57.704  2337  6116 I AppsFilter: interaction: PackageSetting{37ce8e4 com.applist.test/10433} -> PackageSetting{36a833c com.miui.weather2/10332} BLOCKED
03-23 08:40:57.704  2337  6116 I AppsFilter: interaction: PackageSetting{37ce8e4 com.applist.test/10433} -> PackageSetting{a6d017a cn.gov.chinatax.gt4.app/10431} BLOCKED
03-23 08:40:57.704  2337  6116 I AppsFilter: interaction: PackageSetting{37ce8e4 com.applist.test/10433} -> PackageSetting{538fd2b com.jingdong.app.mall/10345} BLOCKED
03-23 08:40:57.704  2337  6116 I AppsFilter: interaction: PackageSetting{37ce8e4 com.applist.test/10433} -> PackageSetting{a91588 com.tencent.tmgp.plantsvszombies3.mengxing/10428} BLOCKED
03-23 08:40:57.704  2337  6116 I AppsFilter: interaction: PackageSetting{37ce8e4 com.applist.test/10433} -> PackageSetting{bbdcb21 com.autonavi.minimap/10333} BLOCKED
03-23 08:40:57.704  2337  6116 I AppsFilter: interaction: PackageSetting{37ce8e4 com.applist.test/10433} -> PackageSetting{39bb46 com.xiaomi.scanner/10302} BLOCKED
03-23 08:40:57.704  2337  6116 I AppsFilter: interaction: PackageSetting{37ce8e4 com.applist.test/10433} -> PackageSetting{dc84107 com.duokan.reader/10281} BLOCKED
03-23 08:40:57.704  2337  6116 I AppsFilter: interaction: PackageSetting{37ce8e4 com.applist.test/10433} -> PackageSetting{47e0234 com.cmri.universalapp/10336} BLOCKED
03-23 08:40:57.704  2337  6116 I AppsFilter: interaction: PackageSetting{37ce8e4 com.applist.test/10433} -> PackageSetting{b19bded com.android.cts.ctsshim/10248} BLOCKED
03-23 08:40:57.704  2337  6116 I AppsFilter: interaction: PackageSetting{37ce8e4 com.applist.test/10433} -> PackageSetting{68af85d com.miui.mediaeditor/10272} BLOCKED
03-23 08:40:57.704  2337  6116 I AppsFilter: interaction: PackageSetting{37ce8e4 com.applist.test/10433} -> PackageSetting{5c645d2 com.tencent.wemeet.app/10395} BLOCKED
03-23 08:40:57.704  2337  6116 I AppsFilter: interaction: PackageSetting{37ce8e4 com.applist.test/10433} -> PackageSetting{11de6a3 io.github.vvb2060.keyattestation/10308} BLOCKED
03-23 08:40:57.704  2337  6116 I AppsFilter: interaction: PackageSetting{37ce8e4 com.applist.test/10433} -> PackageSetting{b130da0 com.miui.yellowpage/10138} BLOCKED
03-23 08:40:57.704  2337  6116 I AppsFilter: interaction: PackageSetting{37ce8e4 com.applist.test/10433} -> PackageSetting{f03bd59 cn.kuwo.player/10356} BLOCKED
03-23 08:40:57.704  2337  6116 I AppsFilter: interaction: PackageSetting{37ce8e4 com.applist.test/10433} -> PackageSetting{41eed1e io.github.huskydg.memorydetector/10273} BLOCKED
03-23 08:40:57.705  2337  6116 I AppsFilter: interaction: PackageSetting{37ce8e4 com.applist.test/10433} -> PackageSetting{f752785 com.android.microdroid.empty_payload/10260} BLOCKED
03-23 08:40:57.705  2337  6116 I AppsFilter: interaction: PackageSetting{37ce8e4 com.applist.test/10433} -> PackageSetting{9e49ff com.modify.installer/10401} BLOCKED
03-23 08:40:57.705  2337  6116 I AppsFilter: interaction: PackageSetting{37ce8e4 com.applist.test/10433} -> PackageSetting{82b63cc cn.gov.zcy.supplier.client/10338} BLOCKED
03-23 08:40:57.705  2337  6116 I AppsFilter: interaction: PackageSetting{37ce8e4 com.applist.test/10433} -> PackageSetting{ea9d615 com.android.email/10279} BLOCKED
03-23 08:40:57.705  2337  6116 I AppsFilter: interaction: PackageSetting{37ce8e4 com.applist.test/10433} -> PackageSetting{6c8bd2a cn.com.hkgt.gasapp/10365} BLOCKED
03-23 08:40:57.705  2337  6116 I AppsFilter: interaction: PackageSetting{37ce8e4 com.applist.test/10433} -> PackageSetting{597871b com.android.hotspot2.osulogin/10254} BLOCKED
03-23 08:40:57.705  2337  6116 I AppsFilter: interaction: PackageSetting{37ce8e4 com.applist.test/10433} -> PackageSetting{eafe1b9 com.android.companiondevicemanager.auto_generated_characteristics_rro/10005} BLOCKED
03-23 08:40:57.705  2337  6116 I AppsFilter: interaction: PackageSetting{37ce8e4 com.applist.test/10433} -> PackageSetting{690f0b8 com.google.android.gms.location.history/10152} BLOCKED
03-23 08:40:57.705  2337  6116 I AppsFilter: interaction: PackageSetting{37ce8e4 com.applist.test/10433} -> PackageSetting{daf55f com.android.internal.systemui.navbar.gestural/10050} BLOCKED
03-23 08:40:57.705  2337  6116 I AppsFilter: interaction: PackageSetting{37ce8e4 com.applist.test/10433} -> PackageSetting{b5ebe91 cn.nokia.speedtest5g/10392} BLOCKED
03-23 08:40:57.705  2337  6116 I AppsFilter: interaction: PackageSetting{37ce8e4 com.applist.test/10433} -> PackageSetting{a8d81f6 com.android.deskclock/10280} BLOCKED
03-23 08:40:57.705  2337  6116 I AppsFilter: interaction: PackageSetting{37ce8e4 com.applist.test/10433} -> PackageSetting{61d79f7 com.android.bluetoothmidiservice/10105} BLOCKED
03-23 08:40:57.705  2337  6116 I AppsFilter: interaction: PackageSetting{37ce8e4 com.applist.test/10433} -> PackageSetting{1c06064 com.miui.voiceassistProxy/10301} BLOCKED
03-23 08:40:57.705  2337  6116 I AppsFilter: interaction: PackageSetting{37ce8e4 com.applist.test/10433} -> PackageSetting{d9fb2cd com.baidu.netdisk/10400} BLOCKED
03-23 08:40:57.705  2337  6116 I AppsFilter: interaction: PackageSetting{37ce8e4 com.applist.test/10433} -> PackageSetting{d07c782 com.taobao.taobao/10396} BLOCKED
03-23 08:40:57.705  2337  6116 I AppsFilter: interaction: PackageSetting{37ce8e4 com.applist.test/10433} -> PackageSetting{ba5be93 com.chinamobile.mcloud/10346} BLOCKED
03-23 08:40:57.705  2337  6116 I AppsFilter: interaction: PackageSetting{37ce8e4 com.applist.test/10433} -> PackageSetting{9183157 com.qualcomm.qti.server.wigig.tethering.rro/10236} BLOCKED
03-23 08:40:57.705  2337  6116 I AppsFilter: interaction: PackageSetting{37ce8e4 com.applist.test/10433} -> PackageSetting{e551ed0 com.miui.newmidrive/10282} BLOCKED
03-23 08:40:57.705  2337  6116 I AppsFilter: interaction: PackageSetting{37ce8e4 com.applist.test/10433} -> PackageSetting{e81aec9 tv.danmaku.bili/10364} BLOCKED
03-23 08:40:57.705  2337  6116 I AppsFilter: interaction: PackageSetting{37ce8e4 com.applist.test/10433} -> PackageSetting{8eed9ce com.android.captiveportallogin/10106} BLOCKED
03-23 08:40:57.705  2337  6116 I AppsFilter: interaction: PackageSetting{37ce8e4 com.applist.test/10433} -> PackageSetting{763b0ef com.eg.android.AlipayGphone/10393} BLOCKED
03-23 08:40:57.705  2337  6116 I AppsFilter: interaction: PackageSetting{37ce8e4 com.applist.test/10433} -> PackageSetting{d3557fc com.github.metacubex.clash.meta/10344} BLOCKED
03-23 08:40:57.705  2337  6116 I AppsFilter: interaction: PackageSetting{37ce8e4 com.applist.test/10433} -> PackageSetting{96d6e85 com.hanweb.android.jszwfw.activity/10349} BLOCKED
03-23 08:40:57.705  2337  6116 I AppsFilter: interaction: PackageSetting{37ce8e4 com.applist.test/10433} -> PackageSetting{b22c4da cn.wps.moffice_eng/10378} BLOCKED
03-23 08:40:57.705  2337  6116 I AppsFilter: interaction: PackageSetting{37ce8e4 com.applist.test/10433} -> PackageSetting{646d0b com.greenpoint.android.mc10086.activity/10347} BLOCKED
03-23 08:40:57.705  2337  6116 I AppsFilter: interaction: PackageSetting{37ce8e4 com.applist.test/10433} -> PackageSetting{57df7e8 com.miui.core/10191} BLOCKED
03-23 08:40:57.711  2337  6116 W ParceledListSlice: Element #251 is 25264 bytes.
03-23 08:40:57.713 29441 30872 D AppListTest:  doInBackground 鑾峰彇鍒?299 涓簲鐢紝鑰楁椂 13ms
03-23 08:40:57.713 29441 30872 D AppListTest:  doInBackground 鐢ㄦ埛搴旂敤: 3, 绯荤粺搴旂敤: 296
03-23 08:40:57.713 29441 30872 D AppListTest:  doInBackground 缁撴灉鐢熸垚瀹屾垚
03-23 08:40:57.713 29441 29441 D AppListTest:  onPostExecute 鏇存柊UI
03-23 08:40:57.727  1980  2320 E HwcComposer: getLuts failed Status(-129, EX_TRANSACTION_FAILED): 'UNKNOWN_TRANSACTION: '
03-23 08:40:57.760  3106  3793 I libsensor-boledalgo: Write:the value of channelCali C:47.5,R:26.6,G:15.3,B:9.2,scales [1.024484,1.028844,1.055530,0.912332]
03-23 08:40:57.760  3106  3793 D libsensor-boledalgo: brightness:301,R:2009.8,G:1951.5,B:1951.5,EVENT C:3813.6,R:1697.3,G:1508.7,B:906.2, lux: 76.7, clone:1736
03-23 08:40:57.799  1908  1962 I [THP-ALG]: alg_input_report:Touch Down: id: 0
03-23 08:40:57.800  2337  3694 I MIUIInput: [MotionEvent] notifyMotion - eventTime=44624474165000, deviceId=7, source=0x1002, policyFlags=0x0, action=0x0, flags=0x0, downTime=44624474165000
03-23 08:40:57.801  2337  3693 I MIUIInput: [MotionEvent] publisher action=0x0, deviceId=7, 44624474, channel '1819bd5 com.applist.test/com.applist.test.MainActivity'
03-23 08:40:57.801  2337  3693 I MIUIInput: [MotionEvent] publisher action=0x0, deviceId=7, 44624474, channel '[Gesture Monitor] WMShell'
03-23 08:40:57.801  2337  3693 I MIUIInput: [MotionEvent] publisher action=0x0, deviceId=7, 44624474, channel '[Gesture Monitor] miui-gesture'
03-23 08:40:57.801  5421  5594 D MiuiFreeformModeGestureHandler: start handle MotionEvents:(239.25,451.5)
03-23 08:40:57.802  5421  5594 D MiuiFreeformModeGestureHandler: handleMotionEvents mActiveMiuiFreeformTask null x: 239.25 y: 451.5 current miuiFreeformModeTaskInfo: 
03-23 08:40:57.802  5421  5594 D MultiTaskingTaskRepository: getTopFullscreenTaskInfo: taskId=1497 windowingMode=1 isVisible=true isTopActivityTransparent=false
03-23 08:40:57.802  5421  5594 D MiuiDecorationRootViewHost: isTouchedInTopCaption: taskId = 1497, tempViewHost = null
03-23 08:40:57.802 29441 29441 I MIUIInput: [MotionEvent] ViewRootImpl windowName 'com.applist.test/com.applist.test.MainActivity', { action=ACTION_DOWN, id[0]=0, pointerCount=1, eventTime=44624474, downTime=44624474, phoneEventTime=08:40:57.799 } moveCount:0
03-23 08:40:57.802  5421  5594 D MiuiDecorationDot: isTouchedInTopCaption: taskId = 1497, mMulWinSwitchVIewHost is not ready for layout
03-23 08:40:57.802  5421  5594 D MulWinSwitchEventHandler: dispatchToFullOrSplitDecorationDot: touchedTaskId=-1
03-23 08:40:57.802  5421  5594 D MulWinSwitchEventHandler: handleReceivedMotionEvent: mTouchedBottomTaskId=-1
03-23 08:40:57.803 29441 29441 D VRI[MainActivity]: getMiuiFreeformStackInfo mTmpFrames.miuiFreeFormStackInfo: null
03-23 08:40:57.803 26141 26141 I SidebarCoverView: onTouch : 4
03-23 08:40:57.804  2337  2509 I MiuiSplitInputMethodImpl: Skip onPointerDownOutsideFocusLocked
03-23 08:40:57.804  2337  2509 I MiuiSplitInputMethodImpl: Skip onPointerDownOutsideFocusLocked
03-23 08:40:57.804  2337  2509 I MiuiSplitInputMethodImpl: Skip onPointerDownOutsideFocusLocked
03-23 08:40:57.804  2337  4656 I ProcessManager: getRenderThreadTidByPid, caller=2337
03-23 08:40:57.805 26931 26931 D EventBus: No subscribers registered for event class com.xiaomi.xms.event.msg.SystemTouchMsg
03-23 08:40:57.805 26931 26931 D EventBus: No subscribers registered for event class ud.h
03-23 08:40:57.805 26698 26844 E Scene   : Daemon [onConnectFail]
03-23 08:40:57.831  1754  2396 I vendor.qti.hardware.display.composer-service: Sensor: notify citsensorservice to trigger cwb, misForced = 0
03-23 08:40:57.832  3106  3787 I libsensor-parseRGB: request dump start for mRequestDisplayId 0
03-23 08:40:57.832  3106  3787 D vendor.xiaomi.sensor.citsensorservice.aidl: handle id:20 wxh:1536x3200 uwxuh:1440x3200 size: 14745600 fd:17 fd_meta:18 flags:0x228 usage:0x33  format:0x3 layer_count: 1 reserved_size = 0 custom_content_md_reserved_size = 0
03-23 08:40:57.833  1754  2304 D SDM     : HWCSession::PostBuffer: CWB config passed by cwb_client : tappoint 1  CWB_ROI : (768.000000 37.000000 1009.000000 278.000000)
03-23 08:40:57.849  1754  1897 D SDM     : HWDeviceDRM::SetupConcurrentWriteback: Tear down the Concurrent Writeback topology
03-23 08:40:57.856  1754 16722 D SDM     : CompManager::NotifyCwbDone: display 0 notify cwb callback, status = 0
03-23 08:40:57.856  1754  4749 D SDM     : HWCSession::NotifyCWBStatus: Notify the client about buffer status 0.
03-23 08:40:57.859  3106  4799 E libsensor-parseRGB: CWB NotifyCWBBufferDone  error 0
03-23 08:40:57.859  1754  4749 D SDM     : HWCSession::ProcessCWBStatus: CWB queue is empty. Display: 0
03-23 08:40:57.904  2337  3694 I MIUIInput: [MotionEvent] notifyMotion - eventTime=44624579216000, deviceId=7, source=0x1002, policyFlags=0x0, action=0x1, flags=0x0, downTime=44624474165000
03-23 08:40:57.905  2337  3693 I MIUIInput: [MotionEvent] publisher action=0x1, deviceId=7, 44624579, channel '1819bd5 com.applist.test/com.applist.test.MainActivity'
03-23 08:40:57.906  2337  3693 I MIUIInput: [MotionEvent] publisher action=0x1, deviceId=7, 44624579, channel '[Gesture Monitor] WMShell'
03-23 08:40:57.906  2337  3693 I MIUIInput: [MotionEvent] publisher action=0x1, deviceId=7, 44624579, channel '[Gesture Monitor] miui-gesture'
03-23 08:40:57.906 29441 29441 I MIUIInput: [MotionEvent] ViewRootImpl windowName 'com.applist.test/com.applist.test.MainActivity', { action=ACTION_UP, id[0]=0, pointerCount=1, eventTime=44624579, downTime=44624474, phoneEventTime=08:40:57.905 } moveCount:5
03-23 08:40:57.907 29441 29441 D AppListTest: 鎸夐挳1琚偣鍑?
03-23 08:40:57.907 29441 29441 D AppListTest: testPackageManager 寮€濮?
03-23 08:40:57.908 26931 26931 D EventBus: No subscribers registered for event class com.xiaomi.xms.event.msg.SystemTouchMsg
03-23 08:40:57.908 26931 26931 D EventBus: No subscribers registered for event class ud.h
03-23 08:40:57.909 29441 30872 D AppListTest:  doInBackground 璋冪敤 getInstalledPackages
03-23 08:40:57.909  2337  5667 I AppsFilter: interaction: PackageSetting{37ce8e4 com.applist.test/10433} -> PackageSetting{7cbfb33 com.miui.screenrecorder/10287} BLOCKED
03-23 08:40:57.909  2337  5667 I AppsFilter: interaction: PackageSetting{37ce8e4 com.applist.test/10433} -> PackageSetting{42e825d com.android.ncm.overlay.common/10052} BLOCKED
03-23 08:40:57.909  2337  5667 I AppsFilter: interaction: PackageSetting{37ce8e4 com.applist.test/10433} -> PackageSetting{4d5aef0 icu.nullptr.applistdetector/10309} BLOCKED
03-23 08:40:57.909  2337  5667 I AppsFilter: interaction: PackageSetting{37ce8e4 com.applist.test/10433} -> PackageSetting{7e8cc69 com.android.cts.priv.ctsshim/10247} BLOCKED
03-23 08:40:57.909  2337  5667 I AppsFilter: interaction: PackageSetting{37ce8e4 com.applist.test/10433} -> PackageSetting{e9d36ee com.quark.browser/10296} BLOCKED
03-23 08:40:57.909  2337  5667 I AppsFilter: interaction: PackageSetting{37ce8e4 com.applist.test/10433} -> PackageSetting{9c1178f com.android.uwb.resources/10262} BLOCKED
03-23 08:40:57.909  2337  5667 I AppsFilter: interaction: PackageSetting{37ce8e4 com.applist.test/10433} -> PackageSetting{3feca1c com.byyang.appmodify/10291} BLOCKED
03-23 08:40:57.909  2337  5667 I AppsFilter: interaction: PackageSetting{37ce8e4 com.applist.test/10433} -> PackageSetting{9583ff com.android.internal.display.cutout.emulation.corner/10010} BLOCKED
03-23 08:40:57.909  2337  5667 I AppsFilter: interaction: PackageSetting{37ce8e4 com.applist.test/10433} -> PackageSetting{41b15cc com.android.internal.display.cutout.emulation.double/10011} BLOCKED
03-23 08:40:57.909  1908  1962 I [THP-HAL]: release_all:force:0
03-23 08:40:57.909  2337  5667 I AppsFilter: interaction: PackageSetting{37ce8e4 com.applist.test/10433} -> PackageSetting{2b8c625 com.unionpay.tsmservice.mi/10183} BLOCKED
03-23 08:40:57.909  2337  5667 I AppsFilter: interaction: PackageSetting{37ce8e4 com.applist.test/10433} -> PackageSetting{aa9d3fa com.android.healthconnect.controller/10243} BLOCKED
03-23 08:40:57.909  2337  5667 I AppsFilter: interaction: PackageSetting{37ce8e4 com.applist.test/10433} -> PackageSetting{6419dab com.xiaomi.hyper.aiphoto/10409} BLOCKED
03-23 08:40:57.909  2337  5667 I AppsFilter: interaction: PackageSetting{37ce8e4 com.applist.test/10433} -> PackageSetting{53c6c08 com.xiaomi.vipaccount/10299} BLOCKED
03-23 08:40:57.909  2337  5667 I AppsFilter: interaction: PackageSetting{37ce8e4 com.applist.test/10433} -> PackageSetting{9d49fa1 com.tencent.tmgp.sgame/10330} BLOCKED
03-23 08:40:57.909  2337  5667 I AppsFilter: interaction: PackageSetting{37ce8e4 com.applist.test/10433} -> PackageSetting{fb135c6 com.qiyi.video/10388} BLOCKED
03-23 08:40:57.909  2337  5667 I AppsFilter: interaction: PackageSetting{37ce8e4 com.applist.test/10433} -> PackageSetting{9fa6987 com.google.android.onetimeinitializer/10124} BLOCKED
03-23 08:40:57.909  2337  5667 I AppsFilter: interaction: PackageSetting{37ce8e4 com.applist.test/10433} -> PackageSetting{13040b4 com.android.health.connect.backuprestore/10244} BLOCKED
03-23 08:40:57.909  2337  5667 I AppsFilter: interaction: PackageSetting{37ce8e4 com.applist.test/10433} -> PackageSetting{47a94dd com.google.android.ext.shared/10151} BLOCKED
03-23 08:40:57.909  2337  5667 I AppsFilter: interaction: PackageSetting{37ce8e4 com.applist.test/10433} -> PackageSetting{17ae852 com.android.virtualmachine.res/10261} BLOCKED
03-23 08:40:57.910  2337  5667 I AppsFilter: interaction: PackageSetting{37ce8e4 com.applist.test/10433} -> PackageSetting{dd8b1df io.github.a13e300.ksuwebui/10312} BLOCKED
03-23 08:40:57.910  2337  5667 I AppsFilter: interaction: PackageSetting{37ce8e4 com.applist.test/10433} -> PackageSetting{6eab420 com.miui.themestore/10290} BLOCKED
03-23 08:40:57.910  2337  5667 I AppsFilter: interaction: PackageSetting{37ce8e4 com.applist.test/10433} -> PackageSetting{590a1d9 com.android.bankabc/10357} BLOCKED
03-23 08:40:57.910  2337  5667 I AppsFilter: interaction: PackageSetting{37ce8e4 com.applist.test/10433} -> PackageSetting{6bb379e com.sankuai.meituan/10379} BLOCKED
03-23 08:40:57.910  2337  5667 I AppsFilter: interaction: PackageSetting{37ce8e4 com.applist.test/10433} -> PackageSetting{add027f com.youku.phone/10426} BLOCKED
03-23 08:40:57.910  2337  5667 I AppsFilter: interaction: PackageSetting{37ce8e4 com.applist.test/10433} -> PackageSetting{416f24c com.sinovatech.unicom.ui/10387} BLOCKED
03-23 08:40:57.910  2337  5667 I AppsFilter: interaction: PackageSetting{37ce8e4 com.applist.test/10433} -> PackageSetting{57589fc com.android.providers.telephony.auto_generated_characteristics_rro/10066} BLOCKED
03-23 08:40:57.910  2337  5667 I AppsFilter: interaction: PackageSetting{37ce8e4 com.applist.test/10433} -> PackageSetting{e608295 com.xiaomi.gamecenter.sdk.service/10139} BLOCKED
03-23 08:40:57.910  2337  5667 I AppsFilter: interaction: PackageSetting{37ce8e4 com.applist.test/10433} -> PackageSetting{b1f2faa com.phoenix.read/10329} BLOCKED
03-23 08:40:57.910  2337  5667 I AppsFilter: interaction: PackageSetting{37ce8e4 com.applist.test/10433} -> PackageSetting{449479b com.android.htmlviewer/10095} BLOCKED
03-23 08:40:57.910  2337  5667 I AppsFilter: interaction: PackageSetting{37ce8e4 com.applist.test/10433} -> PackageSetting{3e6e738 com.miui.gallery/10283} BLOCKED
03-23 08:40:57.910  2337  5667 I AppsFilter: interaction: PackageSetting{37ce8e4 com.applist.test/10433} -> PackageSetting{113b311 com.tencent.androidqqmail/10389} BLOCKED
03-23 08:40:57.910  2337  5667 I AppsFilter: interaction: PackageSetting{37ce8e4 com.applist.test/10433} -> PackageSetting{6189c76 com.coderstory.toolkit/10404} BLOCKED
03-23 08:40:57.910  2337  5667 I AppsFilter: interaction: PackageSetting{37ce8e4 com.applist.test/10433} -> PackageSetting{16ac277 com.mi.earphone/10371} BLOCKED
03-23 08:40:57.910  2337  5667 I AppsFilter: interaction: PackageSetting{37ce8e4 com.applist.test/10433} -> PackageSetting{bf3ee4 com.byyoung.setting/10328} BLOCKED
03-23 08:40:57.910  2337  5667 I AppsFilter: interaction: PackageSetting{37ce8e4 com.applist.test/10433} -> PackageSetting{eef6f4d com.zhenxi.hunter/10437} BLOCKED
03-23 08:40:57.910  2337  5667 I AppsFilter: interaction: PackageSetting{37ce8e4 com.applist.test/10433} -> PackageSetting{26a0a02 cn.gov.zcy.gpcclient/10421} BLOCKED
03-23 08:40:57.910  2337  5667 I AppsFilter: interaction: PackageSetting{37ce8e4 com.applist.test/10433} -> PackageSetting{5bf0f13 com.topmiaohan.sulist/10307} BLOCKED
03-23 08:40:57.910  2337  5667 I AppsFilter: interaction: PackageSetting{37ce8e4 com.applist.test/10433} -> PackageSetting{4a36550 cn.gov.tax.its/10429} BLOCKED
