03-23 08:40:55.314  4751  6230 D RecentsTaskLoader: reloadTasksData [TaskKey{id=1506, stackId=0, baseIntent=Intent { act=android.intent.action.MAIN cat=[android.intent.category.LAUNCHER] flg=0x10200000 cmp=io.github.a13e300.ksuwebui/.MainActivity }, userId=0, lastActiveTime=63092947, windowingMode=1, isThumbnailBlur=false, isAccessLocked=false, isScreening=false, topActivity=ComponentInfo{io.github.a13e300.ksuwebui/io.github.a13e300.ksuwebui.MainActivity}, mHashCode=45788798}, title=KsuWebUI, titleDescription=KsuWebUI, bounds=null, isLaunchTarget=true, isStackTask=true, isSystemApp=false, isDockable=true, baseActivity=ComponentInfo{io.github.a13e300.ksuwebui/io.github.a13e300.ksuwebui.MainActivity}, isLocked=false, mNeedHide=false, hasMultipleTasks=false, cti1Key=, cti2Key=, cti1Task=, cti2Task=] 
03-23 08:40:55.314  4751  6230 D RecentsTaskLoader: reloadTasksData [TaskKey{id=1505, stackId=0, baseIntent=Intent { act=android.intent.action.MAIN cat=[android.intent.category.LAUNCHER] flg=0x10200000 cmp=com.android.settings/.MainSettings }, userId=0, lastActiveTime=62986168, windowingMode=1, isThumbnailBlur=false, isAccessLocked=false, isScreening=false, topActivity=ComponentInfo{com.android.settings/com.android.settings.SubSettings}, mHashCode=45759007}, title=璁剧疆, titleDescription=璁剧疆, bounds=null, isLaunchTarget=false, isStackTask=true, isSystemApp=true, isDockable=true, baseActivity=ComponentInfo{com.android.settings/com.android.settings.MiuiSettings}, isLocked=false, mNeedHide=false, hasMultipleTasks=false, cti1Key=, cti2Key=, cti1Task=, cti2Task=] 
03-23 08:40:55.314  4751  6230 D RecentsTaskLoader: reloadTasksData [TaskKey{id=1416, stackId=0, baseIntent=Intent { act=android.intent.action.MAIN cat=[android.intent.category.LAUNCHER] flg=0x10200000 cmp=com.tencent.mm/.ui.LauncherUI }, userId=0, lastActiveTime=62980537, windowingMode=1, isThumbnailBlur=false, isAccessLocked=true, isScreening=false, topActivity=ComponentInfo{com.miui.securitycenter/com.miui.applicationlock.AppLockActivity}, mHashCode=43107608}, title=寰俊, titleDescription=寰俊, bounds=null, isLaunchTarget=true, isStackTask=true, isSystemApp=false, isDockable=true, baseActivity=ComponentInfo{com.tencent.mm/com.tencent.mm.ui.LauncherUI}, isLocked=false, mNeedHide=false, hasMultipleTasks=false, cti1Key=, cti2Key=, cti1Task=, cti2Task=] 
03-23 08:40:55.314  4751  6230 D RecentsTaskLoader: reloadTasksData: [TaskKey{id=1416, stackId=0, baseIntent=Intent { act=android.intent.action.MAIN cat=[android.intent.category.LAUNCHER] flg=0x10200000 cmp=com.tencent.mm/.ui.LauncherUI }, userId=0, lastActiveTime=62980537, windowingMode=1, isThumbnailBlur=false, isAccessLocked=true, isScreening=false, topActivity=ComponentInfo{com.miui.securitycenter/com.miui.applicationlock.AppLockActivity}, mHashCode=43107608}, title=寰俊, titleDescription=寰俊, bounds=null, isLaunchTarget=true, isStackTask=true, isSystemApp=false, isDockable=true, baseActivity=ComponentInfo{com.tencent.mm/com.tencent.mm.ui.LauncherUI}, isLocked=false, mNeedHide=false, hasMultipleTasks=false, cti1Key=, cti2Key=, cti1Task=, cti2Task=] 
03-23 08:40:55.314  4751  6230 D RecentsTaskLoader: reloadTasksData [TaskKey{id=1504, stackId=0, baseIntent=Intent { act=android.intent.action.MAIN cat=[android.intent.category.LAUNCHER] flg=0x10200000 cmp=com.android.contacts/.activities.TwelveKeyDialer }, userId=0, lastActiveTime=62244401, windowingMode=1, isThumbnailBlur=false, isAccessLocked=false, isScreening=false, topActivity=ComponentInfo{com.android.contacts/com.android.contacts.activities.PeopleActivity}, mHashCode=45729216}, title=鐢佃瘽, titleDescription=閫氳褰曚笌鎷ㄥ彿 鐢佃瘽, bounds=null, isLaunchTarget=false, isStackTask=true, isSystemApp=true, isDockable=true, baseActivity=ComponentInfo{com.android.contacts/com.android.contacts.activities.PeopleActivity}, isLocked=false, mNeedHide=false, hasMultipleTasks=false, cti1Key=, cti2Key=, cti1Task=, cti2Task=] 
03-23 08:40:55.314  4751  6230 D RecentsTaskLoader: reloadTasksData [TaskKey{id=1498, stackId=0, baseIntent=Intent { act=android.intent.action.MAIN cat=[android.intent.category.LAUNCHER] flg=0x10200000 cmp=com.ss.android.ugc.aweme/.splash.SplashActivity }, userId=0, lastActiveTime=61266234, windowingMode=1, isThumbnailBlur=false, isAccessLocked=false, isScreening=false, topActivity=ComponentInfo{com.ss.android.ugc.aweme/com.ss.android.ugc.aweme.main.MainActivity}, mHashCode=45550470}, title=鎶栭煶, titleDescription=鎶栭煶, bounds=null, isLaunchTarget=false, isStackTask=true, isSystemApp=false, isDockable=true, baseActivity=ComponentInfo{com.ss.android.ugc.aweme/com.ss.android.ugc.aweme.main.MainActivity}, isLocked=false, mNeedHide=false, hasMultipleTasks=false, cti1Key=, cti2Key=, cti1Task=, cti2Task=] 
03-23 08:40:55.314  4751  6230 D RecentsTaskLoader: reloadTasksData [TaskKey{id=1501, stackId=0, baseIntent=Intent { act=android.intent.action.MAIN cat=[android.intent.category.LAUNCHER] flg=0x10200000 cmp=me.weishu.kernelsu/.ui.MainActivity }, userId=0, lastActiveTime=57418807, windowingMode=1, isThumbnailBlur=false, isAccessLocked=false, isScreening=false, topActivity=ComponentInfo{me.weishu.kernelsu/me.weishu.kernelsu.ui.MainActivity}, mHashCode=45639843}, title=KernelSU, titleDescription=KernelSU, bounds=null, isLaunchTarget=false, isStackTask=true, isSystemApp=false, isDockable=true, baseActivity=ComponentInfo{me.weishu.kernelsu/me.weishu.kernelsu.ui.MainActivity}, isLocked=false, mNeedHide=false, hasMultipleTasks=false, cti1Key=, cti2Key=, cti1Task=, cti2Task=] 
03-23 08:40:55.314  4751  6230 D RecentsTaskLoader: reloadTasksData [TaskKey{id=1500, stackId=0, baseIntent=Intent { act=android.intent.action.MAIN cat=[android.intent.category.LAUNCHER] flg=0x10200000 cmp=com.xiaomi.market/.ui.MarketTabActivity }, userId=0, lastActiveTime=57219290, windowingMode=1, isThumbnailBlur=false, isAccessLocked=false, isScreening=false, topActivity=ComponentInfo{com.xiaomi.market/com.xiaomi.market.business_ui.main.MarketTabActivity}, mHashCode=45610052}, title=搴旂敤鍟嗗簵, titleDescription=搴旂敤鍟嗗簵, bounds=null, isLaunchTarget=false, isStackTask=true, isSystemApp=true, isDockable=false, baseActivity=ComponentInfo{com.xiaomi.market/com.xiaomi.market.business_ui.main.MarketTabActivity}, isLocked=false, mNeedHide=false, hasMultipleTasks=false, cti1Key=, cti2Key=, cti1Task=, cti2Task=] 
03-23 08:40:55.314  4751  6230 D RecentsTaskLoader: reloadTasksData [TaskKey{id=1422, stackId=0, baseIntent=Intent { act=android.intent.action.MAIN cat=[android.intent.category.LAUNCHER] flg=0x10200000 cmp=bin.mt.plus/.MainLightIcon }, userId=0, lastActiveTime=34859587, windowingMode=1, isThumbnailBlur=false, isAccessLocked=false, isScreening=false, topActivity=ComponentInfo{bin.mt.plus/bin.mt.plus.Main}, mHashCode=43286354}, title=MT绠＄悊鍣? titleDescription=MT绠＄悊鍣? bounds=null, isLaunchTarget=false, isStackTask=true, isSystemApp=false, isDockable=true, baseActivity=ComponentInfo{bin.mt.plus/bin.mt.plus.Main}, isLocked=false, mNeedHide=false, hasMultipleTasks=false, cti1Key=, cti2Key=, cti1Task=, cti2Task=] 
03-23 08:40:55.314  4751  6230 D RecentsTaskLoader: reloadTasksData [TaskKey{id=1496, stackId=0, baseIntent=Intent { act=android.settings.APPLICATION_DETAILS_SETTINGS dat=package: flg=0x10008000 cmp=com.android.settings/.applications.InstalledAppDetails }, userId=0, lastActiveTime=34836980, windowingMode=1, isThumbnailBlur=false, isAccessLocked=false, isScreening=false, topActivity=null, mHashCode=45490888}, title=搴旂敤璇︽儏, titleDescription=璁剧疆 搴旂敤淇℃伅, bounds=null, isLaunchTarget=false, isStackTask=true, isSystemApp=true, isDockable=true, baseActivity=null, isLocked=false, mNeedHide=false, hasMultipleTasks=false, cti1Key=, cti2Key=, cti1Task=, cti2Task=] 
03-23 08:40:55.314  4751  6230 D RecentsTaskLoader: reloadTasksData [TaskKey{id=1461, stackId=0, baseIntent=Intent { act=android.intent.action.MAIN cat=[android.intent.category.LAUNCHER] flg=0x11200000 cmp=com.android.fileexplorer/.FileExplorerTabActivity }, userId=0, lastActiveTime=34564594, windowingMode=1, isThumbnailBlur=false, isAccessLocked=true, isScreening=false, topActivity=ComponentInfo{com.android.fileexplorer/com.android.fileexplorer.FileExplorerTabActivity}, mHashCode=44448203}, title=鏂囦欢绠＄悊, titleDescription=鏂囦欢绠＄悊, bounds=null, isLaunchTarget=true, isStackTask=true, isSystemApp=true, isDockable=true, baseActivity=ComponentInfo{com.android.fileexplorer/com.android.fileexplorer.FileExplorerTabActivity}, isLocked=false, mNeedHide=false, hasMultipleTasks=false, cti1Key=, cti2Key=, cti1Task=, cti2Task=] 
03-23 08:40:55.314  4751  6230 D RecentsTaskLoader: reloadTasksData [TaskKey{id=1482, stackId=0, baseIntent=Intent { act=android.intent.action.MAIN cat=[android.intent.category.LAUNCHER] flg=0x11200000 cmp=com.tencent.mm/.ui.LauncherUI }, userId=999, lastActiveTime=34187466, windowingMode=1, isThumbnailBlur=false, isAccessLocked=true, isScreening=false, topActivity=ComponentInfo{com.tencent.mm/com.tencent.mm.ui.LauncherUI}, mHashCode=45074813}, title=寰俊, titleDescription=寰俊, bounds=null, isLaunchTarget=false, isStackTask=true, isSystemApp=false, isDockable=true, baseActivity=ComponentInfo{com.tencent.mm/com.tencent.mm.ui.LauncherUI}, isLocked=false, mNeedHide=false, hasMultipleTasks=false, cti1Key=, cti2Key=, cti1Task=, cti2Task=] 
03-23 08:40:55.314  4751  6230 D RecentsTaskLoader: reloadTasksData [TaskKey{id=1470, stackId=0, baseIntent=Intent { act=android.intent.action.MAIN cat=[android.intent.category.LAUNCHER] flg=0x10200000 cmp=com.phoenix.read/com.dragon.read.pages.splash.SplashActivity }, userId=0, lastActiveTime=33384541, windowingMode=1, isThumbnailBlur=false, isAccessLocked=false, isScreening=false, topActivity=ComponentInfo{com.phoenix.read/com.dragon.read.component.shortvideo.impl.ShortSeriesActivity}, mHashCode=44716322}, title=绾㈡灉鍏嶈垂鐭墽, titleDescription=绾㈡灉鍏嶈垂鐭墽, bounds=null, isLaunchTarget=false, isStackTask=true, isSystemApp=false, isDockable=true, baseActivity=ComponentInfo{com.phoenix.read/com.dragon.read.pages.main.MainFragmentActivity}, isLocked=false, mNeedHide=false, hasMultipleTasks=false, cti1Key=, cti2Key=, cti1Task=, cti2Task=] 
03-23 08:40:55.314  4751  6230 D RecentsTaskLoader: reloadTasksData [TaskKey{id=1439, stackId=0, baseIntent=Intent { act=android.intent.action.MAIN cat=[android.intent.category.LAUNCHER] flg=0x11200000 cmp=com.tencent.mobileqq/.activity.SplashActivity }, userId=0, lastActiveTime=28515344, windowingMode=1, isThumbnailBlur=false, isAccessLocked=true, isScreening=false, topActivity=null, mHashCode=43792801}, title=QQ, titleDescription=QQ, bounds=null, isLaunchTarget=false, isStackTask=true, isSystemApp=false, isDockable=true, baseActivity=null, isLocked=false, mNeedHide=false, hasMultipleTasks=false, cti1Key=, cti2Key=, cti1Task=, cti2Task=] 
03-23 08:40:55.316  1980  1980 D RefreshRateSelector: Touch Boost
03-23 08:40:55.316  1980  1980 E HwcComposer: presentOrValidateDisplay 0 presentFence:-1
03-23 08:40:55.318  4751  4751 D HWUI    : DDRE Debug DrawPath: smoothCornerEnabled = true
03-23 08:40:55.319  1980  2320 E HwcComposer: getLuts failed Status(-129, EX_TRANSACTION_FAILED): 'UNKNOWN_TRANSACTION: '
03-23 08:40:55.319  5421  5421 D ShadeDarkIconDispatcher: receiver delegate onDarkChanged
03-23 08:40:55.319  5421  5421 D ShadeDarkIconDispatcher: receiver delegate onDarkChangedWithContrast
03-23 08:40:55.319  5421  5421 D ShadeDarkIconDispatcher: receiver delegate onLightDarkTintChanged
03-23 08:40:55.321 26141 26141 I RegionSamplingImageView: onRegionDarknessChanged, new = false, old = false
03-23 08:40:55.324  1980  1980 D RefreshRateSelector: Touch Boost
03-23 08:40:55.325  1754  2396 I vendor.qti.hardware.display.composer-service: Sensor: notify citsensorservice to trigger cwb, misForced = 0
03-23 08:40:55.326  1980  1980 E HwcComposer: presentOrValidateDisplay 0 presentFence:-1
03-23 08:40:55.326  3106  3787 I libsensor-parseRGB: request dump start for mRequestDisplayId 0
03-23 08:40:55.326  3106  3787 D vendor.xiaomi.sensor.citsensorservice.aidl: handle id:20 wxh:1536x3200 uwxuh:1440x3200 size: 14745600 fd:17 fd_meta:18 flags:0x228 usage:0x33  format:0x3 layer_count: 1 reserved_size = 0 custom_content_md_reserved_size = 0
03-23 08:40:55.326  1754  2304 D SDM     : HWCSession::PostBuffer: CWB config passed by cwb_client : tappoint 1  CWB_ROI : (768.000000 37.000000 1009.000000 278.000000)
03-23 08:40:55.326  5421  5421 D ShadeDarkIconDispatcher: receiver delegate onDarkChanged
03-23 08:40:55.326  5421  5421 D ShadeDarkIconDispatcher: receiver delegate onDarkChangedWithContrast
03-23 08:40:55.326  5421  5421 D ShadeDarkIconDispatcher: receiver delegate onLightDarkTintChanged
03-23 08:40:55.332  1980  1980 D RefreshRateSelector: Touch Boost
03-23 08:40:55.333  1980  1980 E HwcComposer: presentOrValidateDisplay 0 presentFence:-1
03-23 08:40:55.335  5421  5421 D ShadeDarkIconDispatcher: receiver delegate onDarkChanged
03-23 08:40:55.335  5421  5421 D ShadeDarkIconDispatcher: receiver delegate onDarkChangedWithContrast
03-23 08:40:55.335  5421  5421 D ShadeDarkIconDispatcher: receiver delegate onLightDarkTintChanged
03-23 08:40:55.341  1980  1980 D RefreshRateSelector: Touch Boost
03-23 08:40:55.342  1980  1980 E HwcComposer: presentOrValidateDisplay 0 presentFence:-1
03-23 08:40:55.343  5421  5421 D ShadeDarkIconDispatcher: receiver delegate onDarkChanged
03-23 08:40:55.343  5421  5421 D ShadeDarkIconDispatcher: receiver delegate onDarkChangedWithContrast
03-23 08:40:55.343  5421  5421 D ShadeDarkIconDispatcher: receiver delegate onLightDarkTintChanged
03-23 08:40:55.349  1980  1980 D RefreshRateSelector: Touch Boost
03-23 08:40:55.350  1980  1980 E HwcComposer: presentOrValidateDisplay 0 presentFence:-1
03-23 08:40:55.352  5421  5421 D ShadeDarkIconDispatcher: receiver delegate onDarkChanged
03-23 08:40:55.352  5421  5421 D ShadeDarkIconDispatcher: receiver delegate onDarkChangedWithContrast
03-23 08:40:55.352  5421  5421 D ShadeDarkIconDispatcher: receiver delegate onLightDarkTintChanged
03-23 08:40:55.352  1754  1897 D SDM     : HWDeviceDRM::SetupConcurrentWriteback: Tear down the Concurrent Writeback topology
03-23 08:40:55.357  3106  3793 I libsensor-boledalgo: Write:the value of channelCali C:1261.3,R:620.5,G:460.6,B:283.5,scales [1.024484,1.028844,1.055530,0.912332]
03-23 08:40:55.357  1980  1980 D RefreshRateSelector: Touch Boost
03-23 08:40:55.357  3106  3793 D libsensor-boledalgo: brightness:301,R:37695.5,G:51746.8,B:51746.8,EVENT C:4368.6,R:1946.7,G:1627.6,B:1027.6, lux: 60.4, clone:56306
03-23 08:40:55.358  1754 16722 D SDM     : CompManager::NotifyCwbDone: display 0 notify cwb callback, status = 0
03-23 08:40:55.358  1754  4749 D SDM     : HWCSession::NotifyCWBStatus: Notify the client about buffer status 0.
03-23 08:40:55.358  1754  4749 D SDM     : HWCSession::ProcessCWBStatus: CWB queue is empty. Display: 0
03-23 08:40:55.359  1980  1980 E HwcComposer: presentOrValidateDisplay 0 presentFence:-1
03-23 08:40:55.359  3106  3106 E libsensor-parseRGB: CWB NotifyCWBBufferDone  error 0
03-23 08:40:55.360  5421  5421 D ShadeDarkIconDispatcher: receiver delegate onDarkChanged
03-23 08:40:55.360  5421  5421 D ShadeDarkIconDispatcher: receiver delegate onDarkChangedWithContrast
03-23 08:40:55.360  5421  5421 D ShadeDarkIconDispatcher: receiver delegate onLightDarkTintChanged
03-23 08:40:55.366  1980  1980 D RefreshRateSelector: Touch Boost
03-23 08:40:55.367  1980  1980 E HwcComposer: presentOrValidateDisplay 0 presentFence:-1
03-23 08:40:55.368  5421  5421 D ShadeDarkIconDispatcher: receiver delegate onDarkChanged
03-23 08:40:55.368  5421  5421 D ShadeDarkIconDispatcher: receiver delegate onDarkChangedWithContrast
03-23 08:40:55.368  5421  5421 D ShadeDarkIconDispatcher: receiver delegate onLightDarkTintChanged
03-23 08:40:55.372  1973 14523 D AudioFlingerImpl: setGameParameters keyvalue: gamebooster=false
03-23 08:40:55.372  1666  4451 D AHAL: AudioDeviceCustom: SetParameters: 134: SetParameters gamebooster=false
03-23 08:40:55.372  1666  4451 D AHAL: AudioDeviceCustom: SetParameters: 447: AUDIO_MODE_RINGTONE 1 speaker_number  mode 0
03-23 08:40:55.372  1666  4451 D AHAL: AudioDevice: SetParameters: 1763: Enter: kvpairs is gamebooster=false
03-23 08:40:55.372  1666  4451 D AHAL: AudioVoice: VoiceSetParameters: 215: Enter params: gamebooster=false
03-23 08:40:55.372  1666  4451 D AHAL: AudioVoice: VoiceSetParameters: 682: Exit ret: 0
03-23 08:40:55.372  1666  4451 D AHAL: hfp: hfp_set_parameters: 444: enter
03-23 08:40:55.372  1666  4451 D AHAL: FM: fm_set_parameters: 261: Enter
03-23 08:40:55.372  1666  4451 D AHAL: FM: fm_set_parameters: 319: Exit
03-23 08:40:55.372  1666  4451 D AHAL: AudioDevice: SetParameters: 2904: Exit: -2
03-23 08:40:55.373  1666  4373 D r_submix: adev_set_parameters() kvpairs='gamebooster=false'
03-23 08:40:55.374  1980  1980 D RefreshRateSelector: Touch Boost
03-23 08:40:55.375  1980  1980 E HwcComposer: presentOrValidateDisplay 0 presentFence:-1
03-23 08:40:55.376 29441 29441 D nativeloader: Configuring clns-10 for other apk /data/app/~~3vWCufU16zSgqauEqDxQMw==/com.applist.test-GhsBwI1bdnBDPJQf9OBWQQ==/base.apk. target_sdk_version=35, uses_libraries=, library_path=/data/app/~~3vWCufU16zSgqauEqDxQMw==/com.applist.test-GhsBwI1bdnBDPJQf9OBWQQ==/lib/arm64, permitted_path=/data:/mnt/expand:/data/user/0/com.applist.test
03-23 08:40:55.377  5421  5421 D ShadeDarkIconDispatcher: receiver delegate onDarkChanged
03-23 08:40:55.377  5421  5421 D DynamicIslandWindowViewController: handleDynamicIsland: action_update_light
03-23 08:40:55.377  5421  5421 D DynamicIslandWindowViewController: handleDynamicIsland: isLight false
03-23 08:40:55.377 29441 29441 D CompatChangeReporter: Compat change id reported: 202956589; UID 10433; state: ENABLED
03-23 08:40:55.378  5421  5421 D ShadeDarkIconDispatcher: receiver delegate onDarkChangedWithContrast
03-23 08:40:55.378  5421  5421 D ShadeDarkIconDispatcher: receiver delegate onLightDarkTintChanged
03-23 08:40:55.378 29441 29441 I om.applist.test: AssetManager2(0xb400007aa28301f8) locale list changing from [] to [zh-CN]
03-23 08:40:55.379 29441 30828 D MiuiMonitorThread: Shared singleton Thread for stability monitor start
03-23 08:40:55.382 29441 30828 I Perf    : Connecting to perf service.
03-23 08:40:55.382  1980  1980 D RefreshRateSelector: Touch Boost
03-23 08:40:55.383 29441 29441 D HWUI    : [HWUI] Flag vulkan_enhance_pipeline_cache enabled
03-23 08:40:55.383 29441 29441 D HWUI    : [HWUI] EnhanceVkPipelineCache is disabled
03-23 08:40:55.383 29441 29441 D HWUI    : [HWUI] Flag ddre enabled
03-23 08:40:55.383  1980  1980 E HwcComposer: presentOrValidateDisplay 0 presentFence:-1
03-23 08:40:55.383 29441 29441 V GraphicsEnvironment: Currently set values for:
03-23 08:40:55.383 29441 29441 V GraphicsEnvironment:   angle_gl_driver_selection_pkgs=[]
03-23 08:40:55.383 29441 29441 V GraphicsEnvironment:   angle_gl_driver_selection_values=[]
03-23 08:40:55.383 29441 29441 V GraphicsEnvironment: com.applist.test is not listed in per-application setting
03-23 08:40:55.384 29441 29441 V GraphicsEnvironment: ANGLE allowlist from config: 
03-23 08:40:55.384 29441 29441 V GraphicsEnvironment: com.applist.test is not listed in ANGLE allowlist or settings, returning default
03-23 08:40:55.384 29441 29441 V GraphicsEnvironment: Updatable production driver is not supported on the device.
03-23 08:40:55.387 29441 30828 I ActivityThread: TrafficStats init done
03-23 08:40:55.388 29441 29441 D ResMonitorStub: The current process type is: third_party_app, process name is: com.applist.test
03-23 08:40:55.389 29441 30835 E ashmem  : Pinning is deprecated since Android Q. Please use trim or other methods.
03-23 08:40:55.390 29441 30828 I ForceDarkHelperStubImpl: initialize for com.applist.test , ForceDarkOrigin
03-23 08:40:55.390  1980  1980 D RefreshRateSelector: Touch Boost
03-23 08:40:55.391 29441 30828 D nativeloader: Load libforcedarkimpl.so using system ns (caller=/system_ext/framework/miui-framework.jar): ok
03-23 08:40:55.391 29441 30828 D HWUI    : JNI_OnLoad success
03-23 08:40:55.391 29441 30828 I MiuiForceDarkConfig: setConfig density:2.625000, mainRule:0, secondaryRule:0, tertiaryRule:0
03-23 08:40:55.391 29441 29441 D CompatChangeReporter: Compat change id reported: 279646685; UID 10433; state: ENABLED
03-23 08:40:55.392  1980  1980 E HwcComposer: presentOrValidateDisplay 0 presentFence:-1
03-23 08:40:55.395 29441 30828 I ActivityThread: Miui Feature Init done
03-23 08:40:55.397 29441 29441 D HWUI    : [HWUI] Flag vulkan_enhance_pipeline_cache enabled
03-23 08:40:55.397 29441 29441 D HWUI    : [HWUI] EnhanceVkPipelineCache is disabled
03-23 08:40:55.397 29441 29441 D HWUI    : [HWUI] Flag ddre enabled
03-23 08:40:55.397 29441 29441 D om.applist.test: blurUtils, initBackgroundBlurMinInterval processName(com.applist.test), inWhiteLists(0)
03-23 08:40:55.398 29441 30828 I ActivityThread: HardwareRenderer preload  done
03-23 08:40:55.399 29441 29441 I om.applist.test: AssetManager2(0xb400007aa282ec18) locale list changing from [] to [zh-CN]
03-23 08:40:55.399 29441 30841 I DisplayManager: Choreographer implicitly registered for the refresh rate.
03-23 08:40:55.399  1980  1980 D RefreshRateSelector: Touch Boost
03-23 08:40:55.400 29441 30841 W libc    : Access denied finding property "vendor.migl.debug"
03-23 08:40:55.400 29441 30841 I libMiGL : EnableDR: 0
03-23 08:40:55.400 29441 30841 D libMiGL : mDFIInterval: -1
03-23 08:40:55.401 29441 30841 I AdrenoGLES-0: QUALCOMM build                   : 4a4a7d07e5, I6689e30232
03-23 08:40:55.401 29441 30841 I AdrenoGLES-0: Build Date                       : 05/16/25
03-23 08:40:55.401 29441 30841 I AdrenoGLES-0: OpenGL ES Shader Compiler Version: E031.45.02.25
03-23 08:40:55.401 29441 30841 I AdrenoGLES-0: Local Branch                     : 
03-23 08:40:55.401 29441 30841 I AdrenoGLES-0: Remote Branch                    : refs/tags/AU_LINUX_ANDROID_LA.VENDOR.14.3.0.11.00.00.973.948
03-23 08:40:55.401 29441 30841 I AdrenoGLES-0: Remote Branch                    : NONE
03-23 08:40:55.401 29441 30841 I AdrenoGLES-0: Reconstruct Branch               : NOTHING
03-23 08:40:55.401 29441 30841 I AdrenoGLES-0: Build Config                     : S P 16.1.2 AArch64
03-23 08:40:55.401 29441 30841 I AdrenoGLES-0: Driver Path                      : /vendor/lib64/egl/libGLESv2_adreno.so
03-23 08:40:55.401 29441 30841 I AdrenoGLES-0: Driver Version                   : 0762.36
03-23 08:40:55.401 29441 30841 I AdrenoGLES-0: Process Name                     : com.applist.test
03-23 08:40:55.401  1980  1980 E HwcComposer: presentOrValidateDisplay 0 presentFence:-1
03-23 08:40:55.406 29441 30841 I AdrenoGLES-0: PFP: 0x01520180, ME: 0x01520023
03-23 08:40:55.407 29441 29441 D AppCompatDelegate: Checking for metadata for AppLocalesMetadataHolderService : Service not found
03-23 08:40:55.407  1980  1980 D RefreshRateSelector: Touch Boost
03-23 08:40:55.407 29441 29441 I om.applist.test: AssetManager2(0xb400007aa2831af8) locale list changing from [] to [zh-CN]
03-23 08:40:55.408  1980  1980 E HwcComposer: presentOrValidateDisplay 0 presentFence:-1
03-23 08:40:55.409  1810  1810 I qspmHal : enter getGpuProf at: 404962161
03-23 08:40:55.409  1810  1810 I qspmHal : PID 29441 from GFX matched.
03-23 08:40:55.409  1810  1810 I qspmHal : gpuProfName:com.applist.test-gpu - gpu prof_info.path:/data/vendor/gaming/com.applist.test-gpu
03-23 08:40:55.409  1810  1810 E qspmHal : GPU profile file NOT found !!
03-23 08:40:55.411 29441 30841 I AdrenoUtils: <ReadGpuID:357>: Reading chip ID through GSL
03-23 08:40:55.411  2337  3488 D BarFollowAnimation: onTaskInfoChanedForCaptionBar Task{6d54210 #1497 type=standard A=10433:com.applist.test} shouldbeVisible:true isVisible:true isOnTop:true windowMode:1 preDisplayId:-1 displayId:0 mCaptionAssociatedTask:null mIsTouchedInCaption:false
03-23 08:40:55.413  4751  4751 D RecentsModel: onTaskDescriptionChanged =  taskId = 1497
03-23 08:40:55.416  1980  1980 D RefreshRateSelector: Touch Boost
03-23 08:40:55.417  1980  1980 E HwcComposer: presentOrValidateDisplay 0 presentFence:-1
03-23 08:40:55.419 29441 29441 D CompatChangeReporter: Compat change id reported: 309578419; UID 10433; state: ENABLED
03-23 08:40:55.419 29441 30841 I libEGL  : shader cache num entries: 6
03-23 08:40:55.419 29441 30846 I om.applist.test: AssetManager2(0xb400007aa28346b8) locale list changing from [] to [zh-CN]
03-23 08:40:55.419 29441 30841 D HWUI    : [HWUI] Flag vulkan_enhance_pipeline_cache enabled
03-23 08:40:55.419 29441 30841 D HWUI    : [HWUI] EnhanceVkPipelineCache is disabled
03-23 08:40:55.419 29441 30841 D HWUI    : [HWUI] Flag ddre enabled
03-23 08:40:55.419 29441 30841 D SKIA    : [Skia] Flag vulkan_enhance_pipeline_cache enabled
03-23 08:40:55.419 29441 30841 D SKIA    : [Skia] EnhanceVkPipelineCache is false
03-23 08:40:55.419 29441 29441 D DesktopModeFlags: Toggle override initialized to: OVERRIDE_UNSET
03-23 08:40:55.419 29441 30841 D HWUI    : MiShaderPrecompile handle com.applist.test, isSksl: 0, isAppInPreCacheList: 0, isGpuVersionChanged: 0, isSkslChanged: 0
03-23 08:40:55.422 29441 30846 D nativeloader: Configuring clns-11 for other apk /system_ext/app/miuisystem/miuisystem.apk. target_sdk_version=35, uses_libraries=ALL, library_path=/product/app/ContentCatcherOS3/lib/arm64:/product/app/ContentCatcherOS3/ContentCatcherOS3.apk!/lib/arm64-v8a:/system_ext/priv-app/RtMiCloudSDK/RtMiCloudSDK.apk!/lib/arm64-v8a:/system_ext/app/miuisystem/miuisystem.apk!/lib/arm64-v8a, permitted_path=/data:/mnt/expand
03-23 08:40:55.422 29441 30846 D nativeloader: Extending system_exposed_libraries: libbinauralrenderer_wrapper.qti.so:libhoaeffects.qti.so:libmisys_jni.xiaomi.so:libpag.hyperos.so:libffavc.hyperos.so:libxiaomi_modemdumpsdx55_jni.modem.so:libxiaomi_modemdump_jni.modem.so:libmodemsmartengine_jni.modem.so:libupdateprof.qti.so:libthermalclient.qti.so:libdiag_system.qti.so:libqape.qti.so:libqesdk_ndk_platform.qti.so:liblistenjni.qti.so:libautoui_image.xiaomi.so
03-23 08:40:55.423 29441 30846 D nativeloader: Configuring clns-12 for other apk /system_ext/priv-app/RtMiCloudSDK/RtMiCloudSDK.apk. target_sdk_version=35, uses_libraries=ALL, library_path=/product/app/ContentCatcherOS3/lib/arm64:/product/app/ContentCatcherOS3/ContentCatcherOS3.apk!/lib/arm64-v8a:/system_ext/priv-app/RtMiCloudSDK/RtMiCloudSDK.apk!/lib/arm64-v8a:/system_ext/app/miuisystem/miuisystem.apk!/lib/arm64-v8a, permitted_path=/data:/mnt/expand
03-23 08:40:55.423 29441 30846 D nativeloader: Extending system_exposed_libraries: libbinauralrenderer_wrapper.qti.so:libhoaeffects.qti.so:libmisys_jni.xiaomi.so:libpag.hyperos.so:libffavc.hyperos.so:libxiaomi_modemdumpsdx55_jni.modem.so:libxiaomi_modemdump_jni.modem.so:libmodemsmartengine_jni.modem.so:libupdateprof.qti.so:libthermalclient.qti.so:libdiag_system.qti.so:libqape.qti.so:libqesdk_ndk_platform.qti.so:liblistenjni.qti.so:libautoui_image.xiaomi.so
03-23 08:40:55.423 29441 30846 D ApplicationLoaders: Returning zygote-cached class loader: /system/framework/org.apache.http.legacy.jar
03-23 08:40:55.423 29441 30846 D ApplicationLoaders: Returning zygote-cached class loader: /system_ext/framework/androidx.window.extensions.jar
03-23 08:40:55.423 29441 29441 D DecorView: updateFreeformOutlineFromActivity, inFreeform=false,inFreeformWindowMode=false
03-23 08:40:55.423 29441 30846 D ApplicationLoaders: Returning zygote-cached class loader: /system_ext/framework/androidx.window.sidecar.jar
03-23 08:40:55.424 15290 15483 I HeavyPackageIdentify: splitMode: false, splitPackages: null, foregroundPkg: com.applist.test
03-23 08:40:55.424  1980  1980 D RefreshRateSelector: Touch Boost
03-23 08:40:55.424 29441 30846 D nativeloader: InitLlndkLibrariesProduct: libEGL.so:libGLESv1_CM.so:libGLESv2.so:libGLESv3.so:libRS.so:libandroid_net.so:libapexsupport.so:libavf.so:libbinder_ndk.so:libc.so:libcgrouprc.so:libclang_rt.asan-aarch64-android.so:libclang_rt.asan-arm-android.so:libclang_rt.hwasan-aarch64-android.so:libcom.android.tethering.connectivity_native.so:libdl.so:libft2.so:liblog.so:libm.so:libmediandk.so:libnativewindow.so:libneuralnetworks.so:libselinux.so:libsync.so:libvendorsupport.so:libvndksupport.so:libvulkan.so
03-23 08:40:55.424 29441 30846 D nativeloader: Configuring product-clns-13 for unbundled product apk /product/app/ContentCatcherOS3/ContentCatcherOS3.apk. target_sdk_version=35, uses_libraries=, library_path=/product/app/ContentCatcherOS3/lib/arm64:/product/app/ContentCatcherOS3/ContentCatcherOS3.apk!/lib/arm64-v8a:/system_ext/priv-app/RtMiCloudSDK/RtMiCloudSDK.apk!/lib/arm64-v8a:/system_ext/app/miuisystem/miuisystem.apk!/lib/arm64-v8a:/product/lib64:/system/product/lib64, permitted_path=/data:/mnt/expand:/product/lib64:/system/product/lib64
03-23 08:40:55.425 29441 30846 D nativeloader: InitVndkspLibrariesProduct: VNDK is deprecated with product
03-23 08:40:55.425  1980  1980 E HwcComposer: presentOrValidateDisplay 0 presentFence:-1
03-23 08:40:55.427 29441 30846 D ViewContentFactory: initViewContentFetcherClass
03-23 08:40:55.427 29441 30846 D ViewContentFactory: getInterceptorPackageInfo
03-23 08:40:55.427 29441 29441 D ScrollerOptimizationManager: registerConfigChangedListener
03-23 08:40:55.427 29441 30846 D ViewContentFactory: getInitialApplication took 0ms
03-23 08:40:55.427 29441 30846 D ViewContentFactory: packageInfo.packageName: com.miui.contentcatcher
03-23 08:40:55.427 29441 29441 W libc    : Access denied finding property "ro.vendor.mi_sf.new_dynamic_refresh_rate"
03-23 08:40:55.427 29441 29441 D SplineOverScroller: dynamic params is false
03-23 08:40:55.427 29441 30846 D ViewContentFactory: initViewContentFetcherClass took 1ms
03-23 08:40:55.427 29441 30846 I ContentCatcher: ViewContentFetcher : ViewContentFetcher
03-23 08:40:55.427 29441 30846 D ViewContentFactory: createInterceptor took 1ms
03-23 08:40:55.428 29441 30846 E ContentCatcherManager: failed to get ContentCatcherService.
03-23 08:40:55.428 29441 30846 E ContentCatcherManager: failed to get ContentCatcherService.
03-23 08:40:55.430  5421  5421 D DynamicIslandSafeguardsController: delayExitApp: com.applist.test com.applist.test count = 0
03-23 08:40:55.432  1980  1980 D RefreshRateSelector: Touch Boost
03-23 08:40:55.434 29441 29441 D HWUI    : ImageDecoder_nDecodeBitmap: width = 72, height = 72, encodedFormat = 4
03-23 08:40:55.434  1980  1980 E HwcComposer: presentOrValidateDisplay 0 presentFence:-1
03-23 08:40:55.434 29441 29441 W HWUI    : Image decoding logging dropped!
03-23 08:40:55.435 29441 29441 I om.applist.test: hiddenapi: Accessing hidden method Landroid/view/View;->computeFitSystemWindows(Landroid/graphics/Rect;Landroid/graphics/Rect;)Z (runtime_flags=0, domain=platform, api=unsupported) from Landroidx/appcompat/widget/ViewUtils; (domain=app) using reflection: allowed
03-23 08:40:55.435 29441 29441 I om.applist.test: hiddenapi: Accessing hidden method Landroid/view/ViewGroup;->makeOptionalFitsSystemWindows()V (runtime_flags=0, domain=platform, api=unsupported) from Landroidx/appcompat/widget/ViewUtils; (domain=app) using reflection: allowed
03-23 08:40:55.436 29441 29441 D CompatChangeReporter: Compat change id reported: 63938206; UID 10433; state: ENABLED
03-23 08:40:55.440  2337  4642 E HyperSentinel: ->pid:29441,processName:"com.applist.test",Rss Memory Size Change 133080kb -> 176840kb
03-23 08:40:55.441  1980  1980 D RefreshRateSelector: Touch Boost
03-23 08:40:55.443  1980  1980 E HwcComposer: presentOrValidateDisplay 0 presentFence:-1
03-23 08:40:55.449  1980  1980 D RefreshRateSelector: Touch Boost
03-23 08:40:55.450  1980  1980 E HwcComposer: presentOrValidateDisplay 0 presentFence:-1
03-23 08:40:55.457  1980  1980 D RefreshRateSelector: Touch Boost
03-23 08:40:55.459  1980  1980 E HwcComposer: presentOrValidateDisplay 0 presentFence:-1
03-23 08:40:55.459 29441 29441 D ScrollerOptimizationManager: registerConfigChangedListener
03-23 08:40:55.465  1980  1980 D RefreshRateSelector: Touch Boost
03-23 08:40:55.466  1980  1980 E HwcComposer: presentOrValidateDisplay 0 presentFence:-1
03-23 08:40:55.466 29441 29441 D Activity: Activity = ActivityInfo{78858e com.applist.test.MainActivity}, Resume onConfigurationChanged = {1.0 460mcc?mnc [zh_CN] ldltr sw411dp w411dp h914dp 420dpi nrml long hdr widecg port finger -keyb/v/h -nav/h winConfig={ mBounds=Rect(0, 0 - 1080, 2400) mAppBounds=Rect(0, 0 - 1080, 2400) mMaxBounds=Rect(0, 0 - 1080, 2400) mDisplayRotation=ROTATION_0 mWindowingMode=fullscreen mActivityType=standard mAlwaysOnTop=undefined mRotation=ROTATION_0 mInSplitScreen=false letterBoxed=false foScaled=false isSpecificEmbedded=false embeddingScale=1.0} as.3 s.2 fontWeightAdjustment=0/dc themeChanged=0 themeChangedFlags=0 display=0 extraData = Bundle[{}] screenType=0c}
03-23 08:40:55.474  1980  1980 D RefreshRateSelector: Touch Boost
03-23 08:40:55.475  1980  1980 E HwcComposer: presentOrValidateDisplay 0 presentFence:-1
03-23 08:40:55.478 29441 30846 I ContentCatcher: SettingTrigger : register screen QA status observer com.applist.test.MainActivity
03-23 08:40:55.479 29441 30846 I ContentCatcher: SettingTrigger : register global collect status observer com.applist.test.MainActivity
03-23 08:40:55.479 29441 29441 D CompatChangeReporter: Compat change id reported: 352594277; UID 10433; state: ENABLED
03-23 08:40:55.479 29441 30846 I ContentCatcher: SettingTrigger : registerUIAgentListener com.applist.test.MainActivity, uid:10433
03-23 08:40:55.481  2337  5007 I DataHub : registerUIAgentListener packageName: com.applist.test~10433, client:miui.security.IUIAgentInteractionClient$Stub$Proxy@652ca63
03-23 08:40:55.481  2337  5007 I RemoteCallbackList: register success, put callback for com.applist.test~10433
03-23 08:40:55.481 10640 19269 D JavaheapMonitor: Java heap used=24M max=512M, proc: com.sohu.inputmethod.sogou.xiaomi
03-23 08:40:55.482  1980  1980 D RefreshRateSelector: Touch Boost
03-23 08:40:55.482 10640 19269 V JavaheapMonitor: Check java heap usage finished! Next check delay: 300000
03-23 08:40:55.483  1980  1980 E HwcComposer: presentOrValidateDisplay 0 presentFence:-1
03-23 08:40:55.490  1980  1980 D RefreshRateSelector: Touch Boost
03-23 08:40:55.492  1980  1980 E HwcComposer: presentOrValidateDisplay 0 presentFence:-1
03-23 08:40:55.499  1980  1980 D RefreshRateSelector: Touch Boost
03-23 08:40:55.500  1980  1980 E HwcComposer: presentOrValidateDisplay 0 presentFence:-1
03-23 08:40:55.502 29441 29441 D CompatChangeReporter: Compat change id reported: 349153669; UID 10433; state: ENABLED
03-23 08:40:55.503 29441 29441 D FramePredict: FramePredict init: false
03-23 08:40:55.503 29441 29441 D FramePredict: init success
03-23 08:40:55.504 29441 29441 W libc    : Access denied finding property "vendor.boostfwk.frameprefetcher"
03-23 08:40:55.504 29441 29441 E MI-PreRender: init cloud whiteList failed
03-23 08:40:55.504  2337  3488 W ActivityManager: Permission Denial: getCurrentUser() from pid=29441, uid=10433 requires android.permission.INTERACT_ACROSS_USERS
03-23 08:40:55.505 29441 29441 D om.applist.test: MiuiProcessManagerServiceStub setSchedFifo
03-23 08:40:55.505 29441 29441 I MiuiProcessManagerImpl: setSchedFifo pid:29441, mode:3
03-23 08:40:55.505  2337  5009 D ProcessManager: beginSchedThreads is not Enabled
03-23 08:40:55.506 29441 30849 E FramePredict: registerContentObserver fail
03-23 08:40:55.507  1980  1980 D RefreshRateSelector: Touch Boost
03-23 08:40:55.507 29441 30841 D HWUI    : TAG_DDRE, CanvasContext::setDdreActivities: 
03-23 08:40:55.507   948   948 I hwservicemanager: getTransport: Cannot find entry android.hardware.graphics.allocator@4.0::IAllocator/default in either framework or device VINTF manifest.
03-23 08:40:55.508 29441 29441 D FirstFrameSpeedUp: bls: [com.xcj.hm.kangfuyixue]
03-23 08:40:55.508 29441 29441 I ViewRootImpl: com.applist.test/com.applist.test.MainActivity use first frame acceleration
03-23 08:40:55.508  1980  1980 E HwcComposer: presentOrValidateDisplay 0 presentFence:-1
03-23 08:40:55.509  2337  5007 I MiuiSplitInputMethodImpl: Skpi check shouldUpdateImeTargetForBackScreen.
03-23 08:40:55.509  2337  5007 I MiuiSplitInputMethodImpl: Skpi check shouldUpdateImeTargetForBackScreen.
03-23 08:40:55.509  2337  5007 I MiuiSplitInputMethodImpl: Skpi check shouldUpdateImeTargetForBackScreen.
03-23 08:40:55.509  2337  5007 I MiuiSplitInputMethodImpl: Skpi check shouldUpdateImeTargetForBackScreen.
03-23 08:40:55.509  2337  5007 I MiuiSplitInputMethodImpl: Skpi check shouldUpdateImeTargetForBackScreen.
03-23 08:40:55.509  2337  5007 I MiuiSplitInputMethodImpl: Skpi check shouldUpdateImeTargetForBackScreen.
03-23 08:40:55.509  2337  5007 I MiuiSplitInputMethodImpl: Skpi check shouldUpdateImeTargetForBackScreen.
03-23 08:40:55.509  2337  5007 I MiuiSplitInputMethodImpl: Skpi check shouldUpdateImeTargetForBackScreen.
03-23 08:40:55.509  2337  5007 I MiuiSplitInputMethodImpl: Skpi check shouldUpdateImeTargetForBackScreen.
03-23 08:40:55.509  2337  5007 I MiuiSplitInputMethodImpl: Skpi check shouldUpdateImeTargetForBackScreen.
03-23 08:40:55.509  2337  5007 I MiuiSplitInputMethodImpl: Skpi check shouldUpdateImeTargetForBackScreen.
03-23 08:40:55.509  2337  5007 I MiuiSplitInputMethodImpl: Skpi check shouldUpdateImeTargetForBackScreen.
03-23 08:40:55.509  2337  5007 I MiuiSplitInputMethodImpl: Skpi check shouldUpdateImeTargetForBackScreen.
03-23 08:40:55.509  2337  5007 I MiuiSplitInputMethodImpl: Skpi check shouldUpdateImeTargetForBackScreen.
03-23 08:40:55.509  2337  5007 I MiuiSplitInputMethodImpl: Skpi check shouldUpdateImeTargetForBackScreen.
03-23 08:40:55.509  2337  5007 I MiuiSplitInputMethodImpl: Skpi check shouldUpdateImeTargetForBackScreen.
03-23 08:40:55.509  2337  5007 I MiuiSplitInputMethodImpl: Skpi check shouldUpdateImeTargetForBackScreen.
03-23 08:40:55.509  2337  5007 I MiuiSplitInputMethodImpl: Skpi check shouldUpdateImeTargetForBackScreen.
03-23 08:40:55.509  2337  5007 I MiuiSplitInputMethodImpl: Skpi check shouldUpdateImeTargetForBackScreen.
03-23 08:40:55.512 29441 29441 I Choreographer: first vsync insert message into MessageQueue Head
03-23 08:40:55.513 29441 29441 D UnionPowerNotifier: check_union_power_ioctl -1
03-23 08:40:55.513 10952 31937 I AIRC_CounterTrack: collect: signal-TopActivityPerception
03-23 08:40:55.515 26931 26982 D services: [XMS][observer] ActivityObserver activityResumed packageName: com.applist.test
03-23 08:40:55.515  1980  1980 D RefreshRateSelector: Touch Boost
03-23 08:40:55.515 10621 24903 I XMSF-actMonitor_MonitorManager: onActivityResumed: ActivityInfo{name='com.applist.test.MainActivity', pkg='com.applist.test', callerPkg='null', windowMode=-1, displayId=0, appBounds=Rect(0, 0 - 1080, 2400), duration=-1},activityInfoQueue:30,curMonitorStrategy=
03-23 08:40:55.516 10952 31937 I MMKV    : <MMKV.cpp:1170::sync> MMKV::sync, SyncFlag = 1
03-23 08:40:55.516  5421  5594 I MultiTaskingTaskInfo: MultiTaskingBaseTaskInfo::update::mTaskBounds = Rect(0, 0 - 1080, 2400), mTaskId = 1497
03-23 08:40:55.516  1980  1980 E HwcComposer: presentOrValidateDisplay 0 presentFence:-1
03-23 08:40:55.516 26931 27099 D AppUpdateXmsfLauncher: activityResumed intent : Intent { cmp=com.applist.test/.MainActivity (has extras) }
03-23 08:40:55.516 10723 10859 D auth    : [XMS][Auth] ActivityObserver activityResumed packageName: com.applist.test
03-23 08:40:55.516  5421  5594 D MultiTaskingTransitionsHelper: skip updateBaseAnimParam taskId: 1497 pendingTransitions: [] readyDuringSync: [] tracks: [Track #0 activeTransition: {id=2049 t=OPEN f=0x0 trk=0 r=[0@Point(0, 0)] c=[{m=TO_FRONT f=MOVE_TO_TOP leash=Surface(name=Task=1497#31518)/@0x106b6f3 sb=Rect(0, 0 - 1080, 2400) eb=Rect(0, 0 - 1080, 2400) epz=Point(1080, 2400) d=0 taskParent=-1 v=trueMiuiChangeImpl {miuiEmbedding:false, scale:1.0}},{m=TO_BACK f=SHOW_WALLPAPER leash=Surface(name=Task=1#51)/@0x3c4f5ae sb=Rect(0, 0 - 1080, 2400) eb=Rect(0, 0 - 1080, 2400) epz=Point(1080, 2400) d=0 taskParent=-1 v=falseMiuiChangeImpl {miuiEmbedding:false, scale:1.0}},{m=TO_BACK f=IS_WALLPAPER leash=Surface(name=WallpaperWindowToken{88446c1 showWhenLocked=false}#55)/@0xba7a3e5 sb=Rect(0, 0 - 1080, 2400) eb=Rect(0, 0 - 1080, 2400) epz=Point(1080, 2400) d=0 v=falseMiuiChangeImpl {miuiEmbedding:false, scale:1.0}}] mk=[false] noAni=[false] df=[false] rsa=[false] oa=[false] nc=[0] ho=[false] hla=[true] iSync=[-1]}android.os.BinderProxy@6803598 readyTransitions: []Track #1 readyTransitions: []Track #2 readyTransitions: []]
03-23 08:40:55.516  5421  5594 I MultiTaskingTaskRepository: onTaskInfoChanged::taskId = 1497, windowingMode = 1, mMultiWindowTaskIdsInZOrder = [5, 4], mFullscreenTaskIdsInZOrder = [1497, 1506, 1505, 1416, 1504, 1498, 1501, 1500, 1422, 1461, 1482, 1470], mFreeformTaskIdsInZOrder = [], mTasks: 1506, 1505, 1504, 1501, 1500, 1498, 1497, 1482, 1470, 1461, 1422, 1416, 8, 7, 6, 5, 4, 3, 1, 
03-23 08:40:55.517  5421  5594 D MiuiDecorationController: relayout:: taskId=1497 mRunningTaskInfo.mStatusBarParent=Surface(name=StatusBar Container of Task = 1497#31520)/@0x3cb42e3 taskInfo.mStatusBarParent=Surface(name=StatusBar Container of Task = 1497#31520)/@0x698f8c5
03-23 08:40:55.517  5421  5594 D MiuiDecorationController: relayout:: taskId=1497 mRunningTaskInfo.mNavBarParent=Surface(name=NavigationBar Container of Task = 1497#31519)/@0xa7ed4e0 taskInfo.mNavBarParent=Surface(name=NavigationBar Container of Task = 1497#31519)/@0x84c221a
03-23 08:40:55.517  5421  5594 D MiuiDecorationController: relayout::taskId=1497, visible=true, bounds=Rect(0, 0 - 1080, 2400), focused=true, oldImmersive=false, newImmersive=false, windowMode=1, activityType=1, displayId=0, baseActivity=ComponentInfo{com.applist.test/com.applist.test.MainActivity}, topActivity=ComponentInfo{com.applist.test/com.applist.test.MainActivity}, callers=com.android.wm.shell.multitasking.miuimultiwinswitch.miuiwindowdecor.decoration.MiuiDecorationController.relayout:4 com.android.wm.shell.multitasking.miuimultiwinswitch.miuiwindowdecor.MulWinSwitchDecorViewModel.onTaskInfoChanged:18 com.android.wm.shell.multitasking.common.taskmanager.MultiTaskingTaskListener.onTaskInfoChanged:47 com.android.wm.shell.ShellTaskOrganizer.onTaskInfoChanged:136 android.window.TaskOrganizer$1.lambda$onTaskInfoChanged$6:300 
03-23 08:40:55.517  4751  4751 D BackGestureBreakController: mAppLaunchingButNotResume= false
03-23 08:40:55.517  4751  4751 D RecentsImpl: mActivityStateObserver com.applist.test.MainActivity
03-23 08:40:55.517  4751  4751 D BackGestureBreakController: mAppLaunchingButNotResume= false
03-23 08:40:55.517  4751  4751 W RecentsImpl: updateGestureWindowVisibleImpl, className=com.applist.test.MainActivity
03-23 08:40:55.517  4751  4751 D RecentsImpl: useSysUiFlagsUpdateGestureWindowVisible, unlock
03-23 08:40:55.517  4751  4751 D RecentsImpl: showNavStubView
03-23 08:40:55.517  4751  5552 W RecentsImpl: disableTouchBySwipeStatusBar    disable=false
03-23 08:40:55.517  4751  4751 D NavStubView_Touch: setKeepHidden    old=false   new=false
03-23 08:40:55.517  4751  5552 D GestureStubView_Left: disableTouchBySwipeStatusBar    old=false   new=false
03-23 08:40:55.517  4751  5552 D GestureStubView_Right: disableTouchBySwipeStatusBar    old=false   new=false
03-23 08:40:55.517  4751  5552 D RecentsImpl: showBackStubWindow, show gesture stub view
03-23 08:40:55.517  4751  5552 W GestureStubView_Left: adaptRotation   currentRotation=0   mRotation=0
03-23 08:40:55.517  4751  5552 D GestureStubView_Left: resetRenderProperty: showGestureStub   isLayoutParamChanged=false
03-23 08:40:55.517 10287 12393 I travelService_ActivityObserverUtils: activityResumed ComponentInfo{com.applist.test/com.applist.test.MainActivity}
03-23 08:40:55.517  4751  5552 D GestureStubView_Left: showGestureStub
03-23 08:40:55.517  4751  5552 W GestureStubView_Right: adaptRotation   currentRotation=0   mRotation=0
03-23 08:40:55.517  4751  5552 D GestureStubView_Right: resetRenderProperty: showGestureStub   isLayoutParamChanged=false
03-23 08:40:55.517  4751  5552 D GestureStubView_Right: showGestureStub
03-23 08:40:55.518  4751  5552 D GestureStubView_Left: gatherTransparentRegion: need render w:62  h:2400
03-23 08:40:55.518  4751  5552 D GestureStubView_Right: gatherTransparentRegion: need render w:62  h:2400
03-23 08:40:55.518 10287 12393 I travelService_TopActivityMonitor: user change app but last app use time not enough
03-23 08:40:55.519 10287 10372 I ActivityObserverUtil: activityResumed ComponentInfo{com.applist.test/com.applist.test.MainActivity}
03-23 08:40:55.519  1980  2320 E HwcComposer: getLuts failed Status(-129, EX_TRANSACTION_FAILED): 'UNKNOWN_TRANSACTION: '
03-23 08:40:55.519 10287 10372 I TopActivityMonitor: send TopActivityChangeEvent=TopActivityChangeEvent(prev=ComponentInfo{com.miui.home/com.miui.home.launcher.Launcher}, current=ComponentInfo{com.applist.test/com.applist.test.MainActivity},appChanged=true)
03-23 08:40:55.519 26931 27099 D EventBus: No subscribers registered for event class com.xiaomi.xms.event.msg.PageLifecycleMsg
03-23 08:40:55.519 26931 27099 D EventBus: No subscribers registered for event class ud.h
03-23 08:40:55.520 26141 26141 I RegionSamplingImageView: onRegionDarknessChanged, new = true, old = false
03-23 08:40:55.520 26141 26141 D SidebarLineDrawable: updateLineColor: from -6842473 to -855638017
03-23 08:40:55.521  5421  5594 D MiuiDecorationDot: needTopCaption: isFullscreen = true isPadDevice = false isFoldInnerScreen = false canShowCaptionWhenCasting = false
03-23 08:40:55.521  5421  5594 D MiuiDecorationDot: releaseViews_TopCaption: taskId=1497
03-23 08:40:55.521  5421  5594 D MiuiDecorationDot: releaseViews_TopCaption: taskId=1497
03-23 08:40:55.521  5421  5594 D MiuiDecorationBottom: needBottomCaption: needSupportNavigationHandle = false
03-23 08:40:55.521  5421  5594 D MiuiDecorationBottom: releaseViews_BottomCaption: taskId=1497
03-23 08:40:55.521  5421  5594 D MiuiDecorationBottom: releaseViews_BottomCaption: taskId=1497
03-23 08:40:55.522  2337  5007 E TransitionChain: Can't collect into a chain with no transition
03-23 08:40:55.524  1980  1980 D RefreshRateSelector: Touch Boost
03-23 08:40:55.524  2337  5007 D ActivityTaskManager:  setSkipCaptureLayers tr: Task{6d54210 #1497 type=standard A=10433:com.applist.test}
03-23 08:40:55.525  1980  1980 E HwcComposer: presentOrValidateDisplay 0 presentFence:-1
03-23 08:40:55.527 26141 26141 D HWUI    : DDRE Debug DrawPath: smoothCornerEnabled = true
03-23 08:40:55.531 29441 29441 I ComputilityLevel: getComputilityLevel(): 6
03-23 08:40:55.532  1980  1980 D RefreshRateSelector: Touch Boost
03-23 08:40:55.533  2337  5007 D CoreBackPreview: Window{1819bd5 u0 com.applist.test/com.applist.test.MainActivity}: Setting back callback OnBackInvokedCallbackInfo{mCallback=android.window.IOnBackInvokedCallback$Stub$Proxy@94d2051, mPriority=0, mIsAnimationCallback=false, mOverrideBehavior=0}
03-23 08:40:55.533  1980  1980 E HwcComposer: presentOrValidateDisplay 0 presentFence:-1
03-23 08:40:55.533  1754  2396 I vendor.qti.hardware.display.composer-service: Sensor: notify citsensorservice to trigger cwb, misForced = 0
03-23 08:40:55.534  3106  3787 I libsensor-parseRGB: request dump start for mRequestDisplayId 0
03-23 08:40:55.534  3106  3787 D vendor.xiaomi.sensor.citsensorservice.aidl: handle id:20 wxh:1536x3200 uwxuh:1440x3200 size: 14745600 fd:17 fd_meta:18 flags:0x228 usage:0x33  format:0x3 layer_count: 1 reserved_size = 0 custom_content_md_reserved_size = 0
03-23 08:40:55.534  1754  2303 D SDM     : HWCSession::PostBuffer: CWB config passed by cwb_client : tappoint 1  CWB_ROI : (768.000000 37.000000 1009.000000 278.000000)
03-23 08:40:55.536 26141 26141 D HWUI    : DDRE Debug DrawPath: smoothCornerEnabled = true
03-23 08:40:55.540  1980  1980 D RefreshRateSelector: Touch Boost
03-23 08:40:55.542  1980  1980 E HwcComposer: presentOrValidateDisplay 0 presentFence:-1
03-23 08:40:55.544 26141 26141 D HWUI    : DDRE Debug DrawPath: smoothCornerEnabled = true
03-23 08:40:55.549  1980  1980 D RefreshRateSelector: Touch Boost
03-23 08:40:55.550  1980  1980 E HwcComposer: presentOrValidateDisplay 0 presentFence:-1
03-23 08:40:55.551  1754  1897 D SDM     : HWDeviceDRM::SetupConcurrentWriteback: Tear down the Concurrent Writeback topology
03-23 08:40:55.552 26141 26141 D HWUI    : DDRE Debug DrawPath: smoothCornerEnabled = true
03-23 08:40:55.557  3106  3793 I libsensor-boledalgo: Write:the value of channelCali C:1266.2,R:625.0,G:461.5,B:283.4,scales [1.024484,1.028844,1.055530,0.912332]
03-23 08:40:55.557  3106  3793 D libsensor-boledalgo: brightness:301,R:37707.1,G:51643.4,B:51643.4,EVENT C:4787.6,R:2170.3,G:1865.4,B:1128.0, lux: 72.0, clone:55492
03-23 08:40:55.557  3106  3793 I libsensor-boledalgo: ##### the value of lux: 67.825249, cct: 7410.000000
03-23 08:40:55.557  3106  3793 I libsensor-qshcalapi: value of set_lux: 67.825249, set r: 7410.000000
03-23 08:40:55.557  1980  1980 D RefreshRateSelector: Touch Boost
03-23 08:40:55.558  1754 16722 D SDM     : CompManager::NotifyCwbDone: display 0 notify cwb callback, status = 0
03-23 08:40:55.558  1754  4749 D SDM     : HWCSession::NotifyCWBStatus: Notify the client about buffer status 0.
03-23 08:40:55.558  1980  1980 E HwcComposer: presentOrValidateDisplay 0 presentFence:-1
03-23 08:40:55.559  1836  4616 D SRE     : sensorCallback mDisplayId = 0 dataCallback value=<  67.8750,   0.0000,   0.0000>,time=63096587572535, sensor=5, temperature(K)=   0.0000
03-23 08:40:55.560 26141 26141 D HWUI    : DDRE Debug DrawPath: smoothCornerEnabled = true
03-23 08:40:55.561  3106  4799 E libsensor-parseRGB: CWB NotifyCWBBufferDone  error 0
03-23 08:40:55.562  1754  4749 D SDM     : HWCSession::ProcessCWBStatus: CWB queue is empty. Display: 0
03-23 08:40:55.562  2337  3485 I MiSensorServiceImpl: user found in check list, getPackageName  android.view.OrientationEventListener
03-23 08:40:55.562  2337  3485 I MiSensorServiceImpl: user found in check list, getPackageName  android.view.OrientationEventListener
