03-23 08:40:55.562  2337  3485 I MiSensorServiceImpl: user found in check list, getPackageName  android.view.OrientationEventListener
03-23 08:40:55.562  2337  3485 I MiSensorServiceImpl: user found in check list, getPackageName  android.view.OrientationEventListener
03-23 08:40:55.562  2337  3485 I MiSensorServiceImpl: user found in check list, getPackageName  android.view.OrientationEventListener
03-23 08:40:55.562  2337  3485 I MiSensorServiceImpl: user found in check list, getPackageName  android.view.OrientationEventListener
03-23 08:40:55.562  2337  3485 I MiSensorServiceImpl: user found in check list, getPackageName  android.view.OrientationEventListener
03-23 08:40:55.562  2337  3485 I MiSensorServiceImpl: user found in check list, getPackageName  android.view.OrientationEventListener
03-23 08:40:55.562  2337  3485 I MiSensorServiceImpl: user found in check list, getPackageName  android.view.OrientationEventListener
03-23 08:40:55.562  2337  3485 I MiSensorServiceImpl: user found in check list, getPackageName  android.view.OrientationEventListener
03-23 08:40:55.562  2337  3485 I MiSensorServiceImpl: user found in check list, getPackageName  android.view.OrientationEventListener
03-23 08:40:55.562  2337  3485 I MiSensorServiceImpl: user found in check list, getPackageName  android.view.OrientationEventListener
03-23 08:40:55.562  2337  3485 I MiSensorServiceImpl: user found in check list, getPackageName  android.view.OrientationEventListener
03-23 08:40:55.562  2337  3485 I MiSensorServiceImpl: user found in check list, getPackageName  android.view.OrientationEventListener
03-23 08:40:55.562  2337  3485 I MiSensorServiceImpl: user found in check list, getPackageName  android.view.OrientationEventListener
03-23 08:40:55.562  2337  3485 I MiSensorServiceImpl: user found in check list, getPackageName  android.view.OrientationEventListener
03-23 08:40:55.562  2337  3485 I MiSensorServiceImpl: user found in check list, getPackageName  android.view.OrientationEventListener
03-23 08:40:55.562  2337  3485 I MiSensorServiceImpl: user found in check list, getPackageName  android.view.OrientationEventListener
03-23 08:40:55.562  2337  3485 I MiSensorServiceImpl: user found in check list, getPackageName  android.view.OrientationEventListener
03-23 08:40:55.562  2337  3485 I MiSensorServiceImpl: user found in check list, getPackageName  android.view.OrientationEventListener
03-23 08:40:55.562  2337  3485 I MiSensorServiceImpl: user found in check list, getPackageName  android.view.OrientationEventListener
03-23 08:40:55.562  2337  3485 I MiSensorServiceImpl: user found in check list, getPackageName  android.view.OrientationEventListener
03-23 08:40:55.562  2337  3485 I MiSensorServiceImpl: user found in check list, getPackageName  android.view.OrientationEventListener
03-23 08:40:55.562  2337  3485 I MiSensorServiceImpl: user found in check list, getPackageName  android.view.OrientationEventListener
03-23 08:40:55.562  2337  3485 I MiSensorServiceImpl: user found in check list, getPackageName  android.view.OrientationEventListener
03-23 08:40:55.562  2337  3485 I MiSensorServiceImpl: user found in check list, getPackageName  android.view.OrientationEventListener
03-23 08:40:55.562  2337  3485 I MiSensorServiceImpl: user found in check list, getPackageName  android.view.OrientationEventListener
03-23 08:40:55.562  2337  3485 I MiSensorServiceImpl: user found in check list, getPackageName  android.view.OrientationEventListener
03-23 08:40:55.562  2337  3485 I MiSensorServiceImpl: user found in check list, getPackageName  android.view.OrientationEventListener
03-23 08:40:55.562  2337  3485 I MiSensorServiceImpl: user found in check list, getPackageName  android.view.OrientationEventListener
03-23 08:40:55.562  2337  3485 I MiSensorServiceImpl: user found in check list, getPackageName  android.view.OrientationEventListener
03-23 08:40:55.562  2337  3485 I MiSensorServiceImpl: user found in check list, getPackageName  android.view.OrientationEventListener
03-23 08:40:55.562  2337  3485 I MiSensorServiceImpl: user found in check list, getPackageName  android.view.OrientationEventListener
03-23 08:40:55.562  2337  3485 I MiSensorServiceImpl: user found in check list, getPackageName  android.view.OrientationEventListener
03-23 08:40:55.562  2337  3485 I MiSensorServiceImpl: user found in check list, getPackageName  android.view.OrientationEventListener
03-23 08:40:55.562  2337  3485 I MiSensorServiceImpl: user found in check list, getPackageName  android.view.OrientationEventListener
03-23 08:40:55.565  1980  1980 D RefreshRateSelector: Touch Boost
03-23 08:40:55.566  1980  1980 E HwcComposer: presentOrValidateDisplay 0 presentFence:-1
03-23 08:40:55.568 26141 26141 D HWUI    : DDRE Debug DrawPath: smoothCornerEnabled = true
03-23 08:40:55.574  1980  1980 D RefreshRateSelector: Touch Boost
03-23 08:40:55.575  1980  1980 E HwcComposer: presentOrValidateDisplay 0 presentFence:-1
03-23 08:40:55.577 26141 26141 D HWUI    : DDRE Debug DrawPath: smoothCornerEnabled = true
03-23 08:40:55.579  2337  2523 I ThermalObserver: Temperature control has been released.
03-23 08:40:55.582  1980  1980 D RefreshRateSelector: Touch Boost
03-23 08:40:55.583  1980  1980 E HwcComposer: presentOrValidateDisplay 0 presentFence:-1
03-23 08:40:55.585 26141 26141 D HWUI    : DDRE Debug DrawPath: smoothCornerEnabled = true
03-23 08:40:55.590  1980  1980 D RefreshRateSelector: Touch Boost
03-23 08:40:55.592  1980  1980 E HwcComposer: presentOrValidateDisplay 0 presentFence:-1
03-23 08:40:55.594 26141 26141 D HWUI    : DDRE Debug DrawPath: smoothCornerEnabled = true
03-23 08:40:55.598  1980  1980 D RefreshRateSelector: Touch Boost
03-23 08:40:55.600  1980  1980 E HwcComposer: presentOrValidateDisplay 0 presentFence:-1
03-23 08:40:55.602 26141 26141 D HWUI    : DDRE Debug DrawPath: smoothCornerEnabled = true
03-23 08:40:55.607  1980  1980 D RefreshRateSelector: Touch Boost
03-23 08:40:55.608  1980  1980 E HwcComposer: presentOrValidateDisplay 0 presentFence:-1
03-23 08:40:55.610 26141 26141 D HWUI    : DDRE Debug DrawPath: smoothCornerEnabled = true
03-23 08:40:55.615  1980  1980 D RefreshRateSelector: Touch Boost
03-23 08:40:55.617  1980  1980 E HwcComposer: presentOrValidateDisplay 0 presentFence:-1
03-23 08:40:55.618  4751  4751 D Launcher_UnlockAnimationStateMachine: mResetIdleStateRunnable
03-23 08:40:55.619 26141 26141 D HWUI    : DDRE Debug DrawPath: smoothCornerEnabled = true
03-23 08:40:55.623  2337  4602 D InetDiagMessage: Destroyed 0 sockets, proto=IPPROTO_TCP, family=AF_INET, states=14
03-23 08:40:55.624  1980  1980 D RefreshRateSelector: Touch Boost
03-23 08:40:55.624  2337  4602 D InetDiagMessage: Destroyed 0 sockets, proto=IPPROTO_TCP, family=AF_INET6, states=14
03-23 08:40:55.624  2337  4602 D InetDiagMessage: Destroyed live tcp sockets for uids={10364} in 3ms
03-23 08:40:55.624  2337  4602 D ActionExecute: frozen uid = 10364 reason=check binder
03-23 08:40:55.624  2337  4602 D ExternalInterface: setUidState, uid = 10364 allow = false
03-23 08:40:55.624  2337  4602 D MiSensorServiceImpl: PowerKeeperSensor stop iUid:10364 but app has Controlled
03-23 08:40:55.625  1980  1980 E HwcComposer: presentOrValidateDisplay 0 presentFence:-1
03-23 08:40:55.627 26141 26141 D HWUI    : DDRE Debug DrawPath: smoothCornerEnabled = true
03-23 08:40:55.632  1980  1980 D RefreshRateSelector: Touch Boost
03-23 08:40:55.634  1980  1980 E HwcComposer: presentOrValidateDisplay 0 presentFence:-1
03-23 08:40:55.637 26141 26141 D HWUI    : DDRE Debug DrawPath: smoothCornerEnabled = true
03-23 08:40:55.640  1980  1980 D RefreshRateSelector: Touch Boost
03-23 08:40:55.642  1754  2303 I MiClstc : DropLayers erase layer 8113
03-23 08:40:55.642  1980  1980 E HwcComposer: presentOrValidateDisplay 0 presentFence:-1
03-23 08:40:55.644 26141 26141 D HWUI    : DDRE Debug DrawPath: smoothCornerEnabled = true
03-23 08:40:55.649  1980  1980 D RefreshRateSelector: Touch Boost
03-23 08:40:55.650  1980  1980 E HwcComposer: presentOrValidateDisplay 0 presentFence:-1
03-23 08:40:55.652 26141 26141 D HWUI    : DDRE Debug DrawPath: smoothCornerEnabled = true
03-23 08:40:55.657  1980  1980 D RefreshRateSelector: Touch Boost
03-23 08:40:55.658  1980  1980 E HwcComposer: presentOrValidateDisplay 0 presentFence:-1
03-23 08:40:55.660 26141 26141 D HWUI    : DDRE Debug DrawPath: smoothCornerEnabled = true
03-23 08:40:55.665  1980  1980 D RefreshRateSelector: Touch Boost
03-23 08:40:55.666  2337  5007 D BarFollowAnimation: pairAppearanceRegionAndWin win=Window{9b9cb8 u0 Splash Screen com.applist.test} 0
03-23 08:40:55.666  2337  5007 D BarFollowAnimation: isAppTaskBarOnTop win:Window{9b9cb8 u0 Splash Screen com.applist.test} (mCurrentTopTask:Task{6d54210 #1497 type=standard A=10433:com.applist.test} : true); (mAssociatedTask:Task{6d54210 #1497 type=standard A=10433:com.applist.test} : true); (mHomeTask:Task{8b0ad35 #1 type=home} : false); mReparentToOriginParent:false mLastAppBarVisible:true mLastHomeBarVisible:false
03-23 08:40:55.666  2337  5007 D MiuiRefreshRatePolicy: reset
03-23 08:40:55.667  2337  5007 I MiuiSplitInputMethodImpl: Skpi check shouldUpdateImeTargetForBackScreen.
03-23 08:40:55.667  2337  5007 I MiuiSplitInputMethodImpl: Skpi check shouldUpdateImeTargetForBackScreen.
03-23 08:40:55.667  2337  5007 I MiuiSplitInputMethodImpl: Skpi check shouldUpdateImeTargetForBackScreen.
03-23 08:40:55.667  2337  5007 I MiuiSplitInputMethodImpl: Skpi check shouldUpdateImeTargetForBackScreen.
03-23 08:40:55.667  2337  5007 I MiuiSplitInputMethodImpl: Skpi check shouldUpdateImeTargetForBackScreen.
03-23 08:40:55.667  2337  5007 I MiuiSplitInputMethodImpl: Skpi check shouldUpdateImeTargetForBackScreen.
03-23 08:40:55.667  2337  5007 I MiuiSplitInputMethodImpl: Skpi check shouldUpdateImeTargetForBackScreen.
03-23 08:40:55.667  2337  5007 I MiuiSplitInputMethodImpl: Skpi check shouldUpdateImeTargetForBackScreen.
03-23 08:40:55.667  2337  5007 I MiuiSplitInputMethodImpl: Skpi check shouldUpdateImeTargetForBackScreen.
03-23 08:40:55.667  2337  5007 I MiuiSplitInputMethodImpl: Skpi check shouldUpdateImeTargetForBackScreen.
03-23 08:40:55.667  2337  5007 I MiuiSplitInputMethodImpl: Skpi check shouldUpdateImeTargetForBackScreen.
03-23 08:40:55.667  2337  5007 I MiuiSplitInputMethodImpl: Skpi check shouldUpdateImeTargetForBackScreen.
03-23 08:40:55.667  2337  5007 I MiuiSplitInputMethodImpl: Skpi check shouldUpdateImeTargetForBackScreen.
03-23 08:40:55.667  2337  5007 I MiuiSplitInputMethodImpl: Skpi check shouldUpdateImeTargetForBackScreen.
03-23 08:40:55.667  2337  5007 I MiuiSplitInputMethodImpl: Skpi check shouldUpdateImeTargetForBackScreen.
03-23 08:40:55.667  2337  5007 I MiuiSplitInputMethodImpl: Skpi check shouldUpdateImeTargetForBackScreen.
03-23 08:40:55.667  2337  5007 I MiuiSplitInputMethodImpl: Skpi check shouldUpdateImeTargetForBackScreen.
03-23 08:40:55.667  2337  5007 I MiuiSplitInputMethodImpl: Skpi check shouldUpdateImeTargetForBackScreen.
03-23 08:40:55.667  2337  5007 I MiuiSplitInputMethodImpl: Skpi check shouldUpdateImeTargetForBackScreen.
03-23 08:40:55.667  2337  5007 D BarFollowAnimation: isAppTaskBarOnTop win:Window{1819bd5 u0 com.applist.test/com.applist.test.MainActivity} (mCurrentTopTask:Task{6d54210 #1497 type=standard A=10433:com.applist.test} : true); (mAssociatedTask:Task{6d54210 #1497 type=standard A=10433:com.applist.test} : true); (mHomeTask:Task{8b0ad35 #1 type=home} : false); mReparentToOriginParent:false mLastAppBarVisible:true mLastHomeBarVisible:false
03-23 08:40:55.667  1980  1980 E HwcComposer: presentOrValidateDisplay 0 presentFence:-1
03-23 08:40:55.667  2337  5007 D WindowManager: wms.Input focus has changed to Window{1819bd5 u0 com.applist.test/com.applist.test.MainActivity} display=0 updateInputWindows = true
03-23 08:40:55.667  2337  5007 I MultiSenceManagerInternalStub: getInstance
03-23 08:40:55.668  2337  5007 I WindowManager: Allow fixed rotation for not collecting:ActivityRecord{86632642 u0 com.applist.test/.MainActivity t1497}
03-23 08:40:55.669 10952 32579 I AiCrEngine_PERCEPTION_.ScreenPerception.updateDataForArguments$aicr_AI_foundation_release: updateDataForArguments atomic name = top_activity
03-23 08:40:55.670 26141 26141 D HWUI    : DDRE Debug DrawPath: smoothCornerEnabled = true
03-23 08:40:55.670  2337  4642 E HyperSentinel: ->pid:29441,processName:"com.applist.test",Rss Memory Size Change 176840kb -> 229912kb
03-23 08:40:55.670 10952 15276 I AiCrEngine_PERCEPTION_.ScreenContentRecognition.activityNameRecognition: ScreenPerception_debug 鏈瘑鍒壒瀹歛ctivity锛?
03-23 08:40:55.670 10952 15276 I AiCrEngine_PERCEPTION_.ScreenContentRecognition.packageNameRecognition: ScreenPerception_debug 鏈瘑鍒壒瀹氬寘鍚嶏紒
03-23 08:40:55.670 10952 31937 I AiCrEngine_PERCEPTION_.ScreenPerception$updateDataForArguments$1$1.invokeSuspend: screenTypeValue null mining false
03-23 08:40:55.671  1980  2394 D MI-SF   : addDolbyVisionHdr enter hdrTypes 4
03-23 08:40:55.671  1980  2394 D MI-SF   : debug.config.media.video.dolby_vision_suports == true
03-23 08:40:55.671  1980  2394 D MI-SF   : addDolbyVisionHdr enter hdrTypes 4
03-23 08:40:55.671  1980  2394 D MI-SF   : debug.config.media.video.dolby_vision_suports == true
03-23 08:40:55.671  1980  2394 D MI-SF   : addDolbyVisionHdr enter hdrTypes 4
03-23 08:40:55.671  1980  2394 D MI-SF   : debug.config.media.video.dolby_vision_suports == true
03-23 08:40:55.671  1980  2394 D MI-SF   : addDolbyVisionHdr enter hdrTypes 4
03-23 08:40:55.671  1980  2394 D MI-SF   : debug.config.media.video.dolby_vision_suports == true
03-23 08:40:55.673  2844  5720 I GPP-Service: [GPPService](0xb400007d1be161d0) isSupportedGame: package com.applist.test is not supported
03-23 08:40:55.674  1980  1980 D RefreshRateSelector: Touch Boost
03-23 08:40:55.674  2844  5720 I GPP-Service: [GPPService](0xb400007d1be161d0) isSupportedGame: package com.applist.test is not supported
03-23 08:40:55.675  1980  1980 E HwcComposer: presentOrValidateDisplay 0 presentFence:-1
03-23 08:40:55.675  1980  2394 D MI-SF   : addDolbyVisionHdr enter hdrTypes 4
03-23 08:40:55.675  1980  2394 D MI-SF   : debug.config.media.video.dolby_vision_suports == true
03-23 08:40:55.675  1980  2394 D MI-SF   : addDolbyVisionHdr enter hdrTypes 4
03-23 08:40:55.675  1980  2394 D MI-SF   : debug.config.media.video.dolby_vision_suports == true
03-23 08:40:55.675  1980  2394 D MI-SF   : addDolbyVisionHdr enter hdrTypes 4
03-23 08:40:55.675  1980  2394 D MI-SF   : debug.config.media.video.dolby_vision_suports == true
03-23 08:40:55.675  1980  2394 D MI-SF   : addDolbyVisionHdr enter hdrTypes 4
03-23 08:40:55.675  1980  2394 D MI-SF   : debug.config.media.video.dolby_vision_suports == true
03-23 08:40:55.675 26698 26842 E Scene   : Daemon [onConnectFail]
03-23 08:40:55.677 26141 26141 D HWUI    : DDRE Debug DrawPath: smoothCornerEnabled = true
03-23 08:40:55.678 29441 29441 D VRI[MainActivity]: vri.reportNextDraw 0 Rect(0, 0 - 1080, 2400) android.view.ViewRootImpl.performTraversals:5618 android.view.ViewRootImpl.doTraversal:4165 android.view.ViewRootImpl$TraversalRunnable.run:12567 android.view.Choreographer$CallbackRecord.run:2040 android.view.Choreographer$CallbackRecord.run:2049 
03-23 08:40:55.679 29441 29441 D VRI[MainActivity]: vri.Setup new sync=wmsSync-VRI[MainActivity]#0
03-23 08:40:55.683  2337  2510 I DisplayPolicyStubImpl: com.android.server.wm.WindowState hide ime, enable touchboost
03-23 08:40:55.683  2337  2510 I DisplayPolicyStubImpl: com.android.server.wm.WindowState hide ime, enable touchboost
03-23 08:40:55.684  1980  1980 E HwcComposer: presentOrValidateDisplay 0 presentFence:-1
03-23 08:40:55.685 26141 26141 D HWUI    : DDRE Debug DrawPath: smoothCornerEnabled = true
03-23 08:40:55.686  2337  4645 I ProcessManager: getRenderThreadTidByPid, caller=2337
03-23 08:40:55.688  1908  2791 I [THP-DAE]: thp_set_doze_mode_func:enable doze mode
03-23 08:40:55.690  2337  3488 W ActivityTaskManager: MANAGE_ACTIVITY_STACKS is deprecated, please use alternative permission: MANAGE_ACTIVITY_TASKS
03-23 08:40:55.690  1980  1980 D RefreshRateSelector: Touch Boost
03-23 08:40:55.691 29441 29441 D VRI[MainActivity]: vri.reportDrawFinished 0 0 Rect(0, 0 - 1080, 2400)
03-23 08:40:55.691 29441 29441 I NativeTurboSchedManager: Load libmiui_runtime
03-23 08:40:55.691  2337  3488 D WindowManager: wms.finishDrawingLocked: mDrawState=COMMIT_DRAW_PENDING Window{1819bd5 u0 com.applist.test/com.applist.test.MainActivity} in Surface(name=com.applist.test/com.applist.test.MainActivity#34461)/@0x5d47d24
03-23 08:40:55.691  1980  1980 E HwcComposer: presentOrValidateDisplay 0 presentFence:-1
03-23 08:40:55.692 29441 30841 D HWUI    : [HWUI] Flag vulkan_enhance_pipeline_cache enabled
03-23 08:40:55.692 29441 30841 D HWUI    : [HWUI] EnhanceVkPipelineCache is disabled
03-23 08:40:55.692 29441 30841 D HWUI    : [HWUI] Flag ddre enabled
03-23 08:40:55.692  2337  2510 D BarFollowAnimation: pairAppearanceRegionAndWin win=Window{9b9cb8 u0 Splash Screen com.applist.test} 0
03-23 08:40:55.692  2337  2510 D BarFollowAnimation: isAppTaskBarOnTop win:Window{1819bd5 u0 com.applist.test/com.applist.test.MainActivity} (mCurrentTopTask:Task{6d54210 #1497 type=standard A=10433:com.applist.test} : true); (mAssociatedTask:Task{6d54210 #1497 type=standard A=10433:com.applist.test} : true); (mHomeTask:Task{8b0ad35 #1 type=home} : false); mReparentToOriginParent:false mLastAppBarVisible:true mLastHomeBarVisible:false
03-23 08:40:55.692  2337  2510 D MiuiRefreshRatePolicy: reset
03-23 08:40:55.692  2337  2510 D WindowManager: wms.commitFinishDrawingLocked: mDrawState=READY_TO_SHOW Window{1819bd5 u0 com.applist.test/com.applist.test.MainActivity} in Surface(name=com.applist.test/com.applist.test.MainActivity#34461)/@0x5d47d24
03-23 08:40:55.693  2337  2510 I WindowManager: onFirstWindowDrawn, try to remove startingWindow. ar: ActivityRecord{86632642 u0 com.applist.test/.MainActivity t1497}  associatedTask: null  isMainWindow: true  startingWindow: Window{9b9cb8 u0 Splash Screen com.applist.test}  startingData: SplashScreenStartingData{83619d6 removeAfterTransaction= 0}
03-23 08:40:55.693  2337  2510 D PreStartingManager: Reset preSurfaceControl: Surface(name=preSplashStarting#34446)/@0xdbb942d  PreSurfaceSize: 0
03-23 08:40:55.693  2337  2510 D TaskSnapshot_Helper: shouldDelay()... Not launched by home, no delay needed.
03-23 08:40:55.694  2337  2510 I ATMSImpl: No snapshot since not start by launcher, activity=com.applist.test/.MainActivity
03-23 08:40:55.694  2337  2510 I SmartPower: Miui monitor launch : com.applist.test/.MainActivity  transitionTime:0  launchTime:502  launchFrom:com.miui.home  launchType:3
03-23 08:40:55.694  2337  2510 I Perf[AppStartScene]: onSceneChangeNotify:Bundle[{renderThreadId=30841, pid=29441, uid=10433, name=com.applist.test.MainActivity, type=1, begin=false, state=2, processName=com.applist.test, packageName=com.applist.test}]
03-23 08:40:55.695 10039 13840 I MiuiPerfServiceClient: begin bootRecord
03-23 08:40:55.695  2337  2510 D BarFollowAnimation: pairAppearanceRegionAndWin win=Window{9b9cb8 u0 Splash Screen com.applist.test} 0
03-23 08:40:55.695  5421  5715 W WindowOnBackDispatcher: sendCancelIfRunning: isInProgress=false callback=android.view.ViewRootImpl$$ExternalSyntheticLambda16@8465ff8
03-23 08:40:55.695  2337  2510 D BarFollowAnimation: isAppTaskBarOnTop win:Window{1819bd5 u0 com.applist.test/com.applist.test.MainActivity} (mCurrentTopTask:Task{6d54210 #1497 type=standard A=10433:com.applist.test} : true); (mAssociatedTask:Task{6d54210 #1497 type=standard A=10433:com.applist.test} : true); (mHomeTask:Task{8b0ad35 #1 type=home} : false); mReparentToOriginParent:false mLastAppBarVisible:true mLastHomeBarVisible:false
03-23 08:40:55.695  2337  2510 D MiuiRefreshRatePolicy: reset
03-23 08:40:55.696 26141 26141 D HWUI    : DDRE Debug DrawPath: smoothCornerEnabled = true
03-23 08:40:55.698  2337  2510 I WindowManager: wms.showSurfaceRobustly mWin:Window{1819bd5 u0 com.applist.test/com.applist.test.MainActivity} in Surface(name=com.applist.test/com.applist.test.MainActivity#34461)/@0x5d47d24
03-23 08:40:55.698  2337  2510 D SystemPerformanceHinter: startSession#HighPerfSession-d0-WindowAnimation
03-23 08:40:55.699  1980  1980 D RefreshRateSelector: Touch Boost
03-23 08:40:55.699  2337  5667 D CoreBackPreview: Window{9b9cb8 u0 Splash Screen com.applist.test}: Setting back callback null
03-23 08:40:55.699  5421  5715 W ndroid.systemui: Binder 0xb4000079529aaf20 destroyed after setInheritRt before being parceled.
03-23 08:40:55.700  1980  1980 E HwcComposer: presentOrValidateDisplay 0 presentFence:-1
03-23 08:40:55.700  2337  5007 D WindowManager: Starting window removed Window{9b9cb8 u0 Splash Screen com.applist.test}
03-23 08:40:55.701  2337  5007 W AppCompatLetterboxPolicy: start not layout letterbox Window{9b9cb8 u0 Splash Screen com.applist.test EXITING}
03-23 08:40:55.701  2337  5007 D BarFollowAnimation: pairAppearanceRegionAndWin win=Window{9b9cb8 u0 Splash Screen com.applist.test EXITING} 0
03-23 08:40:55.702  2337  5007 D BarFollowAnimation: isAppTaskBarOnTop win:Window{1819bd5 u0 com.applist.test/com.applist.test.MainActivity} (mCurrentTopTask:Task{6d54210 #1497 type=standard A=10433:com.applist.test} : true); (mAssociatedTask:Task{6d54210 #1497 type=standard A=10433:com.applist.test} : true); (mHomeTask:Task{8b0ad35 #1 type=home} : false); mReparentToOriginParent:false mLastAppBarVisible:true mLastHomeBarVisible:false
03-23 08:40:55.702  2337  5007 D MiuiRefreshRatePolicy: reset
03-23 08:40:55.702 26141 26141 D HWUI    : DDRE Debug DrawPath: smoothCornerEnabled = true
03-23 08:40:55.703  2337  2510 D BarFollowAnimation: pairAppearanceRegionAndWin win=Window{9b9cb8 u0 Splash Screen com.applist.test EXITING} 0
03-23 08:40:55.703  2337  2510 D BarFollowAnimation: isAppTaskBarOnTop win:Window{1819bd5 u0 com.applist.test/com.applist.test.MainActivity} (mCurrentTopTask:Task{6d54210 #1497 type=standard A=10433:com.applist.test} : true); (mAssociatedTask:Task{6d54210 #1497 type=standard A=10433:com.applist.test} : true); (mHomeTask:Task{8b0ad35 #1 type=home} : false); mReparentToOriginParent:false mLastAppBarVisible:true mLastHomeBarVisible:false
03-23 08:40:55.704  2337  2510 D MiuiRefreshRatePolicy: reset
03-23 08:40:55.707  1980  1980 D RefreshRateSelector: Touch Boost
03-23 08:40:55.708 26931 26977 D EventBus: No subscribers registered for event class com.xiaomi.xms.event.msg.PageLifecycleMsg
03-23 08:40:55.708 26931 26977 D EventBus: No subscribers registered for event class ud.h
03-23 08:40:55.709  1980  1980 E HwcComposer: presentOrValidateDisplay 0 presentFence:-1
03-23 08:40:55.710  5421  5715 I Choreographer: first vsync insert message into MessageQueue Head
03-23 08:40:55.710 26141 26141 D HWUI    : DDRE Debug DrawPath: smoothCornerEnabled = true
03-23 08:40:55.712 29441 29441 I HandWritingStubImpl: refreshLastKeyboardType: 1
03-23 08:40:55.712 29441 29441 I HandWritingStubImpl: getCurrentKeyboardType: 1
03-23 08:40:55.712  2337  3800 I MiuiSplitInputMethodImpl: Skpi check shouldUpdateImeTargetForBackScreen.
03-23 08:40:55.712  2337  3800 I MiuiSplitInputMethodImpl: Skpi check shouldUpdateImeTargetForBackScreen.
03-23 08:40:55.713  2337  3800 I MiuiSplitInputMethodImpl: Skpi check shouldUpdateImeTargetForBackScreen.
03-23 08:40:55.713  2337  3800 I MiuiSplitInputMethodImpl: Skpi check shouldUpdateImeTargetForBackScreen.
03-23 08:40:55.713  2337  3800 I MiuiSplitInputMethodImpl: Skpi check shouldUpdateImeTargetForBackScreen.
03-23 08:40:55.713  2337  3800 I MiuiSplitInputMethodImpl: Skpi check shouldUpdateImeTargetForBackScreen.
03-23 08:40:55.713  2337  3800 I MiuiSplitInputMethodImpl: Skpi check shouldUpdateImeTargetForBackScreen.
03-23 08:40:55.713  2337  3800 I MiuiSplitInputMethodImpl: Skpi check shouldUpdateImeTargetForBackScreen.
03-23 08:40:55.713  2337  3800 I MiuiSplitInputMethodImpl: Skpi check shouldUpdateImeTargetForBackScreen.
03-23 08:40:55.713  2337  3800 I MiuiSplitInputMethodImpl: Skpi check shouldUpdateImeTargetForBackScreen.
03-23 08:40:55.713  2337  3800 I MiuiSplitInputMethodImpl: Skpi check shouldUpdateImeTargetForBackScreen.
03-23 08:40:55.713  2337  3800 I MiuiSplitInputMethodImpl: Skpi check shouldUpdateImeTargetForBackScreen.
03-23 08:40:55.713  2337  3800 I MiuiSplitInputMethodImpl: Skpi check shouldUpdateImeTargetForBackScreen.
03-23 08:40:55.713  2337  3800 I MiuiSplitInputMethodImpl: Skpi check shouldUpdateImeTargetForBackScreen.
03-23 08:40:55.713  2337  3800 I MiuiSplitInputMethodImpl: Skpi check shouldUpdateImeTargetForBackScreen.
03-23 08:40:55.713  2337  3800 I MiuiSplitInputMethodImpl: Skpi check shouldUpdateImeTargetForBackScreen.
03-23 08:40:55.713  2337  3800 I MiuiSplitInputMethodImpl: Skpi check shouldUpdateImeTargetForBackScreen.
03-23 08:40:55.713  2337  3800 I MiuiSplitInputMethodImpl: Skpi check shouldUpdateImeTargetForBackScreen.
03-23 08:40:55.713  2337  3800 I MiuiSplitInputMethodImpl: Skpi check shouldUpdateImeTargetForBackScreen.
03-23 08:40:55.713  2337  3800 I MiuiSplitInputMethodImpl: Skpi check shouldUpdateImeTargetForBackScreen.
03-23 08:40:55.713  2337  3800 I ImeTracker: com.applist.test:478f915: onRequestHide at ORIGIN_SERVER reason HIDE_UNSPECIFIED_WINDOW fromUser false
03-23 08:40:55.713  2337  3800 I InputMethodManagerServiceImpl: Skip shouldIgnoreHideCurrentInputForBackDisplay check.
03-23 08:40:55.713  2337  3800 W SecurityInputMethodSwitcher: first check switch to security ime: false
03-23 08:40:55.714  2337  3800 W SecurityInputMethodSwitcher: double check switch to security ime: false
03-23 08:40:55.714  2337  3800 W SecurityInputMethodSwitcher: switch to other input method from security ime:false mayChangeToMiuiSecurityInputMethod: false current focus window: android.os.BinderProxy@193a88c
03-23 08:40:55.714 29441 29441 D InsetsController: hide(ime(), fromIme=false)
03-23 08:40:55.714 29441 29441 I ImeTracker: com.applist.test:478f915: onCancelled at PHASE_CLIENT_ALREADY_HIDDEN
03-23 08:40:55.715  2337  3800 D InputMethodManagerService: startInputUncheckedLocked:set client state as:ClientState{7e37754 mUid=10433 mPid=29441 mSelfReportedDisplayId=0}
03-23 08:40:55.715 10640 10640 D SogouIME: onUnbindInput: editorInfo:com.miui.home 91663035
03-23 08:40:55.715  1980  1980 D RefreshRateSelector: Touch Boost
03-23 08:40:55.717  1980  1980 E HwcComposer: presentOrValidateDisplay 0 presentFence:-1
03-23 08:40:55.718 26141 26141 D HWUI    : DDRE Debug DrawPath: smoothCornerEnabled = true
03-23 08:40:55.719  2337  5019 D InputMethodManagerServiceImpl: ime switch to security: false , switch to normal ime: false , switch from security: false
03-23 08:40:55.720  1980  2320 E HwcComposer: getLuts failed Status(-129, EX_TRANSACTION_FAILED): 'UNKNOWN_TRANSACTION: '
03-23 08:40:55.720 10640 10640 D SogouIME: onBindInput: editorInfo:com.miui.home 91663035
03-23 08:40:55.721 29441 29441 I HandWritingStubImpl: getCurrentKeyboardType: 1
03-23 08:40:55.721 10640 10640 D SogouIME: onFinishInput: attribute:com.miui.home 91663035
03-23 08:40:55.721 10640 10640 D threadProvider: executeTask: pingback for sogou.pingback.h
03-23 08:40:55.721 10640 10640 D threadProvider: executeTask: pingback for sogou.pingback.i
03-23 08:40:55.721 10640 10640 D threadProvider: executeTask: pingback for sogou.pingback.i
03-23 08:40:55.721  2337  5007 I MiuiSplitInputMethodImpl: Skpi check shouldUpdateImeTargetForBackScreen.
03-23 08:40:55.721 10640 10640 D MainImeServiceDel: doOnFinishInput: 
03-23 08:40:55.721 10640 10640 D InputLogic: resetChinese: 
03-23 08:40:55.722  2337  5007 I ImeTracker: system_server:709af5f0: onRequestHide at ORIGIN_SERVER reason IME_REQUESTED_CHANGED_LISTENER fromUser false
03-23 08:40:55.722 10640 10640 D SogouIME: onStartInput: attribute:com.applist.test 76716849 restarting:false
03-23 08:40:55.722  2337  2510 D BarFollowAnimation: pairAppearanceRegionAndWin win=Window{9b9cb8 u0 Splash Screen com.applist.test EXITING} 0
03-23 08:40:55.722 26141 26141 I RegionSamplingImageView: onRegionDarknessChanged, new = true, old = true
03-23 08:40:55.722  2337  2510 D BarFollowAnimation: isAppTaskBarOnTop win:Window{1819bd5 u0 com.applist.test/com.applist.test.MainActivity} (mCurrentTopTask:Task{6d54210 #1497 type=standard A=10433:com.applist.test} : true); (mAssociatedTask:Task{6d54210 #1497 type=standard A=10433:com.applist.test} : true); (mHomeTask:Task{8b0ad35 #1 type=home} : false); mReparentToOriginParent:false mLastAppBarVisible:true mLastHomeBarVisible:false
03-23 08:40:55.722  2337  2510 D MiuiRefreshRatePolicy: reset
03-23 08:40:55.724  1980  1980 D RefreshRateSelector: Touch Boost
03-23 08:40:55.724  2337  2509 I DisplayManagerServiceImpl: updateInputScene: , status: 0 targetPkg: input, cookie: 270
03-23 08:40:55.724 16845 17234 D MirrorManager:  sendAcceptInput 0 0
03-23 08:40:55.724  1980  4745 D MI-SF   : updateScene: module = 270 (Input), value = 0, pkg = input, Vrr = 1, mSetTpIdleFlag = 0
03-23 08:40:55.724  2337  2509 I ImeTracker: system_server:709af5f0: onCancelled at PHASE_SERVER_SHOULD_HIDE
03-23 08:40:55.725  1980  1980 E HwcComposer: presentOrValidateDisplay 0 presentFence:-1
03-23 08:40:55.726 26141 26141 D HWUI    : DDRE Debug DrawPath: smoothCornerEnabled = true
03-23 08:40:55.732  1980  1980 D RefreshRateSelector: Touch Boost
03-23 08:40:55.732  2337  2510 I DisplayPolicyStubImpl: com.android.server.wm.WindowState hide ime, enable touchboost
03-23 08:40:55.732  2337  2510 I DisplayPolicyStubImpl: com.android.server.wm.WindowState hide ime, enable touchboost
03-23 08:40:55.733  1980  1980 E HwcComposer: presentOrValidateDisplay 0 presentFence:-1
03-23 08:40:55.735  2918  2954 E MiuiBooster: "Unkwnow sched policy:-1073741825!!!"
03-23 08:40:55.735 26141 26141 D HWUI    : DDRE Debug DrawPath: smoothCornerEnabled = true
03-23 08:40:55.740  1980  1980 D RefreshRateSelector: Touch Boost
03-23 08:40:55.741  1754  2396 I vendor.qti.hardware.display.composer-service: Sensor: notify citsensorservice to trigger cwb, misForced = 0
03-23 08:40:55.741  1980  1980 E HwcComposer: presentOrValidateDisplay 0 presentFence:-1
03-23 08:40:55.741  3106  3787 I libsensor-parseRGB: request dump start for mRequestDisplayId 0
03-23 08:40:55.741  3106  3787 D vendor.xiaomi.sensor.citsensorservice.aidl: handle id:20 wxh:1536x3200 uwxuh:1440x3200 size: 14745600 fd:17 fd_meta:18 flags:0x228 usage:0x33  format:0x3 layer_count: 1 reserved_size = 0 custom_content_md_reserved_size = 0
03-23 08:40:55.742  1754  2304 D SDM     : HWCSession::PostBuffer: CWB config passed by cwb_client : tappoint 1  CWB_ROI : (768.000000 37.000000 1009.000000 278.000000)
03-23 08:40:55.743 26141 26141 D HWUI    : DDRE Debug DrawPath: smoothCornerEnabled = true
03-23 08:40:55.750  1980  1980 E HwcComposer: presentOrValidateDisplay 0 presentFence:-1
03-23 08:40:55.752 26141 26141 D HWUI    : DDRE Debug DrawPath: smoothCornerEnabled = true
03-23 08:40:55.753 10640 10640 D NativeMemRecycler: activeCoreAlways inputType=2, result=true
03-23 08:40:55.754 10640 10640 D SogouIME: checkFractionChange: 
03-23 08:40:55.756  2337  2337 W AccessibilityManagerService:  wait for adding window timeout: 2701
03-23 08:40:55.756  3106  3793 I libsensor-boledalgo: Write:the value of channelCali C:99.1,R:55.6,G:32.3,B:19.2,scales [1.024484,1.028844,1.055530,0.912332]
03-23 08:40:55.756  3106  3793 D libsensor-boledalgo: brightness:301,R:3778.9,G:3705.5,B:3705.5,EVENT C:3860.3,R:1713.8,G:1526.0,B:921.6, lux: 76.6, clone:3276
03-23 08:40:55.758  1980  1980 E HwcComposer: presentOrValidateDisplay 0 presentFence:-1
03-23 08:40:55.760 26141 26141 D HWUI    : DDRE Debug DrawPath: smoothCornerEnabled = true
03-23 08:40:55.766  1980  1980 E HwcComposer: presentOrValidateDisplay 0 presentFence:-1
03-23 08:40:55.767  1754  1897 D SDM     : HWDeviceDRM::SetupConcurrentWriteback: Tear down the Concurrent Writeback topology
03-23 08:40:55.768 26141 26141 D HWUI    : DDRE Debug DrawPath: smoothCornerEnabled = true
03-23 08:40:55.773  1980  1980 D RefreshRateSelector: Touch Boost
03-23 08:40:55.774  1754 16722 D SDM     : CompManager::NotifyCwbDone: display 0 notify cwb callback, status = 0
03-23 08:40:55.774  1754  4749 D SDM     : HWCSession::NotifyCWBStatus: Notify the client about buffer status 0.
03-23 08:40:55.774  1980  1980 E HwcComposer: presentOrValidateDisplay 0 presentFence:-1
03-23 08:40:55.774  1754  4749 D SDM     : HWCSession::ProcessCWBStatus: CWB queue is empty. Display: 0
03-23 08:40:55.774  3106  4799 E libsensor-parseRGB: CWB NotifyCWBBufferDone  error 0
03-23 08:40:55.776 26141 26141 D HWUI    : DDRE Debug DrawPath: smoothCornerEnabled = true
03-23 08:40:55.782  1980  1980 D RefreshRateSelector: Touch Boost
03-23 08:40:55.782  5358  6236 D SelfStudyController: handleMessage msg.what is 1010
03-23 08:40:55.783  1980  1980 E HwcComposer: presentOrValidateDisplay 0 presentFence:-1
03-23 08:40:55.785 26141 26141 D HWUI    : DDRE Debug DrawPath: smoothCornerEnabled = true
03-23 08:40:55.791  1980  1980 E HwcComposer: presentOrValidateDisplay 0 presentFence:-1
03-23 08:40:55.794 26141 26141 D HWUI    : DDRE Debug DrawPath: smoothCornerEnabled = true
03-23 08:40:55.797 15290 15336 I GID     : PKG: com.applist.test IG ? false
03-23 08:40:55.799 29441 30810 I om.applist.test: Compiler allocated 6488KB to compile void android.view.ViewRootImpl.performTraversals()
03-23 08:40:55.799  1980  1980 E HwcComposer: presentOrValidateDisplay 0 presentFence:-1
03-23 08:40:55.802 26141 26141 D HWUI    : DDRE Debug DrawPath: smoothCornerEnabled = true
03-23 08:40:55.808  1980  1980 E HwcComposer: presentOrValidateDisplay 0 presentFence:-1
03-23 08:40:55.810 26141 26141 D HWUI    : DDRE Debug DrawPath: smoothCornerEnabled = true
03-23 08:40:55.816  1980  1980 E HwcComposer: presentOrValidateDisplay 0 presentFence:-1
03-23 08:40:55.820 26141 26141 D HWUI    : DDRE Debug DrawPath: smoothCornerEnabled = true
03-23 08:40:55.823 26141 26178 I curitycenter:ui: This is sticky GC, maxfree is 33554432 minfree is 8388608
03-23 08:40:55.823  1980  1980 D RefreshRateSelector: Touch Boost
03-23 08:40:55.824  1980  1980 E HwcComposer: presentOrValidateDisplay 0 presentFence:-1
03-23 08:40:55.827 26141 26141 D HWUI    : DDRE Debug DrawPath: smoothCornerEnabled = true
03-23 08:40:55.828 26141 29307 D JavaheapMonitor: Java heap used=7M max=256M, proc: com.miui.securitycenter:ui
03-23 08:40:55.828 26141 29307 V JavaheapMonitor: Check java heap usage finished! Next check delay: 300000
03-23 08:40:55.833  1980  1980 E HwcComposer: presentOrValidateDisplay 0 presentFence:-1
03-23 08:40:55.835 26141 26141 D HWUI    : DDRE Debug DrawPath: smoothCornerEnabled = true
03-23 08:40:55.840  1980  1980 D RefreshRateSelector: Touch Boost
03-23 08:40:55.840  2337  6346 I NetworkAccelerateSwitchService: EVENT_RSSI_POLL. mRssiPoll=true
03-23 08:40:55.841  2337  6346 I NetworkAccelerateSwitchService: checkWifiRssiAndLinkSpeed rssi:29
03-23 08:40:55.841  2337  6346 I NetworkAccelerateSwitchService: checkWifiRssiAndLinkSpeed mWifiFastFade:false mWifiFastFadeAdjustThreshold:false
03-23 08:40:55.841  2337  6346 I NetworkAccelerateSwitchService: getAverageWifiRssi:28
03-23 08:40:55.841  1980  1980 E HwcComposer: presentOrValidateDisplay 0 presentFence:-1
03-23 08:40:55.841  2337  6346 D NetworkAccelerateSwitchService: checkIntervalModeChange mMovementState:false mIntervalMode:0 mIsBadLinkLayerQoE:false mBadLinkLayerQoETimes = 0
03-23 08:40:55.843 26141 26141 D HWUI    : DDRE Debug DrawPath: smoothCornerEnabled = true
03-23 08:40:55.849  1980  1980 E HwcComposer: presentOrValidateDisplay 0 presentFence:-1
03-23 08:40:55.852 26141 26141 D HWUI    : DDRE Debug DrawPath: smoothCornerEnabled = true
03-23 08:40:55.856  2337  2510 I WindowManager: StartingWindow exit animation finished, win = Window{9b9cb8 u0 Splash Screen com.applist.test EXITING} remove = true
03-23 08:40:55.857  2337  2510 I WindowManager: wms.hideSurface mWin:Window{9b9cb8 u0 Splash Screen com.applist.test EXITING} reason:(onExitAnimationDone) in Surface(name=Splash Screen com.applist.test#34459)/@0x3cce5ce
03-23 08:40:55.857  1980  1980 D RefreshRateSelector: Touch Boost
03-23 08:40:55.857  2337  2510 I MiuiSplitInputMethodImpl: Skpi check shouldUpdateImeTargetForBackScreen.
03-23 08:40:55.857  2337  2510 I MiuiSplitInputMethodImpl: Skpi check shouldUpdateImeTargetForBackScreen.
03-23 08:40:55.857  2337  2510 I MiuiSplitInputMethodImpl: Skpi check shouldUpdateImeTargetForBackScreen.
03-23 08:40:55.857  2337  2510 I MiuiSplitInputMethodImpl: Skpi check shouldUpdateImeTargetForBackScreen.
03-23 08:40:55.857  2337  2510 I MiuiSplitInputMethodImpl: Skpi check shouldUpdateImeTargetForBackScreen.
03-23 08:40:55.857  2337  2510 I MiuiSplitInputMethodImpl: Skpi check shouldUpdateImeTargetForBackScreen.
03-23 08:40:55.857  2337  2510 I MiuiSplitInputMethodImpl: Skpi check shouldUpdateImeTargetForBackScreen.
03-23 08:40:55.857  2337  2510 I MiuiSplitInputMethodImpl: Skpi check shouldUpdateImeTargetForBackScreen.
03-23 08:40:55.857  2337  2510 I MiuiSplitInputMethodImpl: Skpi check shouldUpdateImeTargetForBackScreen.
03-23 08:40:55.857  2337  2510 I MiuiSplitInputMethodImpl: Skpi check shouldUpdateImeTargetForBackScreen.
03-23 08:40:55.857  2337  2510 I MiuiSplitInputMethodImpl: Skpi check shouldUpdateImeTargetForBackScreen.
03-23 08:40:55.857  2337  2510 I MiuiSplitInputMethodImpl: Skpi check shouldUpdateImeTargetForBackScreen.
03-23 08:40:55.857  2337  2510 I MiuiSplitInputMethodImpl: Skpi check shouldUpdateImeTargetForBackScreen.
03-23 08:40:55.857  2337  2510 I MiuiSplitInputMethodImpl: Skpi check shouldUpdateImeTargetForBackScreen.
03-23 08:40:55.857  2337  2510 I MiuiSplitInputMethodImpl: Skpi check shouldUpdateImeTargetForBackScreen.
03-23 08:40:55.857  2337  2510 I MiuiSplitInputMethodImpl: Skpi check shouldUpdateImeTargetForBackScreen.
03-23 08:40:55.857  2337  2510 I MiuiSplitInputMethodImpl: Skpi check shouldUpdateImeTargetForBackScreen.
03-23 08:40:55.857  2337  2510 I MiuiSplitInputMethodImpl: Skpi check shouldUpdateImeTargetForBackScreen.
03-23 08:40:55.857  2337  2510 I MiuiSplitInputMethodImpl: Skpi check shouldUpdateImeTargetForBackScreen.
03-23 08:40:55.857  2337  2510 D WindowManager: postWindowRemoveCleanupLocked: Removing startingWindow Window{9b9cb8 u0 Splash Screen com.applist.test} from ActivityRecord{86632642 u0 com.applist.test/.MainActivity t1497} activity = ActivityRecord{86632642 u0 com.applist.test/.MainActivity t1497}
03-23 08:40:55.858  2337  2510 D BarFollowAnimation: pairAppearanceRegionAndWin win=Window{1819bd5 u0 com.applist.test/com.applist.test.MainActivity} 0
03-23 08:40:55.858  2337  2510 D BarFollowAnimation: isAppTaskBarOnTop win:Window{1819bd5 u0 com.applist.test/com.applist.test.MainActivity} (mCurrentTopTask:Task{6d54210 #1497 type=standard A=10433:com.applist.test} : true); (mAssociatedTask:Task{6d54210 #1497 type=standard A=10433:com.applist.test} : true); (mHomeTask:Task{8b0ad35 #1 type=home} : false); mReparentToOriginParent:false mLastAppBarVisible:true mLastHomeBarVisible:false
03-23 08:40:55.858  2337  2510 D MiuiRefreshRatePolicy: reset
03-23 08:40:55.858  1980  1980 E HwcComposer: presentOrValidateDisplay 0 presentFence:-1
03-23 08:40:55.861 26141 26141 D HWUI    : DDRE Debug DrawPath: smoothCornerEnabled = true
03-23 08:40:55.865  2337  2510 D SystemPerformanceHinter: endSession#HighPerfSession-d0-WindowAnimation
03-23 08:40:55.865  1980  1980 D RefreshRateSelector: Touch Boost
03-23 08:40:55.865  2337  2510 D BarFollowAnimation: pairAppearanceRegionAndWin win=Window{1819bd5 u0 com.applist.test/com.applist.test.MainActivity} 0
03-23 08:40:55.866  2337  2510 D BarFollowAnimation: isAppTaskBarOnTop win:Window{1819bd5 u0 com.applist.test/com.applist.test.MainActivity} (mCurrentTopTask:Task{6d54210 #1497 type=standard A=10433:com.applist.test} : true); (mAssociatedTask:Task{6d54210 #1497 type=standard A=10433:com.applist.test} : true); (mHomeTask:Task{8b0ad35 #1 type=home} : false); mReparentToOriginParent:false mLastAppBarVisible:true mLastHomeBarVisible:false
03-23 08:40:55.866  2337  2510 D MiuiRefreshRatePolicy: reset
03-23 08:40:55.866  1980  1980 E HwcComposer: presentOrValidateDisplay 0 presentFence:-1
03-23 08:40:55.869 26141 26141 D HWUI    : DDRE Debug DrawPath: smoothCornerEnabled = true
03-23 08:40:55.874  1980  1980 E HwcComposer: presentOrValidateDisplay 0 presentFence:-1
03-23 08:40:55.876  4751  4751 I RectFSpringAnim_38138108: TransitionTest MultiSpringDynamicAnimation on end. this=com.miui.home.recents.util.RectFSpringAnim@245f0fc
03-23 08:40:55.876  4751  4751 I RectFSpringAnim_38138108: changeAnimStart start=false
03-23 08:40:55.876  4751  4751 I LocalWindowAnimImplementor: reset mDisableStateManagerListener false.
03-23 08:40:55.876  4751  4751 I RectFSpringAnim_38138108: getPropertyVelocity old, value = 0.0
03-23 08:40:55.876  4751  4751 I RectFSpringAnim_38138108: getPropertyVelocity old, value = 0.0
03-23 08:40:55.876  4751  4751 I RectFSpringAnim_38138108: getPropertyVelocity old, value = 0.0
03-23 08:40:55.876  4751  4751 I RectFSpringAnim_38138108: getPropertyVelocity old, value = 0.0
03-23 08:40:55.876  4751  4751 I RectFSpringAnim_38138108: getPropertyVelocity old, value = 0.0
03-23 08:40:55.876  4751  4751 I RectFSpringAnim_38138108: getPropertyVelocity old, value = 0.0
03-23 08:40:55.876  4751  4751 E MultiSpringDynamicAnimation61c9385: ERROR Not Found Bundle Radius
03-23 08:40:55.876  4751  4751 I RectFSpringAnim_38138108: getPropertyVelocity old, value = 0.0
03-23 08:40:55.876  4751  4751 I WindowElementcfb85da: com.miui.home.recents.anim.FastLaunchWindowElement@cfb85da TransitionTest onAnimationEnd AnimType = OPEN_FROM_HOME allowShellListener = true, isDuringMerge=false, mUserAnimListener=com.miui.home.recents.anim.WindowAnimParamsProvider$getQuickOpeningWindowsAnimParams$animListener$1@ff7f9eb
03-23 08:40:55.876  4751  4751 D WindowElementcfb85da: com.miui.home.recents.anim.FastLaunchWindowElement@cfb85da mOnShellAnimListener end OPEN_FROM_HOME com.miui.home.recents.anim.FastLaunchWindowElement@cfb85da needFinish = true
03-23 08:40:55.876  4751  4751 E WindowElementcfb85da: com.miui.home.recents.anim.FastLaunchWindowElement@cfb85da finishTransition toHome = false isHalf = false runningTaskId = 0
03-23 08:40:55.876  4751  4751 E WindowTransitionCompat: com.android.systemui.shared.recents.system.WindowTransitionCompat@d7f20e8 finishTransition toHome = false
03-23 08:40:55.876 26141 26141 D HWUI    : DDRE Debug DrawPath: smoothCornerEnabled = true
03-23 08:40:55.876  4751  4751 D TransitionCallback: call executeFinishCallback, toHome = false
03-23 08:40:55.876  4751  4751 D TransitionCallback: java.lang.Exception
03-23 08:40:55.876  4751  4751 D TransitionCallback: 	at com.android.systemui.shared.recents.utilities.WindowTransitionCallbackHelper.executeFinishCallback(WindowTransitionCallbackHelper.java:221)
03-23 08:40:55.876  4751  4751 D TransitionCallback: 	at com.android.systemui.shared.recents.utilities.WindowTransitionCallbackHelper.executeFinishCallback(WindowTransitionCallbackHelper.java:160)
03-23 08:40:55.876  4751  4751 D TransitionCallback: 	at com.android.systemui.shared.recents.system.WindowTransitionCompat.finishTransition(WindowTransitionCompat.java:815)
03-23 08:40:55.876  4751  4751 D TransitionCallback: 	at com.miui.home.recents.anim.WindowElement.finishTransitionCompat(WindowElement.kt:507)
03-23 08:40:55.876  4751  4751 D TransitionCallback: 	at com.miui.home.recents.anim.WindowElement.finishTransition$lambda$7(WindowElement.kt:484)
03-23 08:40:55.876  4751  4751 D TransitionCallback: 	at com.miui.home.recents.anim.WindowElement.$r8$lambda$tWOgmEbuZc1qc6cejgwJqu9Dv-w(WindowElement.kt:0)
03-23 08:40:55.876  4751  4751 D TransitionCallback: 	at com.miui.home.recents.anim.WindowElement$$ExternalSyntheticLambda2.run(R8$$SyntheticClass:0)
03-23 08:40:55.876  4751  4751 D TransitionCallback: 	at com.miui.launcher.utils.LooperExecutor.execute(LooperExecutor.java:43)
03-23 08:40:55.876  4751  4751 D TransitionCallback: 	at com.miui.home.recents.anim.WindowElement.finishTransition(WindowElement.kt:476)
03-23 08:40:55.876  4751  4751 D TransitionCallback: 	at com.miui.home.recents.anim.WindowElement.finishTransition$default(WindowElement.kt:474)
03-23 08:40:55.876  4751  4751 D TransitionCallback: 	at com.miui.home.recents.anim.WindowElement.finishTransitionSyncIfNeed(WindowElement.kt:500)
03-23 08:40:55.876  4751  4751 D TransitionCallback: 	at com.miui.home.recents.anim.WindowElement.finishTransitionSyncIfNeed$default(WindowElement.kt:489)
03-23 08:40:55.876  4751  4751 D TransitionCallback: 	at com.miui.home.recents.anim.WindowElement.onShellAnimationEnd(WindowElement.kt:457)
03-23 08:40:55.876  4751  4751 D TransitionCallback: 	at com.miui.home.recents.anim.WindowElement.resetData$lambda$41(WindowElement.kt:1865)
03-23 08:40:55.876  4751  4751 D TransitionCallback: 	at com.miui.home.recents.anim.WindowElement.$r8$lambda$GZvI4uzIbI3Y4HkQ_VUwfSzygew(WindowElement.kt:0)
03-23 08:40:55.876  4751  4751 D TransitionCallback: 	at com.miui.home.recents.anim.WindowElement$$ExternalSyntheticLambda7.run(R8$$SyntheticClass:0)
03-23 08:40:55.876  4751  4751 D TransitionCallback: 	at com.miui.launcher.utils.LooperExecutor.execute(LooperExecutor.java:43)
03-23 08:40:55.876  4751  4751 D TransitionCallback: 	at com.miui.home.recents.anim.WindowElement.resetData(WindowElement.kt:1863)
03-23 08:40:55.876  4751  4751 D TransitionCallback: 	at com.miui.home.recents.anim.windowanim.LocalWindowAnimImplementor$rectFSpringAnimListener$1.onWindowAnimEnd$lambda$2(LocalWindowAnimImplementor.kt:164)
03-23 08:40:55.876  4751  4751 D TransitionCallback: 	at com.miui.home.recents.anim.windowanim.LocalWindowAnimImplementor$rectFSpringAnimListener$1.$r8$lambda$HSR1sivxh6NljZvC7m5uTdKLYLI(LocalWindowAnimImplementor.kt:0)
03-23 08:40:55.876  4751  4751 D TransitionCallback: 	at com.miui.home.recents.anim.windowanim.LocalWindowAnimImplementor$rectFSpringAnimListener$1$$ExternalSyntheticLambda0.run(R8$$SyntheticClass:0)
03-23 08:40:55.876  4751  4751 D TransitionCallback: 	at com.miui.launcher.utils.LooperExecutor.execute(LooperExecutor.java:43)
03-23 08:40:55.876  4751  4751 D TransitionCallback: 	at com.miui.home.recents.anim.windowanim.LocalWindowAnimImplementor$rectFSpringAnimListener$1.onWindowAnimEnd(LocalWindowAnimImplementor.kt:148)
03-23 08:40:55.876  4751  4751 D TransitionCallback: 	at com.miui.home.recents.anim.windowanim.LocalWindowAnimImplementor$rectFSpringAnimListener$1.onAnimationEnd(LocalWindowAnimImplementor.kt:125)
03-23 08:40:55.876  4751  4751 D TransitionCallback: 	at com.miui.home.recents.util.RectFSpringAnim.lambda$initListener$1(RectFSpringAnim.java:216)
03-23 08:40:55.876  4751  4751 D TransitionCallback: 	at com.miui.home.recents.util.RectFSpringAnim.$r8$lambda$PRV-j4VFrvzUNyus8KYPdX5szgA(RectFSpringAnim.java:0)
03-23 08:40:55.876  4751  4751 D TransitionCallback: 	at com.miui.home.recents.util.RectFSpringAnim$$ExternalSyntheticLambda1.onAnimationEnd(R8$$SyntheticClass:0)
03-23 08:40:55.876  4751  4751 D TransitionCallback: 	at com.miui.home.recents.anim.MultiSpringDynamicAnimation.endAnimationInternal(MultiSpringDynamicAnimation.java:275)
03-23 08:40:55.876  4751  4751 D TransitionCallback: 	at com.miui.home.recents.anim.MultiSpringDynamicAnimation.doAnimationFrame(MultiSpringDynamicAnimation.java:242)
03-23 08:40:55.876  4751  4751 D TransitionCallback: 	at com.miui.home.recents.anim.AnimationHandler.doAnimationFrame(AnimationHandler.java:117)
03-23 08:40:55.876  4751  4751 D TransitionCallback: 	at com.miui.home.recents.anim.AnimationHandler$AnimationCallbackDispatcher.dispatchAnimationFrame(AnimationHandler.java:32)
03-23 08:40:55.876  4751  4751 D TransitionCallback: 	at com.miui.home.recents.anim.AnimationHandler$FrameCallbackProvider16$1.doFrame(AnimationHandler.java:165)
03-23 08:40:55.876  4751  4751 D TransitionCallback: 	at android.view.Choreographer$CallbackRecord.run(Choreographer.java:2038)
03-23 08:40:55.876  4751  4751 D TransitionCallback: 	at android.view.Choreographer$CallbackRecord.run(Choreographer.java:2049)
03-23 08:40:55.876  4751  4751 D TransitionCallback: 	at android.view.Choreographer.doCallbacks(Choreographer.java:1524)
03-23 08:40:55.876  4751  4751 D TransitionCallback: 	at android.view.Choreographer.doFrame(Choreographer.java:1381)
03-23 08:40:55.876  4751  4751 D TransitionCallback: 	at android.view.Choreographer$FrameDisplayEventReceiver.run(Choreographer.java:2003)
03-23 08:40:55.876  4751  4751 D TransitionCallback: 	at android.os.Handler.handleCallback(Handler.java:1029)
03-23 08:40:55.876  4751  4751 D TransitionCallback: 	at android.os.Handler.dispatchMessage(Handler.java:107)
03-23 08:40:55.876  4751  4751 D TransitionCallback: 	at android.os.Looper.loopOnce(Looper.java:267)
03-23 08:40:55.876  4751  4751 D TransitionCallback: 	at android.os.Looper.loop(Looper.java:360)
03-23 08:40:55.876  4751  4751 D TransitionCallback: 	at android.app.ActivityThread.main(ActivityThread.java:10054)
03-23 08:40:55.876  4751  4751 D TransitionCallback: 	at java.lang.reflect.Method.invoke(Native Method)
03-23 08:40:55.876  4751  4751 D TransitionCallback: 	at com.android.internal.os.RuntimeInit$MethodAndArgsCaller.run(RuntimeInit.java:616)
03-23 08:40:55.876  4751  4751 D TransitionCallback: 	at com.android.internal.os.ZygoteInit.main(ZygoteInit.java:1115)
03-23 08:40:55.876  4751  4751 D ReflectUtils: getMethod
03-23 08:40:55.876  4751  4751 D ReflectUtils: java.lang.NoSuchMethodException: android.window.WindowContainerTransaction.setWillFinishToHome [boolean]
03-23 08:40:55.876  4751  4751 D ReflectUtils: 	at java.lang.Class.getMethod(Class.java:2940)
03-23 08:40:55.876  4751  4751 D ReflectUtils: 	at java.lang.Class.getMethod(Class.java:2440)
03-23 08:40:55.876  4751  4751 D ReflectUtils: 	at com.miui.launcher.utils.ReflectUtils.getMethod(ReflectUtils.java:237)
03-23 08:40:55.876  4751  4751 D ReflectUtils: 	at com.miui.launcher.utils.ReflectUtils.invoke(ReflectUtils.java:88)
