03-23 08:40:55.876  4751  4751 D ReflectUtils: 	at com.android.systemui.shared.recents.utilities.WindowTransitionCallbackHelper.setWillFinishToHome(WindowTransitionCallbackHelper.java:321)
03-23 08:40:55.876  4751  4751 D ReflectUtils: 	at com.android.systemui.shared.recents.utilities.WindowTransitionCallbackHelper.executeFinishCallback(WindowTransitionCallbackHelper.java:244)
03-23 08:40:55.876  4751  4751 D ReflectUtils: 	at com.android.systemui.shared.recents.utilities.WindowTransitionCallbackHelper.executeFinishCallback(WindowTransitionCallbackHelper.java:160)
03-23 08:40:55.876  4751  4751 D ReflectUtils: 	at com.android.systemui.shared.recents.system.WindowTransitionCompat.finishTransition(WindowTransitionCompat.java:815)
03-23 08:40:55.876  4751  4751 D ReflectUtils: 	at com.miui.home.recents.anim.WindowElement.finishTransitionCompat(WindowElement.kt:507)
03-23 08:40:55.876  4751  4751 D ReflectUtils: 	at com.miui.home.recents.anim.WindowElement.finishTransition$lambda$7(WindowElement.kt:484)
03-23 08:40:55.876  4751  4751 D ReflectUtils: 	at com.miui.home.recents.anim.WindowElement.$r8$lambda$tWOgmEbuZc1qc6cejgwJqu9Dv-w(WindowElement.kt:0)
03-23 08:40:55.876  4751  4751 D ReflectUtils: 	at com.miui.home.recents.anim.WindowElement$$ExternalSyntheticLambda2.run(R8$$SyntheticClass:0)
03-23 08:40:55.876  4751  4751 D ReflectUtils: 	at com.miui.launcher.utils.LooperExecutor.execute(LooperExecutor.java:43)
03-23 08:40:55.876  4751  4751 D ReflectUtils: 	at com.miui.home.recents.anim.WindowElement.finishTransition(WindowElement.kt:476)
03-23 08:40:55.876  4751  4751 D ReflectUtils: 	at com.miui.home.recents.anim.WindowElement.finishTransition$default(WindowElement.kt:474)
03-23 08:40:55.876  4751  4751 D ReflectUtils: 	at com.miui.home.recents.anim.WindowElement.finishTransitionSyncIfNeed(WindowElement.kt:500)
03-23 08:40:55.876  4751  4751 D ReflectUtils: 	at com.miui.home.recents.anim.WindowElement.finishTransitionSyncIfNeed$default(WindowElement.kt:489)
03-23 08:40:55.876  4751  4751 D ReflectUtils: 	at com.miui.home.recents.anim.WindowElement.onShellAnimationEnd(WindowElement.kt:457)
03-23 08:40:55.876  4751  4751 D ReflectUtils: 	at com.miui.home.recents.anim.WindowElement.resetData$lambda$41(WindowElement.kt:1865)
03-23 08:40:55.876  4751  4751 D ReflectUtils: 	at com.miui.home.recents.anim.WindowElement.$r8$lambda$GZvI4uzIbI3Y4HkQ_VUwfSzygew(WindowElement.kt:0)
03-23 08:40:55.876  4751  4751 D ReflectUtils: 	at com.miui.home.recents.anim.WindowElement$$ExternalSyntheticLambda7.run(R8$$SyntheticClass:0)
03-23 08:40:55.876  4751  4751 D ReflectUtils: 	at com.miui.launcher.utils.LooperExecutor.execute(LooperExecutor.java:43)
03-23 08:40:55.876  4751  4751 D ReflectUtils: 	at com.miui.home.recents.anim.WindowElement.resetData(WindowElement.kt:1863)
03-23 08:40:55.876  4751  4751 D ReflectUtils: 	at com.miui.home.recents.anim.windowanim.LocalWindowAnimImplementor$rectFSpringAnimListener$1.onWindowAnimEnd$lambda$2(LocalWindowAnimImplementor.kt:164)
03-23 08:40:55.876  4751  4751 D ReflectUtils: 	at com.miui.home.recents.anim.windowanim.LocalWindowAnimImplementor$rectFSpringAnimListener$1.$r8$lambda$HSR1sivxh6NljZvC7m5uTdKLYLI(LocalWindowAnimImplementor.kt:0)
03-23 08:40:55.876  4751  4751 D ReflectUtils: 	at com.miui.home.recents.anim.windowanim.LocalWindowAnimImplementor$rectFSpringAnimListener$1$$ExternalSyntheticLambda0.run(R8$$SyntheticClass:0)
03-23 08:40:55.876  4751  4751 D ReflectUtils: 	at com.miui.launcher.utils.LooperExecutor.execute(LooperExecutor.java:43)
03-23 08:40:55.876  4751  4751 D ReflectUtils: 	at com.miui.home.recents.anim.windowanim.LocalWindowAnimImplementor$rectFSpringAnimListener$1.onWindowAnimEnd(LocalWindowAnimImplementor.kt:148)
03-23 08:40:55.876  4751  4751 D ReflectUtils: 	at com.miui.home.recents.anim.windowanim.LocalWindowAnimImplementor$rectFSpringAnimListener$1.onAnimationEnd(LocalWindowAnimImplementor.kt:125)
03-23 08:40:55.876  4751  4751 D ReflectUtils: 	at com.miui.home.recents.util.RectFSpringAnim.lambda$initListener$1(RectFSpringAnim.java:216)
03-23 08:40:55.876  4751  4751 D ReflectUtils: 	at com.miui.home.recents.util.RectFSpringAnim.$r8$lambda$PRV-j4VFrvzUNyus8KYPdX5szgA(RectFSpringAnim.java:0)
03-23 08:40:55.876  4751  4751 D ReflectUtils: 	at com.miui.home.recents.util.RectFSpringAnim$$ExternalSyntheticLambda1.onAnimationEnd(R8$$SyntheticClass:0)
03-23 08:40:55.876  4751  4751 D ReflectUtils: 	at com.miui.home.recents.anim.MultiSpringDynamicAnimation.endAnimationInternal(MultiSpringDynamicAnimation.java:275)
03-23 08:40:55.876  4751  4751 D ReflectUtils: 	at com.miui.home.recents.anim.MultiSpringDynamicAnimation.doAnimationFrame(MultiSpringDynamicAnimation.java:242)
03-23 08:40:55.876  4751  4751 D ReflectUtils: 	at com.miui.home.recents.anim.AnimationHandler.doAnimationFrame(AnimationHandler.java:117)
03-23 08:40:55.876  4751  4751 D ReflectUtils: 	at com.miui.home.recents.anim.AnimationHandler$AnimationCallbackDispatcher.dispatchAnimationFrame(AnimationHandler.java:32)
03-23 08:40:55.876  4751  4751 D ReflectUtils: 	at com.miui.home.recents.anim.AnimationHandler$FrameCallbackProvider16$1.doFrame(AnimationHandler.java:165)
03-23 08:40:55.877  4751  4751 D ReflectUtils: 	at android.view.Choreographer$CallbackRecord.run(Choreographer.java:2038)
03-23 08:40:55.877  4751  4751 D ReflectUtils: 	at android.view.Choreographer$CallbackRecord.run(Choreographer.java:2049)
03-23 08:40:55.877  4751  4751 D ReflectUtils: 	at android.view.Choreographer.doCallbacks(Choreographer.java:1524)
03-23 08:40:55.877  4751  4751 D ReflectUtils: 	at android.view.Choreographer.doFrame(Choreographer.java:1381)
03-23 08:40:55.877  4751  4751 D ReflectUtils: 	at android.view.Choreographer$FrameDisplayEventReceiver.run(Choreographer.java:2003)
03-23 08:40:55.877  4751  4751 D ReflectUtils: 	at android.os.Handler.handleCallback(Handler.java:1029)
03-23 08:40:55.877  4751  4751 D ReflectUtils: 	at android.os.Handler.dispatchMessage(Handler.java:107)
03-23 08:40:55.877  4751  4751 D ReflectUtils: 	at android.os.Looper.loopOnce(Looper.java:267)
03-23 08:40:55.877  4751  4751 D ReflectUtils: 	at android.os.Looper.loop(Looper.java:360)
03-23 08:40:55.877  4751  4751 D ReflectUtils: 	at android.app.ActivityThread.main(ActivityThread.java:10054)
03-23 08:40:55.877  4751  4751 D ReflectUtils: 	at java.lang.reflect.Method.invoke(Native Method)
03-23 08:40:55.877  4751  4751 D ReflectUtils: 	at com.android.internal.os.RuntimeInit$MethodAndArgsCaller.run(RuntimeInit.java:616)
03-23 08:40:55.877  4751  4751 D ReflectUtils: 	at com.android.internal.os.ZygoteInit.main(ZygoteInit.java:1115)
03-23 08:40:55.877  4751  4751 I TransitionCallback: addCallbackListenerSync callBack:com.android.systemui.shared.recents.system.WindowTransitionCompat$1@5ac7b4d
03-23 08:40:55.877  4751  4751 I TransitionCallback: mNeedShowLauncher = false
03-23 08:40:55.877  4751  4751 I TransitionCallback: addCallbackListenerSync callBack:null
03-23 08:40:55.877  4751  4751 I TransitionCallback: com.android.systemui.shared.recents.utilities.WindowTransitionCallbackHelper@99bbbbb call finishMainCallback, wct = WindowContainerTransaction { changes= {} hops= [] errorCallbackToken=null taskFragmentOrganizer=null }, sct = android.view.SurfaceControl$Transaction@2902602, callback = android.window.IRemoteTransitionFinishedCallback$Stub$Proxy@82418d8, mCounterRotatorList.size = 0, mInfoExposeList.size = 1
03-23 08:40:55.878  5421  5594 I RemoteTransitionHandlerStubImpl: putCallback return, transition or wctCB is null.
03-23 08:40:55.878  4751  4751 I TransitionCallback_FW_FINISH: call onTransitionFinished end
03-23 08:40:55.878  4751  4751 I TransitionCallback: onTransitionFinished finally call notifyFinishTransitionEnd
03-23 08:40:55.878  4751  4751 I TransitionCallback: checkCallbackSync, size = 1
03-23 08:40:55.878  4751  4751 I WindowElementcfb85da: onFinishCompleted mDisableStateManagerListener = false
03-23 08:40:55.878  4751  4751 I LaunchAppAndBackHomeAnimTarget: resetShortcutIcon, icon=com.miui.home.launcher.ShortcutIcon{22bca2e VFED..CL. ........ 641,0-844,203}(搴旂敤鍒楄〃娴嬭瘯)
03-23 08:40:55.878  4751  4751 D FloatingIconView249f6f06: finishImmediately 
03-23 08:40:55.878  4751  4751 I LaunchAppAndBackHomeAnimTarget: resetShortcutIcon, icon=com.miui.home.launcher.ShortcutIcon{22bca2e VFED..CL. ......ID 641,0-844,203}(搴旂敤鍒楄〃娴嬭瘯)
03-23 08:40:55.878  4751  4751 E FloatingIconView249f6f06: recycleView
03-23 08:40:55.878  4751  4751 D FloatingIconView249f6f06: setIsDrawIcon, isDraw=true
03-23 08:40:55.879  4751  4751 D FloatingIconView249f6f06: Recycle Bitmap to cache, Cache size: 1
03-23 08:40:55.879  4751  4751 D FloatingIconView249f6f06: recycleView post: com.miui.home.recents.views.FloatingIconView2$$ExternalSyntheticLambda4@5a49c7
03-23 08:40:55.879  4751  4751 D AnimStateManager: onAnimationEnd view: null, windowElementcom.miui.home.recents.anim.FastLaunchWindowElement@cfb85da
03-23 08:40:55.879  4751  4751 D AnimStateManager: onAnimationEnd: current=com.miui.home.recents.anim.FastLaunchWindowElement@cfb85da, set to null
03-23 08:40:55.879  4751  4751 I AnimStateManager: go to state com.miui.home.recents.anim.StateManager$IdleState@5485269
03-23 08:40:55.879  4751  4751 I TransitionCallback: execute finishMainCallbackSync return, no need post delay
03-23 08:40:55.879  4751  4751 I ScenarioRecognitionUtil: setScenarioState, type: 321, isStart: false
03-23 08:40:55.879  4751  4751 D WindowElementcfb85da: onWindowAnimEnd: resetFloatingIcon
03-23 08:40:55.879  4751  4751 D AnimStateManager: send event 8001 currentState = IdleState windowElement = null
03-23 08:40:55.879  4751  4751 I AnimStateManager: IdleState handle event 8001
03-23 08:40:55.879  4751  4751 I AnimStateManager: CommonState handle event 8001
03-23 08:40:55.879  4751  4751 D ShortcutMenuLayerElement: setTo, anim cancel
03-23 08:40:55.879  4751  4751 I MultiSpringDynamicAnimation5449557: TransitionTest cancel
03-23 08:40:55.879  4751  4751 D ShortcutMenuLayerElement: onAnimationEnd animation = com.miui.home.recents.anim.HyperSpringAnimation@5449557 canceled = true
03-23 08:40:55.879  4751  4751 D ShortcutMenuLayerElement: setTo, params=ShortcutMenuLayerParams(alpha=1.0, scaleX=1.0, scaleY=1.0, dampingRation=1.2, response=0.5, isSurfaceChange=false, shouldTryDisableByRecents=true, reason=, anim=true, animEndListener=null)
03-23 08:40:55.879  4751  4751 D Launcher.ShortcutMenuLayer: ShortcutMenuLayer setAlpha to 1.0f
03-23 08:40:55.879  4751  4751 D SystemWallpaperElement: setTo   zoomOut=1.0 useWallpaperAnim=true
03-23 08:40:55.879  4751  4751 D RecentBlurViewElement: setTo: params = RecentBlurParams(blurRadius=0.0, dimming=0.0, dampingRatio=0.95, response=0.45) blurView = null
03-23 08:40:55.879  4751  4751 D NavStubView: setWindowAnimType  type=null
03-23 08:40:55.879  4751  4751 D NavStubView: setIsAnimatingToLauncher  isAnimatingToLauncher=false
03-23 08:40:55.879  4751  4751 D HWUI    : DDRE Debug DrawPath: smoothCornerEnabled = true
03-23 08:40:55.880  5421  5594 I MultiTaskingTaskRepository: try to update multiTaskingTaskInfo taskInfo taskId = 1497
03-23 08:40:55.880  5421  5594 I MultiTaskingTaskInfo: MultiTaskingBaseTaskInfo::update::mTaskBounds = Rect(0, 0 - 1080, 2400), mTaskId = 1497
03-23 08:40:55.880  5421  5594 D MultiTaskingAnimTarget: setAnimParam bounds: Rect(0, 0 - 1080, 2400) scaleX: 1.0 scaleY: 1.0
03-23 08:40:55.880  5421  5594 D MultiTaskingAnimTarget: java.lang.Throwable
03-23 08:40:55.880  5421  5594 D MultiTaskingAnimTarget: 	at com.android.wm.shell.multitasking.common.animation.MultiTaskingAnimTarget.setAnimParam(go/retraceme 905fe248eee73ec01aa5e2c7e8e2a5d900513e8d0994e37081a1508aaf5ff25f:35)
03-23 08:40:55.880  5421  5594 D MultiTaskingAnimTarget: 	at com.android.wm.shell.multitasking.common.animation.MultiTaskingFolmeControl.updateBaseAnimParam(go/retraceme 905fe248eee73ec01aa5e2c7e8e2a5d900513e8d0994e37081a1508aaf5ff25f:15)
03-23 08:40:55.880  5421  5594 D MultiTaskingAnimTarget: 	at com.android.wm.shell.multitasking.common.taskmanager.MultiTaskingTaskInfo.update(go/retraceme 905fe248eee73ec01aa5e2c7e8e2a5d900513e8d0994e37081a1508aaf5ff25f:23)
03-23 08:40:55.880  5421  5594 D MultiTaskingAnimTarget: 	at com.android.wm.shell.multitasking.common.taskmanager.MultiTaskingTaskRepository.updateAllPendingBaseAnimParam(go/retraceme 905fe248eee73ec01aa5e2c7e8e2a5d900513e8d0994e37081a1508aaf5ff25f:60)
03-23 08:40:55.880  5421  5594 D MultiTaskingAnimTarget: 	at com.android.wm.shell.multitasking.common.taskmanager.MultiTaskingTransitionObserver.onTransitionFinished(go/retraceme 905fe248eee73ec01aa5e2c7e8e2a5d900513e8d0994e37081a1508aaf5ff25f:27)
03-23 08:40:55.880  5421  5594 D MultiTaskingAnimTarget: 	at com.android.wm.shell.transition.Transitions.onFinish(go/retraceme 905fe248eee73ec01aa5e2c7e8e2a5d900513e8d0994e37081a1508aaf5ff25f:155)
03-23 08:40:55.880  5421  5594 D MultiTaskingAnimTarget: 	at com.android.wm.shell.transition.Transitions.lambda$playTransition$2(go/retraceme 905fe248eee73ec01aa5e2c7e8e2a5d900513e8d0994e37081a1508aaf5ff25f:1)
03-23 08:40:55.880  5421  5594 D MultiTaskingAnimTarget: 	at com.android.wm.shell.transition.Transitions.$r8$lambda$W7xYOftIaREiTW7mnjUmUz2jYkA(go/retraceme 905fe248eee73ec01aa5e2c7e8e2a5d900513e8d0994e37081a1508aaf5ff25f:1)
03-23 08:40:55.880  5421  5594 D MultiTaskingAnimTarget: 	at com.android.wm.shell.transition.Transitions$$ExternalSyntheticLambda4.onTransitionFinished(go/retraceme 905fe248eee73ec01aa5e2c7e8e2a5d900513e8d0994e37081a1508aaf5ff25f:18)
03-23 08:40:55.880  5421  5594 D MultiTaskingAnimTarget: 	at com.android.wm.shell.transition.DefaultMixedHandler$$ExternalSyntheticLambda0.onTransitionFinished(go/retraceme 905fe248eee73ec01aa5e2c7e8e2a5d900513e8d0994e37081a1508aaf5ff25f:17)
03-23 08:40:55.880  5421  5594 D MultiTaskingAnimTarget: 	at com.android.wm.shell.transition.DefaultMixedTransition$$ExternalSyntheticLambda0.onTransitionFinished(go/retraceme 905fe248eee73ec01aa5e2c7e8e2a5d900513e8d0994e37081a1508aaf5ff25f:26)
03-23 08:40:55.880  5421  5594 D MultiTaskingAnimTarget: 	at com.android.wm.shell.transition.RemoteTransitionHandler$1$$ExternalSyntheticLambda0.run(go/retraceme 905fe248eee73ec01aa5e2c7e8e2a5d900513e8d0994e37081a1508aaf5ff25f:30)
03-23 08:40:55.880  5421  5594 D MultiTaskingAnimTarget: 	at android.os.Handler.handleCallback(Handler.java:1029)
03-23 08:40:55.880  5421  5594 D MultiTaskingAnimTarget: 	at android.os.Handler.dispatchMessage(Handler.java:107)
03-23 08:40:55.880  5421  5594 D MultiTaskingAnimTarget: 	at android.os.Looper.loopOnce(Looper.java:267)
03-23 08:40:55.880  5421  5594 D MultiTaskingAnimTarget: 	at android.os.Looper.loop(Looper.java:360)
03-23 08:40:55.880  5421  5594 D MultiTaskingAnimTarget: 	at android.os.HandlerThread.run(HandlerThread.java:85)
03-23 08:40:55.881  5421  5594 D MultiTaskingFolmeControl: updateBaseAnimParam taskId = 1497 taskBounds : Rect(0, 0 - 1080, 2400)
03-23 08:40:55.881  5421  5594 D MultiTaskingTransitionObserver: onTransitionFinished::transition = android.os.BinderProxy@6803598 remoteFreeformTasks = []
03-23 08:40:55.881  5421  5594 D MultiTaskingTransitionObserver: onTransitionFinished::mRunningTransitions = 0 mRemoteOpenFreeformTransitions = []
03-23 08:40:55.881  5421  5594 D SoScUtils: monitorTransitionFinished transition:android.os.BinderProxy@6803598 transaction: android.view.SurfaceControl$Transaction@1b1dd4 mRequestCloseTransition:null mRequestOpenTransition:null mPairsOpenTransition:null mPairsOpenTransitionNull:null mRequestOpenTriggerTask:-1 mRequestCloseTriggerTask:-1 mOrientationTransition: null mPendingChange:null mMainStartingTask:-1 mSideStartingTask:-1
03-23 08:40:55.882  2337  3488 W system_server: Binder 0xb4000079528f4ca0 destroyed after setInheritRt before being parceled.
03-23 08:40:55.882  2337  3488 D BarFollowAnimation: onTaskInfoChanedForCaptionBar Task{8b0ad35 #1 type=home} shouldbeVisible:false isVisible:false isOnTop:false windowMode:1 preDisplayId:-1 displayId:0 mCaptionAssociatedTask:null mIsTouchedInCaption:false
03-23 08:40:55.883  2337  3488 I TransitionImpl: finishTransition: updateLastSurfacePosition tf=Task{6d54210 #1497 type=standard A=10433:com.applist.test}
03-23 08:40:55.883  2337  3488 D SystemPerformanceHinter: endSession#HighPerfSession-d0-Transition
03-23 08:40:55.883  1980  1980 E HwcComposer: presentOrValidateDisplay 0 presentFence:-1
03-23 08:40:55.883  1980  2173 W VsyncModulator: setTransactionSchedule: Unexpected EarlyEnd
03-23 08:40:55.883 10324 10324 D VRI[quicksearchbox]: visibilityChanged oldVisibility=true newVisibility=false
03-23 08:40:55.883  5421  5594 I RemoteTransitionHandlerStubImpl: invokeAndRemoveWctCB transition is null, curWctCB: null
03-23 08:40:55.884  4751  4751 D VRI[Launcher]: visibilityChanged oldVisibility=true newVisibility=false
03-23 08:40:55.885  4751  4751 D OnLongClickAgent: reset:   removeMessages MSG_LONG_CLICK
03-23 08:40:55.885  4751  4751 D OnLongClickAgent: reset:   removeMessages MSG_LONG_CLICK
03-23 08:40:55.885  4751  4751 D OnLongClickAgent: reset:   removeMessages MSG_LONG_CLICK
03-23 08:40:55.885  4751  4751 D OnLongClickAgent: reset:   removeMessages MSG_LONG_CLICK
03-23 08:40:55.885  4751  4751 D OnLongClickAgent: reset:   removeMessages MSG_LONG_CLICK
03-23 08:40:55.885  4751  4751 D OnLongClickAgent: reset:   removeMessages MSG_LONG_CLICK
03-23 08:40:55.885  4751  4751 D OnLongClickAgent: reset:   removeMessages MSG_LONG_CLICK
03-23 08:40:55.885  4751  4751 D OnLongClickAgent: reset:   removeMessages MSG_LONG_CLICK
03-23 08:40:55.885  4751  4751 D OnLongClickAgent: reset:   removeMessages MSG_LONG_CLICK
03-23 08:40:55.885  4751  4751 D OnLongClickAgent: reset:   removeMessages MSG_LONG_CLICK
03-23 08:40:55.885  4751  4751 D OnLongClickAgent: reset:   removeMessages MSG_LONG_CLICK
03-23 08:40:55.885  4751  4751 D OnLongClickAgent: reset:   removeMessages MSG_LONG_CLICK
03-23 08:40:55.885  4751  4751 D OnLongClickAgent: reset:   removeMessages MSG_LONG_CLICK
03-23 08:40:55.885  4751  4751 D OnLongClickAgent: reset:   removeMessages MSG_LONG_CLICK
03-23 08:40:55.885  4751  4751 D OnLongClickAgent: reset:   removeMessages MSG_LONG_CLICK
03-23 08:40:55.886  4869  4869 I MiuiWallpaper-ImageWallpaper: onVisibilityChanged, visible = false
03-23 08:40:55.886  4751  4751 I AutofillManager: onInvisibleForAutofill(): expiringResponse
03-23 08:40:55.886  4751  4751 D Launcher.Lifecycle: onStop:UserHandle{0},4823535,false
03-23 08:40:55.886  4751  4751 D UninstallDialogWrapper: mUninstallDialogShowing != isShowfalse, mUninstallDialogShowingfalse,isShowfalse
03-23 08:40:55.886  4751  4751 D SoscSplitStateController: updateDividerFixedState: isFixed = false
03-23 08:40:55.886  4751  4751 D Launcher_UnlockAnimationStateMachine: onStop = IDLE
03-23 08:40:55.887 10287 10287 D VRI[personalassistant]: visibilityChanged oldVisibility=true newVisibility=false
03-23 08:40:55.887 10287 10372 D LauncherOverlay: setActivityState:0
03-23 08:40:55.887 21594 21632 D LauncherOverlay: setActivityState:0
03-23 08:40:55.887  4751  4751 E Launcher.application: setClickAppWaitForCallback = false
03-23 08:40:55.887 10324 10771 D LauncherOverlay: setActivityState:0
03-23 08:40:55.887  5421  5594 D SoScSplitScreenController: updateDividerFixedState isFixed:false
03-23 08:40:55.888  1980  2394 D MI-SF   : updateScene: module = 268 (Animation), value = 0, pkg = perf_interaction, Vrr = 1, mSetTpIdleFlag = 0
03-23 08:40:55.888  2337  4651 I DisplayModeDirectorImpl: SmartDisplayPolicyEnd
03-23 08:40:55.888  1980  2394 D MI-SF   : isIdleTimerSkip is 0,mSetIdleForceFlag = 0
03-23 08:40:55.888  1980  2394 D MI-SF   : updateScene mSetAnimationFlag status 0, vsync 60
03-23 08:40:55.888  2337  2509 I DisplayModeDirectorImpl: updateRefreshRateResultIfNeeded after:baseModeId=2 allowGroupSwitching=false primary=physical: (0.0 Infinity) render:  (0.0 120.0) appRequest=physical: (0.0 Infinity) render:  (0.0 120.0) idleScreenRefreshRateConfig=null mNormalModeSkipOveride: false
03-23 08:40:55.889  2337  2510 I WindowManager: wms.hideSurface mWin:Window{dab620 u0 com.miui.miwallpaper.wallpaperservice.ImageWallpaper} reason:(prepareSurfaceLocked) in Surface(name=com.miui.miwallpaper.wallpaperservice.ImageWallpaper#57)/@0xa0f0b14
03-23 08:40:55.890  2337  2510 D WallpaperWindowTokenImpl: setVisibility for WallpaperWindowToken{88446c1 showWhenLocked=true} isVisible=false mLastSurfaceShowing=true mEnforceApplyVisibility=true
03-23 08:40:55.890  2337  2510 I WindowManager: wms.hideSurface mWin:Window{bbf0234 u0 com.miui.home/com.miui.home.launcher.Launcher} reason:(prepareSurfaceLocked) in Surface(name=com.miui.home/com.miui.home.launcher.Launcher#34434)/@0x616b9c7
03-23 08:40:55.890  2337  2510 I WindowManager: wms.hideSurface mWin:Window{14b4a42 u0 LauncherOverlayWindow:com.android.quicksearchbox} reason:(prepareSurfaceLocked) in Surface(name=LauncherOverlayWindow:com.android.quicksearchbox#34432)/@0xddb4d5c
03-23 08:40:55.890  2337  2510 I WindowManager: wms.hideSurface mWin:Window{63613ea u0 LauncherOverlayWindow:com.miui.personalassistant} reason:(prepareSurfaceLocked) in Surface(name=LauncherOverlayWindow:com.miui.personalassistant#34433)/@0x5cd69eb
03-23 08:40:55.890  2337  4715 D BarFollowAnimation: checkBarStatus mReparentToOriginParent:false hasTopFullAppTask:true mHomeTask:Task{8b0ad35 #1 type=home} mCurrentTopTask: Task{6d54210 #1497 type=standard A=10433:com.applist.test} mAssociatedTask: Task{6d54210 #1497 type=standard A=10433:com.applist.test} homeTaskonTop:false mLastAppBarVisible:true mLastHomeBarVisible:false isInSplitScreen:false
03-23 08:40:55.890  2337  4715 D BarFollowAnimation: resetBarState transition:2013
03-23 08:40:55.891  1980  1980 D RefreshRateSelector: Touch Boost
03-23 08:40:55.891  2337  2510 D WindowManager: New lock/shared screen wallpaper: Window{dab620 u0 com.miui.miwallpaper.wallpaperservice.ImageWallpaper}, prev: null
03-23 08:40:55.891  2337  2510 I WallpaperControllerImpl: updateWallpaperTokens requestedVisibility=false on keyguardLocked=false topWallpaper=Window{dab620 u0 com.miui.miwallpaper.wallpaperservice.ImageWallpaper}
03-23 08:40:55.891  2337  2510 D WindowManager: Wallpaper target=null prev=null
03-23 08:40:55.891  2337  2510 D BarFollowAnimation: pairAppearanceRegionAndWin win=Window{1819bd5 u0 com.applist.test/com.applist.test.MainActivity} 0
03-23 08:40:55.891  2337  2510 D BarFollowAnimation: isAppTaskBarOnTop win:Window{1819bd5 u0 com.applist.test/com.applist.test.MainActivity} (mCurrentTopTask:Task{6d54210 #1497 type=standard A=10433:com.applist.test} : true); (mAssociatedTask:Task{6d54210 #1497 type=standard A=10433:com.applist.test} : true); (mHomeTask:Task{8b0ad35 #1 type=home} : false); mReparentToOriginParent:false mLastAppBarVisible:true mLastHomeBarVisible:false
03-23 08:40:55.891  2337  2510 D MiuiRefreshRatePolicy: reset
03-23 08:40:55.892  1754  2304 I MiClstc : simplifyLayerName Unknown layer 1, skip
03-23 08:40:55.892  1754  2304 I MiClstc : DropLayers erase layer 1
03-23 08:40:55.892  1754  2304 I MiClstc : DropLayers erase layer 8111
03-23 08:40:55.892  1754  2304 I MiClstc : DropLayers erase layer 8112
03-23 08:40:55.892 10062  9213 D ForegroundUtils: Foreground UID status:
03-23 08:40:55.893 10062  9213 D ForegroundUtils: UID: 10129 is in foreground: true
03-23 08:40:55.893 10062  9213 D ForegroundUtils: UID: 10133 is in foreground: false
03-23 08:40:55.893 10062  9213 D ForegroundUtils: UID: 10134 is in foreground: true
03-23 08:40:55.893 10062  9213 D ForegroundUtils: UID: 10144 is in foreground: false
03-23 08:40:55.893 10062  9213 D ForegroundUtils: UID: 10235 is in foreground: true
03-23 08:40:55.893 10062  9213 D ForegroundUtils: UID: 10252 is in foreground: true
03-23 08:40:55.893 10062  9213 D ForegroundUtils: UID: 10312 is in foreground: false
03-23 08:40:55.893 10062  9213 D ForegroundUtils: UID: 10329 is in foreground: false
03-23 08:40:55.893 10062  9213 D ForegroundUtils: UID: 10364 is in foreground: false
03-23 08:40:55.893 10062  9213 D ForegroundUtils: UID: 10382 is in foreground: false
03-23 08:40:55.893 10062  9213 D ForegroundUtils: UID: 10383 is in foreground: false
03-23 08:40:55.893 10062  9213 D ForegroundUtils: UID: 10391 is in foreground: false
03-23 08:40:55.893 10062  9213 D ForegroundUtils: UID: 10433 is in foreground: true
03-23 08:40:55.893 10062  9213 D ForegroundUtils: UID: 99910382 is in foreground: false
03-23 08:40:55.893  1754  2304 I SDM     : ClstcAlgorithmAdapter::UcscToneMap():1623 Checksum for layer 7860 is: 0
03-23 08:40:55.893  4751  5683 W com.miui.home: Binder 0xb4000079528bf9c0 destroyed after setInheritRt before being parceled.
03-23 08:40:55.893  2337  5019 D WindowManager: New lock/shared screen wallpaper: Window{dab620 u0 com.miui.miwallpaper.wallpaperservice.ImageWallpaper}, prev: null
03-23 08:40:55.893  2337  5019 I WallpaperControllerImpl: updateWallpaperTokens requestedVisibility=false on keyguardLocked=false topWallpaper=Window{dab620 u0 com.miui.miwallpaper.wallpaperservice.ImageWallpaper}
03-23 08:40:55.893  2337  5019 D WindowManager: Wallpaper target=null prev=null
03-23 08:40:55.893  2337  3829 I MiuiNetworkPolicy: updateUidState uid = 10332, uidState = 5
03-23 08:40:55.894  2337  5019 D BarFollowAnimation: pairAppearanceRegionAndWin win=Window{1819bd5 u0 com.applist.test/com.applist.test.MainActivity} 0
03-23 08:40:55.894  2337  5019 D BarFollowAnimation: isAppTaskBarOnTop win:Window{1819bd5 u0 com.applist.test/com.applist.test.MainActivity} (mCurrentTopTask:Task{6d54210 #1497 type=standard A=10433:com.applist.test} : true); (mAssociatedTask:Task{6d54210 #1497 type=standard A=10433:com.applist.test} : true); (mHomeTask:Task{8b0ad35 #1 type=home} : false); mReparentToOriginParent:false mLastAppBarVisible:true mLastHomeBarVisible:false
03-23 08:40:55.894  2337  5019 D MiuiRefreshRatePolicy: reset
03-23 08:40:55.894  1980  1980 I MI-SF   : surfaceflinger setAffinity mode=0
03-23 08:40:55.894  1980  1980 E MI-SF   : surfaceflinger setAffinity success
03-23 08:40:55.896  2337  3829 I MiuiNetworkPolicyTrafficLimit: updateWhiteListUidForMobileTraffic uid=10332,add=false
03-23 08:40:55.896  2337  3829 I MiuiNetworkPolicy: updateUidState uid = 10286, uidState = 5
03-23 08:40:55.896  5421  5594 I MultiTaskingTaskRepository: needSkip::is home task
03-23 08:40:55.896  5421  5594 D MiuiDecorationHomeController: relayout::taskId=1, userId=0, visible=false, bounds=Rect(0, 0 - 1080, 2400), focused=false, activityType=2, displayId=0, baseActivity=ComponentInfo{com.miui.home/com.miui.home.launcher.Launcher}, topActivity=ComponentInfo{com.miui.home/com.miui.home.launcher.Launcher}, callers=com.android.wm.shell.multitasking.miuimultiwinswitch.miuiwindowdecor.decoration.MiuiDecorationController.relayout:4 com.android.wm.shell.multitasking.miuimultiwinswitch.miuiwindowdecor.MulWinSwitchDecorViewModel.onTaskInfoChanged:18 com.android.wm.shell.multitasking.common.taskmanager.MultiTaskingTaskListener.onTaskInfoChanged:47 com.android.wm.shell.ShellTaskOrganizer.onTaskInfoChanged:136 android.window.TaskOrganizer$1.lambda$onTaskInfoChanged$6:300 
03-23 08:40:55.896  5421  5594 D MiuiDecorationBottom: releaseViews_HomeBottomCaption: taskId=1
03-23 08:40:55.897  2337  2507 D Aurogon :  uid = 10144 switch to BG
03-23 08:40:55.897  2337  2507 I Location.SSRU: foregroundActivities IS falseUID ID 10144, home is true
03-23 08:40:55.898  2337  3829 I MiuiNetworkPolicyTrafficLimit: updateWhiteListUidForMobileTraffic uid=10286,add=false
03-23 08:40:55.898 10287 10372 D travelService_ActivityObserverUtils: activityStopped ComponentInfo{com.miui.home/com.miui.home.launcher.Launcher}
03-23 08:40:55.898 10266 11407 V OsAgent : broadcastSystemEvent - 7
03-23 08:40:55.898 10266 11407 V OsAgent : broadcastSystemEvent - 7
03-23 08:40:55.898 10266 11407 V OsAgent : broadcastSystemEvent - 7
03-23 08:40:55.898  2337  2510 D WallpaperWindowTokenImpl: setVisibility for WallpaperWindowToken{88446c1 showWhenLocked=true} isVisible=false mLastSurfaceShowing=false mEnforceApplyVisibility=true
03-23 08:40:55.898 10266 11407 V OsAgent : broadcastSystemEvent - 7
03-23 08:40:55.898  2337  3829 I MiuiNetworkPolicy: updateUidState uid = 10188, uidState = 5
03-23 08:40:55.898 10266 11407 V OsAgent : broadcastSystemEvent - 7
03-23 08:40:55.898 10266 11407 V OsAgent : broadcastSystemEvent - 7
03-23 08:40:55.899 26141 26141 D HWUI    : DDRE Debug DrawPath: smoothCornerEnabled = true
03-23 08:40:55.899  2337  2510 D WindowManager: New lock/shared screen wallpaper: Window{dab620 u0 com.miui.miwallpaper.wallpaperservice.ImageWallpaper}, prev: null
03-23 08:40:55.899  2337  2510 I WallpaperControllerImpl: updateWallpaperTokens requestedVisibility=false on keyguardLocked=false topWallpaper=Window{dab620 u0 com.miui.miwallpaper.wallpaperservice.ImageWallpaper}
03-23 08:40:55.899  2337  2510 D WindowManager: Wallpaper target=null prev=null
03-23 08:40:55.899  2337  2510 D BarFollowAnimation: pairAppearanceRegionAndWin win=Window{1819bd5 u0 com.applist.test/com.applist.test.MainActivity} 0
03-23 08:40:55.899  2337  2510 D BarFollowAnimation: isAppTaskBarOnTop win:Window{1819bd5 u0 com.applist.test/com.applist.test.MainActivity} (mCurrentTopTask:Task{6d54210 #1497 type=standard A=10433:com.applist.test} : true); (mAssociatedTask:Task{6d54210 #1497 type=standard A=10433:com.applist.test} : true); (mHomeTask:Task{8b0ad35 #1 type=home} : false); mReparentToOriginParent:false mLastAppBarVisible:true mLastHomeBarVisible:false
03-23 08:40:55.899  2337  2510 D MiuiRefreshRatePolicy: reset
03-23 08:40:55.900  2337  3829 I MiuiNetworkPolicyTrafficLimit: updateWhiteListUidForMobileTraffic uid=10188,add=false
03-23 08:40:55.900  2337  3829 I MiuiNetworkPolicy: updateUidState uid = 10163, uidState = 4
03-23 08:40:55.900  2337  3829 I MiuiNetworkPolicy: updateUidState uid = 10145, uidState = 4
03-23 08:40:55.900  2337  3829 I MiuiNetworkPolicy: updateUidState uid = 10144, uidState = 5
03-23 08:40:55.901 26931 26931 D AppLifecycleObserver: onReceive: com.miui.home BACKGROUND
03-23 08:40:55.901 26141 26141 D HWUI    : DDRE Debug DrawPath: smoothCornerEnabled = true
03-23 08:40:55.901  2337  5667 I SmartPower: com.miui.personalassistant/10134(10287): visible->invisible(4642ms) R(become invisible) adj=100.
03-23 08:40:55.901 26931 26931 D PkgUtils: getApplicationInfo packageName:com.miui.home, flags:128 applicationInfo:ApplicationInfo{aa63be com.miui.home} needSecondSpace:false
03-23 08:40:55.901  2337  5667 I SmartPower: com.miui.personalassistant/10134(10287): invisible->background(0ms) R(become background) adj=100.
03-23 08:40:55.902  2337  5667 D BarFollowAnimation: pairAppearanceRegionAndWin win=Window{1819bd5 u0 com.applist.test/com.applist.test.MainActivity} 0
03-23 08:40:55.902  2337  5667 D BarFollowAnimation: isAppTaskBarOnTop win:Window{1819bd5 u0 com.applist.test/com.applist.test.MainActivity} (mCurrentTopTask:Task{6d54210 #1497 type=standard A=10433:com.applist.test} : true); (mAssociatedTask:Task{6d54210 #1497 type=standard A=10433:com.applist.test} : true); (mHomeTask:Task{8b0ad35 #1 type=home} : false); mReparentToOriginParent:false mLastAppBarVisible:true mLastHomeBarVisible:false
03-23 08:40:55.902  2337  5667 D MiuiRefreshRatePolicy: reset
03-23 08:40:55.902  2337  3829 I MiuiNetworkPolicyTrafficLimit: updateWhiteListUidForMobileTraffic uid=10144,add=false
03-23 08:40:55.902  2337  3829 I MiuiNetworkPolicy: updateUidState uid = 10135, uidState = 5
03-23 08:40:55.904  2337  6116 I SmartPower: com.android.quicksearchbox/10135(10324): visible->invisible(4646ms) R(become invisible) adj=100.
03-23 08:40:55.904  2337  6116 I SmartPower: com.android.quicksearchbox/10135(10324): invisible->background(0ms) R(become background) adj=100.
03-23 08:40:55.904  4751  4751 W FrameTracker: Missed App frame:JANK_APPLICATION, 54426529, 26680973, CUJ=J<LAUNCHER_APP_LAUNCH_FROM_ICON>
03-23 08:40:55.905  2337  6116 D BarFollowAnimation: pairAppearanceRegionAndWin win=Window{1819bd5 u0 com.applist.test/com.applist.test.MainActivity} 0
03-23 08:40:55.905 26931 26976 D EventBus: No subscribers registered for event class com.xiaomi.xms.event.msg.PageLifecycleMsg
03-23 08:40:55.905 26931 26976 D EventBus: No subscribers registered for event class ud.h
03-23 08:40:55.905  2337  6116 D BarFollowAnimation: isAppTaskBarOnTop win:Window{1819bd5 u0 com.applist.test/com.applist.test.MainActivity} (mCurrentTopTask:Task{6d54210 #1497 type=standard A=10433:com.applist.test} : true); (mAssociatedTask:Task{6d54210 #1497 type=standard A=10433:com.applist.test} : true); (mHomeTask:Task{8b0ad35 #1 type=home} : false); mReparentToOriginParent:false mLastAppBarVisible:true mLastHomeBarVisible:false
03-23 08:40:55.905  1667  6353 D vendor.qti.bluetooth@1.1-wake_lock: Acquire wakelock is acquired 
03-23 08:40:55.905  2337  6116 D MiuiRefreshRatePolicy: reset
03-23 08:40:55.906  2337  3829 I MiuiNetworkPolicyTrafficLimit: updateWhiteListUidForMobileTraffic uid=10135,add=false
03-23 08:40:55.906 10287 10287 W rsonalassistant: Binder 0xb400007952894f40 destroyed after setInheritRt before being parceled.
03-23 08:40:55.906  2337  3829 I MiuiNetworkPolicy: updateUidState uid = 10134, uidState = 5
03-23 08:40:55.907  5022  6393 V ScanController: onScanResult() - eventType=0x1b, addressType=1, address=XX:XX:XX:XX:32:9E, primaryPhy=1, secondaryPhy=0, advertisingSid=0xff, txPower=127, rssi=-55, periodicAdvInt=0x0, originalAddress=C9:A1:6E:56:32:9E
03-23 08:40:55.907  5022  6393 V ScanController: Skipping client: permission=true matches=false
03-23 08:40:55.907 10287 10287 I LauncherOverlayCallback: handleMessage WHAT_ACTIVITY_STATE_CHANGED what锛?
03-23 08:40:55.907 10287 10287 D LauncherOverlay.Window: onStop
03-23 08:40:55.907 10287 10287 I LauncherOverlayCallback: handleMessage WHAT_LAUNCHER_STATE what锛?
03-23 08:40:55.907 10287 10287 D LauncherOverlay.Window: launcherState 0
03-23 08:40:55.907 10287 10287 D LauncherOverlay.Window: resumedStateNow 0,resumedStateNew = 0
03-23 08:40:55.907  2337  3829 I MiuiNetworkPolicyTrafficLimit: updateWhiteListUidForMobileTraffic uid=10134,add=false
03-23 08:40:55.908  5022  6393 V ScanController: Skipping client: permission=true matches=false
03-23 08:40:55.908 10324 10324 W .quicksearchbox: Binder 0xb4000079528671c0 destroyed after setInheritRt before being parceled.
03-23 08:40:55.908  2337  2510 D WallpaperWindowTokenImpl: setVisibility for WallpaperWindowToken{88446c1 showWhenLocked=true} isVisible=false mLastSurfaceShowing=false mEnforceApplyVisibility=true
03-23 08:40:55.908  2337  2497 W SSRU-ResourceUsageProxy: Nonexistent ongoing transaction AW_TOP:243082291 for u:0 pkg:com.miui.home ended
03-23 08:40:55.909  5022  6393 V ScanController: Skipping client: permission=true matches=false
03-23 08:40:55.909  2337  3829 D MiuiNetworkPolicyTrafficLimit: updateWhiteListUidForMobileTraffic rst=true
03-23 08:40:55.910 10324 10324 D LauncherOverlay.Window: onStop
03-23 08:40:55.910  2337  3829 D MiuiNetworkPolicyTrafficLimit: updateWhiteListUidForMobileTraffic rst=true
03-23 08:40:55.910  2337  3829 D MiuiNetworkPolicyTrafficLimit: updateWhiteListUidForMobileTraffic rst=true
03-23 08:40:55.910  6477  6477 D MiuiFastConnectService_Plugin: data V4 pos 80 res true
03-23 08:40:55.910  6477  6477 V BluetoothPluginCloud: queryPluginFeatureSupport: pluginVersion = 1.4_1.48featureId = scan_aux_V
03-23 08:40:55.910  2337  3829 D MiuiNetworkPolicyTrafficLimit: updateWhiteListUidForMobileTraffic rst=true
03-23 08:40:55.911  2337  3829 D MiuiNetworkPolicyTrafficLimit: updateWhiteListUidForMobileTraffic rst=true
03-23 08:40:55.911  2337  3829 D MiuiNetworkPolicyTrafficLimit: updateWhiteListUidForMobileTraffic rst=true
03-23 08:40:55.912  6477  6477 D MiuiFastConnectService_Plugin: device Id 0201030048
03-23 08:40:55.913  6477  6769 D MiuiFastConnectService_Plugin: getCachedDeviceId: deviceId = 0201030048
03-23 08:40:55.913 26141 26141 D HWUI    : DDRE Debug DrawPath: smoothCornerEnabled = true
03-23 08:40:55.913  6477  6769 D MiuiFastConnectV2_Plugin: getScrambledAccountKey data=[1B,82,D1,25,5A,43,0A,F6,29,24,BC,21,F5,B0,4C,A8,F5,47,73,1E,]
03-23 08:40:55.913  6477  6769 D MiuiParseData_Plugin: getRecordFromUnsyncTable
03-23 08:40:55.913  6477  6769 V BluetoothPluginCloud: queryPluginFeatureSupport: pluginVersion = 1.4_1.48featureId = 0201030048
03-23 08:40:55.914  6477  6769 D MiuiDataBaseUtils: minversion: 1.48, minversionLocal: 1.40
03-23 08:40:55.914  6477  6769 D MultiFeatureManager: getDeviceInfoV2!!!
03-23 08:40:55.916  6477  6769 D XiaoaiDialogTranslationController_btplugin: isMiuiBtSupportGlasses result = true
03-23 08:40:55.918 26141 26141 D HWUI    : DDRE Debug DrawPath: smoothCornerEnabled = true
03-23 08:40:55.918  6477  6769 D XiaoaiDialogTranslationController_btplugin: isMiuiBtSupportGlasses result = true
03-23 08:40:55.920  6477  6769 D DeviceSupport: device info v2 length =140
03-23 08:40:55.920  6477  6769 D DeviceSupport: device info v2 has data, add to support id!140
03-23 08:40:55.921  6477  6769 D MultiFeatureManager: [checkSupport] check support in deviceinfoV2
03-23 08:40:55.921  6477  6769 D MultiFeatureManager: getDeviceInfoV2!!!
03-23 08:40:55.923  6477  6769 D XiaoaiDialogTranslationController_btplugin: isMiuiBtSupportGlasses result = true
03-23 08:40:55.924  1980  2320 E HwcComposer: getLuts failed Status(-129, EX_TRANSACTION_FAILED): 'UNKNOWN_TRANSACTION: '
03-23 08:40:55.926  6477  6769 D XiaoaiDialogTranslationController_btplugin: isMiuiBtSupportGlasses result = true
03-23 08:40:55.926 26141 26141 I RegionSamplingImageView: onRegionDarknessChanged, new = true, old = true
03-23 08:40:55.926 26141 26141 D HWUI    : DDRE Debug DrawPath: smoothCornerEnabled = true
03-23 08:40:55.927  6477  6769 D DeviceSupport: device info v2 length =140
03-23 08:40:55.927  6477  6769 D DeviceSupport: device info v2 has data, add to support id!140
03-23 08:40:55.929  6477  6769 D MiuiCloudParser: isGlasses deviceId= 0201030048
03-23 08:40:55.930  6477  6769 D plgin_MiuiCandidateDeviceManager: add the mAlternateHeadsets size = {00:BB:43:BC:EE:7D=wear state =true, audio switch state =true, audio state = 0, connected =true, address =BC:EE:7Drecent add time =1774226455930, mAccountkey = [B@c9eefb5, deviceId =0201030048}
03-23 08:40:55.930  6477  6769 D MiuiFastConnectStateMachine_Plugin: Scanning: MSG_BLE_SCAN_DEVICE
03-23 08:40:55.930  6477  6769 D MiuiFastConnectStateMachine_Plugin: dumpScanRecord Scanning getBytes: [1B,16,2D,FD,01,03,48,00,9A,07,5A,25,D1,82,1B,00,5A,FF,28,FE,9D,50,17,27,4E,50,01,00,02,01,1A,1B,FF,8F,03,16,01,1F,8E,2F,FF,5A,28,8B,47,40,BB,00,43,7D,EE,BC,FE,BB,00,43,CF,B7,E9,00,00,00,]
03-23 08:40:55.930  6477  6769 D MiuiFastConnectV2_Plugin: downloadAccountKey
03-23 08:40:55.930  6477  6769 D MiuiDataBaseUtils_Plugin: query BtData in datebase
03-23 08:40:55.930  6477  6769 D MiuiParseData_Plugin: getRecordFromUnsyncTable
03-23 08:40:55.930  6477  6769 E MiuiFastConnectV2_Plugin: eTag= 217318366503311104 syncId= AwQR5yaZFwEmac= 00:BB:43:BC:EE:7DaccountKey= 04AABFE27A79389A765CC944B55B1735
03-23 08:40:55.930  6477  6769 D MiuiFastConnectV2_Plugin: account key synced from cloud!
03-23 08:40:55.930  6477  6769 D MiuiFastConnectV2_Plugin: downloadAccountKey{00:BB:43:BC:EE:7D=04AABFE27A79389A765CC944B55B1735}
03-23 08:40:55.930  6477  6769 E MiuiFastConnectV2_Plugin: mac =00:BB:43:BC:EE:7D, accountKey =04AABFE27A79389A765CC944B55B1735
03-23 08:40:55.931  6477  6769 D MiuiFastConnectV2_Plugin: getScrambledAccountKey data=[1B,82,D1,25,5A,43,0A,F6,29,24,BC,21,F5,B0,4C,A8,F5,47,73,1E,]
03-23 08:40:55.931  6477  6769 I System.out: scrambledAccountKey: (byte)0x1B, (byte)0x82, (byte)0xD1, (byte)0x25, (byte)0x5A, 
03-23 08:40:55.931  6477  6769 D MiuiFastConnectStateMachine_Plugin: account strMac: 00:BB:43:BC:EE:7D
03-23 08:40:55.931  6477  6769 D MiuiFastConnectStateMachine_Plugin: scanCallback: data=[13,01,03,48,00,FE,5A,9A,07,8B,47,40,A1,C9,6E,9E,32,56,00,FF,28,00,00,00,], rssi: -55
03-23 08:40:55.931  6477  6769 D MiuiFastConnectStateMachine_Plugin: can't start activity rssi=-55, rssiThreshold=-54
03-23 08:40:55.931  6477  6769 D MiuiFastConnectStateMachine_Plugin: currentTime: 1774226455931, storedTime: 0
03-23 08:40:55.931  6477  6769 E MiuiFastConnectStateMachine_Plugin: Clear Current Device All Info, resetAdvNum:false
03-23 08:40:55.934 26141 26141 D HWUI    : DDRE Debug DrawPath: smoothCornerEnabled = true
03-23 08:40:55.942 26141 26141 D HWUI    : DDRE Debug DrawPath: smoothCornerEnabled = true
03-23 08:40:55.949  1754  2396 I vendor.qti.hardware.display.composer-service: Sensor: notify citsensorservice to trigger cwb, misForced = 0
03-23 08:40:55.949  3106  3787 I libsensor-parseRGB: request dump start for mRequestDisplayId 0
03-23 08:40:55.949  3106  3787 D vendor.xiaomi.sensor.citsensorservice.aidl: handle id:20 wxh:1536x3200 uwxuh:1440x3200 size: 14745600 fd:17 fd_meta:18 flags:0x228 usage:0x33  format:0x3 layer_count: 1 reserved_size = 0 custom_content_md_reserved_size = 0
03-23 08:40:55.950  1754  2304 D SDM     : HWCSession::PostBuffer: CWB config passed by cwb_client : tappoint 1  CWB_ROI : (768.000000 37.000000 1009.000000 278.000000)
03-23 08:40:55.951 26141 26141 D HWUI    : DDRE Debug DrawPath: smoothCornerEnabled = true
03-23 08:40:55.956  3106  3793 I libsensor-boledalgo: Write:the value of channelCali C:81.2,R:45.4,G:26.4,B:15.6,scales [1.024484,1.028844,1.055530,0.912332]
03-23 08:40:55.956  3106  3793 D libsensor-boledalgo: brightness:301,R:3099.7,G:3026.0,B:3026.0,EVENT C:3836.1,R:1708.3,G:1522.9,B:914.8, lux: 76.7, clone:2685
03-23 08:40:55.956  3106  3793 I libsensor-boledalgo: ##### the value of lux: 76.577469, cct: 7410.000000
03-23 08:40:55.957  3106  3793 I libsensor-qshcalapi: value of set_lux: 76.577469, set r: 7410.000000
03-23 08:40:55.958  2337  3485 I MiSensorServiceImpl: user found in check list, getPackageName  android.view.OrientationEventListener
03-23 08:40:55.958  2337  3485 I MiSensorServiceImpl: user found in check list, getPackageName  android.view.OrientationEventListener
03-23 08:40:55.958  2337  3485 I MiSensorServiceImpl: user found in check list, getPackageName  android.view.OrientationEventListener
03-23 08:40:55.958  2337  3485 I MiSensorServiceImpl: user found in check list, getPackageName  android.view.OrientationEventListener
03-23 08:40:55.958  2337  3485 I MiSensorServiceImpl: user found in check list, getPackageName  android.view.OrientationEventListener
03-23 08:40:55.958  2337  3485 I MiSensorServiceImpl: user found in check list, getPackageName  android.view.OrientationEventListener
03-23 08:40:55.958  2337  3485 I MiSensorServiceImpl: user found in check list, getPackageName  android.view.OrientationEventListener
03-23 08:40:55.958  2337  3485 I MiSensorServiceImpl: user found in check list, getPackageName  android.view.OrientationEventListener
03-23 08:40:55.958  2337  3485 I MiSensorServiceImpl: user found in check list, getPackageName  android.view.OrientationEventListener
03-23 08:40:55.958  2337  3485 I MiSensorServiceImpl: user found in check list, getPackageName  android.view.OrientationEventListener
03-23 08:40:55.958  2337  3485 I MiSensorServiceImpl: user found in check list, getPackageName  android.view.OrientationEventListener
03-23 08:40:55.958  2337  3485 I MiSensorServiceImpl: user found in check list, getPackageName  android.view.OrientationEventListener
03-23 08:40:55.958  2337  3485 I MiSensorServiceImpl: user found in check list, getPackageName  android.view.OrientationEventListener
03-23 08:40:55.958  2337  3485 I MiSensorServiceImpl: user found in check list, getPackageName  android.view.OrientationEventListener
03-23 08:40:55.958  2337  3485 I MiSensorServiceImpl: user found in check list, getPackageName  android.view.OrientationEventListener
03-23 08:40:55.958  2337  3485 I MiSensorServiceImpl: user found in check list, getPackageName  android.view.OrientationEventListener
03-23 08:40:55.958  2337  3485 I MiSensorServiceImpl: user found in check list, getPackageName  android.view.OrientationEventListener
03-23 08:40:55.958  2337  3485 I MiSensorServiceImpl: user found in check list, getPackageName  android.view.OrientationEventListener
03-23 08:40:55.958  2337  3485 I MiSensorServiceImpl: user found in check list, getPackageName  android.view.OrientationEventListener
03-23 08:40:55.958  2337  3485 I MiSensorServiceImpl: user found in check list, getPackageName  android.view.OrientationEventListener
03-23 08:40:55.958  2337  3485 I MiSensorServiceImpl: user found in check list, getPackageName  android.view.OrientationEventListener
03-23 08:40:55.958  2337  3485 I MiSensorServiceImpl: user found in check list, getPackageName  android.view.OrientationEventListener
03-23 08:40:55.958  1836  4616 D SRE     : sensorCallback mDisplayId = 0 dataCallback value=<  76.6250,   0.0000,   0.0000>,time=63096987116546, sensor=5, temperature(K)=   0.0000
03-23 08:40:55.965  2337  3485 I MiSensorServiceImpl: user found in check list, getPackageName  android.view.OrientationEventListener
03-23 08:40:55.965  2337  3485 I MiSensorServiceImpl: user found in check list, getPackageName  android.view.OrientationEventListener
03-23 08:40:55.965  1754  1897 D SDM     : HWDeviceDRM::SetupConcurrentWriteback: Tear down the Concurrent Writeback topology
03-23 08:40:55.974  1754 16722 D SDM     : CompManager::NotifyCwbDone: display 0 notify cwb callback, status = 0
03-23 08:40:55.974  1754  4749 D SDM     : HWCSession::NotifyCWBStatus: Notify the client about buffer status 0.
03-23 08:40:55.974  3106 30376 E libsensor-parseRGB: CWB NotifyCWBBufferDone  error 0
03-23 08:40:55.974  1754  4749 D SDM     : HWCSession::ProcessCWBStatus: CWB queue is empty. Display: 0
03-23 08:40:55.977 26698 26842 E Scene   : Daemon [onConnectFail]
03-23 08:40:55.981  2337  3829 I MiuiNetworkPolicy: updateUidState uid = 10129, uidState = 3
03-23 08:40:55.982  6183  6203 I FontLog : (REDACTED) Received query %s, URI %s
03-23 08:40:55.983  6183  6203 I FontLog : (REDACTED) Query [%s] resolved to %s
03-23 08:40:55.983 10266 11407 V OsAgent : broadcastSystemEvent - 7
03-23 08:40:55.983  6183  6203 I FontLog : (REDACTED) Fetch %s end status %s
03-23 08:40:55.988  6183 13817 I FontLog : (REDACTED) Pulling font file for id = %d, cache size = %d
03-23 08:40:55.992  6183 18204 I FontLog : (REDACTED) Pulling font file for id = %d, cache size = %d
03-23 08:40:56.028  5022  5614 D JavaheapMonitor: Java heap used=5M max=256M, proc: com.android.bluetooth
03-23 08:40:56.028  5022  5614 V JavaheapMonitor: Check java heap usage finished! Next check delay: 300000
03-23 08:40:56.067  2337  3485 I MiSensorServiceImpl: user found in check list, getPackageName  android.view.OrientationEventListener
03-23 08:40:56.067  2337  3485 I MiSensorServiceImpl: user found in check list, getPackageName  android.view.OrientationEventListener
03-23 08:40:56.068  2337  3485 I MiSensorServiceImpl: user found in check list, getPackageName  android.view.OrientationEventListener
03-23 08:40:56.068  2337  3485 I MiSensorServiceImpl: user found in check list, getPackageName  android.view.OrientationEventListener
03-23 08:40:56.068  2337  3485 I MiSensorServiceImpl: user found in check list, getPackageName  android.view.OrientationEventListener
03-23 08:40:56.068  2337  3485 I MiSensorServiceImpl: user found in check list, getPackageName  android.view.OrientationEventListener
03-23 08:40:56.087 26141 26141 I DockWindowManager: showSidebar: isSidebarAdded: true DockWindowManager = D4.n@6d71abb
03-23 08:40:56.088 26141 26141 I DockWindowManager: hideOrShowSidebarWithAnimation: isShow = true caller = showSidebar
03-23 08:40:56.092 26141 26141 D HWUI    : DDRE Debug DrawPath: smoothCornerEnabled = true
03-23 08:40:56.096  1667  5669 D vendor.qti.bluetooth@1.1-wake_lock: Release wakelock is released 
03-23 08:40:56.098  2337  4597 D Aurogon :  onForegroundActivitiesChanged packageName = com.miui.home
03-23 08:40:56.107  2337  5007 W ActivityManagerServiceImpl: Sending non-protected broadcast com.modemenhance.ACTION_MODEMWIFI_RSSI_POLL from system 5358:com.android.phone/1001 pkg com.android.phone. Callers=
03-23 08:40:56.108  2337  2527 D BroadcastQueue: Logging broadcast for com.android.phone, stopped=false, firstLaunch=false
03-23 08:40:56.110  5358  5358 D SlaveWifiManager: getWifiSlaveConnectionInfo
03-23 08:40:56.124  1980  2320 E HwcComposer: getLuts failed Status(-129, EX_TRANSACTION_FAILED): 'UNKNOWN_TRANSACTION: '
03-23 08:40:56.151  2337  2486 I system_server: This is non sticky GC, maxfree is 33554432 minfree is 8388608
03-23 08:40:56.151  2337  2486 I system_server: Background concurrent copying GC freed 95MB AllocSpace bytes, 90(2644KB) LOS objects, 41% free, 133MB/229MB, paused 52us,122us total 358.214ms
03-23 08:40:56.158  3106  3793 I libsensor-boledalgo: Write:the value of channelCali C:47.5,R:26.5,G:15.2,B:9.2,scales [1.024484,1.028844,1.055530,0.912332]
03-23 08:40:56.158  3106  3793 D libsensor-boledalgo: brightness:301,R:2007.9,G:1949.8,B:1949.8,EVENT C:3821.8,R:1698.4,G:1519.9,B:916.3, lux: 77.0, clone:1735
03-23 08:40:56.159  2337  2487 I BpBinder: onLastStrongRef automatically unlinking death recipients: 
03-23 08:40:56.159  2337  2487 I BpBinder: onLastStrongRef automatically unlinking death recipients: 
03-23 08:40:56.161  2337  2487 I BpBinder: onLastStrongRef automatically unlinking death recipients: 
03-23 08:40:56.164  2337  2487 I BpBinder: onLastStrongRef automatically unlinking death recipients: 
03-23 08:40:56.165  2337  2487 I BpBinder: onLastStrongRef automatically unlinking death recipients: 
03-23 08:40:56.168  2337  2487 I BpBinder: onLastStrongRef automatically unlinking death recipients: 
03-23 08:40:56.178  1754  1897 I SDM     : DisplayBase::CommitThread: Received idle timeout, panel: cmd, timeout: 70000 us
03-23 08:40:56.182  1754  2396 I vendor.qti.hardware.display.composer-service: Sensor: notify citsensorservice to trigger cwb, misForced = 0
03-23 08:40:56.183  3106  3787 I libsensor-parseRGB: request dump start for mRequestDisplayId 0
