03-23 08:42:10.386 26141 26141 D HWUI    : DDRE Debug DrawPath: smoothCornerEnabled = true
03-23 08:42:10.386 26931 27099 D EventBus: No subscribers registered for event class ud.h
03-23 08:42:10.386 10324 10324 D LauncherOverlay.Window: onStop
03-23 08:42:10.386  2337  2510 D WallpaperWindowTokenImpl: setVisibility for WallpaperWindowToken{88446c1 showWhenLocked=true} isVisible=false mLastSurfaceShowing=false mEnforceApplyVisibility=true
03-23 08:42:10.386  2337  2507 D Aurogon :  uid = 10144 switch to BG
03-23 08:42:10.386  2337  2507 I Location.SSRU: foregroundActivities IS falseUID ID 10144, home is true
03-23 08:42:10.387  2337  2510 D WindowManager: New lock/shared screen wallpaper: Window{dab620 u0 com.miui.miwallpaper.wallpaperservice.ImageWallpaper}, prev: null
03-23 08:42:10.387  2337  2510 I WallpaperControllerImpl: updateWallpaperTokens requestedVisibility=false on keyguardLocked=false topWallpaper=Window{dab620 u0 com.miui.miwallpaper.wallpaperservice.ImageWallpaper}
03-23 08:42:10.387  2337  2510 D WindowManager: Wallpaper target=null prev=null
03-23 08:42:10.387  2337  2510 D BarFollowAnimation: pairAppearanceRegionAndWin win=Window{a3bd8c3 u0 com.applist.test/com.applist.test.MainActivity} 0
03-23 08:42:10.387  2337  2510 D BarFollowAnimation: isAppTaskBarOnTop win:Window{a3bd8c3 u0 com.applist.test/com.applist.test.MainActivity} (mCurrentTopTask:Task{f9fe425 #1507 type=standard A=10433:com.applist.test} : true); (mAssociatedTask:Task{f9fe425 #1507 type=standard A=10433:com.applist.test} : true); (mHomeTask:Task{8b0ad35 #1 type=home} : false); mReparentToOriginParent:false mLastAppBarVisible:true mLastHomeBarVisible:false
03-23 08:42:10.388  2337  2510 D MiuiRefreshRatePolicy: reset
03-23 08:42:10.388 26931 26931 D AppLifecycleObserver: onReceive: com.miui.home BACKGROUND
03-23 08:42:10.389  2337  3829 I MiuiNetworkPolicyTrafficLimit: updateWhiteListUidForMobileTraffic uid=10286,add=false
03-23 08:42:10.389  2337  3829 I MiuiNetworkPolicy: updateUidState uid = 10188, uidState = 5
03-23 08:42:10.390 26931 26931 D PkgUtils: getApplicationInfo packageName:com.miui.home, flags:128 applicationInfo:ApplicationInfo{51e679c com.miui.home} needSecondSpace:false
03-23 08:42:10.390 26141 26141 D HWUI    : DDRE Debug DrawPath: smoothCornerEnabled = true
03-23 08:42:10.391  2337  3829 I MiuiNetworkPolicyTrafficLimit: updateWhiteListUidForMobileTraffic uid=10188,add=false
03-23 08:42:10.391  2337  3829 I MiuiNetworkPolicy: updateUidState uid = 10163, uidState = 4
03-23 08:42:10.391  2337  3829 I MiuiNetworkPolicy: updateUidState uid = 10145, uidState = 4
03-23 08:42:10.391  2337  3829 I MiuiNetworkPolicy: updateUidState uid = 10144, uidState = 5
03-23 08:42:10.392  2337  3829 I MiuiNetworkPolicyTrafficLimit: updateWhiteListUidForMobileTraffic uid=10144,add=false
03-23 08:42:10.392  2337  3829 I MiuiNetworkPolicy: updateUidState uid = 10135, uidState = 5
03-23 08:42:10.393  2337  3829 I MiuiNetworkPolicyTrafficLimit: updateWhiteListUidForMobileTraffic uid=10135,add=false
03-23 08:42:10.393  2337  3829 I MiuiNetworkPolicy: updateUidState uid = 10134, uidState = 5
03-23 08:42:10.393  2337  3829 I MiuiNetworkPolicyTrafficLimit: updateWhiteListUidForMobileTraffic uid=10134,add=false
03-23 08:42:10.394  2337  3829 D MiuiNetworkPolicyTrafficLimit: updateWhiteListUidForMobileTraffic rst=true
03-23 08:42:10.394  2337  3829 D MiuiNetworkPolicyTrafficLimit: updateWhiteListUidForMobileTraffic rst=true
03-23 08:42:10.394  2337  2510 D WallpaperWindowTokenImpl: setVisibility for WallpaperWindowToken{88446c1 showWhenLocked=true} isVisible=false mLastSurfaceShowing=false mEnforceApplyVisibility=true
03-23 08:42:10.394  2337  3829 D MiuiNetworkPolicyTrafficLimit: updateWhiteListUidForMobileTraffic rst=true
03-23 08:42:10.395  2337  3829 D MiuiNetworkPolicyTrafficLimit: updateWhiteListUidForMobileTraffic rst=true
03-23 08:42:10.396  2337  3829 D MiuiNetworkPolicyTrafficLimit: updateWhiteListUidForMobileTraffic rst=true
03-23 08:42:10.396  2337  3829 D MiuiNetworkPolicyTrafficLimit: updateWhiteListUidForMobileTraffic rst=true
03-23 08:42:10.398 26141 26141 D HWUI    : DDRE Debug DrawPath: smoothCornerEnabled = true
03-23 08:42:10.406 26141 26141 D HWUI    : DDRE Debug DrawPath: smoothCornerEnabled = true
03-23 08:42:10.414 26141 26141 D HWUI    : DDRE Debug DrawPath: smoothCornerEnabled = true
03-23 08:42:10.415  1980  2320 E HwcComposer: getLuts failed Status(-129, EX_TRANSACTION_FAILED): 'UNKNOWN_TRANSACTION: '
03-23 08:42:10.422 26141 26141 D HWUI    : DDRE Debug DrawPath: smoothCornerEnabled = true
03-23 08:42:10.425  4751  4751 W FrameTracker: Missed App frame:JANK_APPLICATION, 54444995, 34962075, CUJ=J<LAUNCHER_APP_LAUNCH_FROM_ICON>
03-23 08:42:10.431 26141 26141 D HWUI    : DDRE Debug DrawPath: smoothCornerEnabled = true
03-23 08:42:10.436  5358  6047 E PhoneAdapter: get ntnphones failed, exception: java.lang.IllegalStateException: not support satellite!
03-23 08:42:10.437  1754  2396 I vendor.qti.hardware.display.composer-service: Sensor: notify citsensorservice to trigger cwb, misForced = 0
03-23 08:42:10.437  3106  3787 I libsensor-parseRGB: request dump start for mRequestDisplayId 0
03-23 08:42:10.437  3106  3787 D vendor.xiaomi.sensor.citsensorservice.aidl: handle id:20 wxh:1536x3200 uwxuh:1440x3200 size: 14745600 fd:17 fd_meta:18 flags:0x228 usage:0x33  format:0x3 layer_count: 1 reserved_size = 0 custom_content_md_reserved_size = 0
03-23 08:42:10.438  1754  2303 D SDM     : HWCSession::PostBuffer: CWB config passed by cwb_client : tappoint 1  CWB_ROI : (768.000000 37.000000 1009.000000 278.000000)
03-23 08:42:10.439 26141 26141 D HWUI    : DDRE Debug DrawPath: smoothCornerEnabled = true
03-23 08:42:10.453  1754  1897 D SDM     : HWDeviceDRM::SetupConcurrentWriteback: Tear down the Concurrent Writeback topology
03-23 08:42:10.462  1754 16722 D SDM     : CompManager::NotifyCwbDone: display 0 notify cwb callback, status = 0
03-23 08:42:10.462  1754  4749 D SDM     : HWCSession::NotifyCWBStatus: Notify the client about buffer status 0.
03-23 08:42:10.462  1754  4749 D SDM     : HWCSession::ProcessCWBStatus: CWB queue is empty. Display: 0
03-23 08:42:10.462  3106  4799 E libsensor-parseRGB: CWB NotifyCWBBufferDone  error 0
03-23 08:42:10.470 26698 12060 E Scene   : Daemon [onConnectFail]
03-23 08:42:10.557  3106  3793 I libsensor-boledalgo: Write:the value of channelCali C:47.5,R:26.6,G:15.3,B:9.2,scales [1.024484,1.028844,1.055530,0.912332]
03-23 08:42:10.557  3106  3793 D libsensor-boledalgo: brightness:301,R:1989.6,G:1931.6,B:1931.6,EVENT C:3716.9,R:1654.5,G:1466.3,B:884.7, lux: 74.5, clone:1718
03-23 08:42:10.572 26141 26141 I DockWindowManager: showSidebar: isSidebarAdded: true DockWindowManager = D4.n@6d71abb
03-23 08:42:10.572 26141 26141 I DockWindowManager: hideOrShowSidebarWithAnimation: isShow = true caller = showSidebar
03-23 08:42:10.580 26141 26141 D HWUI    : DDRE Debug DrawPath: smoothCornerEnabled = true
03-23 08:42:10.586  2337  4597 D Aurogon :  onForegroundActivitiesChanged packageName = com.miui.home
03-23 08:42:10.615  1980  2320 E HwcComposer: getLuts failed Status(-129, EX_TRANSACTION_FAILED): 'UNKNOWN_TRANSACTION: '
03-23 08:42:10.665  1754  1897 I SDM     : DisplayBase::CommitThread: Received idle timeout, panel: cmd, timeout: 70000 us
03-23 08:42:10.712  1776  8431 E ANDR-PERF-LM: VmRssMeter:: start() 359: Could not find pid, can not collect vmrss data
03-23 08:42:10.712  1776  8432 E ANDR-PERF-LM: VmRssMeter:: start() 359: Could not find pid, can not collect vmrss data
03-23 08:42:10.713  1776  8432 E ANDR-PERF-LM: AdaptiveLaunch: writeToDataBase() 64: Meter aborted or could not get meter data for this run
03-23 08:42:10.713  2337  4656 D PerfStubImpl: perfLockReleaseHandler: 0
03-23 08:42:10.713  2337  4656 D QcomSchedBoost: stopBoostInternal
03-23 08:42:10.715  2337  4656 D SchedBoost: thread tid=4751, priority is set to 0
03-23 08:42:10.715  2337  4656 D PerfStubImpl: perfLockReleaseHandler: 0
03-23 08:42:10.715  2337  4656 D QcomSchedBoost: stopBoostInternal
03-23 08:42:10.715  2337  4656 D SchedBoost: thread tid=5683, priority is set to -4
03-23 08:42:10.715  2337  4656 D PerfStubImpl: perfLockReleaseHandler: 0
03-23 08:42:10.715  2337  4656 D QcomSchedBoost: stopBoostInternal
03-23 08:42:10.715  2337  4656 D SchedBoost: thread tid=5759, priority is set to 0
03-23 08:42:10.737  2337  3934 D NetworkMetricsTracker: handleMessage:4
03-23 08:42:10.739  5358  6165 D HighSpeedTrainModeController: msg.what = 7
03-23 08:42:10.745  1754  2396 I vendor.qti.hardware.display.composer-service: Sensor: notify citsensorservice to trigger cwb, misForced = 1
03-23 08:42:10.745  3106  3787 I libsensor-parseRGB: request dump start for mRequestDisplayId 0
03-23 08:42:10.745  3106  3787 D vendor.xiaomi.sensor.citsensorservice.aidl: handle id:20 wxh:1536x3200 uwxuh:1440x3200 size: 14745600 fd:17 fd_meta:18 flags:0x228 usage:0x33  format:0x3 layer_count: 1 reserved_size = 0 custom_content_md_reserved_size = 0
03-23 08:42:10.746  1754  2303 D SDM     : HWCSession::PostBuffer: CWB config passed by cwb_client : tappoint 1  CWB_ROI : (768.000000 37.000000 1009.000000 278.000000)
03-23 08:42:10.756  5421  5421 D FocusPlugin: plugin onNotificationPosted: 0|com.omarea.vtools|256|null|10340 com.omarea.vtools
03-23 08:42:10.756  5421  5421 D FocusPlugin: 0|com.omarea.vtools|256|null|10340 is not focus notification, isMedia: false
03-23 08:42:10.756  5421  5421 D AlarmScheduler-fold: addAlarm, key=0|com.omarea.vtools|256|null|10340, triggerTime=84771786
03-23 08:42:10.756  5421  5722 D AlarmScheduler-fold: cancelCurrentAlarm, key=0|com.omarea.vtools|256|null|10340, intent=118244116
03-23 08:42:10.756  5421  5722 D AlarmScheduler-fold: scheduleNextAlarm
03-23 08:42:10.756  5421  5421 D AlarmScheduler-TIMEOUT: addAlarm, key=0|com.omarea.vtools|256|null|10340, triggerTime=322371786
03-23 08:42:10.756  5421  5421 D MiuiBubbleManager: onEntryUpdated: com.android.systemui.statusbar.notification.collection.NotificationEntry@a5efdb3 App
03-23 08:42:10.757  5421  5421 I MiuiBubbleSettings: com.omarea.vtools 0isAppEnableBubbleNotification: false
03-23 08:42:10.758  5421  5722 D AlarmScheduler-fold: scheduleNextAlarm, key=0|com.omarea.vtools|256|null|10340, triggerTime=84771786, intent=118244116
03-23 08:42:10.758  5421  5722 D AlarmScheduler-fold: setExactAlarm, key=0|com.omarea.vtools|256|null|10340, triggerTime=84771786, intent=118244116
03-23 08:42:10.758 10586 10801 D IdProviderImpl: getOAID from com.miui.analytics
03-23 08:42:10.758  2337  6135 E AlarmManager: not align this alarm: Alarm{951b9cc type 2 origWhen 84771786 whenElapsed 84771786 com.android.systemui}, reason=0
03-23 08:42:10.759  3106  3793 I libsensor-boledalgo: Write:the value of channelCali C:47.5,R:26.6,G:15.3,B:9.2,scales [1.024484,1.028844,1.055530,0.912332]
03-23 08:42:10.759  3106  3793 D libsensor-boledalgo: brightness:301,R:1989.6,G:1931.6,B:1931.6,EVENT C:3690.5,R:1639.2,G:1455.4,B:875.6, lux: 74.1, clone:1718
03-23 08:42:10.765  5421  5421 D NotificationRowContentBinderInjectorImpl: changeToFullAodContext: not need change full aod style
03-23 08:42:10.770  1754 16722 D SDM     : CompManager::NotifyCwbDone: display 0 notify cwb callback, status = 0
03-23 08:42:10.770  1754  4749 D SDM     : HWCSession::NotifyCWBStatus: Notify the client about buffer status 0.
03-23 08:42:10.771 26698 12060 E Scene   : Daemon [onConnectFail]
03-23 08:42:10.771  3106  3106 E libsensor-parseRGB: CWB NotifyCWBBufferDone  error 0
03-23 08:42:10.771  1754  4749 D SDM     : HWCSession::ProcessCWBStatus: CWB queue is empty. Display: 0
03-23 08:42:10.772  5421  5421 D NotificationHeaderExpandController: onExpansionChanged: progress =  0.0
03-23 08:42:10.771  1980  1980 W binder:1980_5: type=1400 audit(0.0:700796): avc:  denied  { search } for  name="mcd" dev="dm-53" ino=814 scontext=u:r:surfaceflinger:s0 tcontext=u:object_r:mcd_data_file:s0 tclass=dir permissive=0
03-23 08:42:10.771  1980  1980 W binder:1980_5: type=1400 audit(0.0:700797): avc:  denied  { search } for  name="mcd" dev="dm-53" ino=814 scontext=u:r:surfaceflinger:s0 tcontext=u:object_r:mcd_data_file:s0 tclass=dir permissive=0
03-23 08:42:10.782  5421  5421 D AlertCoordinator: onViewBound, buzzBeep for 0|com.omarea.vtools|256|null|10340
03-23 08:42:10.785  1980  1980 D RefreshRateSelector: Touch Boost
03-23 08:42:10.786  1754  1897 D SDM     : HWDeviceDRM::SetupConcurrentWriteback: Tear down the Concurrent Writeback topology
03-23 08:42:10.803  2337  4602 D InetDiagMessage: Destroyed 0 sockets, proto=IPPROTO_TCP, family=AF_INET, states=14
03-23 08:42:10.804  2337  4602 D InetDiagMessage: Destroyed 0 sockets, proto=IPPROTO_TCP, family=AF_INET6, states=14
03-23 08:42:10.804  2337  4602 D InetDiagMessage: Destroyed live tcp sockets for uids={10364} in 1ms
03-23 08:42:10.804  2337  4602 D ActionExecute: frozen uid = 10364 reason=check binder
03-23 08:42:10.805  2337  4602 D ExternalInterface: setUidState, uid = 10364 allow = false
03-23 08:42:10.806  2337  4602 D MiSensorServiceImpl: PowerKeeperSensor stop iUid:10364 but app has Controlled
03-23 08:42:10.815  1980  2320 E HwcComposer: getLuts failed Status(-129, EX_TRANSACTION_FAILED): 'UNKNOWN_TRANSACTION: '
03-23 08:42:10.956  3106  3793 I libsensor-boledalgo: Write:the value of channelCali C:47.6,R:26.6,G:15.3,B:9.2,scales [1.024484,1.028844,1.055530,0.912332]
03-23 08:42:10.956  3106  3793 D libsensor-boledalgo: brightness:301,R:1991.4,G:1933.3,B:1933.3,EVENT C:3682.1,R:1635.0,G:1453.1,B:877.9, lux: 73.8, clone:1720
03-23 08:42:10.956  3106  3793 I libsensor-boledalgo: Write:the value of channelCali C:47.6,R:26.6,G:15.3,B:9.2,scales [1.024484,1.028844,1.055530,0.912332]
03-23 08:42:10.956  3106  3793 D libsensor-boledalgo: brightness:301,R:1991.4,G:1933.3,B:1933.3,EVENT C:3684.1,R:1633.4,G:1451.8,B:871.5, lux: 74.0, clone:1720
03-23 08:42:10.957  3106  3793 I libsensor-boledalgo: Write:the value of channelCali C:47.6,R:26.6,G:15.3,B:9.2,scales [1.024484,1.028844,1.055530,0.912332]
03-23 08:42:10.957  3106  3793 D libsensor-boledalgo: brightness:301,R:1991.4,G:1933.3,B:1933.3,EVENT C:3679.4,R:1631.5,G:1448.7,B:874.1, lux: 73.7, clone:1720
03-23 08:42:10.957  3106  3793 I libsensor-boledalgo: Write:the value of channelCali C:47.6,R:26.6,G:15.3,B:9.2,scales [1.024484,1.028844,1.055530,0.912332]
03-23 08:42:10.957  3106  3793 D libsensor-boledalgo: brightness:301,R:1991.4,G:1933.3,B:1933.3,EVENT C:3664.1,R:1631.5,G:1441.6,B:870.8, lux: 73.3, clone:1720
03-23 08:42:10.957  3106  3793 I libsensor-boledalgo: Write:the value of channelCali C:47.6,R:26.6,G:15.3,B:9.2,scales [1.024484,1.028844,1.055530,0.912332]
03-23 08:42:10.957  3106  3793 D libsensor-boledalgo: brightness:301,R:1991.4,G:1933.3,B:1933.3,EVENT C:3665.6,R:1629.0,G:1446.7,B:869.0, lux: 73.6, clone:1720
03-23 08:42:10.961  1754  2396 I vendor.qti.hardware.display.composer-service: Sensor: notify citsensorservice to trigger cwb, misForced = 0
03-23 08:42:10.961  3106  3787 I libsensor-parseRGB: request dump start for mRequestDisplayId 0
03-23 08:42:10.961  3106  3787 D vendor.xiaomi.sensor.citsensorservice.aidl: handle id:20 wxh:1536x3200 uwxuh:1440x3200 size: 14745600 fd:17 fd_meta:18 flags:0x228 usage:0x33  format:0x3 layer_count: 1 reserved_size = 0 custom_content_md_reserved_size = 0
03-23 08:42:10.961  1754  2303 D SDM     : HWCSession::PostBuffer: CWB config passed by cwb_client : tappoint 1  CWB_ROI : (768.000000 37.000000 1009.000000 278.000000)
03-23 08:42:10.964  2337  6346 I NetworkAccelerateSwitchService: EVENT_RSSI_POLL. mRssiPoll=true
03-23 08:42:10.964  2337  6346 I NetworkAccelerateSwitchService: checkWifiRssiAndLinkSpeed rssi:28
03-23 08:42:10.964  2337  6346 I NetworkAccelerateSwitchService: checkWifiRssiAndLinkSpeed mWifiFastFade:false mWifiFastFadeAdjustThreshold:false
03-23 08:42:10.964  2337  6346 I NetworkAccelerateSwitchService: getAverageWifiRssi:28
03-23 08:42:10.964  2337  6346 D NetworkAccelerateSwitchService: checkIntervalModeChange mMovementState:false mIntervalMode:0 mIsBadLinkLayerQoE:false mBadLinkLayerQoETimes = 0
03-23 08:42:10.978  1754  1897 D SDM     : HWDeviceDRM::SetupConcurrentWriteback: Tear down the Concurrent Writeback topology
03-23 08:42:10.986  1754 16722 D SDM     : CompManager::NotifyCwbDone: display 0 notify cwb callback, status = 0
03-23 08:42:10.987  1754  4749 D SDM     : HWCSession::NotifyCWBStatus: Notify the client about buffer status 0.
03-23 08:42:10.987  3106  4799 E libsensor-parseRGB: CWB NotifyCWBBufferDone  error 0
03-23 08:42:10.987  1754  4749 D SDM     : HWCSession::ProcessCWBStatus: CWB queue is empty. Display: 0
03-23 08:42:11.015  1980  2320 E HwcComposer: getLuts failed Status(-129, EX_TRANSACTION_FAILED): 'UNKNOWN_TRANSACTION: '
03-23 08:42:11.072 26698 13433 E Scene   : Daemon [onConnectFail]
03-23 08:42:11.122  2337 11912 D PreStartingCapture: Remove bitmap after load, pkg: com.applist.test  mBitmapDrawableCache: {}
03-23 08:42:11.138  2337  4602 D GreezeManager: Uid 10433 was show on screen, skip it
03-23 08:42:11.138  2337  4602 D PolicyMaker: uid =10433 pkg=com.applist.test reason=VISIBLE_APP
03-23 08:42:11.152  1908  1962 I [THP-ALG]: alg_input_report:Touch Down: id: 0
03-23 08:42:11.152  2337  3694 I MIUIInput: [MotionEvent] notifyMotion - eventTime=44697827232000, deviceId=7, source=0x1002, policyFlags=0x0, action=0x0, flags=0x0, downTime=44697827232000
03-23 08:42:11.153  2337  3693 I MIUIInput: [MotionEvent] publisher action=0x0, deviceId=7, 44697827, channel 'a3bd8c3 com.applist.test/com.applist.test.MainActivity'
03-23 08:42:11.153  2337  3693 I MIUIInput: [MotionEvent] publisher action=0x0, deviceId=7, 44697827, channel '[Gesture Monitor] WMShell'
03-23 08:42:11.153  2337  3693 I MIUIInput: [MotionEvent] publisher action=0x0, deviceId=7, 44697827, channel '[Gesture Monitor] miui-gesture'
03-23 08:42:11.153  5421  5594 D MiuiFreeformModeGestureHandler: start handle MotionEvents:(214.5,456.75)
03-23 08:42:11.153  5421  5594 D MiuiFreeformModeGestureHandler: handleMotionEvents mActiveMiuiFreeformTask null x: 214.5 y: 456.75 current miuiFreeformModeTaskInfo: 
03-23 08:42:11.153  5421  5594 D MultiTaskingTaskRepository: getTopFullscreenTaskInfo: taskId=1507 windowingMode=1 isVisible=true isTopActivityTransparent=false
03-23 08:42:11.154  2337  2509 I MiuiSplitInputMethodImpl: Skip onPointerDownOutsideFocusLocked
03-23 08:42:11.154  2337  2509 I MiuiSplitInputMethodImpl: Skip onPointerDownOutsideFocusLocked
03-23 08:42:11.154  2337  4656 I ProcessManager: getRenderThreadTidByPid, caller=2337
03-23 08:42:11.154  2337  2509 I MiuiSplitInputMethodImpl: Skip onPointerDownOutsideFocusLocked
03-23 08:42:11.154  5421  5594 D MiuiDecorationRootViewHost: isTouchedInTopCaption: taskId = 1507, tempViewHost = null
03-23 08:42:11.154  5421  5594 D MiuiDecorationDot: isTouchedInTopCaption: taskId = 1507, mMulWinSwitchVIewHost is not ready for layout
03-23 08:42:11.154  5421  5594 D MulWinSwitchEventHandler: dispatchToFullOrSplitDecorationDot: touchedTaskId=-1
03-23 08:42:11.154  5421  5594 D MulWinSwitchEventHandler: handleReceivedMotionEvent: mTouchedBottomTaskId=-1
03-23 08:42:11.153 26141 26141 I SidebarCoverView: onTouch : 4
03-23 08:42:11.156  3106  3793 I libsensor-boledalgo: Write:the value of channelCali C:47.6,R:26.6,G:15.3,B:9.2,scales [1.024484,1.028844,1.055530,0.912332]
03-23 08:42:11.156  3106  3793 D libsensor-boledalgo: brightness:301,R:1991.4,G:1933.3,B:1933.3,EVENT C:3646.1,R:1615.0,G:1437.6,B:863.4, lux: 73.2, clone:1720
03-23 08:42:11.157 24953 24953 I MIUIInput: [MotionEvent] ViewRootImpl windowName 'com.applist.test/com.applist.test.MainActivity', { action=ACTION_DOWN, id[0]=0, pointerCount=1, eventTime=44697827, downTime=44697827, phoneEventTime=08:42:11.153 } moveCount:0
03-23 08:42:11.158 26931 26931 D EventBus: No subscribers registered for event class com.xiaomi.xms.event.msg.SystemTouchMsg
03-23 08:42:11.158 26931 26931 D EventBus: No subscribers registered for event class ud.h
03-23 08:42:11.159 24953 24953 D VRI[MainActivity]: getMiuiFreeformStackInfo mTmpFrames.miuiFreeFormStackInfo: null
03-23 08:42:11.165  1754  1897 I SDM     : DisplayBase::CommitThread: Received idle timeout, panel: cmd, timeout: 70000 us
03-23 08:42:11.166  4751  4751 I TransitionCallback: clear leash = Surface(name=TL_Surface(name=Task=1507#34492)/@0x680a722_transition-leash#34505)/@0x1b2cb5d, key = ComponentInfo{com.applist.test/com.applist.test.MainActivity}#1507
03-23 08:42:11.166  4751  4751 I TransitionCallback: clear leash = Surface(name=TL_Surface(name=Task=1#51)/@0x6514ae9_transition-leash#34506)/@0xa051cd2, key = ComponentInfo{com.miui.home/com.miui.home.launcher.Launcher}#1
03-23 08:42:11.166  4751  4751 I TransitionCallback: clear leash = Surface(name=TL_Surface(name=WallpaperWindowToken{88446c1 showWhenLocked=false}#55)/@0x5463a9c_transition-leash#34508)/@0xf6171a3, key = wallpaper
03-23 08:42:11.163  1980  1980 W binder:1980_2: type=1400 audit(0.0:700798): avc:  denied  { search } for  name="mcd" dev="dm-53" ino=814 scontext=u:r:surfaceflinger:s0 tcontext=u:object_r:mcd_data_file:s0 tclass=dir permissive=0
03-23 08:42:11.170  1754  2396 I vendor.qti.hardware.display.composer-service: Sensor: notify citsensorservice to trigger cwb, misForced = 0
03-23 08:42:11.170  3106  3787 I libsensor-parseRGB: request dump start for mRequestDisplayId 0
03-23 08:42:11.170  3106  3787 D vendor.xiaomi.sensor.citsensorservice.aidl: handle id:20 wxh:1536x3200 uwxuh:1440x3200 size: 14745600 fd:17 fd_meta:18 flags:0x228 usage:0x33  format:0x3 layer_count: 1 reserved_size = 0 custom_content_md_reserved_size = 0
03-23 08:42:11.170  1754  2303 D SDM     : HWCSession::PostBuffer: CWB config passed by cwb_client : tappoint 1  CWB_ROI : (768.000000 37.000000 1009.000000 278.000000)
03-23 08:42:11.186  1754  1897 D SDM     : HWDeviceDRM::SetupConcurrentWriteback: Tear down the Concurrent Writeback topology
03-23 08:42:11.195  1754 16722 D SDM     : CompManager::NotifyCwbDone: display 0 notify cwb callback, status = 0
03-23 08:42:11.195  1754  4749 D SDM     : HWCSession::NotifyCWBStatus: Notify the client about buffer status 0.
03-23 08:42:11.196  3106  3106 E libsensor-parseRGB: CWB NotifyCWBBufferDone  error 0
03-23 08:42:11.197  1754  4749 D SDM     : HWCSession::ProcessCWBStatus: CWB queue is empty. Display: 0
03-23 08:42:11.220  1980  2320 E HwcComposer: getLuts failed Status(-129, EX_TRANSACTION_FAILED): 'UNKNOWN_TRANSACTION: '
03-23 08:42:11.239  2337  3694 I MIUIInput: [MotionEvent] notifyMotion - eventTime=44697913494000, deviceId=7, source=0x1002, policyFlags=0x0, action=0x1, flags=0x0, downTime=44697827232000
03-23 08:42:11.239  2337  3693 I MIUIInput: [MotionEvent] publisher action=0x1, deviceId=7, 44697913, channel 'a3bd8c3 com.applist.test/com.applist.test.MainActivity'
03-23 08:42:11.239  2337  3693 I MIUIInput: [MotionEvent] publisher action=0x1, deviceId=7, 44697913, channel '[Gesture Monitor] WMShell'
03-23 08:42:11.239  2337  3693 I MIUIInput: [MotionEvent] publisher action=0x1, deviceId=7, 44697913, channel '[Gesture Monitor] miui-gesture'
03-23 08:42:11.239 24953 24953 I MIUIInput: [MotionEvent] ViewRootImpl windowName 'com.applist.test/com.applist.test.MainActivity', { action=ACTION_UP, id[0]=0, pointerCount=1, eventTime=44697913, downTime=44697827, phoneEventTime=08:42:11.238 } moveCount:0
03-23 08:42:11.240 26931 26931 D EventBus: No subscribers registered for event class com.xiaomi.xms.event.msg.SystemTouchMsg
03-23 08:42:11.240 26931 26931 D EventBus: No subscribers registered for event class ud.h
03-23 08:42:11.240 24953 24953 D AppListTest: 鎸夐挳1琚偣鍑?
03-23 08:42:11.240 24953 24953 D AppListTest: testPackageManager 寮€濮?
03-23 08:42:11.242 24953  4437 D AppListTest:  doInBackground 璋冪敤 getInstalledPackages
03-23 08:42:11.242  2337  6761 I AppsFilter: interaction: PackageSetting{ab2f07f com.applist.test/10433} -> PackageSetting{7cbfb33 com.miui.screenrecorder/10287} BLOCKED
03-23 08:42:11.242  1908  1962 I [THP-HAL]: release_all:force:0
03-23 08:42:11.242  2337  6761 I AppsFilter: interaction: PackageSetting{ab2f07f com.applist.test/10433} -> PackageSetting{42e825d com.android.ncm.overlay.common/10052} BLOCKED
03-23 08:42:11.242  2337  6761 I AppsFilter: interaction: PackageSetting{ab2f07f com.applist.test/10433} -> PackageSetting{4d5aef0 icu.nullptr.applistdetector/10309} BLOCKED
03-23 08:42:11.242  2337  6761 I AppsFilter: interaction: PackageSetting{ab2f07f com.applist.test/10433} -> PackageSetting{7e8cc69 com.android.cts.priv.ctsshim/10247} BLOCKED
03-23 08:42:11.242  2337  6761 I AppsFilter: interaction: PackageSetting{ab2f07f com.applist.test/10433} -> PackageSetting{e9d36ee com.quark.browser/10296} BLOCKED
03-23 08:42:11.242  2337  6761 I AppsFilter: interaction: PackageSetting{ab2f07f com.applist.test/10433} -> PackageSetting{9c1178f com.android.uwb.resources/10262} BLOCKED
03-23 08:42:11.242  2337  6761 I AppsFilter: interaction: PackageSetting{ab2f07f com.applist.test/10433} -> PackageSetting{3feca1c com.byyang.appmodify/10291} BLOCKED
03-23 08:42:11.242  2337  6761 I AppsFilter: interaction: PackageSetting{ab2f07f com.applist.test/10433} -> PackageSetting{9583ff com.android.internal.display.cutout.emulation.corner/10010} BLOCKED
03-23 08:42:11.242  2337  6761 I AppsFilter: interaction: PackageSetting{ab2f07f com.applist.test/10433} -> PackageSetting{41b15cc com.android.internal.display.cutout.emulation.double/10011} BLOCKED
03-23 08:42:11.243  2337  6761 I AppsFilter: interaction: PackageSetting{ab2f07f com.applist.test/10433} -> PackageSetting{2b8c625 com.unionpay.tsmservice.mi/10183} BLOCKED
03-23 08:42:11.243  2337  6761 I AppsFilter: interaction: PackageSetting{ab2f07f com.applist.test/10433} -> PackageSetting{aa9d3fa com.android.healthconnect.controller/10243} BLOCKED
03-23 08:42:11.243  2337  6761 I AppsFilter: interaction: PackageSetting{ab2f07f com.applist.test/10433} -> PackageSetting{6419dab com.xiaomi.hyper.aiphoto/10409} BLOCKED
03-23 08:42:11.243  2337  6761 I AppsFilter: interaction: PackageSetting{ab2f07f com.applist.test/10433} -> PackageSetting{53c6c08 com.xiaomi.vipaccount/10299} BLOCKED
03-23 08:42:11.243  2337  6761 I AppsFilter: interaction: PackageSetting{ab2f07f com.applist.test/10433} -> PackageSetting{9d49fa1 com.tencent.tmgp.sgame/10330} BLOCKED
03-23 08:42:11.243  2337  6761 I AppsFilter: interaction: PackageSetting{ab2f07f com.applist.test/10433} -> PackageSetting{fb135c6 com.qiyi.video/10388} BLOCKED
03-23 08:42:11.243  2337  6761 I AppsFilter: interaction: PackageSetting{ab2f07f com.applist.test/10433} -> PackageSetting{9fa6987 com.google.android.onetimeinitializer/10124} BLOCKED
03-23 08:42:11.243  2337  6761 I AppsFilter: interaction: PackageSetting{ab2f07f com.applist.test/10433} -> PackageSetting{13040b4 com.android.health.connect.backuprestore/10244} BLOCKED
03-23 08:42:11.243  2337  6761 I AppsFilter: interaction: PackageSetting{ab2f07f com.applist.test/10433} -> PackageSetting{47a94dd com.google.android.ext.shared/10151} BLOCKED
03-23 08:42:11.243  2337  6761 I AppsFilter: interaction: PackageSetting{ab2f07f com.applist.test/10433} -> PackageSetting{17ae852 com.android.virtualmachine.res/10261} BLOCKED
03-23 08:42:11.243  2337  6761 I AppsFilter: interaction: PackageSetting{ab2f07f com.applist.test/10433} -> PackageSetting{dd8b1df io.github.a13e300.ksuwebui/10312} BLOCKED
03-23 08:42:11.243  2337  6761 I AppsFilter: interaction: PackageSetting{ab2f07f com.applist.test/10433} -> PackageSetting{6eab420 com.miui.themestore/10290} BLOCKED
03-23 08:42:11.243  2337  6761 I AppsFilter: interaction: PackageSetting{ab2f07f com.applist.test/10433} -> PackageSetting{590a1d9 com.android.bankabc/10357} BLOCKED
03-23 08:42:11.243  2337  6761 I AppsFilter: interaction: PackageSetting{ab2f07f com.applist.test/10433} -> PackageSetting{6bb379e com.sankuai.meituan/10379} BLOCKED
03-23 08:42:11.243  2337  6761 I AppsFilter: interaction: PackageSetting{ab2f07f com.applist.test/10433} -> PackageSetting{add027f com.youku.phone/10426} BLOCKED
03-23 08:42:11.243  2337  6761 I AppsFilter: interaction: PackageSetting{ab2f07f com.applist.test/10433} -> PackageSetting{416f24c com.sinovatech.unicom.ui/10387} BLOCKED
03-23 08:42:11.243  2337  6761 I AppsFilter: interaction: PackageSetting{ab2f07f com.applist.test/10433} -> PackageSetting{57589fc com.android.providers.telephony.auto_generated_characteristics_rro/10066} BLOCKED
03-23 08:42:11.243  2337  6761 I AppsFilter: interaction: PackageSetting{ab2f07f com.applist.test/10433} -> PackageSetting{e608295 com.xiaomi.gamecenter.sdk.service/10139} BLOCKED
03-23 08:42:11.243  2337  6761 I AppsFilter: interaction: PackageSetting{ab2f07f com.applist.test/10433} -> PackageSetting{b1f2faa com.phoenix.read/10329} BLOCKED
03-23 08:42:11.243  2337  6761 I AppsFilter: interaction: PackageSetting{ab2f07f com.applist.test/10433} -> PackageSetting{449479b com.android.htmlviewer/10095} BLOCKED
03-23 08:42:11.243  2337  6761 I AppsFilter: interaction: PackageSetting{ab2f07f com.applist.test/10433} -> PackageSetting{3e6e738 com.miui.gallery/10283} BLOCKED
03-23 08:42:11.243  2337  6761 I AppsFilter: interaction: PackageSetting{ab2f07f com.applist.test/10433} -> PackageSetting{113b311 com.tencent.androidqqmail/10389} BLOCKED
03-23 08:42:11.243  2337  6761 I AppsFilter: interaction: PackageSetting{ab2f07f com.applist.test/10433} -> PackageSetting{6189c76 com.coderstory.toolkit/10404} BLOCKED
03-23 08:42:11.243  2337  6761 I AppsFilter: interaction: PackageSetting{ab2f07f com.applist.test/10433} -> PackageSetting{16ac277 com.mi.earphone/10371} BLOCKED
03-23 08:42:11.243  2337  6761 I AppsFilter: interaction: PackageSetting{ab2f07f com.applist.test/10433} -> PackageSetting{bf3ee4 com.byyoung.setting/10328} BLOCKED
03-23 08:42:11.244  2337  6761 I AppsFilter: interaction: PackageSetting{ab2f07f com.applist.test/10433} -> PackageSetting{eef6f4d com.zhenxi.hunter/10437} BLOCKED
03-23 08:42:11.244  2337  6761 I AppsFilter: interaction: PackageSetting{ab2f07f com.applist.test/10433} -> PackageSetting{26a0a02 cn.gov.zcy.gpcclient/10421} BLOCKED
03-23 08:42:11.244  2337  6761 I AppsFilter: interaction: PackageSetting{ab2f07f com.applist.test/10433} -> PackageSetting{5bf0f13 com.topmiaohan.sulist/10307} BLOCKED
03-23 08:42:11.244  2337  6761 I AppsFilter: interaction: PackageSetting{ab2f07f com.applist.test/10433} -> PackageSetting{4a36550 cn.gov.tax.its/10429} BLOCKED
03-23 08:42:11.244  2337  6761 I AppsFilter: interaction: PackageSetting{ab2f07f com.applist.test/10433} -> PackageSetting{e50b349 com.xiaomi.superhexa/10355} BLOCKED
03-23 08:42:11.244  2337  6761 I AppsFilter: interaction: PackageSetting{ab2f07f com.applist.test/10433} -> PackageSetting{272c44e com.miui.miwallpaper.snowmountain/10415} BLOCKED
03-23 08:42:11.244  2337  6761 I AppsFilter: interaction: PackageSetting{ab2f07f com.applist.test/10433} -> PackageSetting{501896f com.google.android.configupdater/10122} BLOCKED
03-23 08:42:11.244  2337  6761 I AppsFilter: interaction: PackageSetting{ab2f07f com.applist.test/10433} -> PackageSetting{461867c com.android.soundrecorder/10292} BLOCKED
03-23 08:42:11.244  2337  6761 I AppsFilter: interaction: PackageSetting{ab2f07f com.applist.test/10433} -> PackageSetting{4683b05 com.baidu.input_mi/10270} BLOCKED
03-23 08:42:11.244  2337  6761 I AppsFilter: interaction: PackageSetting{ab2f07f com.applist.test/10433} -> PackageSetting{d3ad75a com.zui.browser/10354} BLOCKED
03-23 08:42:11.244  2337  6761 I AppsFilter: interaction: PackageSetting{ab2f07f com.applist.test/10433} -> PackageSetting{9474d8b io.github.a13e300.tricky_store/10411} BLOCKED
03-23 08:42:11.244  2337  6761 I AppsFilter: interaction: PackageSetting{ab2f07f com.applist.test/10433} -> PackageSetting{17e8e68 com.hihonor.id/10408} BLOCKED
03-23 08:42:11.244  2337  6761 I AppsFilter: interaction: PackageSetting{ab2f07f com.applist.test/10433} -> PackageSetting{eb68281 me.ele/10380} BLOCKED
03-23 08:42:11.244  2337  6761 I AppsFilter: interaction: PackageSetting{ab2f07f com.applist.test/10433} -> PackageSetting{3f0f26 com.android.safetycenter.resources/10266} BLOCKED
03-23 08:42:11.244  2337  6761 I AppsFilter: interaction: PackageSetting{ab2f07f com.applist.test/10433} -> PackageSetting{edb3767 com.android.providers.downloads.ui/10268} BLOCKED
03-23 08:42:11.244  2337  6761 I AppsFilter: interaction: PackageSetting{ab2f07f com.applist.test/10433} -> PackageSetting{ee22914 com.android.simappdialog/10113} BLOCKED
03-23 08:42:11.244  2337  6761 I AppsFilter: interaction: PackageSetting{ab2f07f com.applist.test/10433} -> PackageSetting{847c5bd com.huawei.smarthome/10362} BLOCKED
03-23 08:42:11.244  2337  6761 I AppsFilter: interaction: PackageSetting{ab2f07f com.applist.test/10433} -> PackageSetting{1fcf7b2 com.android.connectivity.resources/10265} BLOCKED
03-23 08:42:11.244  2337  6761 I AppsFilter: interaction: PackageSetting{ab2f07f com.applist.test/10433} -> PackageSetting{1d9e303 com.tencent.mm/10382} BLOCKED
03-23 08:42:11.244  2337  6761 I AppsFilter: interaction: PackageSetting{ab2f07f com.applist.test/10433} -> PackageSetting{b451c73 com.android.internal.display.cutout.emulation.hole/10012} BLOCKED
03-23 08:42:11.244  2337  6761 I AppsFilter: interaction: PackageSetting{ab2f07f com.applist.test/10433} -> PackageSetting{f0a5730 com.android.internal.display.cutout.emulation.tall/10022} BLOCKED
03-23 08:42:11.244  2337  6761 I AppsFilter: interaction: PackageSetting{ab2f07f com.applist.test/10433} -> PackageSetting{442c280 com.android.modulemetadata/10175} BLOCKED
03-23 08:42:11.244  2337  6761 I AppsFilter: interaction: PackageSetting{ab2f07f com.applist.test/10433} -> PackageSetting{6b000b9 com.zbiti.qyt/10351} BLOCKED
03-23 08:42:11.244  2337  6761 I AppsFilter: interaction: PackageSetting{ab2f07f com.applist.test/10433} -> PackageSetting{13edcfe com.xiaomi.mibrain.speech/10295} BLOCKED
03-23 08:42:11.244  2337  6761 I AppsFilter: interaction: PackageSetting{ab2f07f com.applist.test/10433} -> PackageSetting{98dac5f com.miui.vipservice/10417} BLOCKED
03-23 08:42:11.244  2337  6761 I AppsFilter: interaction: PackageSetting{ab2f07f com.applist.test/10433} -> PackageSetting{c5186ac com.miui.findmy/10278} BLOCKED
03-23 08:42:11.244  2337  6761 I AppsFilter: interaction: PackageSetting{ab2f07f com.applist.test/10433} -> PackageSetting{40f3a3a com.android.internal.systemui.navbar.threebutton/10049} BLOCKED
03-23 08:42:11.244  2337  6761 I AppsFilter: interaction: PackageSetting{ab2f07f com.applist.test/10433} -> PackageSetting{ac6ef75 com.xunlei.downloadprovider/10385} BLOCKED
03-23 08:42:11.244  2337  6761 I AppsFilter: interaction: PackageSetting{ab2f07f com.applist.test/10433} -> PackageSetting{d27cb0a com.xiaomi.migameservice/10403} BLOCKED
03-23 08:42:11.244  2337  6761 I AppsFilter: interaction: PackageSetting{ab2f07f com.applist.test/10433} -> PackageSetting{d8aaf7b com.android.wifi.dialog/10211} BLOCKED
03-23 08:42:11.244  2337  6761 I AppsFilter: interaction: PackageSetting{ab2f07f com.applist.test/10433} -> PackageSetting{9a66198 org.lsposed.manager/10419} BLOCKED
03-23 08:42:11.244  2337  6761 I AppsFilter: interaction: PackageSetting{ab2f07f com.applist.test/10433} -> PackageSetting{1240df1 com.tencent.android.qqdownloader/10423} BLOCKED
03-23 08:42:11.244  2337  6761 I AppsFilter: interaction: PackageSetting{ab2f07f com.applist.test/10433} -> PackageSetting{1ff8dd6 com.huawei.hwid/10407} BLOCKED
03-23 08:42:11.245  2337  6761 I AppsFilter: interaction: PackageSetting{ab2f07f com.applist.test/10433} -> PackageSetting{8ac857 com.android.contacts/10133} BLOCKED
03-23 08:42:11.245  2337  6761 I AppsFilter: interaction: PackageSetting{ab2f07f com.applist.test/10433} -> PackageSetting{e6bff44 com.miui.securitymanager/10289} BLOCKED
03-23 08:42:11.245  2337  6761 I AppsFilter: interaction: PackageSetting{ab2f07f com.applist.test/10433} -> PackageSetting{e5a982d com.binary.hyperdroid/10298} BLOCKED
03-23 08:42:11.245  2337  6761 I AppsFilter: interaction: PackageSetting{ab2f07f com.applist.test/10433} -> PackageSetting{6beb162 com.example.saseandroid/10342} BLOCKED
03-23 08:42:11.245  2337  6761 I AppsFilter: interaction: PackageSetting{ab2f07f com.applist.test/10433} -> PackageSetting{d0992f3 cn.wps.moffice_eng.xiaomi.lite/10306} BLOCKED
03-23 08:42:11.245  2337  6761 I AppsFilter: interaction: PackageSetting{ab2f07f com.applist.test/10433} -> PackageSetting{2cbcbb0 com.cmcc.simsecurity/10413} BLOCKED
03-23 08:42:11.245  2337  6761 I AppsFilter: interaction: PackageSetting{ab2f07f com.applist.test/10433} -> PackageSetting{d94e0b bin.mt.termex/10271} BLOCKED
03-23 08:42:11.245  2337  6761 I AppsFilter: interaction: PackageSetting{ab2f07f com.applist.test/10433} -> PackageSetting{2f58a29 com.android.mms/10142} BLOCKED
03-23 08:42:11.245  2337  6761 I AppsFilter: interaction: PackageSetting{ab2f07f com.applist.test/10433} -> PackageSetting{75a81ae com.mfashiongallery.emag/10269} BLOCKED
03-23 08:42:11.245  2337  6761 I AppsFilter: interaction: PackageSetting{ab2f07f com.applist.test/10433} -> PackageSetting{1c1988b bin.mt.plus/10285} BLOCKED
03-23 08:42:11.245  2337  6761 I AppsFilter: interaction: PackageSetting{ab2f07f com.applist.test/10433} -> PackageSetting{fa06b4f com.android.compos.payload/10264} BLOCKED
03-23 08:42:11.245  2337  6761 I AppsFilter: interaction: PackageSetting{ab2f07f com.applist.test/10433} -> PackageSetting{619f2dc com.microsoft.emmx/10350} BLOCKED
03-23 08:42:11.245  2337  6761 I AppsFilter: interaction: PackageSetting{ab2f07f com.applist.test/10433} -> PackageSetting{3339fe5 com.android.settings.intelligence/10141} BLOCKED
03-23 08:42:11.245  2337  6761 I AppsFilter: interaction: PackageSetting{ab2f07f com.applist.test/10433} -> PackageSetting{7d10aba com.android.calendar/10275} BLOCKED
03-23 08:42:11.245  2337  6761 I AppsFilter: interaction: PackageSetting{ab2f07f com.applist.test/10433} -> PackageSetting{b226d6b com.mfcloudcalculate.networkdisk/10368} BLOCKED
03-23 08:42:11.245  2337  6761 I AppsFilter: interaction: PackageSetting{ab2f07f com.applist.test/10433} -> PackageSetting{6c160c8 com.miui.virtualsim/10293} BLOCKED
03-23 08:42:11.245  2337  6761 I AppsFilter: interaction: PackageSetting{ab2f07f com.applist.test/10433} -> PackageSetting{e835561 com.omarea.vtools/10340} BLOCKED
03-23 08:42:11.245  2337  6761 I AppsFilter: interaction: PackageSetting{ab2f07f com.applist.test/10433} -> PackageSetting{bf51886 com.miui.compass/10276} BLOCKED
03-23 08:42:11.245  2337  6761 I AppsFilter: interaction: PackageSetting{ab2f07f com.applist.test/10433} -> PackageSetting{2787547 com.hanweb.android.zhejiang.activity/10358} BLOCKED
03-23 08:42:11.245  2337  6761 I AppsFilter: interaction: PackageSetting{ab2f07f com.applist.test/10433} -> PackageSetting{cefc174 com.xhey.xcamera/10334} BLOCKED
03-23 08:42:11.245  2337  6761 I AppsFilter: interaction: PackageSetting{ab2f07f com.applist.test/10433} -> PackageSetting{2bee69d com.android.printspooler/10229} BLOCKED
03-23 08:42:11.245  2337  6761 I AppsFilter: interaction: PackageSetting{ab2f07f com.applist.test/10433} -> PackageSetting{ffa3712 com.tencent.qqpimsecure/10323} BLOCKED
03-23 08:42:11.245  2337  6761 I AppsFilter: interaction: PackageSetting{ab2f07f com.applist.test/10433} -> PackageSetting{43d1ee3 com.android.virtualization.terminal/10259} BLOCKED
03-23 08:42:11.245  2337  6761 I AppsFilter: interaction: PackageSetting{ab2f07f com.applist.test/10433} -> PackageSetting{40180e0 com.android.dreams.basic/10104} BLOCKED
03-23 08:42:11.245  2337  6761 I AppsFilter: interaction: PackageSetting{ab2f07f com.applist.test/10433} -> PackageSetting{7284f99 com.android.incallui/10126} BLOCKED
03-23 08:42:11.245  2337  6761 I AppsFilter: interaction: PackageSetting{ab2f07f com.applist.test/10433} -> PackageSetting{dc0b25e com.tencent.qqgame/10361} BLOCKED
03-23 08:42:11.246  2337  6761 I AppsFilter: interaction: PackageSetting{ab2f07f com.applist.test/10433} -> PackageSetting{418c63f com.tencent.qqlive/10348} BLOCKED
03-23 08:42:11.246  2337  6761 I AppsFilter: interaction: PackageSetting{ab2f07f com.applist.test/10433} -> PackageSetting{eadcb0c com.android.photopicker/10258} BLOCKED
03-23 08:42:11.246  2337  6761 I AppsFilter: interaction: PackageSetting{ab2f07f com.applist.test/10433} -> PackageSetting{b254c55 com.duokan.phone.remotecontroller/10304} BLOCKED
03-23 08:42:11.246  2337  6761 I AppsFilter: interaction: PackageSetting{ab2f07f com.applist.test/10433} -> PackageSetting{ae1966a com.android.rkpdapp/10256} BLOCKED
03-23 08:42:11.246  2337  6761 I AppsFilter: interaction: PackageSetting{ab2f07f com.applist.test/10433} -> PackageSetting{ddd875b info.muge.appshare/10430} BLOCKED
03-23 08:42:11.246  2337  6761 I AppsFilter: interaction: PackageSetting{ab2f07f com.applist.test/10433} -> PackageSetting{1f28bf8 com.xunmeng.pinduoduo/10384} BLOCKED
03-23 08:42:11.246  2337  6761 I AppsFilter: interaction: PackageSetting{ab2f07f com.applist.test/10433} -> PackageSetting{4bb58d1 com.miui.handwriting/10399} BLOCKED
03-23 08:42:11.246  2337  6761 I AppsFilter: interaction: PackageSetting{ab2f07f com.applist.test/10433} -> PackageSetting{b7aaf36 com.tencent.wetype/10359} BLOCKED
03-23 08:42:11.246  2337  6761 I AppsFilter: interaction: PackageSetting{ab2f07f com.applist.test/10433} -> PackageSetting{3fa24fd android.auto_generated_characteristics_rro/10073} BLOCKED
03-23 08:42:11.246  2337  6761 I AppsFilter: interaction: PackageSetting{ab2f07f com.applist.test/10433} -> PackageSetting{e633e37 com.android.musicfx/10096} BLOCKED
03-23 08:42:11.246  2337  6761 I AppsFilter: interaction: PackageSetting{ab2f07f com.applist.test/10433} -> PackageSetting{2c06fa4 com.google.android.webview/10194} BLOCKED
03-23 08:42:11.246  2337  6761 I AppsFilter: interaction: PackageSetting{ab2f07f com.applist.test/10433} -> PackageSetting{9931ac0 com.google.android.ncm.overlay.common/10051} BLOCKED
03-23 08:42:11.246  2337  6761 I AppsFilter: interaction: PackageSetting{ab2f07f com.applist.test/10433} -> PackageSetting{acbb10d com.mipay.wallet/10297} BLOCKED
03-23 08:42:11.246  2337  6761 I AppsFilter: interaction: PackageSetting{ab2f07f com.applist.test/10433} -> PackageSetting{cc98f3e com.android.phone.auto_generated_characteristics_rro/10063} BLOCKED
03-23 08:42:11.246  2337  6761 I AppsFilter: interaction: PackageSetting{ab2f07f com.applist.test/10433} -> PackageSetting{5ba88c2 com.xiaomi.mico/10339} BLOCKED
03-23 08:42:11.246  2337  6761 I AppsFilter: interaction: PackageSetting{ab2f07f com.applist.test/10433} -> PackageSetting{ea0333f me.weishu.kernelsu/10427} BLOCKED
03-23 08:42:11.246  2337  6761 I AppsFilter: interaction: PackageSetting{ab2f07f com.applist.test/10433} -> PackageSetting{ebbed57 com.ss.android.ugc.aweme/10383} BLOCKED
03-23 08:42:11.246  2337  6761 I AppsFilter: interaction: PackageSetting{ab2f07f com.applist.test/10433} -> PackageSetting{266e210 com.xunlei.browser/10352} BLOCKED
03-23 08:42:11.246  2337  6761 I AppsFilter: interaction: PackageSetting{ab2f07f com.applist.test/10433} -> PackageSetting{70f5109 com.android.wifi.resources/10253} BLOCKED
03-23 08:42:11.246  2337  6761 I AppsFilter: interaction: PackageSetting{ab2f07f com.applist.test/10433} -> PackageSetting{22c6f0e com.tencent.mobileqq/10386} BLOCKED
03-23 08:42:11.246  2337  6761 I AppsFilter: interaction: PackageSetting{ab2f07f com.applist.test/10433} -> PackageSetting{995bd2f com.miui.miwallpaper.moon/10410} BLOCKED
03-23 08:42:11.246  2337  6761 I AppsFilter: interaction: PackageSetting{ab2f07f com.applist.test/10433} -> PackageSetting{1664816 com.android.theme.font.notoserifsource/10015} BLOCKED
03-23 08:42:11.246  2337  6761 I AppsFilter: interaction: PackageSetting{ab2f07f com.applist.test/10433} -> PackageSetting{9879597 com.android.internal.display.cutout.emulation.waterfall/10013} BLOCKED
03-23 08:42:11.246  2337  6761 I AppsFilter: interaction: PackageSetting{ab2f07f com.applist.test/10433} -> PackageSetting{5c00f3c cn.du.hyperosperfutil/10324} BLOCKED
03-23 08:42:11.247  2337  6761 I AppsFilter: interaction: PackageSetting{ab2f07f com.applist.test/10433} -> PackageSetting{bd2f4c5 com.iflytek.inputmethod.miui/10305} BLOCKED
03-23 08:42:11.247  2337  6761 I AppsFilter: interaction: PackageSetting{ab2f07f com.applist.test/10433} -> PackageSetting{76cfa2 com.android.internal.systemui.navbar.transparent/10067} BLOCKED
03-23 08:42:11.247  2337  6761 I AppsFilter: interaction: PackageSetting{ab2f07f com.applist.test/10433} -> PackageSetting{a819018 com.miui.newhome/10286} BLOCKED
03-23 08:42:11.247  2337  6761 I AppsFilter: interaction: PackageSetting{ab2f07f com.applist.test/10433} -> PackageSetting{34afd4b com.miui.video/10294} BLOCKED
03-23 08:42:11.247  2337  6761 I AppsFilter: interaction: PackageSetting{ab2f07f com.applist.test/10433} -> PackageSetting{31ce328 com.zhiliaoapp.musically/10425} BLOCKED
03-23 08:42:11.247  2337  6761 I AppsFilter: interaction: PackageSetting{ab2f07f com.applist.test/10433} -> PackageSetting{9731841 com.tencent.jkchess/10331} BLOCKED
03-23 08:42:11.247  2337  6761 I AppsFilter: interaction: PackageSetting{ab2f07f com.applist.test/10433} -> PackageSetting{aab51e6 com.google.android.printservice.recommendation/10153} BLOCKED
03-23 08:42:11.247  2337  6761 I AppsFilter: interaction: PackageSetting{ab2f07f com.applist.test/10433} -> PackageSetting{bca2327 com.MIUI.hook/10412} BLOCKED
03-23 08:42:11.247  2337  6761 I AppsFilter: interaction: PackageSetting{ab2f07f com.applist.test/10433} -> PackageSetting{2f109d4 com.google.android.documentsui/10093} BLOCKED
03-23 08:42:11.247  2337  6761 I AppsFilter: interaction: PackageSetting{ab2f07f com.applist.test/10433} -> PackageSetting{f97f77d com.cmcc.simauthn/10402} BLOCKED
03-23 08:42:11.247  2337  6761 I AppsFilter: interaction: PackageSetting{ab2f07f com.applist.test/10433} -> PackageSetting{8caa672 com.appbyme.app36512/10367} BLOCKED
03-23 08:42:11.247  2337  6761 I AppsFilter: interaction: PackageSetting{ab2f07f com.applist.test/10433} -> PackageSetting{b2bcac3 com.google.android.accessibility.switchaccess/10184} BLOCKED
03-23 08:42:11.247  2337  6761 I AppsFilter: interaction: PackageSetting{ab2f07f com.applist.test/10433} -> PackageSetting{f3eef40 com.sohu.inputmethod.sogou.xiaomi/10182} BLOCKED
03-23 08:42:11.247  2337  6761 I AppsFilter: interaction: PackageSetting{ab2f07f com.applist.test/10433} -> PackageSetting{6318e79 com.xiaomi.router/10420} BLOCKED
03-23 08:42:11.247  2337  6761 I AppsFilter: interaction: PackageSetting{ab2f07f com.applist.test/10433} -> PackageSetting{718b7be com.baidu.BaiduMap/10381} BLOCKED
03-23 08:42:11.247  2337  6761 I AppsFilter: interaction: PackageSetting{ab2f07f com.applist.test/10433} -> PackageSetting{876501f com.android.providers.partnerbookmarks/10097} BLOCKED
03-23 08:42:11.247  2337  6761 I AppsFilter: interaction: PackageSetting{ab2f07f com.applist.test/10433} -> PackageSetting{dc3bf6c com.android.smspush/10234} BLOCKED
03-23 08:42:11.247  2337  6761 I AppsFilter: interaction: PackageSetting{ab2f07f com.applist.test/10433} -> PackageSetting{a339935 com.example.businesshall/10397} BLOCKED
03-23 08:42:11.247  2337  6761 I AppsFilter: interaction: PackageSetting{ab2f07f com.applist.test/10433} -> PackageSetting{4a491ca com.miui.calculator/10274} BLOCKED
03-23 08:42:11.247  2337  6761 I AppsFilter: interaction: PackageSetting{ab2f07f com.applist.test/10433} -> PackageSetting{ab9cf3b com.coolapk.market/10391} BLOCKED
03-23 08:42:11.247  2337  6761 I AppsFilter: interaction: PackageSetting{ab2f07f com.applist.test/10433} -> PackageSetting{e36658 com.android.wallpaper.livepicker/10092} BLOCKED
03-23 08:42:11.247  2337  6761 I AppsFilter: interaction: PackageSetting{ab2f07f com.applist.test/10433} -> PackageSetting{a1193b1 com.pingan.carowner/10422} BLOCKED
03-23 08:42:11.247  2337  6761 I AppsFilter: interaction: PackageSetting{ab2f07f com.applist.test/10433} -> PackageSetting{620096 com.android.apps.tag/10101} BLOCKED
03-23 08:42:11.247  2337  6761 I AppsFilter: interaction: PackageSetting{ab2f07f com.applist.test/10433} -> PackageSetting{3aaba58 com.chinamworld.main/10363} BLOCKED
03-23 08:42:11.247  2337  6761 I AppsFilter: interaction: PackageSetting{ab2f07f com.applist.test/10433} -> PackageSetting{8ce874c com.android.imsserviceentitlement/10125} BLOCKED
03-23 08:42:11.247  2337  6761 I AppsFilter: interaction: PackageSetting{ab2f07f com.applist.test/10433} -> PackageSetting{fec2417 org.frknkrc44.hma_oss/10311} BLOCKED
03-23 08:42:11.247  2337  6761 I AppsFilter: interaction: PackageSetting{ab2f07f com.applist.test/10433} -> PackageSetting{b549004 com.xiaomi.gamecenter/10284} BLOCKED
03-23 08:42:11.247  2337  6761 I AppsFilter: interaction: PackageSetting{ab2f07f com.applist.test/10433} -> PackageSetting{dfab9ed com.android.appsearch.apk/10249} BLOCKED
03-23 08:42:11.248  2337  6761 I AppsFilter: interaction: PackageSetting{ab2f07f com.applist.test/10433} -> PackageSetting{2b59022 com.larus.nova/10416} BLOCKED
03-23 08:42:11.248  2337  6761 I AppsFilter: interaction: PackageSetting{ab2f07f com.applist.test/10433} -> PackageSetting{584eab3 com.cainiao.wireless/10394} BLOCKED
03-23 08:42:11.248  2337  6761 I AppsFilter: interaction: PackageSetting{ab2f07f com.applist.test/10433} -> PackageSetting{28ca870 com.miui.cleanmaster/10277} BLOCKED
03-23 08:42:11.248  2337  6761 I AppsFilter: interaction: PackageSetting{ab2f07f com.applist.test/10433} -> PackageSetting{7d607e9 com.tencent.lolm/10337} BLOCKED
03-23 08:42:11.248  2337  6761 I AppsFilter: interaction: PackageSetting{ab2f07f com.applist.test/10433} -> PackageSetting{3c08c6e com.ss.android.ugc.livepro/10370} BLOCKED
03-23 08:42:11.248  2337  6761 I AppsFilter: interaction: PackageSetting{ab2f07f com.applist.test/10433} -> PackageSetting{ed97f0f com.miui.miwallpaper.geometry/10398} BLOCKED
03-23 08:42:11.248  2337  6761 I AppsFilter: interaction: PackageSetting{ab2f07f com.applist.test/10433} -> PackageSetting{bebdb9c com.netease.mail/10372} BLOCKED
