03-23 08:39:01.610  5421  5594 D MiuiDecorationHomeController: relayout::taskId=1, userId=0, visible=false, bounds=Rect(0, 0 - 1080, 2400), focused=false, activityType=2, displayId=0, baseActivity=ComponentInfo{com.miui.home/com.miui.home.launcher.Launcher}, topActivity=ComponentInfo{com.miui.home/com.miui.home.launcher.Launcher}, callers=com.android.wm.shell.multitasking.miuimultiwinswitch.miuiwindowdecor.decoration.MiuiDecorationController.relayout:4 com.android.wm.shell.multitasking.miuimultiwinswitch.miuiwindowdecor.MulWinSwitchDecorViewModel.onTaskInfoChanged:18 com.android.wm.shell.multitasking.common.taskmanager.MultiTaskingTaskListener.onTaskInfoChanged:47 com.android.wm.shell.ShellTaskOrganizer.onTaskInfoChanged:136 android.window.TaskOrganizer$1.lambda$onTaskInfoChanged$6:300 
03-23 08:39:01.610  5421  5594 D MiuiDecorationBottom: releaseViews_HomeBottomCaption: taskId=1
03-23 08:39:01.610  2337  6122 I SmartPower: com.miui.personalassistant/10134(10287): visible->invisible(2794ms) R(become invisible) adj=100.
03-23 08:39:01.610  5421  5594 D SoScSplitScreenController: updateDividerFixedState isFixed:false
03-23 08:39:01.610  2337  6122 I SmartPower: com.miui.personalassistant/10134(10287): invisible->background(0ms) R(become background) adj=100.
03-23 08:39:01.610  2337  6122 D BarFollowAnimation: pairAppearanceRegionAndWin win=Window{c89bee7 u0 com.android.settings/com.android.settings.MainSettings} 8
03-23 08:39:01.610  2337  6122 D BarFollowAnimation: isAppTaskBarOnTop win:Window{c89bee7 u0 com.android.settings/com.android.settings.MainSettings} (mCurrentTopTask:Task{5761c97 #1505 type=standard A=1000:com.android.settings.root} : true); (mAssociatedTask:Task{5761c97 #1505 type=standard A=1000:com.android.settings.root} : true); (mHomeTask:Task{8b0ad35 #1 type=home} : false); mReparentToOriginParent:false mLastAppBarVisible:true mLastHomeBarVisible:false
03-23 08:39:01.610  2337  6122 D MiuiRefreshRatePolicy: reset
03-23 08:39:01.612  2337  6122 I SmartPower: com.android.quicksearchbox/10135(10324): visible->invisible(2804ms) R(become invisible) adj=100.
03-23 08:39:01.612  2337  6122 I SmartPower: com.android.quicksearchbox/10135(10324): invisible->background(0ms) R(become background) adj=100.
03-23 08:39:01.612  2337  6122 D BarFollowAnimation: pairAppearanceRegionAndWin win=Window{c89bee7 u0 com.android.settings/com.android.settings.MainSettings} 8
03-23 08:39:01.612  2337  6122 D BarFollowAnimation: isAppTaskBarOnTop win:Window{c89bee7 u0 com.android.settings/com.android.settings.MainSettings} (mCurrentTopTask:Task{5761c97 #1505 type=standard A=1000:com.android.settings.root} : true); (mAssociatedTask:Task{5761c97 #1505 type=standard A=1000:com.android.settings.root} : true); (mHomeTask:Task{8b0ad35 #1 type=home} : false); mReparentToOriginParent:false mLastAppBarVisible:true mLastHomeBarVisible:false
03-23 08:39:01.613  2337  6122 D MiuiRefreshRatePolicy: reset
03-23 08:39:01.618  2337  6761 D WindowManager: New lock/shared screen wallpaper: Window{dab620 u0 com.miui.miwallpaper.wallpaperservice.ImageWallpaper}, prev: null
03-23 08:39:01.618  2337  6761 I WallpaperControllerImpl: updateWallpaperTokens requestedVisibility=false on keyguardLocked=false topWallpaper=Window{dab620 u0 com.miui.miwallpaper.wallpaperservice.ImageWallpaper}
03-23 08:39:01.618  2337  6761 D WindowManager: Wallpaper target=null prev=null
03-23 08:39:01.618  2337  6761 D BarFollowAnimation: pairAppearanceRegionAndWin win=Window{c89bee7 u0 com.android.settings/com.android.settings.MainSettings} 8
03-23 08:39:01.619  2337  6761 D BarFollowAnimation: isAppTaskBarOnTop win:Window{c89bee7 u0 com.android.settings/com.android.settings.MainSettings} (mCurrentTopTask:Task{5761c97 #1505 type=standard A=1000:com.android.settings.root} : true); (mAssociatedTask:Task{5761c97 #1505 type=standard A=1000:com.android.settings.root} : true); (mHomeTask:Task{8b0ad35 #1 type=home} : false); mReparentToOriginParent:false mLastAppBarVisible:true mLastHomeBarVisible:false
03-23 08:39:01.619  2337  6761 D MiuiRefreshRatePolicy: reset
03-23 08:39:01.622 24620 24661 I ActivityThread: TrafficStats init done
03-23 08:39:01.626  2337  2497 W SSRU-ResourceUsageProxy: Nonexistent ongoing transaction AW_TOP:243082291 for u:0 pkg:com.miui.home ended
03-23 08:39:01.626  2337  2510 D WallpaperWindowTokenImpl: setVisibility for WallpaperWindowToken{88446c1 showWhenLocked=true} isVisible=false mLastSurfaceShowing=false mEnforceApplyVisibility=true
03-23 08:39:01.626  2337  2507 D Aurogon :  uid = 10144 switch to BG
03-23 08:39:01.626  2337  2510 D WindowManager: New lock/shared screen wallpaper: Window{dab620 u0 com.miui.miwallpaper.wallpaperservice.ImageWallpaper}, prev: null
03-23 08:39:01.626  2337  2510 I WallpaperControllerImpl: updateWallpaperTokens requestedVisibility=false on keyguardLocked=false topWallpaper=Window{dab620 u0 com.miui.miwallpaper.wallpaperservice.ImageWallpaper}
03-23 08:39:01.626  2337  2510 D WindowManager: Wallpaper target=null prev=null
03-23 08:39:01.627  2337  2510 D BarFollowAnimation: pairAppearanceRegionAndWin win=Window{c89bee7 u0 com.android.settings/com.android.settings.MainSettings} 8
03-23 08:39:01.627  2337  2510 D BarFollowAnimation: isAppTaskBarOnTop win:Window{c89bee7 u0 com.android.settings/com.android.settings.MainSettings} (mCurrentTopTask:Task{5761c97 #1505 type=standard A=1000:com.android.settings.root} : true); (mAssociatedTask:Task{5761c97 #1505 type=standard A=1000:com.android.settings.root} : true); (mHomeTask:Task{8b0ad35 #1 type=home} : false); mReparentToOriginParent:false mLastAppBarVisible:true mLastHomeBarVisible:false
03-23 08:39:01.627  2337  2510 D MiuiRefreshRatePolicy: reset
03-23 08:39:01.629  2337  5657 D BroadcastQueue: Logging broadcast for com.miui.tsmclient, stopped=false, firstLaunch=false
03-23 08:39:01.630  2337  6634 D ActivityManager: Logging startService for com.miui.tsmclient, stopped=false, firstLaunch=false, intent=Intent { xflg=0x4 cmp=com.miui.tsmclient/com.xiaomi.mipush.sdk.MessageHandleService }, r.app=ProcessRecord{317d303 24415:com.miui.tsmclient/1027}
03-23 08:39:01.633  2337  5377 D ActivityManager: Logging startService for com.miui.tsmclient, stopped=false, firstLaunch=false, intent=Intent { xflg=0x4 cmp=com.miui.tsmclient/com.xiaomi.mipush.sdk.MessageHandleService }, r.app=ProcessRecord{317d303 24415:com.miui.tsmclient/1027}
03-23 08:39:01.633  2337  5657 D BroadcastQueue: Logging broadcast for com.miui.tsmclient, stopped=false, firstLaunch=false
03-23 08:39:01.634  2337  2510 D WallpaperWindowTokenImpl: setVisibility for WallpaperWindowToken{88446c1 showWhenLocked=true} isVisible=false mLastSurfaceShowing=false mEnforceApplyVisibility=true
03-23 08:39:01.637 24620 24661 I ActivityThread: Miui Feature Init done
03-23 08:39:01.640  2337  4939 I SSRU-CpuResourceTracker: MSG_CHECK_CPU_MONITOR_START
03-23 08:39:01.640  2337  4939 D SSRU-CpuResourceTracker: [start]cycle:120s
03-23 08:39:01.651  2337  5009 D ActivityManager: Logging bindService for com.miui.analytics, stopped=false, firstLaunch=false
03-23 08:39:01.652 24620 24620 I NativeTurboSchedManager: Load libmiui_runtime
03-23 08:39:01.652 24620 24620 E TurboSchedMonitor: failed to find setSchedAffinity method com.miui.cloudservice
03-23 08:39:01.653 24620 24620 E TurboSchedMonitor: failed to find setSchedAffinity method com.miui.cloudservice
03-23 08:39:01.653  2337  4648 W ActivityManager: pid 2337 system sent binder code 31101 with flags 0 to frozen apps and got error -74
03-23 08:39:01.659 24620 24620 E TurboSchedMonitor: failed to find setSchedAffinity method com.miui.cloudservice
03-23 08:39:01.660 24620 24620 E TurboSchedMonitor: failed to find setSchedAffinity method com.miui.cloudservice
03-23 08:39:01.669  2337  6647 I SmartPower: com.xiaomi.simactivate.service/10189(13289): idle->background(63376ms) R(service create com.xiaomi.simactivate.service/com.xiaomi.activate.ActivateService) adj=0.
03-23 08:39:01.669  2337  6647 D ActivityManager: Logging bindService for com.xiaomi.simactivate.service, stopped=false, firstLaunch=false
03-23 08:39:01.683 24620 24620 E TurboSchedMonitor: failed to find setSchedAffinity method com.miui.cloudservice
03-23 08:39:01.683 24620 24620 E TurboSchedMonitor: failed to find setSchedAffinity method com.miui.cloudservice
03-23 08:39:01.686  2337  5009 D CompatChangeReporter: Compat change id reported: 319212206; UID 10162; state: ENABLED
03-23 08:39:01.688 24620 24620 E TurboSchedMonitor: failed to find setSchedAffinity method com.miui.cloudservice
03-23 08:39:01.693 24620 24620 E TurboSchedMonitor: failed to find setSchedAffinity method com.miui.cloudservice
03-23 08:39:01.694 24620 24620 E TurboSchedMonitor: failed to find setSchedAffinity method com.miui.cloudservice
03-23 08:39:01.695 24620 24620 E TurboSchedMonitor: failed to find setSchedAffinity method com.miui.cloudservice
03-23 08:39:01.696  2337  6761 D ActivityManager: Logging startService for com.miui.cloudservice, stopped=false, firstLaunch=false, intent=Intent { xflg=0x4 cmp=com.miui.cloudservice/com.xiaomi.mipush.sdk.PushMessageHandler }, r.app=null
03-23 08:39:01.697  2337  6761 D VibratorManagerService: Starting vibrate for vibration 2507
03-23 08:39:01.697  2337  6761 D VibratorManagerService: Check AppOp mode VIBRATE for uid 1000 and package com.android.settings returned audio=allow, op=allow
03-23 08:39:01.697  2337  6761 D VibratorManagerServiceImpl: attrs = VibrationAttributes{mUsage=HARDWARE_FEEDBACK, mAudioUsage= USAGE_UNKNOWN, mFlags=0}, attrs.usage = 50
03-23 08:39:01.697  2337  6761 D VibratorManagerService: Starting vibration 2507 on thread
03-23 08:39:01.697  2337  6761 D VibratorManagerService: Start AppOp mode VIBRATE for uid 1000 and package com.android.settings returned allow
03-23 08:39:01.697  2337  6761 E VibratorManagerServiceImpl: vibrationThreadSetParameters
03-23 08:39:01.700  2337  5009 D ActivityManager: Logging startService for com.xiaomi.xmsf, stopped=false, firstLaunch=false, intent=Intent { xflg=0x4 pkg=com.xiaomi.xmsf cmp=com.xiaomi.xmsf/com.xiaomi.push.service.XMPushService (has extras) }, r.app=ProcessRecord{4ec849b 10621:com.xiaomi.xmsf/u0a200}
03-23 08:39:01.700 24620 24620 E TurboSchedMonitor: failed to find setSchedAffinity method com.miui.cloudservice
03-23 08:39:01.700  2337  2527 D BroadcastQueue: Logging broadcast for com.miui.cloudservice, stopped=false, firstLaunch=false
03-23 08:39:01.701 24620 24620 E TurboSchedMonitor: failed to find setSchedAffinity method com.miui.cloudservice
03-23 08:39:01.701  2337  5009 D ActivityManager: Logging startService for com.xiaomi.xmsf, stopped=false, firstLaunch=false, intent=Intent { xflg=0x4 pkg=com.xiaomi.xmsf cmp=com.xiaomi.xmsf/com.xiaomi.push.service.XMPushService (has extras) }, r.app=ProcessRecord{4ec849b 10621:com.xiaomi.xmsf/u0a200}
03-23 08:39:01.706  9474 23949 W PackageParser: Unknown element under <manifest>: queries at /data/user/0/com.phoenix.read/files/plugins/com.dragon.read.plugin.live/version-7131000/apk/base-1.apk Binary XML file line #28
03-23 08:39:01.709  2337  6634 D MiuiEmbeddingWindow: blacklistedAppRunningOnPhone: package=com.xiaomi.misettingsisNotProjeciton=true isHavingJeppackDisabledConfig=false isRunningOnPhone=true isAppleConnection=false
03-23 08:39:01.709  2337  6634 D MiuiEmbeddingWindow: MiuiEmbeddingWindowService: updateApplicationInfo for com.xiaomi.misettings, blacklistedAppRunningOnPhone updated: clear
03-23 08:39:01.709  2337  6634 I ActivityManager: Posting procStart msg for 0:com.xiaomi.misettings/1000
03-23 08:39:01.709  2337  6634 D ContentProviderHelper: Logging provider access for com.xiaomi.misettings, stopped=false, firstLaunch=false
03-23 08:39:01.710  2337  2528 W ActivityManager: Unknown package:com.xiaomi.aiservice
03-23 08:39:01.711  2337  6634 D CompatChangeReporter: Compat change id reported: 297989574; UID 10189; state: ENABLED
03-23 08:39:01.712  2337  5657 D ActivityManager: Logging startService for com.xiaomi.xmsf, stopped=false, firstLaunch=false, intent=Intent { act=com.xiaomi.mipush.SEND_MESSAGE xflg=0x4 pkg=com.xiaomi.xmsf cmp=com.xiaomi.xmsf/com.xiaomi.push.service.XMPushService (has extras) }, r.app=ProcessRecord{4ec849b 10621:com.xiaomi.xmsf/u0a200}
03-23 08:39:01.713  9474 23949 W PackageParser: Unknown element under <manifest>: meta-data at /data/user/0/com.phoenix.read/files/plugins/com.dragon.read.plugin.live/version-7131000/apk/base-1.apk Binary XML file line #69
03-23 08:39:01.713  9474 23949 W PackageParser: Unknown element under <manifest>: meta-data at /data/user/0/com.phoenix.read/files/plugins/com.dragon.read.plugin.live/version-7131000/apk/base-1.apk Binary XML file line #75
03-23 08:39:01.714  2337  5009 D ActivityManager: Logging startService for com.xiaomi.xmsf, stopped=false, firstLaunch=false, intent=Intent { act=action_cr_config xflg=0x4 pkg=com.xiaomi.xmsf cmp=com.xiaomi.xmsf/com.xiaomi.push.service.XMPushService (has extras) }, r.app=ProcessRecord{4ec849b 10621:com.xiaomi.xmsf/u0a200}
03-23 08:39:01.715  2337  6634 D ActivityManager: Logging startService for com.miui.cloudservice, stopped=false, firstLaunch=false, intent=Intent { xflg=0x4 cmp=com.miui.cloudservice/com.xiaomi.mipush.sdk.PushMessageHandler }, r.app=ProcessRecord{146ca43 24620:com.miui.cloudservice/u0a162}
03-23 08:39:01.716  2337  5377 D BroadcastQueue: Logging broadcast for com.miui.cloudservice, stopped=false, firstLaunch=false
03-23 08:39:01.718  2337  6634 D ActivityManager: Logging startService for com.miui.cloudservice, stopped=false, firstLaunch=false, intent=Intent { xflg=0x4 cmp=com.miui.cloudservice/com.xiaomi.mipush.sdk.MessageHandleService }, r.app=ProcessRecord{146ca43 24620:com.miui.cloudservice/u0a162}
03-23 08:39:01.721  2337  6634 D ActivityManager: Logging startService for com.miui.cloudservice, stopped=false, firstLaunch=false, intent=Intent { xflg=0x4 cmp=com.miui.cloudservice/com.xiaomi.mipush.sdk.MessageHandleService }, r.app=ProcessRecord{146ca43 24620:com.miui.cloudservice/u0a162}
03-23 08:39:01.721  2337  4648 W ActivityManager: pid 2337 system sent binder code 31101 with flags 0 to frozen apps and got error -74
03-23 08:39:01.721  2337  6634 D ActivityManager: Logging startService for com.miui.cloudservice, stopped=false, firstLaunch=false, intent=Intent { xflg=0x4 cmp=com.miui.cloudservice/com.xiaomi.mipush.sdk.MessageHandleService }, r.app=ProcessRecord{146ca43 24620:com.miui.cloudservice/u0a162}
03-23 08:39:01.722  2337  6634 D ActivityManager: Logging startService for com.miui.cloudservice, stopped=false, firstLaunch=false, intent=Intent { xflg=0x4 cmp=com.miui.cloudservice/com.xiaomi.mipush.sdk.MessageHandleService }, r.app=ProcessRecord{146ca43 24620:com.miui.cloudservice/u0a162}
03-23 08:39:01.723  2337  5657 D PackageManager: MIUILOG- Permission Denied Get Telephony identifier :  pkg : com.xiaomi.simactivate.service action : getDeviceId
03-23 08:39:01.727  2337  5657 I ActivityManager: unbindService com.android.server.am.ActiveServices@5d065e2 conn=android.os.BinderProxy@2bfb3c2 callingPid=24620
03-23 08:39:01.727  2337  5657 D CompatChangeReporter: Compat change id reported: 311208629; UID 10189; state: ENABLED
03-23 08:39:01.731  2337  5009 D ActivityManager: Logging bindService for com.xiaomi.simactivate.service, stopped=false, firstLaunch=false
03-23 08:39:01.739  2337  2528 I ActivityManager: Start proc 24758:com.xiaomi.misettings/1000 for content provider {com.xiaomi.misettings/com.android.settings.banner.BannerProvider} caller=com.android.settings
03-23 08:39:01.740  2337  2528 I ActivityManager: ProcessObserver broadcast disabled
03-23 08:39:01.740  2337  6647 D PackageManager: MIUILOG- Permission Denied Get Telephony identifier :  pkg : com.xiaomi.simactivate.service action : getDeviceId
03-23 08:39:01.741  2337  6647 I ActivityManager: unbindService com.android.server.am.ActiveServices@5d065e2 conn=android.os.BinderProxy@f782958 callingPid=24620
03-23 08:39:01.765  2337  6634 D VibratorManagerService: Vibration 2507 step 0 on vibrator 0 complete, notifying thread
03-23 08:39:01.769  2337  6761 D CompatChangeReporter: Compat change id reported: 311402873; UID 10162; state: ENABLED
03-23 08:39:01.769  2337  6761 D CompatChangeReporter: Compat change id reported: 323349338; UID 10162; state: ENABLED
03-23 08:39:01.770  2337  6761 E JobScheduler.SSRU: Job is being prepared but doesn't have a pre-existing accountToJobMap
03-23 08:39:01.772  2337  3540 D VibratorManagerService: VibrationThread released vibration 2507
03-23 08:39:01.772  2337  3540 D VibratorManagerServiceImpl: checkVibrationStop: vibrationId:2507
03-23 08:39:01.772  2337  3540 D VibratorManagerService: Finish AppOp mode VIBRATE for uid 1000 and package com.android.settings
03-23 08:39:01.773  2337  3540 D VibratorManagerService: Vibration for uid=1000 and with attrs=VibrationAttributes{mUsage=HARDWARE_FEEDBACK, mAudioUsage= USAGE_UNKNOWN, mFlags=0} ended with status FINISHED
03-23 08:39:01.774  2337  6761 D ActivityManager: Logging bindService for com.miui.cloudservice, stopped=false, firstLaunch=false
03-23 08:39:01.777  2337  4644 W ActivityManager: pid 2337 system sent binder code 1 with flags 1 to frozen apps and got error -32
03-23 08:39:01.778  2337  6761 D MiuiForceVkService: shouldUseVk, pkg=com.xiaomi.misettings useVk 0
03-23 08:39:01.778 24758 24758 I ActivityThread: Current dynamic renderEngine type=0
03-23 08:39:01.781  2337  4644 W ActivityManager: pid 2337 system sent binder code 1 with flags 1 to frozen apps and got error -32
03-23 08:39:01.782  2337  6761 I ActivityManager: unbindService com.android.server.am.ActiveServices@5d065e2 conn=android.app.LoadedApk$ServiceDispatcher$InnerConnection@14530ed callingPid=2337 callers: com.android.server.job.JobServiceContext.handleFinishedLocked:1412 com.android.server.job.JobServiceContext.doCallbackLocked:1288 com.android.server.job.JobServiceContext.doJobFinished:848 com.android.server.job.JobServiceContext$JobCallback.jobFinished:315 android.app.job.IJobCallback$Stub.onTransact:313 android.os.Binder.execTransactInternal:1428 android.os.Binder.execTransact:1372 <bottom of call stack> <bottom of call stack> <bottom of call stack> 
03-23 08:39:01.782  2337  6761 D CompatChangeReporter: Compat change id reported: 311208629; UID 10162; state: ENABLED
03-23 08:39:01.783  2337  6761 W SSRU-ResourceUsageProxy: No ongoing transactions for u:0 pkg:com.miui.cloudservice
03-23 08:39:01.785  2337  5657 I SmartPower: com.xiaomi.misettings/1000(24758): died->invisible(520411ms) R(process start ) adj=-10000.
03-23 08:39:01.792 24758 24780 D MiuiDownscaleImpl: set override inverted scale : 1.0
03-23 08:39:01.798  2337  4648 W ActivityManager: pid 2337 system sent binder code 31101 with flags 0 to frozen apps and got error -74
03-23 08:39:01.801  2337  6761 D ActivityManager: Logging bindService for com.xiaomi.account, stopped=false, firstLaunch=false
03-23 08:39:01.805  2337  5009 I ActivityManager: unbindService com.android.server.am.ActiveServices@5d065e2 conn=android.os.BinderProxy@82e0c7a callingPid=24620
03-23 08:39:01.806  2337  5009 D CompatChangeReporter: Compat change id reported: 311208629; UID 10170; state: ENABLED
03-23 08:39:01.826  2337  4597 D Aurogon :  onForegroundActivitiesChanged packageName = com.miui.home
03-23 08:39:01.852  2337  5009 D ActivityManager: Logging bindService for com.xiaomi.account, stopped=false, firstLaunch=false
03-23 08:39:01.853  2337  5009 I ActivityManager: unbindService com.android.server.am.ActiveServices@5d065e2 conn=android.os.BinderProxy@922081e callingPid=24620
03-23 08:39:01.856  9474  9474 E TurboSchedMonitor: failed to find setSchedAffinity method com.phoenix.read
03-23 08:39:01.861  9474  9474 E TurboSchedMonitor: failed to find setSchedAffinity method com.phoenix.read
03-23 08:39:01.866  2337  4648 W ActivityManager: pid 2337 system sent binder code 31101 with flags 0 to frozen apps and got error -74
03-23 08:39:01.871 24758 24808 D ActivityThread: the event that target app starts is : AppLaunchEvent{mType='441', mProcessName='com.xiaomi.misettings', mPackageName='com.xiaomi.misettings', mIsMainProcess='true', mVersionCode='251211320', mVersionName='', mLaunchTime='2026-03-23'}
03-23 08:39:01.871 24758 24788 I ActivityThread: TrafficStats init done
03-23 08:39:01.880 24758 24788 I ActivityThread: Miui Feature Init done
03-23 08:39:01.881  2337  4939 W ProcessCpuTracker: Failed to stat(/proc/24704): android.system.ErrnoException: stat failed: ENOENT (No such file or directory)
03-23 08:39:01.882  2337  4939 W ProcessCpuTracker: Skipping unknown process pid 24704
03-23 08:39:01.882  2337  4939 W ProcessCpuTracker: Failed to stat(/proc/24709): android.system.ErrnoException: stat failed: ENOENT (No such file or directory)
03-23 08:39:01.882  2337  4939 W ProcessCpuTracker: Skipping unknown process pid 24709
03-23 08:39:01.892  2337  4939 D SSRU-CpuResourceTracker: [deal]doCpuMonitor:AppCpuState{uid=0, pkgName='ROOT', usages=27.425, duringTime=1082285, details={kswapd0=2.163, crtc_commit_203=2.778, supervisor=1.205}, state=0, stateUpdateTime={}, restricter=0}
03-23 08:39:01.893  2337  4939 D SSRU-CpuResourceTracker: [deal]doCpuMonitor:AppCpuState{uid=1000, pkgName='pkg_1000', usages=65.401, duringTime=601032, details={mifaced=5.039, com.android.systemui=7.034, android.system.suspend-service=11.348, system_server=20.631, surfaceflinger=6.794}, state=0, stateUpdateTime={}, restricter=0}
03-23 08:39:01.893  2337  4939 D SSRU-CpuResourceTracker: [deal]doCpuMonitor:AppCpuState{uid=1001, pkgName='pkg_1001', usages=4.199, duringTime=480787, details={nicmd=0.199, qcrilNrd=0.332, com.android.phone=1.804, shsusrd=0.914}, state=0, stateUpdateTime={}, restricter=0}
03-23 08:39:01.893  2337  4939 D SSRU-CpuResourceTracker: [deal]doCpuMonitor:AppCpuState{uid=1002, pkgName='pkg_1002', usages=3.433, duringTime=120260, details={android.hardware.bluetooth@1.1-service-qti=0.191, com.xiaomi.bluetooth=2.436, com.android.bluetooth=0.806}, state=0, stateUpdateTime={}, restricter=0}
03-23 08:39:01.893  2337  4939 D SSRU-CpuResourceTracker: [deal]doCpuMonitor:AppCpuState{uid=1010, pkgName='pkg_1010', usages=0.405, duringTime=120257, details={android.hardware.wifi-service=0.332, wpa_supplicant=0.049, wificond=0.024}, state=0, stateUpdateTime={}, restricter=0}
03-23 08:39:01.893  2337  4939 D SSRU-CpuResourceTracker: [deal]doCpuMonitor:AppCpuState{uid=1013, pkgName='pkg_1013', usages=0.061, duringTime=240400, details={android.hardware.drm-service.widevine=0.033, audioadsprpcd=0.024, media.metrics=0.004}, state=0, stateUpdateTime={}, restricter=0}
03-23 08:39:01.893  2337  4939 D SSRU-CpuResourceTracker: [deal]doCpuMonitor:AppCpuState{uid=1017, pkgName='pkg_1017', usages=0.199, duringTime=120188, details={keystore2=0.199}, state=0, stateUpdateTime={}, restricter=0}
03-23 08:39:01.893  2337  4939 D SSRU-CpuResourceTracker: [deal]doCpuMonitor:AppCpuState{uid=1021, pkgName='pkg_1021', usages=0.11, duringTime=480785, details={android.hardware.gnss-aidl-service-qti=0.074, lowi-server=0.016, mlid=0.004, xtra-daemon=0.016}, state=0, stateUpdateTime={}, restricter=0}
03-23 08:39:01.893  2337  4939 D SSRU-CpuResourceTracker: [deal]doCpuMonitor:AppCpuState{uid=1027, pkgName='pkg_1027', usages=0.206, duringTime=120261, details={com.miui.tsmclient=0.0, com.android.nfc=0.099, com.miui.tsmclient_daemon=0.041, com.st.android.nfc_extensions_16=0.033, android.hardware.nqnfc-service.nxp=0.033}, state=0, stateUpdateTime={}, restricter=0}
03-23 08:39:01.893  2337  4939 D SSRU-CpuResourceTracker: [deal]doCpuMonitor:AppCpuState{uid=1036, pkgName='pkg_1036', usages=26.391, duringTime=120190, details={logd=26.391}, state=0, stateUpdateTime={}, restricter=0}
03-23 08:39:01.893  2337  4939 D SSRU-CpuResourceTracker: [deal]doCpuMonitor:AppCpuState{uid=1041, pkgName='pkg_1041', usages=0.964, duringTime=120247, details={audioserver=0.424, android.hardware.audio.service_64=0.54}, state=0, stateUpdateTime={}, restricter=0}
03-23 08:39:01.893  2337  4939 D SSRU-CpuResourceTracker: [deal]doCpuMonitor:AppCpuState{uid=1046, pkgName='pkg_1046', usages=0.055, duringTime=480780, details={media.hwcodec=0.049, vppservice=0.006}, state=0, stateUpdateTime={}, restricter=0}
03-23 08:39:01.893  2337  4939 D SSRU-CpuResourceTracker: [deal]doCpuMonitor:AppCpuState{uid=1047, pkgName='pkg_1047', usages=3.6, duringTime=120257, details={vendor.qti.camera.provider-service_64=3.018, cameraserver=0.582}, state=0, stateUpdateTime={}, restricter=0}
03-23 08:39:01.893  2337  4939 D SSRU-CpuResourceTracker: [deal]doCpuMonitor:AppCpuState{uid=1053, pkgName='pkg_1053', usages=0.002, duringTime=480786, details={webview_zygote=0.002}, state=0, stateUpdateTime={}, restricter=0}
03-23 08:39:01.893  2337  4939 D SSRU-CpuResourceTracker: [deal]doCpuMonitor:AppCpuState{uid=1069, pkgName='pkg_1069', usages=0.224, duringTime=120190, details={lmkd=0.224}, state=0, stateUpdateTime={}, restricter=0}
03-23 08:39:01.893  2337  4939 D SSRU-CpuResourceTracker: [deal]doCpuMonitor:AppCpuState{uid=1072, pkgName='pkg_1072', usages=0.008, duringTime=120247, details={gpuservice=0.008}, state=0, stateUpdateTime={}, restricter=0}
03-23 08:39:01.893  2337  4939 D SSRU-CpuResourceTracker: [deal]doCpuMonitor:AppCpuState{uid=1073, pkgName='pkg_1073', usages=0.44, duringTime=120261, details={com.android.networkstack.process=0.44}, state=0, stateUpdateTime={}, restricter=0}
03-23 08:39:01.893  2337  4939 D SSRU-CpuResourceTracker: [deal]doCpuMonitor:AppCpuState{uid=1092, pkgName='pkg_1092', usages=0.024, duringTime=120181, details={prng_seeder=0.024}, state=0, stateUpdateTime={}, restricter=0}
03-23 08:39:01.893  2337  4939 D SSRU-CpuResourceTracker: [deal]doCpuMonitor:AppCpuState{uid=2000, pkgName='pkg_2000', usages=1.937, duringTime=120260, details={adbd=1.937}, state=0, stateUpdateTime={}, restricter=0}
03-23 08:39:01.893  2337  4939 D SSRU-CpuResourceTracker: [deal]doCpuMonitor:AppCpuState{uid=2903, pkgName='pkg_2903', usages=0.033, duringTime=120252, details={tftp_server=0.033}, state=0, stateUpdateTime={}, restricter=0}
03-23 08:39:01.893  2337  4939 D SSRU-CpuResourceTracker: [deal]doCpuMonitor:AppCpuState{uid=2910, pkgName='pkg_2910', usages=0.001, duringTime=600977, details={android.hardware.security.keymint-service.strongbox-nxp=0.001}, state=0, stateUpdateTime={}, restricter=0}
03-23 08:39:01.893  2337  4939 D SSRU-CpuResourceTracker: [deal]doCpuMonitor:AppCpuState{uid=6110, pkgName='pkg_6110', usages=0.124, duringTime=120260, details={com.xiaomi.finddevice=0.124}, state=0, stateUpdateTime={}, restricter=0}
03-23 08:39:01.893  2337  4939 D SSRU-CpuResourceTracker: [deal]doCpuMonitor:AppCpuState{uid=9999, pkgName='pkg_9999', usages=0.123, duringTime=120257, details={vendor.qti.hardware.memtrack-service=0.058, traced_probes=0.008, traced=0.016, rmt_storage=0.041}, state=0, stateUpdateTime={}, restricter=0}
03-23 08:39:01.893  2337  4939 D SSRU-CpuResourceTracker: [deal]doCpuMonitor:AppCpuState{uid=10084, pkgName='com.miui.rom', usages=0.041, duringTime=120249, details={system=0.041}, state=0, stateUpdateTime={}, restricter=0}
03-23 08:39:01.893  2337  4939 D SSRU-CpuResourceTracker: [deal]doCpuMonitor:AppCpuState{uid=10085, pkgName='com.android.calllogbackup', usages=0.041, duringTime=120252, details={android.process.acore=0.041}, state=0, stateUpdateTime={}, restricter=0}
03-23 08:39:01.893  2337  4939 D SSRU-CpuResourceTracker: [deal]doCpuMonitor:AppCpuState{uid=10089, pkgName='com.android.providers.media', usages=0.091, duringTime=120178, details={android.process.media=0.091}, state=0, stateUpdateTime={}, restricter=0}
03-23 08:39:01.893  2337  4939 D SSRU-CpuResourceTracker: [deal]doCpuMonitor:AppCpuState{uid=10095, pkgName='com.android.htmlviewer', usages=0.058, duringTime=120258, details={com.android.htmlviewer_remote=0.058, com.android.htmlviewer=0.0}, state=0, stateUpdateTime={}, restricter=0}
03-23 08:39:01.893  2337  4939 D SSRU-CpuResourceTracker: [deal]doCpuMonitor:AppCpuState{uid=10115, pkgName='com.qualcomm.qti.cne', usages=0.124, duringTime=120261, details={.qtidataservices=0.124}, state=0, stateUpdateTime={}, restricter=0}
03-23 08:39:01.893  2337  4939 D SSRU-CpuResourceTracker: [deal]doCpuMonitor:AppCpuState{uid=10117, pkgName='vendor.qti.data.txpwradmin', usages=0.033, duringTime=120261, details={.qms=0.033}, state=0, stateUpdateTime={}, restricter=0}
03-23 08:39:01.893  2337  4939 D SSRU-CpuResourceTracker: [deal]doCpuMonitor:AppCpuState{uid=10128, pkgName='com.xiaomi.aicr', usages=0.464, duringTime=120259, details={com.xiaomi.aicr_clipAlgo=0.0, com.xiaomi.aicr_coreService=0.049, com.xiaomi.aicr_cognitionService=0.324, com.xiaomi.aicr_searchDataService_ui=0.0, com.xiaomi.aicr=0.091}, state=0, stateUpdateTime={}, restricter=0}
03-23 08:39:01.893  2337  4939 D SSRU-CpuResourceTracker: [deal]doCpuMonitor:AppCpuState{uid=10129, pkgName='com.google.android.gms', usages=0.898, duringTime=120257, details={com.google.android.gms.persistent=0.607, com.google.android.gms=0.291}, state=0, stateUpdateTime={}, restricter=0}
03-23 08:39:01.893  2337  4939 D SSRU-CpuResourceTracker: [deal]doCpuMonitor:AppCpuState{uid=10133, pkgName='com.android.contacts', usages=0.058, duringTime=120256, details={com.android.contacts=0.058}, state=0, stateUpdateTime={1=43976871}, restricter=0}
03-23 08:39:01.893  2337  4939 D SSRU-CpuResourceTracker: [deal]doCpuMonitor:AppCpuState{uid=10134, pkgName='com.miui.personalassistant', usages=0.166, duringTime=120249, details={com.miui.personalassistant=0.166}, state=0, stateUpdateTime={}, restricter=0}
03-23 08:39:01.893  2337  4939 D SSRU-CpuResourceTracker: [deal]doCpuMonitor:AppCpuState{uid=10135, pkgName='com.android.quicksearchbox', usages=0.199, duringTime=120248, details={com.android.quicksearchbox=0.199}, state=0, stateUpdateTime={}, restricter=0}
03-23 08:39:01.893  2337  4939 D SSRU-CpuResourceTracker: [deal]doCpuMonitor:AppCpuState{uid=10137, pkgName='com.xiaomi.metoknlp', usages=0.166, duringTime=120247, details={com.xiaomi.metoknlp=0.166}, state=0, stateUpdateTime={}, restricter=0}
03-23 08:39:01.893  2337  4939 D SSRU-CpuResourceTracker: [deal]doCpuMonitor:AppCpuState{uid=10142, pkgName='com.android.mms', usages=0.207, duringTime=120257, details={com.android.mms_mms_service=0.207, com.android.mms=0.0}, state=0, stateUpdateTime={}, restricter=0}
03-23 08:39:01.893  2337  4939 D SSRU-CpuResourceTracker: [deal]doCpuMonitor:AppCpuState{uid=10143, pkgName='com.android.camera', usages=0.174, duringTime=120260, details={com.android.camera=0.174}, state=0, stateUpdateTime={}, restricter=0}
03-23 08:39:01.893  2337  4939 D SSRU-CpuResourceTracker: [deal]doCpuMonitor:AppCpuState{uid=10144, pkgName='com.miui.home', usages=1.43, duringTime=120259, details={com.miui.home=1.43}, state=0, stateUpdateTime={1=44508302}, restricter=0}
03-23 08:39:01.893  2337  4939 D SSRU-CpuResourceTracker: [deal]doCpuMonitor:AppCpuState{uid=10145, pkgName='com.miui.analytics', usages=0.972, duringTime=120248, details={com.miui.analytics=0.972}, state=0, stateUpdateTime={}, restricter=0}
03-23 08:39:01.893  2337  4939 D SSRU-CpuResourceTracker: [deal]doCpuMonitor:AppCpuState{uid=10148, pkgName='com.qualcomm.atfwd2', usages=0.149, duringTime=120261, details={com.qti.phone=0.149}, state=0, stateUpdateTime={}, restricter=0}
03-23 08:39:01.893  2337  4939 D SSRU-CpuResourceTracker: [deal]doCpuMonitor:AppCpuState{uid=10155, pkgName='org.ifaa.aidl.manager', usages=0.041, duringTime=120248, details={org.ifaa.aidl.manager=0.041}, state=0, stateUpdateTime={}, restricter=0}
03-23 08:39:01.893  2337  4939 D SSRU-CpuResourceTracker: [deal]doCpuMonitor:AppCpuState{uid=10159, pkgName='com.miui.hybrid', usages=0.041, duringTime=120245, details={com.miui.hybrid=0.041}, state=0, stateUpdateTime={}, restricter=0}
03-23 08:39:01.893  2337  4939 D SSRU-CpuResourceTracker: [deal]doCpuMonitor:AppCpuState{uid=10161, pkgName='com.miui.phrase', usages=0.049, duringTime=120250, details={com.miui.phrase=0.049}, state=0, stateUpdateTime={}, restricter=0}
03-23 08:39:01.893  2337  4939 D SSRU-CpuResourceTracker: [deal]doCpuMonitor:AppCpuState{uid=10162, pkgName='com.miui.micloudsync', usages=0.0, duringTime=0, details={com.miui.cloudservice=0.0, com.miui.cloudservice_galleryproxy=0.0}, state=0, stateUpdateTime={}, restricter=0}
03-23 08:39:01.893  2337  4939 D SSRU-CpuResourceTracker: [deal]doCpuMonitor:AppCpuState{uid=10163, pkgName='com.miui.guardprovider', usages=0.282, duringTime=120257, details={com.miui.guardprovider=0.282}, state=0, stateUpdateTime={}, restricter=0}
03-23 08:39:01.893  2337  4939 D SSRU-CpuResourceTracker: [deal]doCpuMonitor:AppCpuState{uid=10169, pkgName='com.miui.systemAdSolution', usages=0.116, duringTime=120257, details={com.miui.systemAdSolution=0.116}, state=0, stateUpdateTime={}, restricter=0}
03-23 08:39:01.893  2337  4939 D SSRU-CpuResourceTracker: [deal]doCpuMonitor:AppCpuState{uid=10170, pkgName='com.xiaomi.account', usages=0.0, duringTime=0, details={com.xiaomi.account=0.0}, state=0, stateUpdateTime={}, restricter=0}
03-23 08:39:01.893  2337  4939 D SSRU-CpuResourceTracker: [deal]doCpuMonitor:AppCpuState{uid=10173, pkgName='com.miui.misound', usages=0.041, duringTime=120259, details={com.miui.misound=0.041}, state=0, stateUpdateTime={}, restricter=0}
03-23 08:39:01.893  2337  4939 D SSRU-CpuResourceTracker: [deal]doCpuMonitor:AppCpuState{uid=10174, pkgName='com.milink.service', usages=0.0, duringTime=0, details={com.milink.service_audio=0.0}, state=0, stateUpdateTime={}, restricter=0}
03-23 08:39:01.893  2337  4939 D SSRU-CpuResourceTracker: [deal]doCpuMonitor:AppCpuState{uid=10180, pkgName='com.tencent.soter.soterserver', usages=0.033, duringTime=120249, details={com.tencent.soter.soterserver=0.033}, state=0, stateUpdateTime={}, restricter=0}
03-23 08:39:01.893  2337  4939 D SSRU-CpuResourceTracker: [deal]doCpuMonitor:AppCpuState{uid=10182, pkgName='com.sohu.inputmethod.sogou.xiaomi', usages=0.39, duringTime=120247, details={com.sohu.inputmethod.sogou.xiaomi=0.39}, state=0, stateUpdateTime={}, restricter=0}
03-23 08:39:01.893  2337  4939 D SSRU-CpuResourceTracker: [deal]doCpuMonitor:AppCpuState{uid=10186, pkgName='com.xiaomi.xmsfkeeper', usages=0.041, duringTime=120249, details={com.xiaomi.xmsfkeeper=0.041}, state=0, stateUpdateTime={}, restricter=0}
03-23 08:39:01.893  2337  4939 D SSRU-CpuResourceTracker: [deal]doCpuMonitor:AppCpuState{uid=10188, pkgName='com.miui.miwallpaper', usages=0.133, duringTime=120260, details={com.miui.miwallpaper=0.133}, state=0, stateUpdateTime={}, restricter=0}
03-23 08:39:01.893  2337  4939 D SSRU-CpuResourceTracker: [deal]doCpuMonitor:AppCpuState{uid=10189, pkgName='com.xiaomi.simactivate.service', usages=0.0, duringTime=0, details={com.xiaomi.simactivate.service=0.0}, state=0, stateUpdateTime={}, restricter=0}
03-23 08:39:01.893  2337  4939 D SSRU-CpuResourceTracker: [deal]doCpuMonitor:AppCpuState{uid=10190, pkgName='com.miui.voiceassist', usages=0.066, duringTime=120250, details={com.miui.voiceassist_core=0.066}, state=0, stateUpdateTime={}, restricter=0}
03-23 08:39:01.893  2337  4939 D SSRU-CpuResourceTracker: [deal]doCpuMonitor:AppCpuState{uid=10191, pkgName='com.miui.core', usages=0.133, duringTime=120256, details={com.miui.core=0.133}, state=0, stateUpdateTime={}, restricter=0}
03-23 08:39:01.893  2337  4939 D SSRU-CpuResourceTracker: [deal]doCpuMonitor:AppCpuState{uid=10197, pkgName='com.xiaomi.ab', usages=0.0, duringTime=0, details={com.xiaomi.ab=0.0}, state=0, stateUpdateTime={}, restricter=0}
03-23 08:39:01.893  2337  4939 D SSRU-CpuResourceTracker: [deal]doCpuMonitor:AppCpuState{uid=10200, pkgName='com.xiaomi.xmsf', usages=0.581, duringTime=120258, details={com.xiaomi.xmsf_persistent=0.066, com.xiaomi.xmsf=0.374, com.xiaomi.xmsf_services=0.141}, state=0, stateUpdateTime={}, restricter=0}
03-23 08:39:01.893  2337  4939 D SSRU-CpuResourceTracker: [deal]doCpuMonitor:AppCpuState{uid=10206, pkgName='com.lbe.security.miui', usages=0.149, duringTime=120245, details={com.lbe.security.miui=0.149}, state=0, stateUpdateTime={}, restricter=0}
03-23 08:39:01.893  2337  4939 D SSRU-CpuResourceTracker: [deal]doCpuMonitor:AppCpuState{uid=10221, pkgName='vendor.qti.bluetooth.xpan', usages=0.033, duringTime=120260, details={vendor.qti.bluetooth.xpan=0.033}, state=0, stateUpdateTime={}, restricter=0}
03-23 08:39:01.893  2337  4939 D SSRU-CpuResourceTracker: [deal]doCpuMonitor:AppCpuState{uid=10222, pkgName='com.qualcomm.location', usages=0.074, duringTime=120248, details={com.qualcomm.location=0.074}, state=0, stateUpdateTime={}, restricter=0}
03-23 08:39:01.893  2337  4939 D SSRU-CpuResourceTracker: [deal]doCpuMonitor:AppCpuState{uid=10224, pkgName='org.codeaurora.ims', usages=0.058, duringTime=120261, details={org.codeaurora.ims=0.058}, state=0, stateUpdateTime={}, restricter=0}
03-23 08:39:01.893  2337  4939 D SSRU-CpuResourceTracker: [deal]doCpuMonitor:AppCpuState{uid=10234, pkgName='com.android.smspush', usages=0.024, duringTime=120258, details={com.android.smspush=0.024}, state=0, stateUpdateTime={}, restricter=0}
03-23 08:39:01.893  2337  4939 D SSRU-CpuResourceTracker: [deal]doCpuMonitor:AppCpuState{uid=10235, pkgName='com.qti.qcc', usages=0.033, duringTime=120257, details={com.qti.qcc=0.033}, state=0, stateUpdateTime={}, restricter=0}
03-23 08:39:01.893  2337  4939 D SSRU-CpuResourceTracker: [deal]doCpuMonitor:AppCpuState{uid=10252, pkgName='android.ext.services', usages=0.141, duringTime=120252, details={android.ext.services=0.141}, state=0, stateUpdateTime={}, restricter=0}
03-23 08:39:01.893  2337  4939 D SSRU-CpuResourceTracker: [deal]doCpuMonitor:AppCpuState{uid=10257, pkgName='com.android.providers.media.module', usages=0.498, duringTime=120250, details={com.android.providers.media.module=0.498}, state=0, stateUpdateTime={}, restricter=0}
03-23 08:39:01.893  2337  4939 D SSRU-CpuResourceTracker: [deal]doCpuMonitor:AppCpuState{uid=10267, pkgName='com.android.permissioncontroller', usages=0.0, duringTime=0, details={com.android.permissioncontroller=0.0}, state=0, stateUpdateTime={}, restricter=0}
03-23 08:39:01.893  2337  4939 D SSRU-CpuResourceTracker: [deal]doCpuMonitor:AppCpuState{uid=10272, pkgName='com.miui.mediaeditor', usages=0.116, duringTime=120249, details={com.miui.mediaeditor=0.116}, state=0, stateUpdateTime={}, restricter=0}
03-23 08:39:01.893  2337  4939 D SSRU-CpuResourceTracker: [deal]doCpuMonitor:AppCpuState{uid=10283, pkgName='com.miui.gallery', usages=0.0, duringTime=0, details={com.miui.gallery_provideData=0.0, com.miui.gallery=0.0}, state=0, stateUpdateTime={}, restricter=0}
03-23 08:39:01.893  2337  4939 D SSRU-CpuResourceTracker: [deal]doCpuMonitor:AppCpuState{uid=10286, pkgName='com.miui.newhome', usages=0.058, duringTime=120256, details={com.miui.newhome_launcher=0.058}, state=0, stateUpdateTime={}, restricter=0}
03-23 08:39:01.893  2337  4939 D SSRU-CpuResourceTracker: [deal]doCpuMonitor:AppCpuState{uid=10288, pkgName='com.miui.notes', usages=0.049, duringTime=120257, details={com.miui.notes=0.049}, state=0, stateUpdateTime={}, restricter=0}
03-23 08:39:01.893  2337  4939 D SSRU-CpuResourceTracker: [deal]doCpuMonitor:AppCpuState{uid=10292, pkgName='com.android.soundrecorder', usages=0.0, duringTime=0, details={com.android.soundrecorder=0.0}, state=0, stateUpdateTime={}, restricter=0}
03-23 08:39:01.893  2337  4939 D SSRU-CpuResourceTracker: [deal]doCpuMonitor:AppCpuState{uid=10329, pkgName='com.phoenix.read', usages=0.911, duringTime=480769, details={com.phoenix.read=0.911}, state=0, stateUpdateTime={1=44506803}, restricter=0}
03-23 08:39:01.893  2337  4939 D SSRU-CpuResourceTracker: [deal]doCpuMonitor:AppCpuState{uid=10332, pkgName='com.miui.weather2', usages=0.099, duringTime=120256, details={com.miui.weather2=0.099}, state=0, stateUpdateTime={}, restricter=0}
03-23 08:39:01.893  2337  4939 D SSRU-CpuResourceTracker: [deal]doCpuMonitor:AppCpuState{uid=10340, pkgName='com.omarea.vtools', usages=1.122, duringTime=120258, details={com.omarea.vtools=1.122}, state=0, stateUpdateTime={}, restricter=0}
03-23 08:39:01.893  2337  4939 D SSRU-CpuResourceTracker: [deal]doCpuMonitor:AppCpuState{uid=10345, pkgName='com.jingdong.app.mall', usages=0.0, duringTime=0, details={com.jingdong.app.mall_widgetProcess=0.0}, state=0, stateUpdateTime={}, restricter=0}
03-23 08:39:01.893  2337  4939 D SSRU-CpuResourceTracker: [deal]doCpuMonitor:AppCpuState{uid=10382, pkgName='com.tencent.mm', usages=6.027, duringTime=120258, details={com.tencent.mm_push=1.538, com.tencent.mm_appbrand1=0.781, com.tencent.mm=3.708}, state=0, stateUpdateTime={1=44389168, 2=44076336}, restricter=1}
03-23 08:39:01.893  2337  4939 D SSRU-CpuResourceTracker: [deal]doCpuMonitor:AppCpuState{uid=10386, pkgName='com.tencent.mobileqq', usages=0.74, duringTime=120179, details={com.tencent.mobileqq_MSF=0.366, com.tencent.mobileqq=0.374}, state=0, stateUpdateTime={}, restricter=1}
03-23 08:39:01.893  2337  4939 D SSRU-CpuResourceTracker: [deal]doCpuMonitor:AppCpuState{uid=99060, pkgName='pkg_99060', usages=0.016, duringTime=120257, details={com.google.android.webview_sandboxed_process0_org.chromium.content.app.SandboxedProcessService0_0=0.016}, state=0, stateUpdateTime={}, restricter=0}
03-23 08:39:01.893  2337  4939 D SSRU-CpuResourceTracker: [deal]doCpuMonitor:AppCpuState{uid=99910145, pkgName='com.miui.analytics', usages=0.349, duringTime=120178, details={com.miui.analytics=0.349}, state=0, stateUpdateTime={}, restricter=0}
03-23 08:39:01.893  2337  4939 D SSRU-CpuResourceTracker: [deal]doCpuMonitor:AppCpuState{uid=99910382, pkgName='com.tencent.mm', usages=1.812, duringTime=120258, details={com.tencent.mm_push=1.122, com.tencent.mm=0.69}, state=0, stateUpdateTime={}, restricter=1}
03-23 08:39:01.893  2337  4649 I SmartPower: com.miui.weather2/10332(13994): background->idle(3001ms) R(content provider start ContentProviderRecord{e8b91a0 u0 com.miui.weather2/.providers.WeatherProvider}) adj=100.
03-23 08:39:01.907 24758 24758 W ContextImpl: Calling a method in the system process without a qualified user: android.app.ContextImpl.bindService:2102 android.content.ContextWrapper.bindService:907 m1.w.<init>:93 m1.a0.b:656 m9.j.get:1008 
03-23 08:39:01.908  2337  5009 D ActivityManager: Logging bindService for com.xiaomi.misettings, stopped=false, firstLaunch=false
03-23 08:39:01.908 24758 24758 W ContextImpl: Calling a method in the system process without a qualified user: android.app.ContextImpl.bindService:2102 android.content.ContextWrapper.bindService:907 m1.w.<init>:93 m1.a0.b:656 m9.j.get:607 
03-23 08:39:01.908  2337  6634 D ActivityManager: Logging bindService for com.xiaomi.misettings, stopped=false, firstLaunch=false
03-23 08:39:01.916 24758 24758 I NativeTurboSchedManager: Load libmiui_runtime
03-23 08:39:01.918 24758 24835 W ContextImpl: Calling a method in the system process without a qualified user: android.app.ContextImpl.bindService:2102 android.content.ContextWrapper.bindService:907 com.xiaomi.onetrack.api.az.e:5 com.xiaomi.onetrack.api.az.d:3 com.xiaomi.onetrack.api.az.i:1 
03-23 08:39:01.918  2337  5009 D ActivityManager: Logging bindService for com.miui.analytics, stopped=false, firstLaunch=false
03-23 08:39:01.933  2337  6634 D PackageManager: set app component=ComponentInfo{com.xiaomi.misettings/com.xiaomi.misettings.usagestats.AppStartTimerReceiver} enabled state: 2 from com.xiaomi.misettings,uid=1000,pid=24758
03-23 08:39:01.935  2337  3934 D NetworkMetricsTracker: handleMessage:4
03-23 08:39:01.947  2337  4648 W ActivityManager: pid 2337 system sent binder code 31101 with flags 0 to frozen apps and got error -74
03-23 08:39:02.015  2337  4648 W ActivityManager: pid 2337 system sent binder code 31101 with flags 0 to frozen apps and got error -74
03-23 08:39:02.026  2337  2533 I ExtM    : reportMemPressure: 1, start flush
03-23 08:39:02.027  2337  4775 E ExtM    : can_flush_idle_pages:144726 flush_number_adjust: 20000
03-23 08:39:02.027  2337  4775 D MFZ     : Report MEM_PRESSURE_LOW!  Flush Level is: 5 Need Flush: 20000 pages 
03-23 08:39:02.027  2337  4775 D MFZ     : before Flush idle_stats: 30547 70825 44608 12 111864 0 70 455 1121 31216
03-23 08:39:02.027  2337  4775 W ExtM    : Flush thread start , 20000 pages need to flush
03-23 08:39:02.030 24891 24891 D vold    : maxCpuFreq3148800
03-23 08:39:02.031 24891 24891 D vold    : maxCpuFreq2956800
03-23 08:39:02.031 24891 24891 D vold    : set cpu affinity policy success
03-23 08:39:02.081  2337  4648 W ActivityManager: pid 2337 system sent binder code 31101 with flags 0 to frozen apps and got error -74
03-23 08:39:02.101  2337  6647 D ActivityManager: Logging bindService for com.xiaomi.account, stopped=false, firstLaunch=false
03-23 08:39:02.102  2337  6647 I ActivityManager: unbindService com.android.server.am.ActiveServices@5d065e2 conn=android.os.BinderProxy@178effa callingPid=24620
03-23 08:39:02.106  2337  6761 W ActivityTaskManager: MANAGE_ACTIVITY_STACKS is deprecated, please use alternative permission: MANAGE_ACTIVITY_TASKS
03-23 08:39:02.148  2337  4648 W ActivityManager: pid 2337 system sent binder code 31101 with flags 0 to frozen apps and got error -74
03-23 08:39:02.150  2337  6647 W ActivityManager: Background start not allowed: service Intent { act=android.net.conn.CONNECTIVITY_CHANGE xflg=0x4 cmp=com.phoenix.read/com.ss.android.socialbase.downloader.notification.DownloadNotificationService } to com.phoenix.read/com.ss.android.socialbase.downloader.notification.DownloadNotificationService from pid=9474 uid=10329 pkg=com.phoenix.read startFg?=false
03-23 08:39:02.214  2337  4648 W ActivityManager: pid 2337 system sent binder code 31101 with flags 0 to frozen apps and got error -74
03-23 08:39:02.239  2337  6647 W ContentProviderHelper: There are some problems with this provider record: com.bytedance.ies.ugc.aha.util.AhaInitializerProvider is null
03-23 08:39:02.239  2337  6647 W ContentProviderHelper: There are some problems with this provider record: com.bytedance.android.live.core.utils.TTLiveFileProvider is null
03-23 08:39:02.239  2337  6647 W ContentProviderHelper: There are some problems with this provider record: com.bytedance.android.gamecp.business.download.predownload.GameResContentProvider is null
03-23 08:39:02.239  2337  6647 W ContentProviderHelper: There are some problems with this provider record: com.bytedance.android.ec.base.init.ECInitializerProvider is null
03-23 08:39:02.239  2337  6647 W ContentProviderHelper: There are some problems with this provider record: com.bytedance.android.tetrisinspectorsdk.TetrisDumpContentProvider is null
03-23 08:39:02.239  2337  6647 W ContentProviderHelper: There are some problems with this provider record: com.bytedance.keva.ext.fast.KevaMultiProcessContentProvider is null
03-23 08:39:02.279  2337  4648 W ActivityManager: pid 2337 system sent binder code 31101 with flags 0 to frozen apps and got error -74
03-23 08:39:02.347  2337  4648 W ActivityManager: pid 2337 system sent binder code 31101 with flags 0 to frozen apps and got error -74
03-23 08:39:02.360  2337 11912 D PreStartingCapture: Remove bitmap after load, pkg: com.android.settings  mBitmapDrawableCache: {}
03-23 08:39:02.412  2337  4648 W ActivityManager: pid 2337 system sent binder code 31101 with flags 0 to frozen apps and got error -74
03-23 08:39:02.474  2337  2509 I MiuiSplitInputMethodImpl: Skip onPointerDownOutsideFocusLocked
03-23 08:39:02.475  2337  2509 I MiuiSplitInputMethodImpl: Skip onPointerDownOutsideFocusLocked
03-23 08:39:02.475  2337  2509 I MiuiSplitInputMethodImpl: Skip onPointerDownOutsideFocusLocked
03-23 08:39:02.475  2337  4656 I ProcessManager: getRenderThreadTidByPid, caller=2337
03-23 08:39:02.476  5421  5594 D MiuiFreeformModeGestureHandler: start handle MotionEvents:(564.75,2007.0)
03-23 08:39:02.479 13327 13327 D VRI[MainSettings]: getMiuiFreeformStackInfo mTmpFrames.miuiFreeFormStackInfo: null
03-23 08:39:02.479  5421  5594 D MiuiFreeformModeGestureHandler: handleMotionEvents mActiveMiuiFreeformTask null x: 564.75 y: 2007.0 current miuiFreeformModeTaskInfo: 
03-23 08:39:02.479  5421  5594 D MultiTaskingTaskRepository: getTopFullscreenTaskInfo: taskId=1505 windowingMode=1 isVisible=true isTopActivityTransparent=false
03-23 08:39:02.479  5421  5594 D MiuiDecorationRootViewHost: isTouchedInTopCaption: taskId = 1505, tempViewHost = null
03-23 08:39:02.479  5421  5594 D MiuiDecorationDot: isTouchedInTopCaption: taskId = 1505, mMulWinSwitchVIewHost is not ready for layout
03-23 08:39:02.479  5421  5594 D MulWinSwitchEventHandler: dispatchToFullOrSplitDecorationDot: touchedTaskId=-1
03-23 08:39:02.479  5421  5594 D MulWinSwitchEventHandler: handleReceivedMotionEvent: mTouchedBottomTaskId=-1
03-23 08:39:02.479  2337  4648 W ActivityManager: pid 2337 system sent binder code 31101 with flags 0 to frozen apps and got error -74
03-23 08:39:02.530  1019 24890 D vold    : flush process has been finished in normal with status: 0
03-23 08:39:02.531  2337  6647 W ExtM    : Flush finished with status: 0
03-23 08:39:02.531  2337  6647 D MFZ     : Flush finished! After Flush idle_stats: 30547 70825 44608 12 111788 0 70 455 1121 31216
03-23 08:39:02.531  2337  6647 D MFZ     : Flush finished! After Flush bd_stats:   364628   809472  2293888        0        0        0
03-23 08:39:02.531  2337  6647 D MFZ     : Flush finished! After Flush zramFreeKb: 6967328KB
03-23 08:39:02.532  2337  6647 I ExtM    : 0(0 m) pages flushed
03-23 08:39:02.532  2337  6647 I ExtM    : After flushing
03-23 08:39:02.532  2337  6647 I ExtM    : Total stat:
03-23 08:39:02.532  2337  6647 I ExtM    :   total marked 0(0 m), total flushed 2293888(8960 m)
03-23 08:39:02.532  2337  6647 I ExtM    :   wb stat:   364628   809472  2293888        0        0        0
03-23 08:39:02.532  2337  6647 I ExtM    :   mm stat: 5747290112 1233055452 1291206656        0 1817341952   114832  2776956    34530  1206330   533523    54516    15766
03-23 08:39:02.544  2337  4648 W ActivityManager: pid 2337 system sent binder code 31101 with flags 0 to frozen apps and got error -74
