03-23 08:39:02.687  5421  5594 D MiuiDecorationDot: needTopCaption: isFullscreen = true isPadDevice = false isFoldInnerScreen = false canShowCaptionWhenCasting = false
03-23 08:39:02.687  5421  5594 D MiuiDecorationDot: releaseViews_TopCaption: taskId=1505
03-23 08:39:02.687  5421  5594 D MiuiDecorationDot: releaseViews_TopCaption: taskId=1505
03-23 08:39:02.687  5421  5594 D MiuiDecorationBottom: needBottomCaption: needSupportNavigationHandle = false
03-23 08:39:02.687  5421  5594 D MiuiDecorationBottom: releaseViews_BottomCaption: taskId=1505
03-23 08:39:02.687  5421  5594 D MiuiDecorationBottom: releaseViews_BottomCaption: taskId=1505
03-23 08:39:02.688  2337  2490 D WindowManager: wms.Input focus has changed to Window{53e2147 u0 com.android.settings/com.android.settings.SubSettings} display=0 updateInputWindows = true
03-23 08:39:02.688  2337  2490 I MultiSenceManagerInternalStub: getInstance
03-23 08:39:02.688  2337  2490 I WindowManager: Allow fixed rotation for during interrupt anim activity r=ActivityRecord{654157 u0 com.android.settings/.SubSettings t1505}
03-23 08:39:02.688  2337  5377 E TransitionChain: Mismatch between current collecting (TransitionRecord{abc7ae4 id=2044 type=OPEN flags=0x0 c=[
03-23 08:39:02.688  2337  5377 E TransitionChain:    ChangeInfo{d67b56f container=ActivityRecord{654157 u0 com.android.settings/.SubSettings t1505} flags=0x0}
03-23 08:39:02.688  2337  5377 E TransitionChain:    ChangeInfo{14a427c container=Display{#0 state=ON size=1080x2400 ROTATION_0} flags=0x0}
03-23 08:39:02.688  2337  5377 E TransitionChain:    ChangeInfo{4c84705 container=DefaultTaskDisplayArea@44103985 flags=0x0}
03-23 08:39:02.688  2337  5377 E TransitionChain:    ChangeInfo{1c7f35a container=Task{5761c97 #1505 type=standard A=1000:com.android.settings.root} flags=0x0}
03-23 08:39:02.688  2337  5377 E TransitionChain:    ChangeInfo{30b4e81 container=ActivityRecord{153177304 u0 com.android.settings/.MainSettings t1505} flags=0x0}
03-23 08:39:02.688  2337  5377 E TransitionChain: ]
03-23 08:39:02.688  2337  5377 E TransitionChain: }) and chain (TransitionRecord{abc7ae4 id=2044 type=OPEN flags=0x0 c=[
03-23 08:39:02.688  2337  5377 E TransitionChain:    ChangeInfo{d67b56f container=ActivityRecord{654157 u0 com.android.settings/.SubSettings t1505} flags=0x0}
03-23 08:39:02.688  2337  5377 E TransitionChain:    ChangeInfo{14a427c container=Display{#0 state=ON size=1080x2400 ROTATION_0} flags=0x0}
03-23 08:39:02.688  2337  5377 E TransitionChain:    ChangeInfo{4c84705 container=DefaultTaskDisplayArea@44103985 flags=0x0}
03-23 08:39:02.688  2337  5377 E TransitionChain:    ChangeInfo{1c7f35a container=Task{5761c97 #1505 type=standard A=1000:com.android.settings.root} flags=0x0}
03-23 08:39:02.688  2337  5377 E TransitionChain:    ChangeInfo{30b4e81 container=ActivityRecord{153177304 u0 com.android.settings/.MainSettings t1505} flags=0x0}
03-23 08:39:02.688  2337  5377 E TransitionChain: ]
03-23 08:39:02.688  2337  5377 E TransitionChain: })
03-23 08:39:02.688  2337  5377 D ActivityTaskManager:  setSkipCaptureLayers tr: Task{5761c97 #1505 type=standard A=1000:com.android.settings.root}
03-23 08:39:02.689  2337  6647 D CoreBackPreview: Window{53e2147 u0 com.android.settings/com.android.settings.SubSettings}: Setting back callback OnBackInvokedCallbackInfo{mCallback=android.window.IOnBackInvokedCallback$Stub$Proxy@c165855, mPriority=0, mIsAnimationCallback=false, mOverrideBehavior=0}
03-23 08:39:02.702  2337  2510 I DisplayPolicyStubImpl: com.android.server.wm.WindowState hide ime, enable touchboost
03-23 08:39:02.702  2337  2510 I DisplayPolicyStubImpl: com.android.server.wm.WindowState hide ime, enable touchboost
03-23 08:39:02.723  2337  5377 D WindowManager: wms.finishDrawingLocked: mDrawState=COMMIT_DRAW_PENDING Window{53e2147 u0 com.android.settings/com.android.settings.SubSettings} in Surface(name=com.android.settings/com.android.settings.SubSettings#34367)/@0xbb18ae3
03-23 08:39:02.725  2337  2510 D BarFollowAnimation: pairAppearanceRegionAndWin win=Window{c89bee7 u0 com.android.settings/com.android.settings.MainSettings} 8
03-23 08:39:02.725  2337  2510 D BarFollowAnimation: isAppTaskBarOnTop win:Window{53e2147 u0 com.android.settings/com.android.settings.SubSettings} (mCurrentTopTask:Task{5761c97 #1505 type=standard A=1000:com.android.settings.root} : true); (mAssociatedTask:Task{5761c97 #1505 type=standard A=1000:com.android.settings.root} : true); (mHomeTask:Task{8b0ad35 #1 type=home} : false); mReparentToOriginParent:false mLastAppBarVisible:true mLastHomeBarVisible:false
03-23 08:39:02.725  2337  2510 D MiuiRefreshRatePolicy: reset
03-23 08:39:02.726  2337  2510 D WindowManager: wms.commitFinishDrawingLocked: mDrawState=READY_TO_SHOW Window{53e2147 u0 com.android.settings/com.android.settings.SubSettings} in Surface(name=com.android.settings/com.android.settings.SubSettings#34367)/@0xbb18ae3
03-23 08:39:02.727  2337  2510 I AnimInterruptController: FIS reset Foresee interrupt status
03-23 08:39:02.727  2337  2510 D BarFollowAnimation: onTaskInfoChanedForCaptionBar Task{5761c97 #1505 type=standard A=1000:com.android.settings.root} shouldbeVisible:true isVisible:true isOnTop:true windowMode:1 preDisplayId:-1 displayId:0 mCaptionAssociatedTask:null mIsTouchedInCaption:false
03-23 08:39:02.727  2337  2510 D WindowManager: wms.commitFinishDrawingLocked: mDrawState=READY_TO_SHOW Window{53e2147 u0 com.android.settings/com.android.settings.SubSettings} in Surface(name=com.android.settings/com.android.settings.SubSettings#34367)/@0xbb18ae3
03-23 08:39:02.727  2337  2510 I WindowManager: wms.showSurfaceRobustly mWin:Window{53e2147 u0 com.android.settings/com.android.settings.SubSettings} in Surface(name=com.android.settings/com.android.settings.SubSettings#34367)/@0xbb18ae3
03-23 08:39:02.727  2337  2510 D miuiBarFollowAnimation:  BarFollowAnimation core services Flag is effective锛?
03-23 08:39:02.727  2337  2510 D miuiElementAnimation:  ElementAnimation core services Flag is effective锛?
03-23 08:39:02.727  2337  2510 I Transition: calculateTargets isHomeOpen = false, isHomeLaunchApp = false
03-23 08:39:02.727  2337  2510 D WindowManager: Final targets: [ChangeInfo{d67b56f container=ActivityRecord{654157 u0 com.android.settings/.SubSettings t1505} flags=0x0}, ChangeInfo{30b4e81 container=ActivityRecord{153177304 u0 com.android.settings/.MainSettings t1505} flags=0x0}]
03-23 08:39:02.729  2337  2510 D WindowManager: Calling onTransitionReady info={id=2044 t=OPEN f=0x0 trk=0 r=[0@Point(0, 0)] c=[{m=OPEN f=FILLS_TASK leash=Surface(name=ActivityRecord{654157 u0 com.android.settings/.SubSettings t1505}#34365)/@0x9da7b13 sb=Rect(0, 0 - 0, 0) eb=Rect(0, 0 - 1080, 2400) epz=Point(1080, 2400) d=-1->0 r=-1->0:-1 windowMode=0->1 bc=ffe9eff1 component=com.android.settings/.SubSettings opt={t=FROM_STYLE mUserId=0} v=trueMiuiChangeImpl {miuiEmbedding:false, scale:1.0}},{m=TO_BACK f=FILLS_TASK leash=Surface(name=ActivityRecord{153177304 u0 com.android.settings/.MainSettings t1505}#34342)/@0x8f5eb33 sb=Rect(0, 0 - 1080, 2400) eb=Rect(0, 0 - 1080, 2400) epz=Point(1080, 2400) d=0 bc=ffe9eff1 component=com.android.settings/.MiuiSettings opt={t=FROM_STYLE mUserId=0} v=falseMiuiChangeImpl {miuiEmbedding:false, scale:1.0}}] mk=[false] noAni=[false] df=[false] rsa=[false] oa=[true] nc=[0] ho=[false] hla=[false] iSync=[-1]}, mToken=Token{a59aba4 TransitionRecord{abc7ae4 id=2044 type=OPEN flags=0x0 c=[
03-23 08:39:02.729  2337  2510 D WindowManager:    ChangeInfo{d67b56f container=ActivityRecord{654157 u0 com.android.settings/.SubSettings t1505} flags=0x0}
03-23 08:39:02.729  2337  2510 D WindowManager:    ChangeInfo{14a427c container=Display{#0 state=ON size=1080x2400 ROTATION_0} flags=0x0}
03-23 08:39:02.729  2337  2510 D WindowManager:    ChangeInfo{4c84705 container=DefaultTaskDisplayArea@44103985 flags=0x0}
03-23 08:39:02.729  2337  2510 D WindowManager:    ChangeInfo{1c7f35a container=Task{5761c97 #1505 type=standard A=1000:com.android.settings.root} flags=0x0}
03-23 08:39:02.729  2337  2510 D WindowManager:    ChangeInfo{30b4e81 container=ActivityRecord{153177304 u0 com.android.settings/.MainSettings t1505} flags=0x0}
03-23 08:39:02.729  2337  2510 D WindowManager: ]
03-23 08:39:02.729  2337  2510 D WindowManager: }}
03-23 08:39:02.729  2337  2510 I SmartPower: Miui monitor launch : com.android.settings/.SubSettings  transitionTime:162  launchTime:159  launchFrom:com.android.settings  launchType:4
03-23 08:39:02.729  2337  2510 I Perf[AppStartScene]: onSceneChangeNotify:Bundle[{renderThreadId=24398, pid=13327, uid=1000, name=com.android.settings.SubSettings, type=1, begin=false, state=1, processName=com.android.settings, packageName=com.android.settings}]
03-23 08:39:02.729  2337  4715 D BarFollowAnimation: disableBarAnimation change={m=OPEN f=FILLS_TASK leash=Surface(name=ActivityRecord{654157 u0 com.android.settings/.SubSettings t1505}#34365)/@0x9da7b13 sb=Rect(0, 0 - 0, 0) eb=Rect(0, 0 - 1080, 2400) epz=Point(1080, 2400) d=-1->0 r=-1->0:-1 windowMode=0->1 bc=ffe9eff1 component=com.android.settings/.SubSettings opt={t=FROM_STYLE mUserId=0} v=trueMiuiChangeImpl {miuiEmbedding:false, scale:1.0}} 0 1
03-23 08:39:02.730  2337  4715 D BarFollowAnimation: disableBarAnimation change={m=TO_BACK f=FILLS_TASK leash=Surface(name=ActivityRecord{153177304 u0 com.android.settings/.MainSettings t1505}#34342)/@0x8f5eb33 sb=Rect(0, 0 - 1080, 2400) eb=Rect(0, 0 - 1080, 2400) epz=Point(1080, 2400) d=0 bc=ffe9eff1 component=com.android.settings/.MiuiSettings opt={t=FROM_STYLE mUserId=0} v=falseMiuiChangeImpl {miuiEmbedding:false, scale:1.0}} 1 1
03-23 08:39:02.730  2337  4715 D BarFollowAnimation: STATUS_BAR disableBarAnimation  hasFakeBar = true mBarState = -1 taskCount = 0 isRecentTransition = false isKeyguardGoingAway = false
03-23 08:39:02.730  2337  2510 D BLASTSyncEngine: [DH_DEBUG]remove timeout #2044 callback=com.android.server.wm.BLASTSyncEngine$SyncGroup$$ExternalSyntheticLambda2@4676e77
03-23 08:39:02.730  2337  2510 D BarFollowAnimation: pairAppearanceRegionAndWin win=Window{53e2147 u0 com.android.settings/com.android.settings.SubSettings} 8
03-23 08:39:02.730  2337  2510 D BarFollowAnimation: isAppTaskBarOnTop win:Window{53e2147 u0 com.android.settings/com.android.settings.SubSettings} (mCurrentTopTask:Task{5761c97 #1505 type=standard A=1000:com.android.settings.root} : true); (mAssociatedTask:Task{5761c97 #1505 type=standard A=1000:com.android.settings.root} : true); (mHomeTask:Task{8b0ad35 #1 type=home} : false); mReparentToOriginParent:false mLastAppBarVisible:true mLastHomeBarVisible:false
03-23 08:39:02.731  2337  2510 D MiuiRefreshRatePolicy: reset
03-23 08:39:02.731  5421  5594 D SoScStageCoordinator: inCloseTransition:false inSoScUnactivie:true mDeferUpdateSoScStateCount:0
03-23 08:39:02.731  5421  5594 D MultiTaskingTransitionHandler: startAnimation try handler: com.android.wm.shell.multitasking.miuifreeform.MiuiFreeformModeAnimation@58eb9d6
03-23 08:39:02.731  5421  5594 D MultiTaskingTransitionHandler: startAnimation try handler: com.android.wm.shell.multitasking.miuimultiwinswitch.MulWinSwitchTransition@1428f49
03-23 08:39:02.731  5421  5594 W MulWinSwitchTransition: startAnimation::receive an unknown transition:: token = android.os.BinderProxy@9eb5b99 type = 1
03-23 08:39:02.731  5421  5594 D MultiTaskingTransitionHandler: startAnimation no handler
03-23 08:39:02.732  5421  5594 D TransitionAnimationHelper:  overrideType == ANIM_FROM_STYLE 
03-23 08:39:02.732  5421  5594 D TransitionAnimationHelper:  load animation:  type = 1 enter = false animAttr = 5 isTask = false translucent = false
03-23 08:39:02.732  5421  5594 D DefaultTransitionImpl: clearFreeformHwuiCorner change = {m=TO_BACK f=FILLS_TASK leash=Surface(name=ActivityRecord{153177304 u0 com.android.settings/.MainSettings t1505}#34342)/@0x6ad5d09 sb=Rect(0, 0 - 1080, 2400) eb=Rect(0, 0 - 1080, 2400) epz=Point(1080, 2400) d=0 bc=ffe9eff1 component=com.android.settings/.MiuiSettings opt={t=FROM_STYLE mUserId=0} v=falseMiuiChangeImpl {miuiEmbedding:false, scale:1.0}}, windowMode: [start = 1, end = 1], taskId = 0
03-23 08:39:02.733  5421  5594 D TransitionAnimationHelper:  overrideType == ANIM_FROM_STYLE 
03-23 08:39:02.733  5421  5594 D TransitionAnimationHelper:  load animation:  type = 1 enter = true animAttr = 4 isTask = false translucent = false
03-23 08:39:02.733  5421  5594 D DefaultTransitionImpl: clearFreeformHwuiCorner change = {m=OPEN f=FILLS_TASK leash=Surface(name=ActivityRecord{654157 u0 com.android.settings/.SubSettings t1505}#34365)/@0xcc59e10 sb=Rect(0, 0 - 0, 0) eb=Rect(0, 0 - 1080, 2400) epz=Point(1080, 2400) d=-1->0 r=-1->0:-1 windowMode=0->1 bc=ffe9eff1 component=com.android.settings/.SubSettings opt={t=FROM_STYLE mUserId=0} v=trueMiuiChangeImpl {miuiEmbedding:false, scale:1.0}}, windowMode: [start = 0, end = 1], taskId = 0
03-23 08:39:02.734  5421  5648 D ShellTransitions: speed ui!!!!!!!!!!!
03-23 08:39:02.734  5421  5594 I MultiTaskingTaskInfo: MultiTaskingBaseTaskInfo::update::mTaskBounds = Rect(0, 0 - 1080, 2400), mTaskId = 1505
03-23 08:39:02.734  5421  5594 D MultiTaskingTransitionsHelper: skip updateBaseAnimParam taskId: 1505 pendingTransitions: [] readyDuringSync: [] tracks: [Track #0 activeTransition: {id=2044 t=OPEN f=0x0 trk=0 r=[0@Point(0, 0)] c=[{m=OPEN f=FILLS_TASK leash=Surface(name=ActivityRecord{654157 u0 com.android.settings/.SubSettings t1505}#34365)/@0xcc59e10 sb=Rect(0, 0 - 0, 0) eb=Rect(0, 0 - 1080, 2400) epz=Point(1080, 2400) d=-1->0 r=-1->0:-1 windowMode=0->1 bc=ffe9eff1 component=com.android.settings/.SubSettings opt={t=FROM_STYLE mUserId=0} v=trueMiuiChangeImpl {miuiEmbedding:false, scale:1.0}},{m=TO_BACK f=FILLS_TASK leash=Surface(name=ActivityRecord{153177304 u0 com.android.settings/.MainSettings t1505}#34342)/@0x6ad5d09 sb=Rect(0, 0 - 1080, 2400) eb=Rect(0, 0 - 1080, 2400) epz=Point(1080, 2400) d=0 bc=ffe9eff1 component=com.android.settings/.MiuiSettings opt={t=FROM_STYLE mUserId=0} v=falseMiuiChangeImpl {miuiEmbedding:false, scale:1.0}}] mk=[false] noAni=[false] df=[false] rsa=[false] oa=[true] nc=[0] ho=[false] hla=[false] iSync=[-1]}android.os.BinderProxy@9eb5b99 readyTransitions: []Track #1 readyTransitions: []Track #2 readyTransitions: []]
03-23 08:39:02.734  5421  5594 I MultiTaskingTaskRepository: onTaskInfoChanged::taskId = 1505, windowingMode = 1, mMultiWindowTaskIdsInZOrder = [5, 4], mFullscreenTaskIdsInZOrder = [1505, 1416, 1504, 1498, 1501, 1497, 1500, 1422, 1461, 1482, 1470], mFreeformTaskIdsInZOrder = [], mTasks: 1505, 1504, 1501, 1500, 1498, 1497, 1482, 1470, 1461, 1422, 1416, 8, 7, 6, 5, 4, 3, 1, 
03-23 08:39:02.734  5421  5594 D MiuiDecorationController: relayout:: taskId=1505 mRunningTaskInfo.mStatusBarParent=Surface(name=StatusBar Container of Task = 1505#34341)/@0x860fd0d taskInfo.mStatusBarParent=Surface(name=StatusBar Container of Task = 1505#34341)/@0xca0a92f
03-23 08:39:02.734  5421  5594 D MiuiDecorationController: relayout:: taskId=1505 mRunningTaskInfo.mNavBarParent=Surface(name=NavigationBar Container of Task = 1505#34340)/@0x373e4c2 taskInfo.mNavBarParent=Surface(name=NavigationBar Container of Task = 1505#34340)/@0xd4e8b3c
03-23 08:39:02.734  5421  5594 D MiuiDecorationController: relayout::taskId=1505, visible=true, bounds=Rect(0, 0 - 1080, 2400), focused=true, oldImmersive=false, newImmersive=false, windowMode=1, activityType=1, displayId=0, baseActivity=ComponentInfo{com.android.settings/com.android.settings.MiuiSettings}, topActivity=ComponentInfo{com.android.settings/com.android.settings.SubSettings}, callers=com.android.wm.shell.multitasking.miuimultiwinswitch.miuiwindowdecor.decoration.MiuiDecorationController.relayout:4 com.android.wm.shell.multitasking.miuimultiwinswitch.miuiwindowdecor.MulWinSwitchDecorViewModel.onTaskInfoChanged:18 com.android.wm.shell.multitasking.common.taskmanager.MultiTaskingTaskListener.onTaskInfoChanged:47 com.android.wm.shell.ShellTaskOrganizer.onTaskInfoChanged:136 android.window.TaskOrganizer$1.lambda$onTaskInfoChanged$6:300 
03-23 08:39:02.735  5421  5594 D MiuiDecorationDot: needTopCaption: isFullscreen = true isPadDevice = false isFoldInnerScreen = false canShowCaptionWhenCasting = false
03-23 08:39:02.735  5421  5594 D MiuiDecorationDot: releaseViews_TopCaption: taskId=1505
03-23 08:39:02.735  5421  5594 D MiuiDecorationDot: releaseViews_TopCaption: taskId=1505
03-23 08:39:02.735  5421  5594 D MiuiDecorationBottom: needBottomCaption: needSupportNavigationHandle = false
03-23 08:39:02.735  5421  5594 D MiuiDecorationBottom: releaseViews_BottomCaption: taskId=1505
03-23 08:39:02.735  5421  5594 D MiuiDecorationBottom: releaseViews_BottomCaption: taskId=1505
03-23 08:39:02.736  2337  5020 E TransitionChain: Can't collect into a chain with no transition
03-23 08:39:02.736  2337  5020 D ActivityTaskManager:  setSkipCaptureLayers tr: Task{5761c97 #1505 type=standard A=1000:com.android.settings.root}
03-23 08:39:02.746  2337  3800 I MiuiSplitInputMethodImpl: Skpi check shouldUpdateImeTargetForBackScreen.
03-23 08:39:02.746  2337  3800 I MiuiSplitInputMethodImpl: Skpi check shouldUpdateImeTargetForBackScreen.
03-23 08:39:02.746  2337  3800 I MiuiSplitInputMethodImpl: Skpi check shouldUpdateImeTargetForBackScreen.
03-23 08:39:02.746  2337  3800 I MiuiSplitInputMethodImpl: Skpi check shouldUpdateImeTargetForBackScreen.
03-23 08:39:02.746  2337  3800 I MiuiSplitInputMethodImpl: Skpi check shouldUpdateImeTargetForBackScreen.
03-23 08:39:02.746  2337  3800 I MiuiSplitInputMethodImpl: Skpi check shouldUpdateImeTargetForBackScreen.
03-23 08:39:02.746  2337  3800 I MiuiSplitInputMethodImpl: Skpi check shouldUpdateImeTargetForBackScreen.
03-23 08:39:02.746  2337  3800 I MiuiSplitInputMethodImpl: Skpi check shouldUpdateImeTargetForBackScreen.
03-23 08:39:02.746  2337  3800 I MiuiSplitInputMethodImpl: Skpi check shouldUpdateImeTargetForBackScreen.
03-23 08:39:02.746  2337  3800 I MiuiSplitInputMethodImpl: Skpi check shouldUpdateImeTargetForBackScreen.
03-23 08:39:02.746  2337  3800 I MiuiSplitInputMethodImpl: Skpi check shouldUpdateImeTargetForBackScreen.
03-23 08:39:02.746  2337  3800 I MiuiSplitInputMethodImpl: Skpi check shouldUpdateImeTargetForBackScreen.
03-23 08:39:02.746  2337  3800 I MiuiSplitInputMethodImpl: Skpi check shouldUpdateImeTargetForBackScreen.
03-23 08:39:02.746  2337  3800 I MiuiSplitInputMethodImpl: Skpi check shouldUpdateImeTargetForBackScreen.
03-23 08:39:02.746  2337  3800 I MiuiSplitInputMethodImpl: Skpi check shouldUpdateImeTargetForBackScreen.
03-23 08:39:02.746  2337  3800 I MiuiSplitInputMethodImpl: Skpi check shouldUpdateImeTargetForBackScreen.
03-23 08:39:02.746  2337  3800 I MiuiSplitInputMethodImpl: Skpi check shouldUpdateImeTargetForBackScreen.
03-23 08:39:02.746  2337  3800 I MiuiSplitInputMethodImpl: Skpi check shouldUpdateImeTargetForBackScreen.
03-23 08:39:02.746  2337  3800 I MiuiSplitInputMethodImpl: Skpi check shouldUpdateImeTargetForBackScreen.
03-23 08:39:02.747  2337  3800 I InputMethodManagerServiceImpl: Skip shouldIgnoreHideCurrentInputForBackDisplay check.
03-23 08:39:02.747  2337  3800 W SecurityInputMethodSwitcher: first check switch to security ime: false
03-23 08:39:02.747  2337  3800 W SecurityInputMethodSwitcher: double check switch to security ime: false
03-23 08:39:02.747  2337  3800 W SecurityInputMethodSwitcher: switch to other input method from security ime:false mayChangeToMiuiSecurityInputMethod: false current focus window: android.os.BinderProxy@4d5f486
03-23 08:39:02.747  2337  3800 D InputMethodManagerService: startInputUncheckedLocked:set client state as:ClientState{3db36db mUid=1000 mPid=13327 mSelfReportedDisplayId=0}
03-23 08:39:02.750  2337  3800 D InputMethodManagerServiceImpl: ime switch to security: false , switch to normal ime: false , switch from security: false
03-23 08:39:02.751  2337  4648 W ActivityManager: pid 2337 system sent binder code 31101 with flags 0 to frozen apps and got error -74
03-23 08:39:02.751  2337  6647 I MiuiSplitInputMethodImpl: Skpi check shouldUpdateImeTargetForBackScreen.
03-23 08:39:02.751  2337  6647 D MiuiSplitInputMethodImpl: Make sure ime layering to: Window{53e2147 u0 com.android.settings/com.android.settings.SubSettings} when transition animation start
03-23 08:39:02.752  2337  2510 D BarFollowAnimation: pairAppearanceRegionAndWin win=Window{53e2147 u0 com.android.settings/com.android.settings.SubSettings} 8
03-23 08:39:02.752  2337  2510 D BarFollowAnimation: isAppTaskBarOnTop win:Window{53e2147 u0 com.android.settings/com.android.settings.SubSettings} (mCurrentTopTask:Task{5761c97 #1505 type=standard A=1000:com.android.settings.root} : true); (mAssociatedTask:Task{5761c97 #1505 type=standard A=1000:com.android.settings.root} : true); (mHomeTask:Task{8b0ad35 #1 type=home} : false); mReparentToOriginParent:false mLastAppBarVisible:true mLastHomeBarVisible:false
03-23 08:39:02.752  2337  2510 D MiuiRefreshRatePolicy: reset
03-23 08:39:02.753  2337  2509 I DisplayManagerServiceImpl: updateInputScene: , status: 0 targetPkg: input, cookie: 270
03-23 08:39:02.767  2337  2510 I DisplayPolicyStubImpl: com.android.server.wm.WindowState hide ime, enable touchboost
03-23 08:39:02.767  2337  2510 I DisplayPolicyStubImpl: com.android.server.wm.WindowState hide ime, enable touchboost
03-23 08:39:02.815  2337  4648 W ActivityManager: pid 2337 system sent binder code 31101 with flags 0 to frozen apps and got error -74
03-23 08:39:02.881  2337  4648 W ActivityManager: pid 2337 system sent binder code 31101 with flags 0 to frozen apps and got error -74
03-23 08:39:02.948  2337  4648 W ActivityManager: pid 2337 system sent binder code 31101 with flags 0 to frozen apps and got error -74
03-23 08:39:02.977  2337  2527 D BroadcastQueue: Logging broadcast for com.android.phone, stopped=false, firstLaunch=false
03-23 08:39:03.014  2337  4648 W ActivityManager: pid 2337 system sent binder code 31101 with flags 0 to frozen apps and got error -74
03-23 08:39:03.060  2337  5667 W ActivityTaskManager: MANAGE_ACTIVITY_STACKS is deprecated, please use alternative permission: MANAGE_ACTIVITY_TASKS
03-23 08:39:03.080  2337  4648 W ActivityManager: pid 2337 system sent binder code 31101 with flags 0 to frozen apps and got error -74
03-23 08:39:03.104  2337 11912 D PreStartingCapture: Save bitmap to disk, fileName: /data/system_ce/0/pre_starting_bitmap/com.android.settings_0_normal_light.webp, count: 122
03-23 08:39:03.116  2337  5657 W BpBinder: PerfMonitor binderTransact: time=1014ms interface=android.os.IInstalld code=13
03-23 08:39:03.146  2337  4648 W ActivityManager: pid 2337 system sent binder code 31101 with flags 0 to frozen apps and got error -74
03-23 08:39:03.208  2337  5657 D StorageStatsService: getFreeBytes: 232723017728
03-23 08:39:03.208  9474 24866 W BpBinder: PerfMonitor binderTransact: time=1121ms interface=android.app.usage.IStorageStatsManager code=4
03-23 08:39:03.213  2337  2509 W AccessibilityWindowsPopulator: Windows change within in 2 frames continuously over 500 ms and notify windows changed immediately
03-23 08:39:03.213  2337  4648 W ActivityManager: pid 2337 system sent binder code 31101 with flags 0 to frozen apps and got error -74
03-23 08:39:03.244  5421  5594 I MultiTaskingTaskRepository: try to update multiTaskingTaskInfo taskInfo taskId = 1505
03-23 08:39:03.246  5421  5594 I MultiTaskingTaskInfo: MultiTaskingBaseTaskInfo::update::mTaskBounds = Rect(0, 0 - 1080, 2400), mTaskId = 1505
03-23 08:39:03.247  5421  5594 D MultiTaskingAnimTarget: setAnimParam bounds: Rect(0, 0 - 1080, 2400) scaleX: 1.0 scaleY: 1.0
03-23 08:39:03.247  5421  5594 D MultiTaskingAnimTarget: java.lang.Throwable
03-23 08:39:03.247  5421  5594 D MultiTaskingAnimTarget: 	at com.android.wm.shell.multitasking.common.animation.MultiTaskingAnimTarget.setAnimParam(go/retraceme 905fe248eee73ec01aa5e2c7e8e2a5d900513e8d0994e37081a1508aaf5ff25f:35)
03-23 08:39:03.247  5421  5594 D MultiTaskingAnimTarget: 	at com.android.wm.shell.multitasking.common.animation.MultiTaskingFolmeControl.updateBaseAnimParam(go/retraceme 905fe248eee73ec01aa5e2c7e8e2a5d900513e8d0994e37081a1508aaf5ff25f:15)
03-23 08:39:03.247  5421  5594 D MultiTaskingAnimTarget: 	at com.android.wm.shell.multitasking.common.taskmanager.MultiTaskingTaskInfo.update(go/retraceme 905fe248eee73ec01aa5e2c7e8e2a5d900513e8d0994e37081a1508aaf5ff25f:23)
03-23 08:39:03.247  5421  5594 D MultiTaskingAnimTarget: 	at com.android.wm.shell.multitasking.common.taskmanager.MultiTaskingTaskRepository.updateAllPendingBaseAnimParam(go/retraceme 905fe248eee73ec01aa5e2c7e8e2a5d900513e8d0994e37081a1508aaf5ff25f:60)
03-23 08:39:03.247  5421  5594 D MultiTaskingAnimTarget: 	at com.android.wm.shell.multitasking.common.taskmanager.MultiTaskingTransitionObserver.onTransitionFinished(go/retraceme 905fe248eee73ec01aa5e2c7e8e2a5d900513e8d0994e37081a1508aaf5ff25f:27)
03-23 08:39:03.247  5421  5594 D MultiTaskingAnimTarget: 	at com.android.wm.shell.transition.Transitions.onFinish(go/retraceme 905fe248eee73ec01aa5e2c7e8e2a5d900513e8d0994e37081a1508aaf5ff25f:155)
03-23 08:39:03.247  5421  5594 D MultiTaskingAnimTarget: 	at com.android.wm.shell.transition.Transitions.lambda$playTransition$3(go/retraceme 905fe248eee73ec01aa5e2c7e8e2a5d900513e8d0994e37081a1508aaf5ff25f:1)
03-23 08:39:03.247  5421  5594 D MultiTaskingAnimTarget: 	at com.android.wm.shell.transition.Transitions.$r8$lambda$96XCaSAhJXxB3nlVJy1TNPeH46k(go/retraceme 905fe248eee73ec01aa5e2c7e8e2a5d900513e8d0994e37081a1508aaf5ff25f:1)
03-23 08:39:03.247  5421  5594 D MultiTaskingAnimTarget: 	at com.android.wm.shell.transition.Transitions$$ExternalSyntheticLambda4.onTransitionFinished(go/retraceme 905fe248eee73ec01aa5e2c7e8e2a5d900513e8d0994e37081a1508aaf5ff25f:10)
03-23 08:39:03.247  5421  5594 D MultiTaskingAnimTarget: 	at com.android.wm.shell.transition.DefaultTransitionHandler$$ExternalSyntheticLambda0.run(go/retraceme 905fe248eee73ec01aa5e2c7e8e2a5d900513e8d0994e37081a1508aaf5ff25f:51)
03-23 08:39:03.247  5421  5594 D MultiTaskingAnimTarget: 	at com.android.wm.shell.transition.DefaultSurfaceAnimator$$ExternalSyntheticLambda1.run(go/retraceme 905fe248eee73ec01aa5e2c7e8e2a5d900513e8d0994e37081a1508aaf5ff25f:15)
03-23 08:39:03.247  5421  5594 D MultiTaskingAnimTarget: 	at android.os.Handler.handleCallback(Handler.java:1029)
03-23 08:39:03.247  5421  5594 D MultiTaskingAnimTarget: 	at android.os.Handler.dispatchMessage(Handler.java:107)
03-23 08:39:03.247  5421  5594 D MultiTaskingAnimTarget: 	at android.os.Looper.loopOnce(Looper.java:267)
03-23 08:39:03.247  5421  5594 D MultiTaskingAnimTarget: 	at android.os.Looper.loop(Looper.java:360)
03-23 08:39:03.247  5421  5594 D MultiTaskingAnimTarget: 	at android.os.HandlerThread.run(HandlerThread.java:85)
03-23 08:39:03.247  5421  5594 D MultiTaskingFolmeControl: updateBaseAnimParam taskId = 1505 taskBounds : Rect(0, 0 - 1080, 2400)
03-23 08:39:03.247  5421  5594 D MultiTaskingTransitionObserver: onTransitionFinished::mRunningTransitions = 0 mRemoteOpenFreeformTransitions = []
03-23 08:39:03.247  5421  5594 D SoScUtils: monitorTransitionFinished transition:android.os.BinderProxy@9eb5b99 transaction: android.view.SurfaceControl$Transaction@318437d mRequestCloseTransition:null mRequestOpenTransition:null mPairsOpenTransition:null mPairsOpenTransitionNull:null mRequestOpenTriggerTask:-1 mRequestCloseTriggerTask:-1 mOrientationTransition: null mPendingChange:null mMainStartingTask:-1 mSideStartingTask:-1
03-23 08:39:03.250  2337  5667 D BarFollowAnimation: onTaskInfoChanedForCaptionBar Task{5761c97 #1505 type=standard A=1000:com.android.settings.root} shouldbeVisible:true isVisible:true isOnTop:true windowMode:1 preDisplayId:-1 displayId:0 mCaptionAssociatedTask:null mIsTouchedInCaption:false
03-23 08:39:03.252  5421  5594 I RemoteTransitionHandlerStubImpl: invokeAndRemoveWctCB transition is null, curWctCB: null
03-23 08:39:03.254  2337  4651 I DisplayModeDirectorImpl: SmartDisplayPolicyEnd
03-23 08:39:03.254  2337  2509 I DisplayModeDirectorImpl: updateRefreshRateResultIfNeeded after:baseModeId=2 allowGroupSwitching=false primary=physical: (0.0 Infinity) render:  (0.0 120.0) appRequest=physical: (0.0 Infinity) render:  (0.0 120.0) idleScreenRefreshRateConfig=null mNormalModeSkipOveride: false
03-23 08:39:03.255  2337  4715 D BarFollowAnimation: checkBarStatus mReparentToOriginParent:false hasTopFullAppTask:true mHomeTask:Task{8b0ad35 #1 type=home} mCurrentTopTask: Task{5761c97 #1505 type=standard A=1000:com.android.settings.root} mAssociatedTask: Task{5761c97 #1505 type=standard A=1000:com.android.settings.root} homeTaskonTop:false mLastAppBarVisible:true mLastHomeBarVisible:false isInSplitScreen:false
03-23 08:39:03.255  2337  4715 D BarFollowAnimation: resetBarState transition:2
03-23 08:39:03.255  2337  4715 D BarFollowAnimation: resetBarState transition:2
03-23 08:39:03.258  2337  2510 I WindowManager: wms.hideSurface mWin:Window{c89bee7 u0 com.android.settings/com.android.settings.MainSettings} reason:(prepareSurfaceLocked) in Surface(name=com.android.settings/com.android.settings.MainSettings#34359)/@0x916027e
03-23 08:39:03.262  2337  6553 D BarFollowAnimation: pairAppearanceRegionAndWin win=Window{53e2147 u0 com.android.settings/com.android.settings.SubSettings} 8
03-23 08:39:03.262  2337  6553 D BarFollowAnimation: isAppTaskBarOnTop win:Window{53e2147 u0 com.android.settings/com.android.settings.SubSettings} (mCurrentTopTask:Task{5761c97 #1505 type=standard A=1000:com.android.settings.root} : true); (mAssociatedTask:Task{5761c97 #1505 type=standard A=1000:com.android.settings.root} : true); (mHomeTask:Task{8b0ad35 #1 type=home} : false); mReparentToOriginParent:false mLastAppBarVisible:true mLastHomeBarVisible:false
03-23 08:39:03.262  2337  6553 D MiuiRefreshRatePolicy: reset
03-23 08:39:03.266  2337  5377 I ActivityManager: unbindService com.android.server.am.ActiveServices@5d065e2 conn=android.os.BinderProxy@9bf32f4 callingPid=13327
03-23 08:39:03.271  2337  2490 I ActivityManager: unbindService com.android.server.am.ActiveServices@5d065e2 conn=android.os.BinderProxy@d8edab3 callingPid=13327
03-23 08:39:03.286  2337  4648 W ActivityManager: pid 2337 system sent binder code 31101 with flags 0 to frozen apps and got error -74
03-23 08:39:03.302  2337  5657 D StorageStatsService: getFreeBytes: 232723009536
03-23 08:39:03.317  2337  4656 I ProcessManager: getRenderThreadTidByPid, caller=2337
03-23 08:39:03.318  2337  2509 I MiuiSplitInputMethodImpl: Skip onPointerDownOutsideFocusLocked
03-23 08:39:03.318  2337  2509 I MiuiSplitInputMethodImpl: Skip onPointerDownOutsideFocusLocked
03-23 08:39:03.318  2337  2509 I MiuiSplitInputMethodImpl: Skip onPointerDownOutsideFocusLocked
03-23 08:39:03.318  5421  5594 D MiuiFreeformModeGestureHandler: start handle MotionEvents:(680.25,2043.75)
03-23 08:39:03.318 13327 13327 D VRI[SubSettings]: getMiuiFreeformStackInfo mTmpFrames.miuiFreeFormStackInfo: null
03-23 08:39:03.319  5421  5594 D MiuiFreeformModeGestureHandler: handleMotionEvents mActiveMiuiFreeformTask null x: 680.25 y: 2043.75 current miuiFreeformModeTaskInfo: 
03-23 08:39:03.319  5421  5594 D MultiTaskingTaskRepository: getTopFullscreenTaskInfo: taskId=1505 windowingMode=1 isVisible=true isTopActivityTransparent=false
03-23 08:39:03.319  5421  5594 D MiuiDecorationRootViewHost: isTouchedInTopCaption: taskId = 1505, tempViewHost = null
03-23 08:39:03.319  5421  5594 D MiuiDecorationDot: isTouchedInTopCaption: taskId = 1505, mMulWinSwitchVIewHost is not ready for layout
03-23 08:39:03.319  5421  5594 D MulWinSwitchEventHandler: dispatchToFullOrSplitDecorationDot: touchedTaskId=-1
03-23 08:39:03.319  5421  5594 D MulWinSwitchEventHandler: handleReceivedMotionEvent: mTouchedBottomTaskId=-1
03-23 08:39:03.351  2337  4648 W ActivityManager: pid 2337 system sent binder code 31101 with flags 0 to frozen apps and got error -74
03-23 08:39:03.356  2337  4656 I ProcessManager: getRenderThreadTidByPid, caller=2337
03-23 08:39:03.356  2337  2507 I ProcessManager: getRenderThreadTidByPid, caller=2337
03-23 08:39:03.414  2337  5657 D StorageStatsService: getFreeBytes: 232723001344
03-23 08:39:03.417  2337  4648 W ActivityManager: pid 2337 system sent binder code 31101 with flags 0 to frozen apps and got error -74
03-23 08:39:03.484  2337  4648 W ActivityManager: pid 2337 system sent binder code 31101 with flags 0 to frozen apps and got error -74
03-23 08:39:03.551  2337  4648 W ActivityManager: pid 2337 system sent binder code 31101 with flags 0 to frozen apps and got error -74
03-23 08:39:03.618  2337  4648 W ActivityManager: pid 2337 system sent binder code 31101 with flags 0 to frozen apps and got error -74
03-23 08:39:03.682  2337  2527 D BroadcastQueue: Logging broadcast for com.phoenix.read, stopped=false, firstLaunch=false
03-23 08:39:03.682  2337  2527 D BroadcastQueue: Logging broadcast for com.phoenix.read, stopped=false, firstLaunch=false
03-23 08:39:03.683  2337  4648 W ActivityManager: pid 2337 system sent binder code 31101 with flags 0 to frozen apps and got error -74
03-23 08:39:03.708  2337  2337 W NotificationManagerServiceImpl: checkInterceptListenerForXiaomiInternal pkg:com.xiaomi.mi_connect_servicelistener:com.android.systemui/com.android.systemui.statusbar.notification.MiuiNotificationListener
03-23 08:39:03.708  2337  2337 D NotificationListeners: is mask intercept: com.android.systemui notification packagename: com.xiaomi.mi_connect_service
03-23 08:39:03.710  2337  3942 E NotificationVibratorHelper: Error creating vibration waveform with pattern: [0]
03-23 08:39:03.710  2337  3942 E NotificationVibratorHelper: Error creating vibration waveform with pattern: [0]
03-23 08:39:03.753  2337  4648 W ActivityManager: pid 2337 system sent binder code 31101 with flags 0 to frozen apps and got error -74
03-23 08:39:03.770  2337  5020 D VibratorManagerService: Starting vibrate for vibration 2508
03-23 08:39:03.770  2337  5020 D VibratorManagerService: Check AppOp mode VIBRATE for uid 1000 and package com.android.settings returned audio=allow, op=allow
03-23 08:39:03.770  2337  5020 D VibratorManagerServiceImpl: attrs = VibrationAttributes{mUsage=HARDWARE_FEEDBACK, mAudioUsage= USAGE_UNKNOWN, mFlags=0}, attrs.usage = 50
03-23 08:39:03.770  2337  5020 D VibratorManagerService: Starting vibration 2508 on thread
03-23 08:39:03.770  2337  5020 D VibratorManagerService: Start AppOp mode VIBRATE for uid 1000 and package com.android.settings returned allow
03-23 08:39:03.770  2337  5020 E VibratorManagerServiceImpl: vibrationThreadSetParameters
03-23 08:39:03.820  2337  4648 W ActivityManager: pid 2337 system sent binder code 31101 with flags 0 to frozen apps and got error -74
03-23 08:39:03.824  2337  5020 D VibratorManagerService: Vibration 2508 step 0 on vibrator 0 complete, notifying thread
03-23 08:39:03.829  2337  3540 D VibratorManagerService: VibrationThread released vibration 2508
03-23 08:39:03.829  2337  3540 D VibratorManagerServiceImpl: checkVibrationStop: vibrationId:2508
03-23 08:39:03.829  2337  3540 D VibratorManagerService: Finish AppOp mode VIBRATE for uid 1000 and package com.android.settings
03-23 08:39:03.829  2337  3540 D VibratorManagerService: Vibration for uid=1000 and with attrs=VibrationAttributes{mUsage=HARDWARE_FEEDBACK, mAudioUsage= USAGE_UNKNOWN, mFlags=0} ended with status FINISHED
03-23 08:39:03.838  2337  2527 D BroadcastQueue: Logging broadcast for com.miui.securitycenter, stopped=false, firstLaunch=false
03-23 08:39:03.888  2337  4648 W ActivityManager: pid 2337 system sent binder code 31101 with flags 0 to frozen apps and got error -74
03-23 08:39:03.913  2337  2337 W NotificationManagerServiceImpl: checkInterceptListenerForXiaomiInternal pkg:com.xiaomi.mi_connect_servicelistener:com.android.systemui/com.android.systemui.statusbar.notification.MiuiNotificationListener
03-23 08:39:03.913  2337  2337 D NotificationListeners: is mask intercept: com.android.systemui notification packagename: com.xiaomi.mi_connect_service
03-23 08:39:03.938  2337  5667 W ActivityTaskManager: MANAGE_ACTIVITY_STACKS is deprecated, please use alternative permission: MANAGE_ACTIVITY_TASKS
03-23 08:39:03.954  2337  4648 W ActivityManager: pid 2337 system sent binder code 31101 with flags 0 to frozen apps and got error -74
03-23 08:39:04.022  2337  4648 W ActivityManager: pid 2337 system sent binder code 31101 with flags 0 to frozen apps and got error -74
03-23 08:39:04.074  2337  2509 I MiuiSplitInputMethodImpl: Skip onPointerDownOutsideFocusLocked
03-23 08:39:04.075  2337  2509 I MiuiSplitInputMethodImpl: Skip onPointerDownOutsideFocusLocked
03-23 08:39:04.075  2337  2509 I MiuiSplitInputMethodImpl: Skip onPointerDownOutsideFocusLocked
03-23 08:39:04.077  2337  4656 I ProcessManager: getRenderThreadTidByPid, caller=2337
03-23 08:39:04.077 13327 13327 D VRI[SubSettings]: getMiuiFreeformStackInfo mTmpFrames.miuiFreeFormStackInfo: null
03-23 08:39:04.078  5421  5594 D MiuiFreeformModeGestureHandler: start handle MotionEvents:(789.75,1668.0)
03-23 08:39:04.078  5421  5594 D MiuiFreeformModeGestureHandler: handleMotionEvents mActiveMiuiFreeformTask null x: 789.75 y: 1668.0 current miuiFreeformModeTaskInfo: 
03-23 08:39:04.078  5421  5594 D MultiTaskingTaskRepository: getTopFullscreenTaskInfo: taskId=1505 windowingMode=1 isVisible=true isTopActivityTransparent=false
03-23 08:39:04.078  5421  5594 D MiuiDecorationRootViewHost: isTouchedInTopCaption: taskId = 1505, tempViewHost = null
03-23 08:39:04.078  5421  5594 D MiuiDecorationDot: isTouchedInTopCaption: taskId = 1505, mMulWinSwitchVIewHost is not ready for layout
03-23 08:39:04.078  5421  5594 D MulWinSwitchEventHandler: dispatchToFullOrSplitDecorationDot: touchedTaskId=-1
03-23 08:39:04.078  5421  5594 D MulWinSwitchEventHandler: handleReceivedMotionEvent: mTouchedBottomTaskId=-1
03-23 08:39:04.089  2337  4648 W ActivityManager: pid 2337 system sent binder code 31101 with flags 0 to frozen apps and got error -74
03-23 08:39:04.116  2337  2533 I ExtM    : reportMemPressure: 1, start flush
03-23 08:39:04.117  2337  4775 E ExtM    : can_flush_idle_pages:144622 flush_number_adjust: 20000
03-23 08:39:04.117  2337  4775 D MFZ     : Report MEM_PRESSURE_LOW!  Flush Level is: 5 Need Flush: 20000 pages 
03-23 08:39:04.117  2337  4775 D MFZ     : before Flush idle_stats: 30543 70822 44600 12 111760 0 70 455 1121 31216
03-23 08:39:04.117  2337  4775 W ExtM    : Flush thread start , 20000 pages need to flush
03-23 08:39:04.139 25074 25074 D vold    : maxCpuFreq3148800
03-23 08:39:04.140 25074 25074 D vold    : maxCpuFreq2956800
03-23 08:39:04.142 25074 25074 D vold    : set cpu affinity policy success
03-23 08:39:04.160  2337  4648 W ActivityManager: pid 2337 system sent binder code 31101 with flags 0 to frozen apps and got error -74
03-23 08:39:04.227  2337  4648 W ActivityManager: pid 2337 system sent binder code 31101 with flags 0 to frozen apps and got error -74
03-23 08:39:04.293  2337  4648 W ActivityManager: pid 2337 system sent binder code 31101 with flags 0 to frozen apps and got error -74
03-23 08:39:04.318  2337  4649 I SmartPower: com.xiaomi.ab/10197(24504): background->idle(3069ms) R(process start ) adj=0.
03-23 08:39:04.318  2337  4649 I SmartPower: com.phoenix.read/10329(9474): background->idle(4860ms) R(service destroy com.phoenix.read/com.ss.android.socialbase.downloader.downloader.DownloadService) adj=905.
03-23 08:39:04.327  2337  2527 D BroadcastQueue: Logging broadcast for com.phoenix.read, stopped=false, firstLaunch=false
03-23 08:39:04.359  2337  4648 W ActivityManager: pid 2337 system sent binder code 31101 with flags 0 to frozen apps and got error -74
03-23 08:39:04.426  2337  4648 W ActivityManager: pid 2337 system sent binder code 31101 with flags 0 to frozen apps and got error -74
03-23 08:39:04.495  2337  4649 I SmartPower: com.miui.cloudservice/10162(24620): background->idle(3008ms) R(process start ) adj=0.
03-23 08:39:04.496  2337  4648 W ActivityManager: pid 2337 system sent binder code 31101 with flags 0 to frozen apps and got error -74
03-23 08:39:04.530  2337  5657 I ActivityManager: unbindService com.android.server.am.ActiveServices@5d065e2 conn=android.os.BinderProxy@a3461f5 callingPid=7521
03-23 08:39:04.562  2337  4648 W ActivityManager: pid 2337 system sent binder code 31101 with flags 0 to frozen apps and got error -74
03-23 08:39:04.610  2337  4649 I SmartPower: com.miui.personalassistant/10134(10287): background->idle(3001ms) R(become invisible) adj=100.
03-23 08:39:04.613  2337  4649 I SmartPower: com.android.quicksearchbox/10135(10324): background->idle(3000ms) R(become background) adj=100.
03-23 08:39:04.623  1019 25073 D vold    : flush process has been finished in normal with status: 0
03-23 08:39:04.624  2337  5667 W ExtM    : Flush finished with status: 0
03-23 08:39:04.625  2337  5667 D MFZ     : Flush finished! After Flush idle_stats: 30543 70822 44600 12 111760 0 70 455 1121 31216
03-23 08:39:04.625  2337  5667 D MFZ     : Flush finished! After Flush bd_stats:   364400   809729  2293888        0        0        0
03-23 08:39:04.625  2337  5667 D MFZ     : Flush finished! After Flush zramFreeKb: 6751664KB
03-23 08:39:04.626  2337  5667 I ExtM    : 0(0 m) pages flushed
03-23 08:39:04.626  2337  5667 I ExtM    : After flushing
03-23 08:39:04.626  2337  5667 I ExtM    : Total stat:
03-23 08:39:04.626  2337  5667 I ExtM    :   total marked 0(0 m), total flushed 2293888(8960 m)
03-23 08:39:04.626  2337  5667 I ExtM    :   wb stat:   364400   809729  2293888        0        0        0
03-23 08:39:04.626  2337  5667 I ExtM    :   mm stat: 5968146432 1309661322 1371693056        0 1817341952   116370  2776956    36383  1208192   570946    54516    15766
03-23 08:39:04.628  2337  4648 W ActivityManager: pid 2337 system sent binder code 31101 with flags 0 to frozen apps and got error -74
03-23 08:39:04.670  2337  4649 I SmartPower: com.xiaomi.simactivate.service/10189(13289): background->idle(3000ms) R(service create com.xiaomi.simactivate.service/com.xiaomi.activate.ActivateService) adj=905.
03-23 08:39:04.670  2337  4649 W ActivityManager: Idling uid u0a189 from package com.xiaomi.simactivate.service user 0
03-23 08:39:04.696  2337  4648 W ActivityManager: pid 2337 system sent binder code 31101 with flags 0 to frozen apps and got error -74
03-23 08:39:04.742  5421  5421 I MiuiBubbleSettings: com.omarea.vtools 0isAppEnableBubbleNotification: false
03-23 08:39:04.760  2337  5657 D GreezeManager: THAW uid = 10386 pid = [ 735 743 ]  reason : PACKET caller : 1000
03-23 08:39:04.760  2337  4597 D GreezeCallback: thawedByOther uid=10386 pid=735
03-23 08:39:04.760  2337  5657 D ExternalInterface: setUidState, uid = 10386 allow = true
03-23 08:39:04.762  2337  4648 W ActivityManager: pid 2337 system sent binder code 31101 with flags 0 to frozen apps and got error -74
03-23 08:39:04.833  2337  4648 W ActivityManager: pid 2337 system sent binder code 31101 with flags 0 to frozen apps and got error -74
03-23 08:39:04.898  2337  4648 W ActivityManager: pid 2337 system sent binder code 31101 with flags 0 to frozen apps and got error -74
03-23 08:39:04.943  2337 10037 E TaskPersister: File error accessing recents directory (directory doesn't exist?).
03-23 08:39:04.963  2337  4648 W ActivityManager: pid 2337 system sent binder code 31101 with flags 0 to frozen apps and got error -74
03-23 08:39:05.019  2337  2509 I MiuiSplitInputMethodImpl: Skip onPointerDownOutsideFocusLocked
03-23 08:39:05.019  2337  2509 I MiuiSplitInputMethodImpl: Skip onPointerDownOutsideFocusLocked
03-23 08:39:05.019  5421  5594 D MiuiFreeformModeGestureHandler: start handle MotionEvents:(752.25,993.0)
03-23 08:39:05.020  2337  2509 I MiuiSplitInputMethodImpl: Skip onPointerDownOutsideFocusLocked
03-23 08:39:05.020  2337  4656 I ProcessManager: getRenderThreadTidByPid, caller=2337
03-23 08:39:05.021 13327 13327 D VRI[SubSettings]: getMiuiFreeformStackInfo mTmpFrames.miuiFreeFormStackInfo: null
03-23 08:39:05.021  5421  5594 D MiuiFreeformModeGestureHandler: handleMotionEvents mActiveMiuiFreeformTask null x: 752.25 y: 993.0 current miuiFreeformModeTaskInfo: 
03-23 08:39:05.021  5421  5594 D MultiTaskingTaskRepository: getTopFullscreenTaskInfo: taskId=1505 windowingMode=1 isVisible=true isTopActivityTransparent=false
03-23 08:39:05.021  5421  5594 D MiuiDecorationRootViewHost: isTouchedInTopCaption: taskId = 1505, tempViewHost = null
03-23 08:39:05.021  5421  5594 D MiuiDecorationDot: isTouchedInTopCaption: taskId = 1505, mMulWinSwitchVIewHost is not ready for layout
03-23 08:39:05.021  5421  5594 D MulWinSwitchEventHandler: dispatchToFullOrSplitDecorationDot: touchedTaskId=-1
03-23 08:39:05.021  5421  5594 D MulWinSwitchEventHandler: handleReceivedMotionEvent: mTouchedBottomTaskId=-1
03-23 08:39:05.029  2337  4648 W ActivityManager: pid 2337 system sent binder code 31101 with flags 0 to frozen apps and got error -74
03-23 08:39:05.095  2337  4648 W ActivityManager: pid 2337 system sent binder code 31101 with flags 0 to frozen apps and got error -74
03-23 08:39:05.124  2337  5657 E ActivityStarterImpl: checkDeviceGuardStartActivityPermission: request is null
03-23 08:39:05.124  2337  5657 I SecurityManagerService: isVirtualDisplayActive caller=com.android.settings~1000, target=com.android.settings~1000~0
03-23 08:39:05.124  2337  5657 I SecurityManagerService: find uiagent virtual display id=0
03-23 08:39:05.124  2337  5657 I SecurityManagerService: no uiagent display, return
03-23 08:39:05.124  2337  5657 I SecurityManagerService: isVirtualDisplayActive, should not intercept
03-23 08:39:05.125  2337  5657 I AnimInterruptController: FIS notify Foresee interrupt start:2044
03-23 08:39:05.125  2337  5657 I AnimInterruptController: remove FO timeout
03-23 08:39:05.125  2337  5657 D DisplayContentStubImpl: Remove FixedRotationTimeoutRunnable
03-23 08:39:05.125  2337  5657 D BLASTSyncEngine: [DH_DEBUG]scheduleTimeout #2045 success=true timeoutMs=5000 callback=com.android.server.wm.BLASTSyncEngine$SyncGroup$$ExternalSyntheticLambda2@6a5788c
03-23 08:39:05.125  2337  5657 I ActivityStarterImpl: isKeyguardEditor: false, newTransition: TransitionRecord{7772bd5 id=2045 type=OPEN flags=0x0}
03-23 08:39:05.126  2337  5657 D WindowManager: Collecting in transition 2045: ActivityRecord{148291562 u0 com.android.settings/.SubSettings init visibleRequested:false dc:null
03-23 08:39:05.126  2337  5657 I ActivityStarterImpl: boost warm start activity for com.android.settings
03-23 08:39:05.126  2337  5657 D MiuiFreeformServiceImpl: addLaunchFreeformActivityOptionIfNeed sourceFfas: null
03-23 08:39:05.126  2337  5657 D MiuiFreeformServiceImpl: addLaunchFreeformActivityOptionIfNeed skip due to not find sourceTask: null sourceFfas: null sourceFreeFormActivity: ActivityRecord{654157 u0 com.android.settings/.SubSettings t1505}
03-23 08:39:05.127  2337  5657 W ActivityTaskManager: supportsMultiWindowInDisplayAreaForFreeForm: package=com.android.settings is in freeform blackList
03-23 08:39:05.128  2337  5657 W OptProp : Cannot read opt property android.window.PROPERTY_COMPAT_ALLOW_MIN_ASPECT_RATIO_OVERRIDE
03-23 08:39:05.128  2337  5657 D BarFollowAnimation: onTaskInfoChanedForCaptionBar Task{5761c97 #1505 type=standard A=1000:com.android.settings.root} shouldbeVisible:true isVisible:true isOnTop:true windowMode:1 preDisplayId:-1 displayId:0 mCaptionAssociatedTask:null mIsTouchedInCaption:false
03-23 08:39:05.128  2337  5657 D BarFollowAnimation: onTaskInfoChanedForCaptionBar Task{5761c97 #1505 type=standard A=1000:com.android.settings.root} shouldbeVisible:true isVisible:true isOnTop:true windowMode:1 preDisplayId:-1 displayId:0 mCaptionAssociatedTask:null mIsTouchedInCaption:false
03-23 08:39:05.129  2337  5657 W OptProp : Cannot read opt property android.window.PROPERTY_COMPAT_ALLOW_ORIENTATION_OVERRIDE
03-23 08:39:05.129  2337  5657 D BarFollowAnimation: onTaskInfoChanedForCaptionBar Task{5761c97 #1505 type=standard A=1000:com.android.settings.root} shouldbeVisible:true isVisible:true isOnTop:true windowMode:1 preDisplayId:-1 displayId:0 mCaptionAssociatedTask:null mIsTouchedInCaption:false
03-23 08:39:05.130  2337  5657 D MiuiFreeFormManagerService: onStartActivityInner as = Task{5761c97 #1505 type=standard A=1000:com.android.settings.root} op = ActivityOptions(17543249), mPackageName=null, mAnimationType=-1, mStartX=0, mStartY=0, mWidth=0, mHeight=0, mLaunchDisplayId=-1, mLaunchBoundsnull, mElementSurfaceTransition = null, activityOptionsInjector=ActivityOptionsInjector={freeformScale: -1.0 mIsNormalFreeForm: true}
03-23 08:39:05.130  2337  5657 D WindowManager: All the checks have been done, return STARTING_WINDOW_TYPE_NONE. this = ActivityRecord{148291562 u0 com.android.settings/.SubSettings t1505}
03-23 08:39:05.130  2337  5657 I WindowManager: Try to add startingWindow type = STARTING_WINDOW_TYPE_NONE this = ActivityRecord{148291562 u0 com.android.settings/.SubSettings t1505} mOccludesParent = true preAllowTaskSnapshot = true afterAllowTaskSnapshot = true newTask = false taskSwitch = false processRunning = true activityCreated = false activityAllDrawn = false isSnapshotCompatible = false snapshotRotation = NaN resolvedTheme = 2132149988 theme = 2132149988
03-23 08:39:05.131  2337  5657 D Transition: setReady 2045 wc=Task{5761c97 #1505 type=standard A=1000:com.android.settings.root} ready=false
03-23 08:39:05.131  2337  5657 D WindowManager: Collecting in transition 2045: ActivityRecord{148291562 u0 com.android.settings/.SubSettings t1505} init visibleRequested:false dc:Display{#0 state=ON size=1080x2400 ROTATION_0}
03-23 08:39:05.132  2337  5657 I AnimInterruptController: mark Foresee interrupt start 2044
03-23 08:39:05.132  2337  5657 I AnimInterruptController: remove FO timeout
03-23 08:39:05.132  2337  5657 D DisplayContentStubImpl: Remove FixedRotationTimeoutRunnable
03-23 08:39:05.132  2337  5657 I ActivityTaskManager: START u0 {act=android.intent.action.MAIN xflg=0x4 cmp=com.android.settings/.SubSettings (has extras)} with LAUNCH_MULTIPLE from uid 1000 from pid 13327 callingPackage com.android.settings (sr=654157) (BAL_ALLOW_VISIBLE_WINDOW) result code=0
