03-23 08:39:29.467  2337  4597 D GreezeCallback: thawedByOther uid=10382 pid=11718
03-23 08:39:29.468  2337  4597 D GreezeManager: iso uid:10382 p:{20443} :false
03-23 08:39:29.469  2337  4597 W ContextImpl: Calling a method in the system process without a qualified user: android.app.ContextImpl.sendOrderedBroadcast:1477 android.app.ContextImpl.sendOrderedBroadcast:1451 com.miui.server.greeze.GreezeManagerService$27.run:4220 android.os.Handler.handleCallback:1029 android.os.Handler.dispatchMessage:107 
03-23 08:39:29.469  2337  4597 W ContextImpl: Calling a method in the system process without a qualified user: android.app.ContextImpl.sendOrderedBroadcast:1477 android.app.ContextImpl.sendOrderedBroadcast:1451 com.miui.server.greeze.GreezeManagerService$27.run:4220 android.os.Handler.handleCallback:1029 android.os.Handler.dispatchMessage:107 
03-23 08:39:29.473  2337  2497 E SSRU-RUS: Don't have packages for uid 99060
03-23 08:39:29.477  2337  4648 W ActivityManager: pid 2337 system sent binder code 31101 with flags 0 to frozen apps and got error -74
03-23 08:39:29.478  2337  2490 D Aurogon :  packageName = com.tencent.mm isAllowWakeUpList 
03-23 08:39:29.483  2337  2490 D Aurogon :  packageName = com.tencent.mm isAllowWakeUpList 
03-23 08:39:29.486  2337  2490 D BroadcastQueue: Logging broadcast for com.tencent.mm, stopped=false, firstLaunch=false
03-23 08:39:29.487  2337  2527 W BroadcastQueue: SmartPower Denial: receiving Intent { act=android.intent.action.ACTION_POWER_DISCONNECTED flg=0x4000010 xflg=0x4 pkg=com.tencent.mm (has extras) } ordered=true from android (uid 1000) to ProcessRecord{f94973f 26403:com.tencent.mm/u0a382}
03-23 08:39:29.487  2337  2527 W BroadcastQueue: SmartPower Denial: receiving Intent { act=android.intent.action.ACTION_POWER_DISCONNECTED flg=0x4000010 xflg=0x4 pkg=com.tencent.mm (has extras) } ordered=true from android (uid 1000) to ProcessRecord{f94973f 26403:com.tencent.mm/u0a382}
03-23 08:39:29.488  2337  2527 W BroadcastQueue: SmartPower Denial: receiving Intent { act=android.intent.action.ACTION_POWER_DISCONNECTED flg=0x4000010 xflg=0x4 pkg=com.tencent.mm (has extras) } ordered=true from android (uid 1000) to ProcessRecord{f94973f 26403:com.tencent.mm/u0a382}
03-23 08:39:29.488  2337  2527 W BroadcastQueue: SmartPower Denial: receiving Intent { act=android.intent.action.ACTION_POWER_DISCONNECTED flg=0x4000010 xflg=0x4 pkg=com.tencent.mm (has extras) } ordered=true from android (uid 1000) to ProcessRecord{f94973f 26403:com.tencent.mm/u0a382}
03-23 08:39:29.488  2337  2527 W BroadcastQueue: SmartPower Denial: receiving Intent { act=android.intent.action.ACTION_POWER_DISCONNECTED flg=0x4000010 xflg=0x4 pkg=com.tencent.mm (has extras) } ordered=true from android (uid 1000) to ProcessRecord{f94973f 26403:com.tencent.mm/u0a382}
03-23 08:39:29.489  2337  2527 W BroadcastQueue: SmartPower Denial: receiving Intent { act=android.intent.action.ACTION_POWER_DISCONNECTED flg=0x4000010 xflg=0x4 pkg=com.tencent.mm (has extras) } ordered=true from android (uid 1000) to ProcessRecord{1c210c1 11718:com.tencent.mm:appbrand1/u0a382}
03-23 08:39:29.490  2337  2497 E SSRU-RUS: Don't have packages for uid 99060
03-23 08:39:29.490  2337  2497 E SSRU-RUS: Don't have packages for uid 99060
03-23 08:39:29.490  2337  2527 W BroadcastQueue: SmartPower Denial: receiving Intent { act=android.intent.action.ACTION_POWER_DISCONNECTED flg=0x4000010 xflg=0x4 pkg=com.tencent.mm (has extras) } ordered=true from android (uid 1000) to ProcessRecord{f94973f 26403:com.tencent.mm/u0a382}
03-23 08:39:29.491  2337  2497 E SSRU-RUS: Don't have packages for uid 99060
03-23 08:39:29.491  2337  5007 D BroadcastQueue: Logging broadcast for com.tencent.mm, stopped=false, firstLaunch=false
03-23 08:39:29.492  2337  2527 W BroadcastQueue: SmartPower Denial: receiving Intent { act=android.intent.action.ACTION_POWER_CONNECTED flg=0x4000010 xflg=0x4 pkg=com.tencent.mm (has extras) } ordered=true from android (uid 1000) to ProcessRecord{f94973f 26403:com.tencent.mm/u0a382}
03-23 08:39:29.492  2337  2527 W BroadcastQueue: SmartPower Denial: receiving Intent { act=android.intent.action.ACTION_POWER_CONNECTED flg=0x4000010 xflg=0x4 pkg=com.tencent.mm (has extras) } ordered=true from android (uid 1000) to ProcessRecord{f94973f 26403:com.tencent.mm/u0a382}
03-23 08:39:29.493  2337  2527 W BroadcastQueue: SmartPower Denial: receiving Intent { act=android.intent.action.ACTION_POWER_CONNECTED flg=0x4000010 xflg=0x4 pkg=com.tencent.mm (has extras) } ordered=true from android (uid 1000) to ProcessRecord{f94973f 26403:com.tencent.mm/u0a382}
03-23 08:39:29.493  2337  2527 W BroadcastQueue: SmartPower Denial: receiving Intent { act=android.intent.action.ACTION_POWER_CONNECTED flg=0x4000010 xflg=0x4 pkg=com.tencent.mm (has extras) } ordered=true from android (uid 1000) to ProcessRecord{f94973f 26403:com.tencent.mm/u0a382}
03-23 08:39:29.493  2337  2527 W BroadcastQueue: SmartPower Denial: receiving Intent { act=android.intent.action.ACTION_POWER_CONNECTED flg=0x4000010 xflg=0x4 pkg=com.tencent.mm (has extras) } ordered=true from android (uid 1000) to ProcessRecord{f94973f 26403:com.tencent.mm/u0a382}
03-23 08:39:29.494  2337  2527 W BroadcastQueue: SmartPower Denial: receiving Intent { act=android.intent.action.ACTION_POWER_CONNECTED flg=0x4000010 xflg=0x4 pkg=com.tencent.mm (has extras) } ordered=true from android (uid 1000) to ProcessRecord{1c210c1 11718:com.tencent.mm:appbrand1/u0a382}
03-23 08:39:29.494  2337  2527 W BroadcastQueue: SmartPower Denial: receiving Intent { act=android.intent.action.ACTION_POWER_CONNECTED flg=0x4000010 xflg=0x4 pkg=com.tencent.mm (has extras) } ordered=true from android (uid 1000) to ProcessRecord{f94973f 26403:com.tencent.mm/u0a382}
03-23 08:39:29.495  2337  2527 I SmartPower: com.tencent.mm/10382(26403): idle->background(144195ms) R(broadcast start Intent { flg=0x10 xflg=0x4 cmp=com.tencent.mm/.booter.NotifyReceiver (has extras) }) adj=500.
03-23 08:39:29.496  2337  2497 E SSRU-RUS: Don't have packages for uid 99060
03-23 08:39:29.500  2337  2490 D BroadcastQueue: Logging broadcast for com.tencent.mm, stopped=false, firstLaunch=false
03-23 08:39:29.501  2337  2497 E SSRU-RUS: Don't have packages for uid 99060
03-23 08:39:29.536  2337  4648 W ActivityManager: pid 2337 system sent binder code 31101 with flags 0 to frozen apps and got error -74
03-23 08:39:29.582  2337  6553 D Aurogon :  packageName = com.tencent.mm isAllowWakeUpList 
03-23 08:39:29.585  2337  6553 D Aurogon :  packageName = com.tencent.mm isAllowWakeUpList 
03-23 08:39:29.590  2337  6553 D Aurogon :  packageName = com.tencent.mm isAllowWakeUpList 
03-23 08:39:29.604  2337  4648 W ActivityManager: pid 2337 system sent binder code 31101 with flags 0 to frozen apps and got error -74
03-23 08:39:29.671  2337  4648 W ActivityManager: pid 2337 system sent binder code 31101 with flags 0 to frozen apps and got error -74
03-23 08:39:29.749  2337  4648 W ActivityManager: pid 2337 system sent binder code 31101 with flags 0 to frozen apps and got error -74
03-23 08:39:29.822  2337  4648 W ActivityManager: pid 2337 system sent binder code 31101 with flags 0 to frozen apps and got error -74
03-23 08:39:29.890  2337  4648 W ActivityManager: pid 2337 system sent binder code 31101 with flags 0 to frozen apps and got error -74
03-23 08:39:29.964  2337  4648 W ActivityManager: pid 2337 system sent binder code 31101 with flags 0 to frozen apps and got error -74
03-23 08:39:30.041  2337  4648 W ActivityManager: pid 2337 system sent binder code 31101 with flags 0 to frozen apps and got error -74
03-23 08:39:30.110  2337  4648 W ActivityManager: pid 2337 system sent binder code 31101 with flags 0 to frozen apps and got error -74
03-23 08:39:30.177  2337  4648 W ActivityManager: pid 2337 system sent binder code 31101 with flags 0 to frozen apps and got error -74
03-23 08:39:30.245  2337  4648 W ActivityManager: pid 2337 system sent binder code 31101 with flags 0 to frozen apps and got error -74
03-23 08:39:30.315  2337  4648 W ActivityManager: pid 2337 system sent binder code 31101 with flags 0 to frozen apps and got error -74
03-23 08:39:30.374  2337  4602 D ExternalInterface: setUidState, uid = 10364 allow = false
03-23 08:39:30.383  2337  4648 W ActivityManager: pid 2337 system sent binder code 31101 with flags 0 to frozen apps and got error -74
03-23 08:39:30.451  2337  4648 W ActivityManager: pid 2337 system sent binder code 31101 with flags 0 to frozen apps and got error -74
03-23 08:39:30.487  2337  2527 D BroadcastQueue: Logging broadcast for com.android.phone, stopped=false, firstLaunch=false
03-23 08:39:30.488  2337  5007 D Aurogon :  packageName = com.tencent.mm isAllowWakeUpList 
03-23 08:39:30.491  2337  2490 D Aurogon :  packageName = com.tencent.mm isAllowWakeUpList 
03-23 08:39:30.519  2337  4648 W ActivityManager: pid 2337 system sent binder code 31101 with flags 0 to frozen apps and got error -74
03-23 08:39:30.587  2337  4648 W ActivityManager: pid 2337 system sent binder code 31101 with flags 0 to frozen apps and got error -74
03-23 08:39:30.592  2337  5007 D Aurogon :  packageName = com.tencent.mm isAllowWakeUpList 
03-23 08:39:30.595  2337  5007 D Aurogon :  packageName = com.tencent.mm isAllowWakeUpList 
03-23 08:39:30.654  2337  4648 W ActivityManager: pid 2337 system sent binder code 31101 with flags 0 to frozen apps and got error -74
03-23 08:39:30.725  2337  4648 W ActivityManager: pid 2337 system sent binder code 31101 with flags 0 to frozen apps and got error -74
03-23 08:39:30.797  2337  4648 W ActivityManager: pid 2337 system sent binder code 31101 with flags 0 to frozen apps and got error -74
03-23 08:39:30.867  2337  4648 W ActivityManager: pid 2337 system sent binder code 31101 with flags 0 to frozen apps and got error -74
03-23 08:39:30.937  2337  4648 W ActivityManager: pid 2337 system sent binder code 31101 with flags 0 to frozen apps and got error -74
03-23 08:39:31.006  2337  4648 W ActivityManager: pid 2337 system sent binder code 31101 with flags 0 to frozen apps and got error -74
03-23 08:39:31.073  2337  4648 W ActivityManager: pid 2337 system sent binder code 31101 with flags 0 to frozen apps and got error -74
03-23 08:39:31.141  2337  4648 W ActivityManager: pid 2337 system sent binder code 31101 with flags 0 to frozen apps and got error -74
03-23 08:39:31.208  2337  4648 W ActivityManager: pid 2337 system sent binder code 31101 with flags 0 to frozen apps and got error -74
03-23 08:39:31.277  2337  4648 W ActivityManager: pid 2337 system sent binder code 31101 with flags 0 to frozen apps and got error -74
03-23 08:39:31.346  2337  4648 W ActivityManager: pid 2337 system sent binder code 31101 with flags 0 to frozen apps and got error -74
03-23 08:39:31.414  2337  4648 W ActivityManager: pid 2337 system sent binder code 31101 with flags 0 to frozen apps and got error -74
03-23 08:39:31.481  2337  4648 W ActivityManager: pid 2337 system sent binder code 31101 with flags 0 to frozen apps and got error -74
03-23 08:39:31.551  2337  4648 W ActivityManager: pid 2337 system sent binder code 31101 with flags 0 to frozen apps and got error -74
03-23 08:39:31.618  2337  4648 W ActivityManager: pid 2337 system sent binder code 31101 with flags 0 to frozen apps and got error -74
03-23 08:39:31.685  2337  4648 W ActivityManager: pid 2337 system sent binder code 31101 with flags 0 to frozen apps and got error -74
03-23 08:39:31.749  2337  4648 W ActivityManager: pid 2337 system sent binder code 31101 with flags 0 to frozen apps and got error -74
03-23 08:39:31.816  2337  4648 W ActivityManager: pid 2337 system sent binder code 31101 with flags 0 to frozen apps and got error -74
03-23 08:39:31.885  2337  4648 W ActivityManager: pid 2337 system sent binder code 31101 with flags 0 to frozen apps and got error -74
03-23 08:39:31.954  2337  4648 W ActivityManager: pid 2337 system sent binder code 31101 with flags 0 to frozen apps and got error -74
03-23 08:39:32.023  2337  4648 W ActivityManager: pid 2337 system sent binder code 31101 with flags 0 to frozen apps and got error -74
03-23 08:39:32.090  2337  4648 W ActivityManager: pid 2337 system sent binder code 31101 with flags 0 to frozen apps and got error -74
03-23 08:39:32.162  2337  4648 W ActivityManager: pid 2337 system sent binder code 31101 with flags 0 to frozen apps and got error -74
03-23 08:39:32.230  2337  4648 W ActivityManager: pid 2337 system sent binder code 31101 with flags 0 to frozen apps and got error -74
03-23 08:39:32.298  2337  4648 W ActivityManager: pid 2337 system sent binder code 31101 with flags 0 to frozen apps and got error -74
03-23 08:39:32.365  2337  4648 W ActivityManager: pid 2337 system sent binder code 31101 with flags 0 to frozen apps and got error -74
03-23 08:39:32.434  2337  4648 W ActivityManager: pid 2337 system sent binder code 31101 with flags 0 to frozen apps and got error -74
03-23 08:39:32.498  2337  4649 I SmartPower: com.tencent.mm/10382(26403): background->idle(3003ms) R(broadcast start Intent { flg=0x10 xflg=0x4 cmp=com.tencent.mm/.booter.NotifyReceiver (has extras) }) adj=500.
03-23 08:39:32.505  2337  4648 W ActivityManager: pid 2337 system sent binder code 31101 with flags 0 to frozen apps and got error -74
03-23 08:39:32.575  2337  4648 W ActivityManager: pid 2337 system sent binder code 31101 with flags 0 to frozen apps and got error -74
03-23 08:39:32.643  2337  4648 W ActivityManager: pid 2337 system sent binder code 31101 with flags 0 to frozen apps and got error -74
03-23 08:39:32.709  2337  4648 W ActivityManager: pid 2337 system sent binder code 31101 with flags 0 to frozen apps and got error -74
03-23 08:39:32.777  2337  4648 W ActivityManager: pid 2337 system sent binder code 31101 with flags 0 to frozen apps and got error -74
03-23 08:39:32.843  2337  4648 W ActivityManager: pid 2337 system sent binder code 31101 with flags 0 to frozen apps and got error -74
03-23 08:39:32.911  2337  4648 W ActivityManager: pid 2337 system sent binder code 31101 with flags 0 to frozen apps and got error -74
03-23 08:39:32.982  2337  4648 W ActivityManager: pid 2337 system sent binder code 31101 with flags 0 to frozen apps and got error -74
03-23 08:39:33.049  2337  4648 W ActivityManager: pid 2337 system sent binder code 31101 with flags 0 to frozen apps and got error -74
03-23 08:39:33.120  2337  4648 W ActivityManager: pid 2337 system sent binder code 31101 with flags 0 to frozen apps and got error -74
03-23 08:39:33.189  2337  4648 W ActivityManager: pid 2337 system sent binder code 31101 with flags 0 to frozen apps and got error -74
03-23 08:39:33.254  2337  4648 W ActivityManager: pid 2337 system sent binder code 31101 with flags 0 to frozen apps and got error -74
03-23 08:39:33.326  2337  4648 W ActivityManager: pid 2337 system sent binder code 31101 with flags 0 to frozen apps and got error -74
03-23 08:39:33.392  2337  4648 W ActivityManager: pid 2337 system sent binder code 31101 with flags 0 to frozen apps and got error -74
03-23 08:39:33.462  2337  4648 W ActivityManager: pid 2337 system sent binder code 31101 with flags 0 to frozen apps and got error -74
03-23 08:39:33.531  2337  4648 W ActivityManager: pid 2337 system sent binder code 31101 with flags 0 to frozen apps and got error -74
03-23 08:39:33.539  2337  2527 D BroadcastQueue: Logging broadcast for com.android.phone, stopped=false, firstLaunch=false
03-23 08:39:33.599  2337  4648 W ActivityManager: pid 2337 system sent binder code 31101 with flags 0 to frozen apps and got error -74
03-23 08:39:33.668  2337  4648 W ActivityManager: pid 2337 system sent binder code 31101 with flags 0 to frozen apps and got error -74
03-23 08:39:33.736  2337  4648 W ActivityManager: pid 2337 system sent binder code 31101 with flags 0 to frozen apps and got error -74
03-23 08:39:33.803  2337  4648 W ActivityManager: pid 2337 system sent binder code 31101 with flags 0 to frozen apps and got error -74
03-23 08:39:33.889  2337  4648 W ActivityManager: pid 2337 system sent binder code 31101 with flags 0 to frozen apps and got error -74
03-23 08:39:33.948  2337  4648 W ActivityManager: pid 2337 system sent binder code 31101 with flags 0 to frozen apps and got error -74
03-23 08:39:34.017  2337  4648 W ActivityManager: pid 2337 system sent binder code 31101 with flags 0 to frozen apps and got error -74
03-23 08:39:34.086  2337  4648 W ActivityManager: pid 2337 system sent binder code 31101 with flags 0 to frozen apps and got error -74
03-23 08:39:34.158  2337  4648 W ActivityManager: pid 2337 system sent binder code 31101 with flags 0 to frozen apps and got error -74
03-23 08:39:34.226  2337  4648 W ActivityManager: pid 2337 system sent binder code 31101 with flags 0 to frozen apps and got error -74
03-23 08:39:34.294  2337  4648 W ActivityManager: pid 2337 system sent binder code 31101 with flags 0 to frozen apps and got error -74
03-23 08:39:34.364  2337  4648 W ActivityManager: pid 2337 system sent binder code 31101 with flags 0 to frozen apps and got error -74
03-23 08:39:34.431  2337  4648 W ActivityManager: pid 2337 system sent binder code 31101 with flags 0 to frozen apps and got error -74
03-23 08:39:34.499  2337  4648 W ActivityManager: pid 2337 system sent binder code 31101 with flags 0 to frozen apps and got error -74
03-23 08:39:34.567  2337  4648 W ActivityManager: pid 2337 system sent binder code 31101 with flags 0 to frozen apps and got error -74
03-23 08:39:34.639  2337  4648 W ActivityManager: pid 2337 system sent binder code 31101 with flags 0 to frozen apps and got error -74
03-23 08:39:34.708  2337  4648 W ActivityManager: pid 2337 system sent binder code 31101 with flags 0 to frozen apps and got error -74
03-23 08:39:34.773  5421  5421 I MiuiBubbleSettings: com.omarea.vtools 0isAppEnableBubbleNotification: false
03-23 08:39:34.783  2337  4648 W ActivityManager: pid 2337 system sent binder code 31101 with flags 0 to frozen apps and got error -74
03-23 08:39:34.847  2337  4648 W ActivityManager: pid 2337 system sent binder code 31101 with flags 0 to frozen apps and got error -74
03-23 08:39:34.917  2337  4648 W ActivityManager: pid 2337 system sent binder code 31101 with flags 0 to frozen apps and got error -74
03-23 08:39:34.985  2337  4648 W ActivityManager: pid 2337 system sent binder code 31101 with flags 0 to frozen apps and got error -74
03-23 08:39:34.996  2337  2490 I ActivityManager: unbindService com.android.server.am.ActiveServices@5d065e2 conn=android.os.BinderProxy@dad9e93 callingPid=6183
03-23 08:39:35.052  2337  4648 W ActivityManager: pid 2337 system sent binder code 31101 with flags 0 to frozen apps and got error -74
03-23 08:39:35.119  2337  4648 W ActivityManager: pid 2337 system sent binder code 31101 with flags 0 to frozen apps and got error -74
03-23 08:39:35.185  2337  4648 W ActivityManager: pid 2337 system sent binder code 31101 with flags 0 to frozen apps and got error -74
03-23 08:39:35.254  2337  4648 W ActivityManager: pid 2337 system sent binder code 31101 with flags 0 to frozen apps and got error -74
03-23 08:39:35.323  2337  4648 W ActivityManager: pid 2337 system sent binder code 31101 with flags 0 to frozen apps and got error -74
03-23 08:39:35.392  2337  4648 W ActivityManager: pid 2337 system sent binder code 31101 with flags 0 to frozen apps and got error -74
03-23 08:39:35.394  2337  4602 D ExternalInterface: setUidState, uid = 10364 allow = false
03-23 08:39:35.458  2337  4648 W ActivityManager: pid 2337 system sent binder code 31101 with flags 0 to frozen apps and got error -74
03-23 08:39:35.528  2337  4648 W ActivityManager: pid 2337 system sent binder code 31101 with flags 0 to frozen apps and got error -74
03-23 08:39:35.556  2337  2523 I ThermalObserver: Temperature control has been released.
03-23 08:39:35.596  2337  4648 W ActivityManager: pid 2337 system sent binder code 31101 with flags 0 to frozen apps and got error -74
03-23 08:39:35.664  2337  4648 W ActivityManager: pid 2337 system sent binder code 31101 with flags 0 to frozen apps and got error -74
03-23 08:39:35.731  2337  4648 W ActivityManager: pid 2337 system sent binder code 31101 with flags 0 to frozen apps and got error -74
03-23 08:39:35.800  2337  4648 W ActivityManager: pid 2337 system sent binder code 31101 with flags 0 to frozen apps and got error -74
03-23 08:39:35.867  2337  4648 W ActivityManager: pid 2337 system sent binder code 31101 with flags 0 to frozen apps and got error -74
03-23 08:39:35.938  2337  4648 W ActivityManager: pid 2337 system sent binder code 31101 with flags 0 to frozen apps and got error -74
03-23 08:39:36.002  2337  4648 W ActivityManager: pid 2337 system sent binder code 31101 with flags 0 to frozen apps and got error -74
03-23 08:39:36.074  2337  4648 W ActivityManager: pid 2337 system sent binder code 31101 with flags 0 to frozen apps and got error -74
03-23 08:39:36.140  2337  4648 W ActivityManager: pid 2337 system sent binder code 31101 with flags 0 to frozen apps and got error -74
03-23 08:39:36.209  2337  4648 W ActivityManager: pid 2337 system sent binder code 31101 with flags 0 to frozen apps and got error -74
03-23 08:39:36.275  2337  4648 W ActivityManager: pid 2337 system sent binder code 31101 with flags 0 to frozen apps and got error -74
03-23 08:39:36.342  2337  4648 W ActivityManager: pid 2337 system sent binder code 31101 with flags 0 to frozen apps and got error -74
03-23 08:39:36.599  2337  2527 D BroadcastQueue: Logging broadcast for com.android.phone, stopped=false, firstLaunch=false
03-23 08:39:39.494  2337  4602 D GreezeManager: FZ uid = 10382 reason =from system success !
03-23 08:39:39.495  2337  4602 D ExternalInterface: setUidState, uid = 10382 allow = false
03-23 08:39:39.496  2337  4597 D GreezeManager: iso uid:10382 p:{20443} :true
03-23 08:39:39.659  2337  2527 D BroadcastQueue: Logging broadcast for com.android.phone, stopped=false, firstLaunch=false
03-23 08:39:39.935  2337  2527 D BroadcastQueue: Logging broadcast for android, stopped=false, firstLaunch=false
03-23 08:39:39.939  2337  2527 D BroadcastQueue: Logging broadcast for android, stopped=false, firstLaunch=false
03-23 08:39:40.148  1224 26781 I keystore2: system/security/keystore2/watchdog/src/lib.rs:377 - Watchdog thread idle -> terminating. Have a great day.
03-23 08:39:40.402  2337  4602 D ExternalInterface: setUidState, uid = 10364 allow = false
03-23 08:39:40.771  5421  5421 I MiuiBubbleSettings: com.omarea.vtools 0isAppEnableBubbleNotification: false
03-23 08:39:42.716  2337  2527 D BroadcastQueue: Logging broadcast for com.android.phone, stopped=false, firstLaunch=false
--------- beginning of main
03-23 08:39:43.360  3106  3793 D libsensor-boledalgo: brightness:301,R:100896.7,G:100290.3,B:100290.3,EVENT C:6462.8,R:3129.3,G:2393.8,B:1446.4, lux: 76.0, clone:89549
03-23 08:39:43.361  3106  3793 I libsensor-boledalgo: Write:the value of channelCali C:2769.2,R:1541.2,G:908.6,B:549.7,scales [1.024484,1.028844,1.055530,0.912332]
03-23 08:39:43.361  3106  3793 D libsensor-boledalgo: brightness:301,R:100896.7,G:100290.3,B:100290.3,EVENT C:6462.8,R:3127.2,G:2395.8,B:1446.4, lux: 76.1, clone:89549
03-23 08:39:43.363  1980  1980 D DisplayModeController: setDesiredMode 4630947256895775107 {mode={fps=60.00 Hz, modePtr={id=0, vsyncRate=60.00 Hz, peakRefreshRate=60.00 Hz}}, emitEvent=false, force=false}
03-23 08:39:43.366  1754  2304 I SDM     : HWCDisplay::SetActiveConfigWithConstraints: display:67-0, config: 0, WxH 1440x3200, fps 60
03-23 08:39:43.367  1754  2304 W SDM     : HWDeviceDRM::GetSupportedBitClkRate: Requested rate not supported: 1200000000
03-23 08:39:43.367  1754  2304 I SDM     : HWDeviceDRM::UpdateMixerAttributes: Mixer WxH 1440x3200-1 for Peripheral
03-23 08:39:43.367  1754  2304 I SDM     : HWCDisplay::SubmitDisplayConfig: Active configuration changed from config 1 to 0
03-23 08:39:43.367  1754  2304 I SDM     : HWCDisplay::SubmitDisplayConfig: Active WxH 1440x3200 ,ddic_mode:normal, timing_fps: 60, sf_fps: 60
03-23 08:39:43.368  1754  1897 D SDM     : HWDeviceDRM::SetupConcurrentWriteback: Tear down the Concurrent Writeback topology
03-23 08:39:43.369  1754  2396 I vendor.qti.hardware.display.composer-service: Sensor: notify citsensorservice to trigger cwb, misForced = 0
03-23 08:39:43.369  3106  3787 I libsensor-parseRGB: request dump start for mRequestDisplayId 0
03-23 08:39:43.369  3106  3787 D vendor.xiaomi.sensor.citsensorservice.aidl: handle id:20 wxh:1536x3200 uwxuh:1440x3200 size: 14745600 fd:17 fd_meta:18 flags:0x228 usage:0x33  format:0x3 layer_count: 1 reserved_size = 0 custom_content_md_reserved_size = 0
03-23 08:39:43.370  1980  2320 E HwcComposer: getLuts failed Status(-129, EX_TRANSACTION_FAILED): 'UNKNOWN_TRANSACTION: '
03-23 08:39:43.371  1754  2304 D SDM     : HWCSession::PostBuffer: CWB config passed by cwb_client : tappoint 1  CWB_ROI : (768.000000 37.000000 1009.000000 278.000000)
03-23 08:39:43.374  1836  1957 D FPSMonitor: threadFuncFpsMonitor display 0, fps 60
03-23 08:39:43.428  1754 16722 D SDM     : CompManager::NotifyCwbDone: display 0 notify cwb callback, status = 0
03-23 08:39:43.430  1754  4749 D SDM     : HWCSession::NotifyCWBStatus: Notify the client about buffer status 0.
03-23 08:39:43.432  1754  4749 D SDM     : HWCSession::ProcessCWBStatus: CWB queue is empty. Display: 0
03-23 08:39:43.432  3106  4799 E libsensor-parseRGB: CWB NotifyCWBBufferDone  error 0
03-23 08:39:43.440 13327 13327 D HWUI    : DDRE Debug DrawPath: smoothCornerEnabled = true
03-23 08:39:43.445  1980  1980 D MI-SF   : isTpIdleScene ,mAverageFrameRate is 48, 0 
03-23 08:39:43.446  1980  1980 D MI-SF   : modeGroup0 mIsSupportAutomodeForMaxFpsSetting is 0(0), getCurrentBrightness() = 1065(880), mIsKeepAutoMode 0 isAutoModeAllowed() 1
03-23 08:39:43.446  1980  1980 D RefreshRateSelector: fixedMode_group: 0, isFindModeGroup 0
03-23 08:39:43.446  1980  1980 D RefreshRateSelector: find max refresh rate:120, mode Group:0
03-23 08:39:43.446  1980  1980 D DisplayModeController: setDesiredMode 4630947256895775107 {mode={fps=120.00 Hz, modePtr={id=1, vsyncRate=120.00 Hz, peakRefreshRate=120.00 Hz}}, emitEvent=true, force=false}
03-23 08:39:43.462  1754  2304 I SDM     : HWCDisplay::SetActiveConfigWithConstraints: display:67-0, config: 1, WxH 1440x3200, fps 120
03-23 08:39:43.464  1754  2304 W SDM     : HWDeviceDRM::GetSupportedBitClkRate: Requested rate not supported: 1200000000
03-23 08:39:43.464  1754  2304 I SDM     : HWDeviceDRM::UpdateMixerAttributes: Mixer WxH 1440x3200-1 for Peripheral
03-23 08:39:43.464  1754  2304 I SDM     : HWCDisplay::SubmitDisplayConfig: Active configuration changed from config 0 to 1
03-23 08:39:43.464  1754  2304 I SDM     : HWCDisplay::SubmitDisplayConfig: Active WxH 1440x3200 ,ddic_mode:normal, timing_fps: 120, sf_fps: 120
03-23 08:39:43.466  1754  1897 D SDM     : HWDeviceDRM::SetupConcurrentWriteback: Tear down the Concurrent Writeback topology
03-23 08:39:43.474  1836  1957 D FPSMonitor: threadFuncFpsMonitor display 0, fps 120
03-23 08:39:43.478  1980  1980 D MI-SF   : isTpIdleScene ,mAverageFrameRate is 48, 0 
03-23 08:39:43.478  1980  1980 D MI-SF   : modeGroup0 mIsSupportAutomodeForMaxFpsSetting is 0(0), getCurrentBrightness() = 1065(880), mIsKeepAutoMode 0 isAutoModeAllowed() 1
03-23 08:39:43.478  1980  1980 D RefreshRateSelector: fixedMode_group: 0, isFindModeGroup 0
03-23 08:39:43.478  1980  1980 D RefreshRateSelector: find max refresh rate:120, mode Group:0
03-23 08:39:43.558  1754  1897 I SDM     : DisplayBase::CommitThread: Received idle timeout, panel: cmd, timeout: 69999 us
03-23 08:39:43.558  3106  3793 I libsensor-boledalgo: Write:the value of channelCali C:2769.2,R:1541.2,G:908.6,B:549.7,scales [1.024484,1.028844,1.055530,0.912332]
03-23 08:39:43.558  3106  3793 D libsensor-boledalgo: brightness:301,R:100896.7,G:100290.3,B:100290.3,EVENT C:6466.8,R:3135.9,G:2405.9,B:1444.1, lux: 76.6, clone:89549
03-23 08:39:43.570  1980  2320 E HwcComposer: getLuts failed Status(-129, EX_TRANSACTION_FAILED): 'UNKNOWN_TRANSACTION: '
03-23 08:39:43.630  1754  2396 I vendor.qti.hardware.display.composer-service: Sensor: notify citsensorservice to trigger cwb, misForced = 1
03-23 08:39:43.631  3106  3787 I libsensor-parseRGB: request dump start for mRequestDisplayId 0
03-23 08:39:43.631  3106  3787 D vendor.xiaomi.sensor.citsensorservice.aidl: handle id:20 wxh:1536x3200 uwxuh:1440x3200 size: 14745600 fd:17 fd_meta:18 flags:0x228 usage:0x33  format:0x3 layer_count: 1 reserved_size = 0 custom_content_md_reserved_size = 0
03-23 08:39:43.632  1754  2304 D SDM     : HWCSession::PostBuffer: CWB config passed by cwb_client : tappoint 1  CWB_ROI : (768.000000 37.000000 1009.000000 278.000000)
03-23 08:39:43.653  1754 16722 D SDM     : CompManager::NotifyCwbDone: display 0 notify cwb callback, status = 0
03-23 08:39:43.654  1754  4749 D SDM     : HWCSession::NotifyCWBStatus: Notify the client about buffer status 0.
03-23 08:39:43.655  3106  4799 E libsensor-parseRGB: CWB NotifyCWBBufferDone  error 0
03-23 08:39:43.656  1754  4749 D SDM     : HWCSession::ProcessCWBStatus: CWB queue is empty. Display: 0
03-23 08:39:43.712  1754  1897 I SDM     : DisplayBase::CommitThread: Received idle timeout, panel: cmd, timeout: 70000 us
03-23 08:39:43.733  2337  6346 I NetworkAccelerateSwitchService: EVENT_RSSI_POLL. mRssiPoll=true
03-23 08:39:43.733  2337  6346 I NetworkAccelerateSwitchService: checkWifiRssiAndLinkSpeed rssi:28
03-23 08:39:43.733  2337  6346 I NetworkAccelerateSwitchService: checkWifiRssiAndLinkSpeed mWifiFastFade:false mWifiFastFadeAdjustThreshold:false
03-23 08:39:43.733  2337  6346 I NetworkAccelerateSwitchService: getAverageWifiRssi:27
03-23 08:39:43.734  2337  6346 D NetworkAccelerateSwitchService: checkIntervalModeChange mMovementState:false mIntervalMode:0 mIsBadLinkLayerQoE:false mBadLinkLayerQoETimes = 0
03-23 08:39:43.759  3106  3793 I libsensor-boledalgo: Write:the value of channelCali C:2769.2,R:1541.2,G:908.6,B:549.7,scales [1.024484,1.028844,1.055530,0.912332]
03-23 08:39:43.760  3106  3793 D libsensor-boledalgo: brightness:301,R:100896.7,G:100290.3,B:100290.3,EVENT C:6464.8,R:3129.3,G:2399.1,B:1444.4, lux: 76.3, clone:89549
03-23 08:39:43.761  3106  3793 I libsensor-boledalgo: Write:the value of channelCali C:2769.2,R:1541.2,G:908.6,B:549.7,scales [1.024484,1.028844,1.055530,0.912332]
03-23 08:39:43.762  3106  3793 D libsensor-boledalgo: brightness:301,R:100896.7,G:100290.3,B:100290.3,EVENT C:6472.0,R:3140.3,G:2408.2,B:1450.4, lux: 76.6, clone:89549
03-23 08:39:43.764  3106  3793 I libsensor-boledalgo: Write:the value of channelCali C:2769.2,R:1541.2,G:908.6,B:549.7,scales [1.024484,1.028844,1.055530,0.912332]
03-23 08:39:43.765  3106  3793 D libsensor-boledalgo: brightness:301,R:100896.7,G:100290.3,B:100290.3,EVENT C:6453.0,R:3132.4,G:2404.7,B:1443.9, lux: 76.4, clone:89549
03-23 08:39:43.771  1980  2320 E HwcComposer: getLuts failed Status(-129, EX_TRANSACTION_FAILED): 'UNKNOWN_TRANSACTION: '
03-23 08:39:43.826  5027  6953 D JavaheapMonitor: Java heap used=11M max=256M, proc: com.xiaomi.mi_connect_service:idm
03-23 08:39:43.826  5027  6953 V JavaheapMonitor: Check java heap usage finished! Next check delay: 300000
03-23 08:39:43.958  3106  3793 I libsensor-boledalgo: Write:the value of channelCali C:2769.2,R:1541.2,G:908.6,B:549.7,scales [1.024484,1.028844,1.055530,0.912332]
03-23 08:39:43.959  3106  3793 D libsensor-boledalgo: brightness:301,R:100896.7,G:100290.3,B:100290.3,EVENT C:6447.3,R:3127.2,G:2394.8,B:1439.8, lux: 76.1, clone:89549
03-23 08:39:43.959  3106  3793 I libsensor-boledalgo: Write:the value of channelCali C:2769.2,R:1541.2,G:908.6,B:549.7,scales [1.024484,1.028844,1.055530,0.912332]
03-23 08:39:43.959  3106  3793 D libsensor-boledalgo: brightness:301,R:100896.7,G:100290.3,B:100290.3,EVENT C:6450.2,R:3125.0,G:2397.6,B:1448.4, lux: 76.0, clone:89549
03-23 08:39:43.961  3106  3793 I libsensor-boledalgo: Write:the value of channelCali C:2769.2,R:1541.2,G:908.6,B:549.7,scales [1.024484,1.028844,1.055530,0.912332]
03-23 08:39:43.961  3106  3793 D libsensor-boledalgo: brightness:301,R:100896.7,G:100290.3,B:100290.3,EVENT C:6446.8,R:3129.3,G:2395.8,B:1446.7, lux: 75.9, clone:89549
03-23 08:39:43.974  1667  6353 D vendor.qti.bluetooth@1.1-wake_lock: Acquire wakelock is acquired 
03-23 08:39:43.978  5022  6393 V ScanController: onScanResult() - eventType=0x1b, addressType=1, address=XX:XX:XX:XX:32:9E, primaryPhy=1, secondaryPhy=0, advertisingSid=0xff, txPower=127, rssi=-59, periodicAdvInt=0x0, originalAddress=C9:A1:6E:56:32:9E
03-23 08:39:43.978  5022  6393 V ScanController: Skipping client: permission=true matches=false
03-23 08:39:43.978  5022  6393 V ScanController: Skipping client: permission=true matches=false
03-23 08:39:43.979  5022  6393 V ScanController: Skipping client: permission=true matches=false
03-23 08:39:43.980  6477  6477 D MiuiFastConnectService_Plugin: data V4 pos 80 res true
03-23 08:39:43.980  6477  6477 V BluetoothPluginCloud: queryPluginFeatureSupport: pluginVersion = 1.4_1.48featureId = scan_aux_V
03-23 08:39:43.982  6477  6477 D MiuiFastConnectService_Plugin: device Id 0201030048
03-23 08:39:43.984  6477  6769 D MiuiFastConnectService_Plugin: getCachedDeviceId: deviceId = 0201030048
03-23 08:39:43.984  6477  6769 D MiuiFastConnectV2_Plugin: getScrambledAccountKey data=[1B,82,D1,25,5A,43,0A,F6,29,24,BC,21,F5,B0,4C,A8,F5,47,73,1E,]
03-23 08:39:43.985  6477  6769 D MiuiParseData_Plugin: getRecordFromUnsyncTable
03-23 08:39:43.985  6477  6769 V BluetoothPluginCloud: queryPluginFeatureSupport: pluginVersion = 1.4_1.48featureId = 0201030048
03-23 08:39:43.986  6477  6769 D MiuiDataBaseUtils: minversion: 1.48, minversionLocal: 1.40
03-23 08:39:43.986  6477  6769 D MultiFeatureManager: getDeviceInfoV2!!!
03-23 08:39:43.991  6477  6769 D XiaoaiDialogTranslationController_btplugin: isMiuiBtSupportGlasses result = true
03-23 08:39:43.995  6477  6769 D XiaoaiDialogTranslationController_btplugin: isMiuiBtSupportGlasses result = true
03-23 08:39:43.998  6477  6769 D DeviceSupport: device info v2 length =140
03-23 08:39:43.998  6477  6769 D DeviceSupport: device info v2 has data, add to support id!140
03-23 08:39:43.999  6477  6769 D MultiFeatureManager: [checkSupport] check support in deviceinfoV2
03-23 08:39:43.999  6477  6769 D MultiFeatureManager: getDeviceInfoV2!!!
03-23 08:39:44.002  6477  6769 D XiaoaiDialogTranslationController_btplugin: isMiuiBtSupportGlasses result = true
03-23 08:39:44.004  6477  6769 D XiaoaiDialogTranslationController_btplugin: isMiuiBtSupportGlasses result = true
03-23 08:39:44.006  6477  6769 D DeviceSupport: device info v2 length =140
03-23 08:39:44.006  6477  6769 D DeviceSupport: device info v2 has data, add to support id!140
03-23 08:39:44.008  6477  6769 D MiuiCloudParser: isGlasses deviceId= 0201030048
03-23 08:39:44.009  6477  6769 D plgin_MiuiCandidateDeviceManager: add the mAlternateHeadsets size = {00:BB:43:BC:EE:7D=wear state =true, audio switch state =true, audio state = 0, connected =true, address =BC:EE:7Drecent add time =1774226384009, mAccountkey = [B@91f4a06, deviceId =0201030048}
03-23 08:39:44.009  6477  6769 D MiuiFastConnectStateMachine_Plugin: Scanning: MSG_BLE_SCAN_DEVICE
03-23 08:39:44.009  6477  6769 D MiuiFastConnectStateMachine_Plugin: dumpScanRecord Scanning getBytes: [1B,16,2D,FD,01,03,48,00,9A,07,5A,25,D1,82,1B,00,5A,FF,28,FE,9D,50,17,27,4E,50,01,00,02,01,1A,1B,FF,8F,03,16,01,1F,8E,2F,FF,5A,28,8B,47,40,BB,00,43,7D,EE,BC,FE,BB,00,43,CF,B7,E9,00,00,00,]
03-23 08:39:44.009  6477  6769 D MiuiFastConnectV2_Plugin: downloadAccountKey
03-23 08:39:44.009  6477  6769 D MiuiDataBaseUtils_Plugin: query BtData in datebase
03-23 08:39:44.009  6477  6769 D MiuiParseData_Plugin: getRecordFromUnsyncTable
03-23 08:39:44.009  6477  6769 E MiuiFastConnectV2_Plugin: eTag= 217318366503311104 syncId= AwQR5yaZFwEmac= 00:BB:43:BC:EE:7DaccountKey= 04AABFE27A79389A765CC944B55B1735
03-23 08:39:44.009  6477  6769 D MiuiFastConnectV2_Plugin: account key synced from cloud!
03-23 08:39:44.009  6477  6769 D MiuiFastConnectV2_Plugin: downloadAccountKey{00:BB:43:BC:EE:7D=04AABFE27A79389A765CC944B55B1735}
03-23 08:39:44.009  6477  6769 E MiuiFastConnectV2_Plugin: mac =00:BB:43:BC:EE:7D, accountKey =04AABFE27A79389A765CC944B55B1735
03-23 08:39:44.009  6477  6769 D MiuiFastConnectV2_Plugin: getScrambledAccountKey data=[1B,82,D1,25,5A,43,0A,F6,29,24,BC,21,F5,B0,4C,A8,F5,47,73,1E,]
03-23 08:39:44.009  6477  6769 I System.out: scrambledAccountKey: (byte)0x1B, (byte)0x82, (byte)0xD1, (byte)0x25, (byte)0x5A, 
03-23 08:39:44.009  6477  6769 D MiuiFastConnectStateMachine_Plugin: account strMac: 00:BB:43:BC:EE:7D
03-23 08:39:44.009  6477  6769 D MiuiFastConnectStateMachine_Plugin: scanCallback: data=[13,01,03,48,00,FE,5A,9A,07,8B,47,40,A1,C9,6E,9E,32,56,00,FF,28,00,00,00,], rssi: -59
03-23 08:39:44.010  6477  6769 D MiuiFastConnectStateMachine_Plugin: can't start activity rssi=-59, rssiThreshold=-54
03-23 08:39:44.010  6477  6769 D MiuiFastConnectStateMachine_Plugin: currentTime: 1774226384010, storedTime: 0
03-23 08:39:44.010  6477  6769 E MiuiFastConnectStateMachine_Plugin: Clear Current Device All Info, resetAdvNum:false
03-23 08:39:44.030  6477  6499 I iaomi.bluetooth: This is non sticky GC, maxfree is 33554432 minfree is 8388608
03-23 08:39:44.031  6477  8252 D JavaheapMonitor: Java heap used=3M max=256M, proc: com.xiaomi.bluetooth
03-23 08:39:44.031  6477  8252 V JavaheapMonitor: Check java heap usage finished! Next check delay: 300000
03-23 08:39:44.057 19425 22203 D JavaheapMonitor: Java heap used=8M max=512M, proc: com.miui.guardprovider
03-23 08:39:44.058 19425 22203 V JavaheapMonitor: Check java heap usage finished! Next check delay: 300000
03-23 08:39:44.158  3106  3793 I libsensor-boledalgo: Write:the value of channelCali C:2769.2,R:1541.2,G:908.6,B:549.7,scales [1.024484,1.028844,1.055530,0.912332]
03-23 08:39:44.159  3106  3793 D libsensor-boledalgo: brightness:301,R:100896.7,G:100290.3,B:100290.3,EVENT C:6447.3,R:3121.1,G:2392.0,B:1444.6, lux: 75.8, clone:89549
03-23 08:39:44.165  1667  5669 D vendor.qti.bluetooth@1.1-wake_lock: Release wakelock is released 
03-23 08:39:44.194  5022  5614 D JavaheapMonitor: Java heap used=4M max=256M, proc: com.android.bluetooth
03-23 08:39:44.195  5022  5614 V JavaheapMonitor: Check java heap usage finished! Next check delay: 300000
03-23 08:39:44.338 25473 25496 I .DeviceAsWebcam: This is non sticky GC, maxfree is 33554432 minfree is 8388608
03-23 08:39:44.342 25473 27530 D JavaheapMonitor: Java heap used=1M max=256M, proc: com.android.DeviceAsWebcam
03-23 08:39:44.342 25473 27530 V JavaheapMonitor: Check java heap usage finished! Next check delay: 300000
03-23 08:39:44.358  3106  3793 I libsensor-boledalgo: Write:the value of channelCali C:2769.2,R:1541.2,G:908.6,B:549.7,scales [1.024484,1.028844,1.055530,0.912332]
03-23 08:39:44.359  3106  3793 D libsensor-boledalgo: brightness:301,R:100896.7,G:100290.3,B:100290.3,EVENT C:6447.0,R:3125.0,G:2391.7,B:1446.4, lux: 75.7, clone:89549
03-23 08:39:44.360  3106  3793 I libsensor-boledalgo: Write:the value of channelCali C:2769.2,R:1541.2,G:908.6,B:549.7,scales [1.024484,1.028844,1.055530,0.912332]
03-23 08:39:44.361  3106  3793 D libsensor-boledalgo: brightness:301,R:100896.7,G:100290.3,B:100290.3,EVENT C:6464.8,R:3138.1,G:2401.4,B:1446.1, lux: 76.3, clone:89549
03-23 08:39:44.546  1980  1980 D DisplayModeController: setDesiredMode 4630947256895775107 {mode={fps=60.00 Hz, modePtr={id=0, vsyncRate=60.00 Hz, peakRefreshRate=60.00 Hz}}, emitEvent=false, force=false}
03-23 08:39:44.549  1754  2304 I SDM     : HWCDisplay::SetActiveConfigWithConstraints: display:67-0, config: 0, WxH 1440x3200, fps 60
03-23 08:39:44.550  1754  2304 W SDM     : HWDeviceDRM::GetSupportedBitClkRate: Requested rate not supported: 1200000000
03-23 08:39:44.550  1754  2304 I SDM     : HWDeviceDRM::UpdateMixerAttributes: Mixer WxH 1440x3200-1 for Peripheral
03-23 08:39:44.551  1754  2304 I SDM     : HWCDisplay::SubmitDisplayConfig: Active configuration changed from config 1 to 0
03-23 08:39:44.551  1754  2304 I SDM     : HWCDisplay::SubmitDisplayConfig: Active WxH 1440x3200 ,ddic_mode:normal, timing_fps: 60, sf_fps: 60
03-23 08:39:44.552  1754  1897 D SDM     : HWDeviceDRM::SetupConcurrentWriteback: Tear down the Concurrent Writeback topology
03-23 08:39:44.552  1754  2396 I vendor.qti.hardware.display.composer-service: Sensor: notify citsensorservice to trigger cwb, misForced = 0
03-23 08:39:44.552  3106  3787 I libsensor-parseRGB: request dump start for mRequestDisplayId 0
03-23 08:39:44.552  3106  3787 D vendor.xiaomi.sensor.citsensorservice.aidl: handle id:20 wxh:1536x3200 uwxuh:1440x3200 size: 14745600 fd:17 fd_meta:18 flags:0x228 usage:0x33  format:0x3 layer_count: 1 reserved_size = 0 custom_content_md_reserved_size = 0
03-23 08:39:44.553  1754  2304 D SDM     : HWCSession::PostBuffer: CWB config passed by cwb_client : tappoint 1  CWB_ROI : (768.000000 37.000000 1009.000000 278.000000)
03-23 08:39:44.559  1980  2320 E HwcComposer: getLuts failed Status(-129, EX_TRANSACTION_FAILED): 'UNKNOWN_TRANSACTION: '
03-23 08:39:44.558  3106  3793 I libsensor-boledalgo: Write:the value of channelCali C:2769.2,R:1541.2,G:908.6,B:549.7,scales [1.024484,1.028844,1.055530,0.912332]
03-23 08:39:44.560  3106  3793 D libsensor-boledalgo: brightness:301,R:100896.7,G:100290.3,B:100290.3,EVENT C:6436.2,R:3120.6,G:2395.8,B:1441.6, lux: 76.0, clone:89549
03-23 08:39:44.563  1836  1957 D FPSMonitor: threadFuncFpsMonitor display 0, fps 60
03-23 08:39:44.619  1754 16722 D SDM     : CompManager::NotifyCwbDone: display 0 notify cwb callback, status = 0
03-23 08:39:44.619  1754  4749 D SDM     : HWCSession::NotifyCWBStatus: Notify the client about buffer status 0.
03-23 08:39:44.620  1754  4749 D SDM     : HWCSession::ProcessCWBStatus: CWB queue is empty. Display: 0
03-23 08:39:44.620  3106 30376 E libsensor-parseRGB: CWB NotifyCWBBufferDone  error 0
03-23 08:39:44.665  1754  1897 I SDM     : DisplayBase::CommitThread: Received idle timeout, panel: cmd, timeout: 70000 us
03-23 08:39:44.758  3106  3793 I libsensor-boledalgo: Write:the value of channelCali C:2769.2,R:1541.2,G:908.6,B:549.7,scales [1.024484,1.028844,1.055530,0.912332]
03-23 08:39:44.759  3106  3793 D libsensor-boledalgo: brightness:301,R:100896.7,G:100290.3,B:100290.3,EVENT C:6463.6,R:3130.2,G:2404.9,B:1445.6, lux: 76.5, clone:89549
03-23 08:39:44.760  1980  2320 E HwcComposer: getLuts failed Status(-129, EX_TRANSACTION_FAILED): 'UNKNOWN_TRANSACTION: '
03-23 08:39:44.795  7253  7304 D QLM-Service: check_headroom_zone: Timer EVT, Temp: 35058
03-23 08:39:44.810  2865  3892 D qcrilNrd: SUB[1][xiaomi_qcril_qmi_nas.cpp:6243] xiaomi_qcril_qmi_nas_is_cmcc_network: function entry ------------->
03-23 08:39:44.810  2864  3899 D qcrilNrd: SUB[0][xiaomi_qcril_qmi_nas.cpp:6243] xiaomi_qcril_qmi_nas_is_cmcc_network: function entry ------------->
03-23 08:39:44.810  2864  3899 I qcrilNrd: SUB[0][xiaomi_qcril_qmi_nas.cpp:6271] xiaomi_qcril_qmi_nas_is_cmcc_network: mcc : 460, mnc: 00
03-23 08:39:44.811  2864  3899 D qcrilNrd: SUB[0][xiaomi_qcril_qmi_nas.cpp:6272] xiaomi_qcril_qmi_nas_is_cmcc_network: function exit, ret = 1 <-------------
03-23 08:39:44.811  2864  3899 D qcrilNrd: SUB[0][xiaomi_qcril_qmi_nas.cpp:6203] xiaomi_qcril_qmi_nas_is_cmcc_card: function entry ------------->
03-23 08:39:44.811  2864  3899 I qcrilNrd: SUB[0][xiaomi_qcril_qmi_nas.cpp:6228] xiaomi_qcril_qmi_nas_is_cmcc_card: card mcc : 460, card mnc: 00
03-23 08:39:44.811  2865  3892 I qcrilNrd: SUB[1][xiaomi_qcril_qmi_nas.cpp:6271] xiaomi_qcril_qmi_nas_is_cmcc_network: mcc : 460, mnc: 11
03-23 08:39:44.811  2864  3899 D qcrilNrd: SUB[0][xiaomi_qcril_qmi_nas.cpp:6229] xiaomi_qcril_qmi_nas_is_cmcc_card: function exit, ret = 1 <-------------
03-23 08:39:44.813  2865  3892 D qcrilNrd: SUB[1][xiaomi_qcril_qmi_nas.cpp:6272] xiaomi_qcril_qmi_nas_is_cmcc_network: function exit, ret = 0 <-------------
03-23 08:39:44.978  5257  5430 D HyperComm_TelephonyMonitor: onDataActivity[0], direction = 0
03-23 08:39:44.979  5358  5358 D DynamicService_WifiBt: PhoneStateListener.onDataActivity: direction=0
03-23 08:39:44.979  5358  5358 D DynamicService_WifiBt: modem or radio power state change,messageType: 128 state: 0
03-23 08:39:44.979  5257  5430 I SceneObserver: notify event: EVENT_DATA_ACTIVITY_CHANGED
03-23 08:39:45.013  2865  3892 D qcrilNrd: SUB[1][xiaomi_qcril_qmi_nas.cpp:6243] xiaomi_qcril_qmi_nas_is_cmcc_network: function entry ------------->
03-23 08:39:45.013  2864  3899 D qcrilNrd: SUB[0][xiaomi_qcril_qmi_nas.cpp:6243] xiaomi_qcril_qmi_nas_is_cmcc_network: function entry ------------->
03-23 08:39:45.014  2864  3899 I qcrilNrd: SUB[0][xiaomi_qcril_qmi_nas.cpp:6271] xiaomi_qcril_qmi_nas_is_cmcc_network: mcc : 460, mnc: 00
03-23 08:39:45.015  2865  3892 I qcrilNrd: SUB[1][xiaomi_qcril_qmi_nas.cpp:6271] xiaomi_qcril_qmi_nas_is_cmcc_network: mcc : 460, mnc: 11
03-23 08:39:45.015  2865  3892 D qcrilNrd: SUB[1][xiaomi_qcril_qmi_nas.cpp:6272] xiaomi_qcril_qmi_nas_is_cmcc_network: function exit, ret = 0 <-------------
03-23 08:39:45.015  2864  3899 D qcrilNrd: SUB[0][xiaomi_qcril_qmi_nas.cpp:6272] xiaomi_qcril_qmi_nas_is_cmcc_network: function exit, ret = 1 <-------------
03-23 08:39:45.015  2864  3899 D qcrilNrd: SUB[0][xiaomi_qcril_qmi_nas.cpp:6203] xiaomi_qcril_qmi_nas_is_cmcc_card: function entry ------------->
03-23 08:39:45.015  2864  3899 I qcrilNrd: SUB[0][xiaomi_qcril_qmi_nas.cpp:6228] xiaomi_qcril_qmi_nas_is_cmcc_card: card mcc : 460, card mnc: 00
03-23 08:39:45.015  2864  3899 D qcrilNrd: SUB[0][xiaomi_qcril_qmi_nas.cpp:6229] xiaomi_qcril_qmi_nas_is_cmcc_card: function exit, ret = 1 <-------------
03-23 08:39:45.030 13327 13327 D HWUI    : DDRE Debug DrawPath: smoothCornerEnabled = true
03-23 08:39:45.042  1980  1980 D MI-SF   : isTpIdleScene ,mAverageFrameRate is 4, 0 
03-23 08:39:45.042  1980  1980 D MI-SF   : modeGroup0 mIsSupportAutomodeForMaxFpsSetting is 0(0), getCurrentBrightness() = 1065(880), mIsKeepAutoMode 0 isAutoModeAllowed() 1
03-23 08:39:45.042  1980  1980 D RefreshRateSelector: fixedMode_group: 0, isFindModeGroup 0
03-23 08:39:45.042  1980  1980 D RefreshRateSelector: find max refresh rate:120, mode Group:0
03-23 08:39:45.042  1980  1980 D DisplayModeController: setDesiredMode 4630947256895775107 {mode={fps=120.00 Hz, modePtr={id=1, vsyncRate=120.00 Hz, peakRefreshRate=120.00 Hz}}, emitEvent=true, force=false}
03-23 08:39:45.051  1754  2304 I SDM     : HWCDisplay::SetActiveConfigWithConstraints: display:67-0, config: 1, WxH 1440x3200, fps 120
03-23 08:39:45.052  1754  2304 W SDM     : HWDeviceDRM::GetSupportedBitClkRate: Requested rate not supported: 1200000000
03-23 08:39:45.052  1754  2304 I SDM     : HWDeviceDRM::UpdateMixerAttributes: Mixer WxH 1440x3200-1 for Peripheral
03-23 08:39:45.052  1754  2304 I SDM     : HWCDisplay::SubmitDisplayConfig: Active configuration changed from config 0 to 1
03-23 08:39:45.052  1754  2304 I SDM     : HWCDisplay::SubmitDisplayConfig: Active WxH 1440x3200 ,ddic_mode:normal, timing_fps: 120, sf_fps: 120
03-23 08:39:45.053  1754  1897 D SDM     : HWDeviceDRM::SetupConcurrentWriteback: Tear down the Concurrent Writeback topology
03-23 08:39:45.054  1754  2396 I vendor.qti.hardware.display.composer-service: Sensor: notify citsensorservice to trigger cwb, misForced = 0
03-23 08:39:45.056  3106  3787 I libsensor-parseRGB: request dump start for mRequestDisplayId 0
03-23 08:39:45.056  3106  3787 D vendor.xiaomi.sensor.citsensorservice.aidl: handle id:20 wxh:1536x3200 uwxuh:1440x3200 size: 14745600 fd:17 fd_meta:18 flags:0x228 usage:0x33  format:0x3 layer_count: 1 reserved_size = 0 custom_content_md_reserved_size = 0
03-23 08:39:45.056  1980  2320 E HwcComposer: getLuts failed Status(-129, EX_TRANSACTION_FAILED): 'UNKNOWN_TRANSACTION: '
03-23 08:39:45.056 13327 13327 D HWUI    : DDRE Debug DrawPath: smoothCornerEnabled = true
03-23 08:39:45.058  1754  2304 D SDM     : HWCSession::PostBuffer: CWB config passed by cwb_client : tappoint 1  CWB_ROI : (768.000000 37.000000 1009.000000 278.000000)
03-23 08:39:45.060  1836  1957 D FPSMonitor: threadFuncFpsMonitor display 0, fps 120
03-23 08:39:45.066  5358  5651 D JavaheapMonitor: Java heap used=36M max=256M, proc: com.android.phone
03-23 08:39:45.066  5358  5651 V JavaheapMonitor: Check java heap usage finished! Next check delay: 300000
03-23 08:39:45.067  1980  1980 D MI-SF   : isTpIdleScene ,mAverageFrameRate is 4, 0 
03-23 08:39:45.067  1980  1980 D MI-SF   : modeGroup0 mIsSupportAutomodeForMaxFpsSetting is 0(0), getCurrentBrightness() = 1065(880), mIsKeepAutoMode 0 isAutoModeAllowed() 1
03-23 08:39:45.067  1980  1980 D RefreshRateSelector: fixedMode_group: 0, isFindModeGroup 0
03-23 08:39:45.067  1980  1980 D RefreshRateSelector: find max refresh rate:120, mode Group:0
03-23 08:39:45.070  1667  6353 D vendor.qti.bluetooth@1.1-wake_lock: Acquire wakelock is acquired 
03-23 08:39:45.070 13327 13327 D HWUI    : DDRE Debug DrawPath: smoothCornerEnabled = true
03-23 08:39:45.072  5022  6393 V ScanController: onScanResult() - eventType=0x1b, addressType=1, address=XX:XX:XX:XX:32:9E, primaryPhy=1, secondaryPhy=0, advertisingSid=0xff, txPower=127, rssi=-56, periodicAdvInt=0x0, originalAddress=C9:A1:6E:56:32:9E
03-23 08:39:45.072  5022  6393 V ScanController: Skipping client: permission=true matches=false
03-23 08:39:45.072  5022  6393 V ScanController: Skipping client: permission=true matches=false
03-23 08:39:45.073  5022  6393 V ScanController: Skipping client: permission=true matches=false
03-23 08:39:45.073  6477  6477 D MiuiFastConnectService_Plugin: data V4 pos 80 res true
03-23 08:39:45.073  6477  6477 V BluetoothPluginCloud: queryPluginFeatureSupport: pluginVersion = 1.4_1.48featureId = scan_aux_V
03-23 08:39:45.076  6477  6477 D MiuiFastConnectService_Plugin: device Id 0201030048
03-23 08:39:45.077  6477  6769 D MiuiFastConnectService_Plugin: getCachedDeviceId: deviceId = 0201030048
03-23 08:39:45.078  6477  6769 D MiuiFastConnectV2_Plugin: getScrambledAccountKey data=[1B,82,D1,25,5A,43,0A,F6,29,24,BC,21,F5,B0,4C,A8,F5,47,73,1E,]
