03-23 08:39:02.567  2337  6553 E ActivityStarterImpl: checkDeviceGuardStartActivityPermission: request is null
03-23 08:39:02.568  2337  6553 I SecurityManagerService: isVirtualDisplayActive caller=com.android.settings~1000, target=com.android.settings~1000~0
03-23 08:39:02.568  2337  6553 I SecurityManagerService: find uiagent virtual display id=0
03-23 08:39:02.568  2337  6553 I SecurityManagerService: no uiagent display, return
03-23 08:39:02.568  2337  6553 I SecurityManagerService: isVirtualDisplayActive, should not intercept
03-23 08:39:02.569  2337  6553 D CompatChangeReporter: Compat change id reported: 358129114; UID 1000; state: ENABLED
03-23 08:39:02.569  2337  6553 I AnimInterruptController: FIS notify Foresee interrupt start:2043
03-23 08:39:02.569  2337  6553 I AnimInterruptController: remove FO timeout
03-23 08:39:02.569  2337  6553 D DisplayContentStubImpl: Remove FixedRotationTimeoutRunnable
03-23 08:39:02.569  2337  6553 D BLASTSyncEngine: [DH_DEBUG]scheduleTimeout #2044 success=true timeoutMs=5000 callback=com.android.server.wm.BLASTSyncEngine$SyncGroup$$ExternalSyntheticLambda2@4676e77
03-23 08:39:02.569  2337  6553 I ActivityStarterImpl: isKeyguardEditor: false, newTransition: TransitionRecord{abc7ae4 id=2044 type=OPEN flags=0x0}
03-23 08:39:02.569  2337  6553 D WindowManager: Collecting in transition 2044: ActivityRecord{654157 u0 com.android.settings/.SubSettings init visibleRequested:false dc:null
03-23 08:39:02.569  2337  6553 I ActivityStarterImpl: boost warm start activity for com.android.settings
03-23 08:39:02.570  2337  6553 D MiuiFreeformServiceImpl: addLaunchFreeformActivityOptionIfNeed sourceFfas: null
03-23 08:39:02.570  2337  6553 D MiuiFreeformServiceImpl: addLaunchFreeformActivityOptionIfNeed skip due to not find sourceTask: null sourceFfas: null sourceFreeFormActivity: ActivityRecord{153177304 u0 com.android.settings/.MainSettings t1505}
03-23 08:39:02.571  2337  6553 W ActivityTaskManager: supportsMultiWindowInDisplayAreaForFreeForm: package=com.android.settings is in freeform blackList
03-23 08:39:02.572  2337  6553 W OptProp : Cannot read opt property android.window.PROPERTY_COMPAT_ALLOW_MIN_ASPECT_RATIO_OVERRIDE
03-23 08:39:02.572  2337  6553 D BarFollowAnimation: onTaskInfoChanedForCaptionBar Task{5761c97 #1505 type=standard A=1000:com.android.settings.root} shouldbeVisible:true isVisible:true isOnTop:true windowMode:1 preDisplayId:-1 displayId:0 mCaptionAssociatedTask:null mIsTouchedInCaption:false
03-23 08:39:02.572  2337  6553 D BarFollowAnimation: onTaskInfoChanedForCaptionBar Task{5761c97 #1505 type=standard A=1000:com.android.settings.root} shouldbeVisible:true isVisible:true isOnTop:true windowMode:1 preDisplayId:-1 displayId:0 mCaptionAssociatedTask:null mIsTouchedInCaption:false
03-23 08:39:02.572  2337  6553 W OptProp : Cannot read opt property android.window.PROPERTY_COMPAT_ALLOW_ORIENTATION_OVERRIDE
03-23 08:39:02.573  2337  6553 D BarFollowAnimation: onTaskInfoChanedForCaptionBar Task{5761c97 #1505 type=standard A=1000:com.android.settings.root} shouldbeVisible:true isVisible:true isOnTop:true windowMode:1 preDisplayId:-1 displayId:0 mCaptionAssociatedTask:null mIsTouchedInCaption:false
03-23 08:39:02.573  2337  6553 D MiuiFreeFormManagerService: onStartActivityInner as = Task{5761c97 #1505 type=standard A=1000:com.android.settings.root} op = ActivityOptions(121135440), mPackageName=null, mAnimationType=-1, mStartX=0, mStartY=0, mWidth=0, mHeight=0, mLaunchDisplayId=-1, mLaunchBoundsnull, mElementSurfaceTransition = null, activityOptionsInjector=ActivityOptionsInjector={freeformScale: -1.0 mIsNormalFreeForm: true}
03-23 08:39:02.573  2337  6553 D WindowManager: All the checks have been done, return STARTING_WINDOW_TYPE_NONE. this = ActivityRecord{654157 u0 com.android.settings/.SubSettings t1505}
03-23 08:39:02.573  2337  6553 I WindowManager: Try to add startingWindow type = STARTING_WINDOW_TYPE_NONE this = ActivityRecord{654157 u0 com.android.settings/.SubSettings t1505} mOccludesParent = true preAllowTaskSnapshot = true afterAllowTaskSnapshot = true newTask = false taskSwitch = false processRunning = true activityCreated = false activityAllDrawn = false isSnapshotCompatible = false snapshotRotation = NaN resolvedTheme = 2132149988 theme = 2132149988
03-23 08:39:02.574  2337  6553 D Transition: setReady 2044 wc=Task{5761c97 #1505 type=standard A=1000:com.android.settings.root} ready=false
03-23 08:39:02.575  2337  6553 D WindowManager: Collecting in transition 2044: ActivityRecord{654157 u0 com.android.settings/.SubSettings t1505} init visibleRequested:false dc:Display{#0 state=ON size=1080x2400 ROTATION_0}
03-23 08:39:02.575  2337  6553 I AnimInterruptController: mark Foresee interrupt start 2043
03-23 08:39:02.575  2337  6553 I AnimInterruptController: remove FO timeout
03-23 08:39:02.575  2337  6553 D DisplayContentStubImpl: Remove FixedRotationTimeoutRunnable
03-23 08:39:02.575  2337  6553 I ActivityTaskManager: START u0 {act=android.intent.action.MAIN xflg=0x4 cmp=com.android.settings/.SubSettings (has extras)} with LAUNCH_MULTIPLE from uid 1000 from pid 13327 callingPackage com.android.settings (sr=153177304) (BAL_ALLOW_VISIBLE_WINDOW) result code=0
03-23 08:39:02.575  2337  6553 I Perf[AppStartScene]: onSceneChangeNotify:Bundle[{renderThreadId=24398, applicationThread=android.os.BinderProxy@25041a0, pid=13327, uid=1000, name=com.android.settings.SubSettings, type=1, begin=true, state=2, processName=com.android.settings, packageName=com.android.settings, homeApp=false, appSwitch=false}]
03-23 08:39:02.578  5421  5594 D ShellSplitScreen: logExit: no-op, mLoggerSessionId is null
03-23 08:39:02.578  5421  5594 I SoScStageCoordinator: Transition requested:TransitionRequestInfo { type = OPEN, triggerTask = TaskInfo{userId=0 taskId=1505 effectiveUid=1000 displayId=0 isRunning=true baseIntent=Intent { act=android.intent.action.MAIN cat=[android.intent.category.LAUNCHER] flg=0x10200000 cmp=com.android.settings/.MainSettings } baseActivity=ComponentInfo{com.android.settings/com.android.settings.MiuiSettings} topActivity=ComponentInfo{com.android.settings/com.android.settings.SubSettings} origActivity=ComponentInfo{com.android.settings/com.android.settings.MainSettings} realActivity=ComponentInfo{com.android.settings/com.android.settings.MiuiSettings} numActivities=2 lastActiveTime=62983604 supportsSplitScreenMultiWindow=true mSoScDisplayMode=-1 supportsMultiWindow=true resizeMode=1 isResizeable=true minWidth=-1 minHeight=-1 defaultMinSize=200 token=WCT{android.window.IWindowContainerToken$Stub$Proxy@74ce5e} topActivityType=1 pictureInPictureParams=null shouldDockBigOverlays=false launchIntoPipHostTaskId=-1 lastParentTaskIdBeforePip=-1 displayCutoutSafeInsets=Rect(0, 0 - 0, 0) topActivityInfo=ActivityInfo{350b23f com.android.settings.SubSettings} launchCookies=[] positionInParent=Point(0, 0) parentTaskId=-1 isFocused=true isVisible=true isVisibleRequested=true isTopActivityNoDisplay=false isSleeping=false locusId=null displayAreaFeatureId=1 isTopActivityTransparent=false isActivityStackTransparent=false lastNonFullscreenBounds=Rect(286, 712 - 794, 1792) capturedLink=null capturedLinkTimestamp=0 requestedVisibleTypes=-9 topActivityRequestOpenInBrowserEducationTimestamp=0 appCompatTaskInfo=AppCompatTaskInfo { topActivityInSizeCompat=false eligibleForLetterboxEducation= false topActivityInMiuiSizeCompat=false isLetterboxEducationEnabled= false isLetterboxDoubleTapEnabled= false eligibleForUserAspectRatioButton= false topActivityBoundsLetterboxed= false isFromLetterboxDoubleTap= false topActivityLetterboxVerticalPosition= -1 topActivityLetterboxHorizontalPosition= -1 topActivityLetterboxWidth=-1 topActivityLetterboxHeight=-1 topActivityAppBounds=Rect(0, 0 - 1080, 2400) isUserFullscreenOverrideEnabled=false isSystemFullscreenOverrideEnabled=false hasMinAspectRatioOverride=false topActivityLetterboxBounds=null cameraCompatTaskInfo=CameraCompatTaskInfo { freeformCameraCompatMode=inactive}} isImmersive=false mTopActivityRequestOrientation=1 mStatusBarParent=null mNavBarParent=null mBehindAppLockPkg=null mOriginatingUid=0 isEmbedded=false shouldBeVisible=true isCreatedByOrganizer=false mIsCastMode=false mTopActivityMediaSize=null mTopActivityRecordName=ActivityRecord{654157 u0 com.android.settings/.SubSettings t1505} mTopActivityOrientation=-2 topActivityMainWindowFrame=null}, pipChange = null, remoteTransition = null, displayChange = null, flags = 0, debugId = 2044 } isSoScActive:false triggerTask:TaskInfo{userId=0 taskId=1505 effectiveUid=1000 displayId=0 isRunning=true baseIntent=Intent { act=android.intent.action.MAIN cat=[android.intent.category.LAUNCHER] flg=0x10200000 cmp=com.android.settings/.MainSettings } baseActivity=ComponentInfo{com.android.settings/com.android.settings.MiuiSettings} topActivity=ComponentInfo{com.android.settings/com.android.settings.SubSettings} origActivity=ComponentInfo{com.android.settings/com.android.settings.MainSettings} realActivity=ComponentInfo{com.android.settings/com.android.settings.MiuiSettings} numActivities=2 lastActiveTime=62983604 supportsSplitScreenMultiWindow=true mSoScDisplayMode=-1 supportsMultiWindow=true resizeMode=1 isResizeable=true minWidth=-1 minHeight=-1 defaultMinSize=200 token=WCT{android.window.IWindowContainerToken$Stub$Proxy@74ce5e} topActivityType=1 pictureInPictureParams=null shouldDockBigOverlays=false launchIntoPipHostTaskId=-1 lastParentTaskIdBeforePip=-1 displayCutoutSafeInsets=Rect(0, 0 - 0, 0) topActivityInfo=ActivityInfo{350b23f com.android.settings.SubSettings} launchCookies=[] positionInParent=Point(0, 0) parentTaskId=-1 isFocused=true isVisible=true isVisibleRequested=true isTopActivityNoDisplay=false isSleeping=false locusId=null displayAre
03-23 08:39:02.578  2337  2490 D WindowManager: Set transition=TransitionRecord{abc7ae4 id=2044 type=OPEN flags=0x0 c=[
03-23 08:39:02.578  2337  2490 D WindowManager:    ChangeInfo{d67b56f container=ActivityRecord{654157 u0 com.android.settings/.SubSettings t1505} flags=0x0}
03-23 08:39:02.578  2337  2490 D WindowManager:    ChangeInfo{14a427c container=Display{#0 state=ON size=1080x2400 ROTATION_0} flags=0x0}
03-23 08:39:02.578  2337  2490 D WindowManager:    ChangeInfo{4c84705 container=DefaultTaskDisplayArea@44103985 flags=0x0}
03-23 08:39:02.578  2337  2490 D WindowManager:    ChangeInfo{1c7f35a container=Task{5761c97 #1505 type=standard A=1000:com.android.settings.root} flags=0x0}
03-23 08:39:02.578  2337  2490 D WindowManager: ]
03-23 08:39:02.578  2337  2490 D WindowManager: }, ready=false, SyncId=2044 info=used=true, override=false, defer=0, states=Display{#0 state=ON size=1080x2400 ROTATION_0}:false reason=com.android.server.wm.Transition.applyReady:1266 com.android.server.wm.Transition.start:892 com.android.server.wm.WindowOrganizerController.startTransition:538 com.android.server.wm.WindowOrganizerController.startTransition:413 android.window.IWindowOrganizerController$Stub.onTransact:294 com.android.server.wm.WindowOrganizerController.onTransact:267 android.os.Binder.execTransactInternal:1433 android.os.Binder.execTransact:1372 
03-23 08:39:02.579  5421  5594 I MultiTaskingTaskInfo: MultiTaskingBaseTaskInfo::update::mTaskBounds = Rect(0, 0 - 1080, 2400), mTaskId = 1505
03-23 08:39:02.579  5421  5594 D MultiTaskingTransitionsHelper: skip updateBaseAnimParam taskId: 1505 pendingTransitions: [android.os.BinderProxy@9eb5b99] readyDuringSync: [] tracks: [Track #0 readyTransitions: []Track #1 readyTransitions: []Track #2 readyTransitions: []]
03-23 08:39:02.579  5421  5594 I MultiTaskingTaskRepository: onTaskInfoChanged::taskId = 1505, windowingMode = 1, mMultiWindowTaskIdsInZOrder = [5, 4], mFullscreenTaskIdsInZOrder = [1505, 1416, 1504, 1498, 1501, 1497, 1500, 1422, 1461, 1482, 1470], mFreeformTaskIdsInZOrder = [], mTasks: 1505, 1504, 1501, 1500, 1498, 1497, 1482, 1470, 1461, 1422, 1416, 8, 7, 6, 5, 4, 3, 1, 
03-23 08:39:02.579  5421  5594 D MiuiDecorationController: relayout:: taskId=1505 mRunningTaskInfo.mStatusBarParent=Surface(name=StatusBar Container of Task = 1505#34341)/@0x4a0e161 taskInfo.mStatusBarParent=Surface(name=StatusBar Container of Task = 1505#34341)/@0xb65470c
03-23 08:39:02.579  5421  5594 D MiuiDecorationController: relayout:: taskId=1505 mRunningTaskInfo.mNavBarParent=Surface(name=NavigationBar Container of Task = 1505#34340)/@0xf31b486 taskInfo.mNavBarParent=Surface(name=NavigationBar Container of Task = 1505#34340)/@0x50d1855
03-23 08:39:02.579  5421  5594 D MiuiDecorationController: relayout::taskId=1505, visible=true, bounds=Rect(0, 0 - 1080, 2400), focused=true, oldImmersive=false, newImmersive=false, windowMode=1, activityType=1, displayId=0, baseActivity=ComponentInfo{com.android.settings/com.android.settings.MiuiSettings}, topActivity=ComponentInfo{com.android.settings/com.android.settings.SubSettings}, callers=com.android.wm.shell.multitasking.miuimultiwinswitch.miuiwindowdecor.decoration.MiuiDecorationController.relayout:4 com.android.wm.shell.multitasking.miuimultiwinswitch.miuiwindowdecor.MulWinSwitchDecorViewModel.onTaskInfoChanged:18 com.android.wm.shell.multitasking.common.taskmanager.MultiTaskingTaskListener.onTaskInfoChanged:47 com.android.wm.shell.ShellTaskOrganizer.onTaskInfoChanged:136 android.window.TaskOrganizer$1.lambda$onTaskInfoChanged$6:300 
03-23 08:39:02.579  2337  2490 I DataHub : unregisterUIAgentListener packageName: com.android.settings~1000
03-23 08:39:02.579  2337  2490 I RemoteCallbackList: unregister success, remove callback for com.android.settings~1000
03-23 08:39:02.579  2337  4651 I DisplayModeDirectorImpl: setSmartDisplayUpRefreshRatePolicy [0.0,120.0]
03-23 08:39:02.580  5421  5594 D MiuiDecorationDot: needTopCaption: isFullscreen = true isPadDevice = false isFoldInnerScreen = false canShowCaptionWhenCasting = false
03-23 08:39:02.581  2337  5007 I ActivityTaskManager: The Process com.android.settings Already Exists in BG. So sending its PID: 13327
03-23 08:39:02.581  5421  5594 D MiuiDecorationDot: releaseViews_TopCaption: taskId=1505
03-23 08:39:02.581  5421  5594 D MiuiDecorationDot: releaseViews_TopCaption: taskId=1505
03-23 08:39:02.581  5421  5594 D MiuiDecorationBottom: needBottomCaption: needSupportNavigationHandle = false
03-23 08:39:02.581  2337  2509 D DisplayModeDirectorImpl: use smart display refresh rate policy false
03-23 08:39:02.581  5421  5594 D MiuiDecorationBottom: releaseViews_BottomCaption: taskId=1505
03-23 08:39:02.581  2337  2509 I DisplayModeDirectorImpl: updateRefreshRateResultIfNeeded after:baseModeId=2 allowGroupSwitching=false primary=physical: (0.0 Infinity) render:  (0.0 120.0) appRequest=physical: (0.0 Infinity) render:  (0.0 120.0) idleScreenRefreshRateConfig=null mNormalModeSkipOveride: false
03-23 08:39:02.581  5421  5594 D MiuiDecorationBottom: releaseViews_BottomCaption: taskId=1505
03-23 08:39:02.581  2337  5007 D WindowManager: Collecting in transition 2044: ActivityRecord{654157 u0 com.android.settings/.SubSettings t1505} init visibleRequested:false dc:Display{#0 state=ON size=1080x2400 ROTATION_0}
03-23 08:39:02.582  2337  5007 D WindowManager: Collecting in transition 2044: ActivityRecord{153177304 u0 com.android.settings/.MainSettings t1505} init visibleRequested:true dc:Display{#0 state=ON size=1080x2400 ROTATION_0}
03-23 08:39:02.582  2337  2527 D BroadcastQueue: Logging broadcast for com.phoenix.read, stopped=false, firstLaunch=false
03-23 08:39:02.582  2337  2527 D BroadcastQueue: Logging broadcast for com.phoenix.read, stopped=false, firstLaunch=false
03-23 08:39:02.582  2337  5007 D BarFollowAnimation: onTaskInfoChanedForCaptionBar Task{5761c97 #1505 type=standard A=1000:com.android.settings.root} shouldbeVisible:true isVisible:true isOnTop:true windowMode:1 preDisplayId:-1 displayId:0 mCaptionAssociatedTask:null mIsTouchedInCaption:false
03-23 08:39:02.582  2337  5007 D WindowManager: Collecting in transition 2044: ActivityRecord{654157 u0 com.android.settings/.SubSettings t1505} init visibleRequested:true dc:Display{#0 state=ON size=1080x2400 ROTATION_0}
03-23 08:39:02.583  2337  5007 I ATMSImpl: cacheTasksForDefaultDisplay size=10 topId=1505
03-23 08:39:02.584  2337  5007 I MiuiSplitInputMethodImpl: Skpi check shouldUpdateImeTargetForBackScreen.
03-23 08:39:02.584  2337  5007 I MiuiSplitInputMethodImpl: Skpi check shouldUpdateImeTargetForBackScreen.
03-23 08:39:02.584  2337  5007 I MiuiSplitInputMethodImpl: Skpi check shouldUpdateImeTargetForBackScreen.
03-23 08:39:02.584  2337  5007 I MiuiSplitInputMethodImpl: Skpi check shouldUpdateImeTargetForBackScreen.
03-23 08:39:02.584  2337  5007 I MiuiSplitInputMethodImpl: Skpi check shouldUpdateImeTargetForBackScreen.
03-23 08:39:02.584  2337  5007 I MiuiSplitInputMethodImpl: Skpi check shouldUpdateImeTargetForBackScreen.
03-23 08:39:02.584  2337  5007 I MiuiSplitInputMethodImpl: Skpi check shouldUpdateImeTargetForBackScreen.
03-23 08:39:02.584  2337  5007 I MiuiSplitInputMethodImpl: Skpi check shouldUpdateImeTargetForBackScreen.
03-23 08:39:02.584  2337  5007 I MiuiSplitInputMethodImpl: Skpi check shouldUpdateImeTargetForBackScreen.
03-23 08:39:02.584  2337  5007 I MiuiSplitInputMethodImpl: Skpi check shouldUpdateImeTargetForBackScreen.
03-23 08:39:02.584  2337  5007 I MiuiSplitInputMethodImpl: Skpi check shouldUpdateImeTargetForBackScreen.
03-23 08:39:02.584  2337  5007 I MiuiSplitInputMethodImpl: Skpi check shouldUpdateImeTargetForBackScreen.
03-23 08:39:02.584  2337  5007 I MiuiSplitInputMethodImpl: Skpi check shouldUpdateImeTargetForBackScreen.
03-23 08:39:02.584  2337  5007 I MiuiSplitInputMethodImpl: Skpi check shouldUpdateImeTargetForBackScreen.
03-23 08:39:02.584  2337  5007 I MiuiSplitInputMethodImpl: Skpi check shouldUpdateImeTargetForBackScreen.
03-23 08:39:02.584  2337  5007 I MiuiSplitInputMethodImpl: Skpi check shouldUpdateImeTargetForBackScreen.
03-23 08:39:02.584  2337  5007 I MiuiSplitInputMethodImpl: Skpi check shouldUpdateImeTargetForBackScreen.
03-23 08:39:02.584  2337  5007 I MiuiSplitInputMethodImpl: Skpi check shouldUpdateImeTargetForBackScreen.
03-23 08:39:02.584  2337  5007 I MiuiSplitInputMethodImpl: Skpi check shouldUpdateImeTargetForBackScreen.
03-23 08:39:02.584  2337  5007 D BarFollowAnimation: isAppTaskBarOnTop win:Window{c89bee7 u0 com.android.settings/com.android.settings.MainSettings} (mCurrentTopTask:Task{5761c97 #1505 type=standard A=1000:com.android.settings.root} : true); (mAssociatedTask:Task{5761c97 #1505 type=standard A=1000:com.android.settings.root} : true); (mHomeTask:Task{8b0ad35 #1 type=home} : false); mReparentToOriginParent:false mLastAppBarVisible:true mLastHomeBarVisible:false
03-23 08:39:02.584  2337  5007 D WindowManager: wms.Input focus has changed to null display=0 updateInputWindows = true
03-23 08:39:02.584  2337  5007 I MultiSenceManagerInternalStub: getInstance
03-23 08:39:02.585  2337  5007 W OptProp : Cannot read opt property android.window.PROPERTY_COMPAT_ALLOW_RESIZEABLE_ACTIVITY_OVERRIDES
03-23 08:39:02.585  2337  5007 D Transition: setReady 2044 wc=Display{#0 state=ON size=1080x2400 ROTATION_0} ready=true
03-23 08:39:02.585  5421  5594 I MultiTaskingTaskInfo: MultiTaskingBaseTaskInfo::update::mTaskBounds = Rect(0, 0 - 1080, 2400), mTaskId = 1505
03-23 08:39:02.585  5421  5594 D MultiTaskingTransitionsHelper: skip updateBaseAnimParam taskId: 1505 pendingTransitions: [android.os.BinderProxy@9eb5b99] readyDuringSync: [] tracks: [Track #0 readyTransitions: []Track #1 readyTransitions: []Track #2 readyTransitions: []]
03-23 08:39:02.585  5421  5594 I MultiTaskingTaskRepository: onTaskInfoChanged::taskId = 1505, windowingMode = 1, mMultiWindowTaskIdsInZOrder = [5, 4], mFullscreenTaskIdsInZOrder = [1505, 1416, 1504, 1498, 1501, 1497, 1500, 1422, 1461, 1482, 1470], mFreeformTaskIdsInZOrder = [], mTasks: 1505, 1504, 1501, 1500, 1498, 1497, 1482, 1470, 1461, 1422, 1416, 8, 7, 6, 5, 4, 3, 1, 
03-23 08:39:02.585  5421  5594 D MiuiDecorationController: relayout:: taskId=1505 mRunningTaskInfo.mStatusBarParent=Surface(name=StatusBar Container of Task = 1505#34341)/@0xb65470c taskInfo.mStatusBarParent=Surface(name=StatusBar Container of Task = 1505#34341)/@0x6a8335b
03-23 08:39:02.585  5421  5594 D MiuiDecorationController: relayout:: taskId=1505 mRunningTaskInfo.mNavBarParent=Surface(name=NavigationBar Container of Task = 1505#34340)/@0x50d1855 taskInfo.mNavBarParent=Surface(name=NavigationBar Container of Task = 1505#34340)/@0x8a5c7f8
03-23 08:39:02.586  5421  5594 D MiuiDecorationController: relayout::taskId=1505, visible=true, bounds=Rect(0, 0 - 1080, 2400), focused=true, oldImmersive=false, newImmersive=false, windowMode=1, activityType=1, displayId=0, baseActivity=ComponentInfo{com.android.settings/com.android.settings.MiuiSettings}, topActivity=ComponentInfo{com.android.settings/com.android.settings.SubSettings}, callers=com.android.wm.shell.multitasking.miuimultiwinswitch.miuiwindowdecor.decoration.MiuiDecorationController.relayout:4 com.android.wm.shell.multitasking.miuimultiwinswitch.miuiwindowdecor.MulWinSwitchDecorViewModel.onTaskInfoChanged:18 com.android.wm.shell.multitasking.common.taskmanager.MultiTaskingTaskListener.onTaskInfoChanged:47 com.android.wm.shell.ShellTaskOrganizer.onTaskInfoChanged:136 android.window.TaskOrganizer$1.lambda$onTaskInfoChanged$6:300 
03-23 08:39:02.586  2337  5007 D WindowManager: Set transition=TransitionRecord{abc7ae4 id=2044 type=OPEN flags=0x0 c=[
03-23 08:39:02.586  2337  5007 D WindowManager:    ChangeInfo{d67b56f container=ActivityRecord{654157 u0 com.android.settings/.SubSettings t1505} flags=0x0}
03-23 08:39:02.586  2337  5007 D WindowManager:    ChangeInfo{14a427c container=Display{#0 state=ON size=1080x2400 ROTATION_0} flags=0x0}
03-23 08:39:02.586  2337  5007 D WindowManager:    ChangeInfo{4c84705 container=DefaultTaskDisplayArea@44103985 flags=0x0}
03-23 08:39:02.586  2337  5007 D WindowManager:    ChangeInfo{1c7f35a container=Task{5761c97 #1505 type=standard A=1000:com.android.settings.root} flags=0x0}
03-23 08:39:02.586  2337  5007 D WindowManager:    ChangeInfo{30b4e81 container=ActivityRecord{153177304 u0 com.android.settings/.MainSettings t1505} flags=0x0}
03-23 08:39:02.586  2337  5007 D WindowManager: ]
03-23 08:39:02.586  2337  5007 D WindowManager: }, ready=true, SyncId=2044 info=used=true, override=false, defer=0, states=Display{#0 state=ON size=1080x2400 ROTATION_0}:true reason=com.android.server.wm.Transition.applyReady:1266 com.android.server.wm.Transition.setReady:1248 com.android.server.wm.TransitionController.setReady:1168 com.android.server.wm.TransitionController.setReady:1173 com.android.server.wm.DisplayContent.executeAppTransition:6228 com.android.server.wm.RootWindowContainer.executeAppTransitionForAllDisplay:2616 com.android.server.wm.ActivityRecord.completeResumeLocked:7239 com.android.server.wm.ActivityTaskSupervisor.realStartActivityLocked:980 
03-23 08:39:02.586  5421  5594 D MiuiDecorationDot: needTopCaption: isFullscreen = true isPadDevice = false isFoldInnerScreen = false canShowCaptionWhenCasting = false
03-23 08:39:02.586  5421  5594 D MiuiDecorationDot: releaseViews_TopCaption: taskId=1505
03-23 08:39:02.586  5421  5594 D MiuiDecorationDot: releaseViews_TopCaption: taskId=1505
03-23 08:39:02.586  5421  5594 D MiuiDecorationBottom: needBottomCaption: needSupportNavigationHandle = false
03-23 08:39:02.586  5421  5594 D MiuiDecorationBottom: releaseViews_BottomCaption: taskId=1505
03-23 08:39:02.586  5421  5594 D MiuiDecorationBottom: releaseViews_BottomCaption: taskId=1505
03-23 08:39:02.586  2337  5007 I ATMSImpl: cacheTasksForDefaultDisplay size=10 topId=1505
03-23 08:39:02.587  2337  5007 D BarFollowAnimation: pairAppearanceRegionAndWin win=Window{c89bee7 u0 com.android.settings/com.android.settings.MainSettings} 8
03-23 08:39:02.587  2337  5007 D BarFollowAnimation: isAppTaskBarOnTop win:Window{c89bee7 u0 com.android.settings/com.android.settings.MainSettings} (mCurrentTopTask:Task{5761c97 #1505 type=standard A=1000:com.android.settings.root} : true); (mAssociatedTask:Task{5761c97 #1505 type=standard A=1000:com.android.settings.root} : true); (mHomeTask:Task{8b0ad35 #1 type=home} : false); mReparentToOriginParent:false mLastAppBarVisible:true mLastHomeBarVisible:false
03-23 08:39:02.587  2337  5007 D MiuiRefreshRatePolicy: reset
03-23 08:39:02.587  2337  5007 I BLASTSyncEngine: SyncGroup 2044:  Unfinished container:ActivityRecord{654157 u0 com.android.settings/.SubSettings t1505}
03-23 08:39:02.587  2337  5007 I BLASTSyncEngine: isActivitySyncFinished isSyncFinished false ActivityRecord{654157 u0 com.android.settings/.SubSettings t1505}
03-23 08:39:02.588  2337  5020 E TransitionChain: Mismatch between current collecting (TransitionRecord{abc7ae4 id=2044 type=OPEN flags=0x0 c=[
03-23 08:39:02.588  2337  5020 E TransitionChain:    ChangeInfo{d67b56f container=ActivityRecord{654157 u0 com.android.settings/.SubSettings t1505} flags=0x0}
03-23 08:39:02.588  2337  5020 E TransitionChain:    ChangeInfo{14a427c container=Display{#0 state=ON size=1080x2400 ROTATION_0} flags=0x0}
03-23 08:39:02.588  2337  5020 E TransitionChain:    ChangeInfo{4c84705 container=DefaultTaskDisplayArea@44103985 flags=0x0}
03-23 08:39:02.588  2337  5020 E TransitionChain:    ChangeInfo{1c7f35a container=Task{5761c97 #1505 type=standard A=1000:com.android.settings.root} flags=0x0}
03-23 08:39:02.588  2337  5020 E TransitionChain:    ChangeInfo{30b4e81 container=ActivityRecord{153177304 u0 com.android.settings/.MainSettings t1505} flags=0x0}
03-23 08:39:02.588  2337  5020 E TransitionChain: ]
03-23 08:39:02.588  2337  5020 E TransitionChain: }) and chain (TransitionRecord{abc7ae4 id=2044 type=OPEN flags=0x0 c=[
03-23 08:39:02.588  2337  5020 E TransitionChain:    ChangeInfo{d67b56f container=ActivityRecord{654157 u0 com.android.settings/.SubSettings t1505} flags=0x0}
03-23 08:39:02.588  2337  5020 E TransitionChain:    ChangeInfo{14a427c container=Display{#0 state=ON size=1080x2400 ROTATION_0} flags=0x0}
03-23 08:39:02.588  2337  5020 E TransitionChain:    ChangeInfo{4c84705 container=DefaultTaskDisplayArea@44103985 flags=0x0}
03-23 08:39:02.588  2337  5020 E TransitionChain:    ChangeInfo{1c7f35a container=Task{5761c97 #1505 type=standard A=1000:com.android.settings.root} flags=0x0}
03-23 08:39:02.588  2337  5020 E TransitionChain:    ChangeInfo{30b4e81 container=ActivityRecord{153177304 u0 com.android.settings/.MainSettings t1505} flags=0x0}
03-23 08:39:02.588  2337  5020 E TransitionChain: ]
03-23 08:39:02.588  2337  5020 E TransitionChain: })
03-23 08:39:02.588  2337  5020 D ActivityTaskManager:  setSkipCaptureLayers tr: Task{5761c97 #1505 type=standard A=1000:com.android.settings.root}
03-23 08:39:02.589 13327 13369 I ActivityThread: HardwareRenderer preload  done
03-23 08:39:02.590  2337  2490 D BarFollowAnimation: onTaskInfoChanedForCaptionBar Task{5761c97 #1505 type=standard A=1000:com.android.settings.root} shouldbeVisible:true isVisible:true isOnTop:true windowMode:1 preDisplayId:-1 displayId:0 mCaptionAssociatedTask:null mIsTouchedInCaption:false
03-23 08:39:02.590  2337  5020 E TransitionChain: Mismatch between current collecting (TransitionRecord{abc7ae4 id=2044 type=OPEN flags=0x0 c=[
03-23 08:39:02.590  2337  5020 E TransitionChain:    ChangeInfo{d67b56f container=ActivityRecord{654157 u0 com.android.settings/.SubSettings t1505} flags=0x0}
03-23 08:39:02.590  2337  5020 E TransitionChain:    ChangeInfo{14a427c container=Display{#0 state=ON size=1080x2400 ROTATION_0} flags=0x0}
03-23 08:39:02.590  2337  5020 E TransitionChain:    ChangeInfo{4c84705 container=DefaultTaskDisplayArea@44103985 flags=0x0}
03-23 08:39:02.590  2337  5020 E TransitionChain:    ChangeInfo{1c7f35a container=Task{5761c97 #1505 type=standard A=1000:com.android.settings.root} flags=0x0}
03-23 08:39:02.590  2337  5020 E TransitionChain:    ChangeInfo{30b4e81 container=ActivityRecord{153177304 u0 com.android.settings/.MainSettings t1505} flags=0x0}
03-23 08:39:02.590  2337  5020 E TransitionChain: ]
03-23 08:39:02.590  2337  5020 E TransitionChain: }) and chain (TransitionRecord{abc7ae4 id=2044 type=OPEN flags=0x0 c=[
03-23 08:39:02.590  2337  5020 E TransitionChain:    ChangeInfo{d67b56f container=ActivityRecord{654157 u0 com.android.settings/.SubSettings t1505} flags=0x0}
03-23 08:39:02.590  2337  5020 E TransitionChain:    ChangeInfo{14a427c container=Display{#0 state=ON size=1080x2400 ROTATION_0} flags=0x0}
03-23 08:39:02.590  2337  5020 E TransitionChain:    ChangeInfo{4c84705 container=DefaultTaskDisplayArea@44103985 flags=0x0}
03-23 08:39:02.590  2337  5020 E TransitionChain:    ChangeInfo{1c7f35a container=Task{5761c97 #1505 type=standard A=1000:com.android.settings.root} flags=0x0}
03-23 08:39:02.590  2337  5020 E TransitionChain:    ChangeInfo{30b4e81 container=ActivityRecord{153177304 u0 com.android.settings/.MainSettings t1505} flags=0x0}
03-23 08:39:02.590  2337  5020 E TransitionChain: ]
03-23 08:39:02.590  2337  5020 E TransitionChain: })
03-23 08:39:02.590  2337  5020 D ActivityTaskManager:  setSkipCaptureLayers tr: Task{5761c97 #1505 type=standard A=1000:com.android.settings.root}
03-23 08:39:02.592  5421  5594 I MultiTaskingTaskInfo: MultiTaskingBaseTaskInfo::update::mTaskBounds = Rect(0, 0 - 1080, 2400), mTaskId = 1505
03-23 08:39:02.593  5421  5594 D MultiTaskingTransitionsHelper: skip updateBaseAnimParam taskId: 1505 pendingTransitions: [android.os.BinderProxy@9eb5b99] readyDuringSync: [] tracks: [Track #0 readyTransitions: []Track #1 readyTransitions: []Track #2 readyTransitions: []]
03-23 08:39:02.593  5421  5594 I MultiTaskingTaskRepository: onTaskInfoChanged::taskId = 1505, windowingMode = 1, mMultiWindowTaskIdsInZOrder = [5, 4], mFullscreenTaskIdsInZOrder = [1505, 1416, 1504, 1498, 1501, 1497, 1500, 1422, 1461, 1482, 1470], mFreeformTaskIdsInZOrder = [], mTasks: 1505, 1504, 1501, 1500, 1498, 1497, 1482, 1470, 1461, 1422, 1416, 8, 7, 6, 5, 4, 3, 1, 
03-23 08:39:02.593  5421  5594 D MiuiDecorationController: relayout:: taskId=1505 mRunningTaskInfo.mStatusBarParent=Surface(name=StatusBar Container of Task = 1505#34341)/@0x6a8335b taskInfo.mStatusBarParent=Surface(name=StatusBar Container of Task = 1505#34341)/@0x5164b36
03-23 08:39:02.593  5421  5594 D MiuiDecorationController: relayout:: taskId=1505 mRunningTaskInfo.mNavBarParent=Surface(name=NavigationBar Container of Task = 1505#34340)/@0x8a5c7f8 taskInfo.mNavBarParent=Surface(name=NavigationBar Container of Task = 1505#34340)/@0x72caa37
03-23 08:39:02.593 13327 24423 E ContentCatcherManager: failed to get ContentCatcherService.
03-23 08:39:02.593  5421  5594 D MiuiDecorationController: relayout::taskId=1505, visible=true, bounds=Rect(0, 0 - 1080, 2400), focused=true, oldImmersive=false, newImmersive=false, windowMode=1, activityType=1, displayId=0, baseActivity=ComponentInfo{com.android.settings/com.android.settings.MiuiSettings}, topActivity=ComponentInfo{com.android.settings/com.android.settings.SubSettings}, callers=com.android.wm.shell.multitasking.miuimultiwinswitch.miuiwindowdecor.decoration.MiuiDecorationController.relayout:4 com.android.wm.shell.multitasking.miuimultiwinswitch.miuiwindowdecor.MulWinSwitchDecorViewModel.onTaskInfoChanged:18 com.android.wm.shell.multitasking.common.taskmanager.MultiTaskingTaskListener.onTaskInfoChanged:47 com.android.wm.shell.ShellTaskOrganizer.onTaskInfoChanged:136 android.window.TaskOrganizer$1.lambda$onTaskInfoChanged$6:300 
03-23 08:39:02.593  5421  5594 D MiuiDecorationDot: needTopCaption: isFullscreen = true isPadDevice = false isFoldInnerScreen = false canShowCaptionWhenCasting = false
03-23 08:39:02.593 13327 24423 E ContentCatcherManager: failed to get ContentCatcherService.
03-23 08:39:02.593  5421  5594 D MiuiDecorationDot: releaseViews_TopCaption: taskId=1505
03-23 08:39:02.593  5421  5594 D MiuiDecorationDot: releaseViews_TopCaption: taskId=1505
03-23 08:39:02.594  5421  5594 D MiuiDecorationBottom: needBottomCaption: needSupportNavigationHandle = false
03-23 08:39:02.594  5421  5594 D MiuiDecorationBottom: releaseViews_BottomCaption: taskId=1505
03-23 08:39:02.594  5421  5594 D MiuiDecorationBottom: releaseViews_BottomCaption: taskId=1505
03-23 08:39:02.594  2337  5020 E TransitionChain: Mismatch between current collecting (TransitionRecord{abc7ae4 id=2044 type=OPEN flags=0x0 c=[
03-23 08:39:02.594  2337  5020 E TransitionChain:    ChangeInfo{d67b56f container=ActivityRecord{654157 u0 com.android.settings/.SubSettings t1505} flags=0x0}
03-23 08:39:02.594  2337  5020 E TransitionChain:    ChangeInfo{14a427c container=Display{#0 state=ON size=1080x2400 ROTATION_0} flags=0x0}
03-23 08:39:02.594  2337  5020 E TransitionChain:    ChangeInfo{4c84705 container=DefaultTaskDisplayArea@44103985 flags=0x0}
03-23 08:39:02.594  2337  5020 E TransitionChain:    ChangeInfo{1c7f35a container=Task{5761c97 #1505 type=standard A=1000:com.android.settings.root} flags=0x0}
03-23 08:39:02.594  2337  5020 E TransitionChain:    ChangeInfo{30b4e81 container=ActivityRecord{153177304 u0 com.android.settings/.MainSettings t1505} flags=0x0}
03-23 08:39:02.594  2337  5020 E TransitionChain: ]
03-23 08:39:02.594  2337  5020 E TransitionChain: }) and chain (TransitionRecord{abc7ae4 id=2044 type=OPEN flags=0x0 c=[
03-23 08:39:02.594  2337  5020 E TransitionChain:    ChangeInfo{d67b56f container=ActivityRecord{654157 u0 com.android.settings/.SubSettings t1505} flags=0x0}
03-23 08:39:02.594  2337  5020 E TransitionChain:    ChangeInfo{14a427c container=Display{#0 state=ON size=1080x2400 ROTATION_0} flags=0x0}
03-23 08:39:02.594  2337  5020 E TransitionChain:    ChangeInfo{4c84705 container=DefaultTaskDisplayArea@44103985 flags=0x0}
03-23 08:39:02.594  2337  5020 E TransitionChain:    ChangeInfo{1c7f35a container=Task{5761c97 #1505 type=standard A=1000:com.android.settings.root} flags=0x0}
03-23 08:39:02.594  2337  5020 E TransitionChain:    ChangeInfo{30b4e81 container=ActivityRecord{153177304 u0 com.android.settings/.MainSettings t1505} flags=0x0}
03-23 08:39:02.594  2337  5020 E TransitionChain: ]
03-23 08:39:02.594  2337  5020 E TransitionChain: })
03-23 08:39:02.594  2337  5020 D ActivityTaskManager:  setSkipCaptureLayers tr: Task{5761c97 #1505 type=standard A=1000:com.android.settings.root}
03-23 08:39:02.610  2337  4648 W ActivityManager: pid 2337 system sent binder code 31101 with flags 0 to frozen apps and got error -74
03-23 08:39:02.640 13327 13327 D MiuiMultiWindowUtils: freeform resolution args raw data:{  "wide_default":{    "freeform_args": {        "vertical_portrait":{"aspect_ratio":0.626, "original_ratio":0.5643,"original_scale":0.74,"top_margin":0.168,"left_margin":0.484},        "horizontal_portrait":{"aspect_ratio":0.626, "original_ratio":0.5643,"original_scale":0.74,"top_margin":0.1222,"left_margin":0.59745},        "vertical_landscape":{"aspect_ratio":1.6, "original_ratio":0.6992,"original_scale":0.604,"top_margin":0.2596,"left_margin":0.2624},        "horizontal_landscape":{"aspect_ratio":1.6, "original_ratio":0.6992,"original_scale":0.604,"top_margin":0.213,"left_margin":0.3758}    },    "mini_freeform_args":{        "vertical_portrait":{"original_ratio":0.147},        "horizontal_portrait":{"original_ratio":0.147},        "vertical_landscape":{"original_ratio":0.165},        "horizontal_landscape":{"original_ratio":0.165}    }  },  "narrow_default": {    "freeform_args": {        "vertical_portrait":{"aspect_ratio":0.626, "original_ratio":1,"original_scale":0.74,"top_margin":0.0753,"left_margin":-1},        "horizontal_portrait":{"aspect_ratio":0.626, "original_ratio":1,"original_scale":0.5756,"top_margin":-1,"left_margin":0.0753},        "vertical_landscape":{"aspect_ratio":1.6, "original_ratio":1,"original_scale":0.587,"top_margin":0.0753,"left_margin":-1},        "horizontal_landscape":{"aspect_ratio":1.6, "original_ratio":1,"original_scale":0.587,"top_margin":-1,"left_margin":0.0753}    },    "mini_freeform_args":{        "vertical_portrait":{"original_ratio":0.26},        "horizontal_portrait":{"original_ratio":0.26},        "vertical_landscape":{"original_ratio":0.293},        "horizontal_landscape":{"original_ratio":0.293}    }  },  "regular_default": {    "freeform_args": {      "vertical_portrait":{"aspect_ratio":0.625, "original_ratio":1,"original_scale":0.7,"top_margin":0.109,"left_margin":-1},      "horizontal_portrait":{"aspect_ratio":0.6667, "original_ratio":1,"original_scale":0.6102,"top_margin":-1,"left_margin":0.026},      "vertical_landscape":{"aspect_ratio":1.6, "original_ratio":1,"original_scale":0.5899,"top_margin":0.109,"left_margin":-1},      "horizontal_landscape":{"aspect_ratio":1.6, "original_ratio":1,"original_scale":0.5899,"top_margin":-1,"left_margin":0.026}    },    "mini_freeform_args":{      "vertical_portrait":{"original_ratio":0.25},      "horizontal_portrait":{"original_ratio":0.25},      "vertical_landscape":{"original_ratio":0.25},      "horizontal_landscape":{"original_ratio":0.25}    }  },  "pad_default": {    "freeform_args": {      "vertical_portrait":{"aspect_ratio":0.5625, "original_ratio":0.375,"original_scale":0.835,"top_margin":0.049,"left_margin":0.2775},      "horizontal_portrait":{"aspect_ratio":0.5625, "original_ratio":0.375,"original_scale":0.835,"top_margin":-1,"left_margin":0.6525},      "vertical_landscape":{"aspect_ratio":-1, "original_ratio":1,"original_scale":0.468,"top_margin":0.049,"left_margin":-1},      "horizontal_landscape":{"aspect_ratio":-1, "original_ratio":1,"original_scale":0.468,"top_margin":-1,"left_margin":0.4976}    },    "mini_freeform_args":{      "vertical_portrait":{"original_ratio":0.144},      "horizontal_portrait":{"original_ratio":0.144},      "vertical_landscape":{"original_ratio":0.2},      "horizontal_landscape":{"original_ratio":0.2}    }  }}
03-23 08:39:02.640 13327 13327 D MiuiMultiWindowUtils: initFreeFormResolutionArgs failed, device is manet
03-23 08:39:02.640 13327 13327 D MiuiMultiWindowUtils: supportMultiWindow: isSupportDevice = -1
03-23 08:39:02.640 13327 13327 D MiuiMultiWindowUtils: supportMultiWindow: isSupportDevice = -1
03-23 08:39:02.650 10858 20046 D MiuiMultiWindowUtils: supportMultiWindow: isSupportDevice = -1
03-23 08:39:02.650 10858  7454 D MiuiMultiWindowUtils: supportMultiWindow: isSupportDevice = -1
03-23 08:39:02.652 13327 13327 D MiuiMultiWindowUtils: supportMultiWindow: isSupportDevice = -1
03-23 08:39:02.652 13327 13327 D MiuiMultiWindowUtils: supportMultiWindow: isSupportDevice = -1
03-23 08:39:02.652 13327 13327 D MiuiMultiWindowUtils: supportMultiWindow: isSupportDevice = -1
03-23 08:39:02.652 13327 13327 D MiuiMultiWindowUtils: supportMultiWindow: isSupportDevice = -1
03-23 08:39:02.652 10858  7454 D MiuiMultiWindowUtils: supportMultiWindow: isSupportDevice = -1
03-23 08:39:02.653 10858  7454 D MiuiMultiWindowUtils: supportMultiWindow: isSupportDevice = -1
03-23 08:39:02.653 10858  7454 D MiuiMultiWindowUtils: supportMultiWindow: isSupportDevice = -1
03-23 08:39:02.653 10858  7454 D MiuiMultiWindowUtils: supportMultiWindow: isSupportDevice = -1
03-23 08:39:02.659 13327 13327 D MiuiMultiWindowUtils: supportMultiWindow: isSupportDevice = -1
03-23 08:39:02.659 13327 13327 D MiuiMultiWindowUtils: supportMultiWindow: isSupportDevice = -1
03-23 08:39:02.659 13327 13327 D MiuiMultiWindowUtils: supportMultiWindow: isSupportDevice = -1
03-23 08:39:02.659 13327 13327 D MiuiMultiWindowUtils: supportMultiWindow: isSupportDevice = -1
03-23 08:39:02.666 13327 13327 W ContextImpl: Calling a method in the system process without a qualified user: android.app.ContextImpl.bindService:2102 android.content.ContextWrapper.bindService:907 miui.settings.commonlib.MemoryOptimizationUtil.bindMemoryOptimizationService:96 com.android.settings.SettingsActivity.onStart:644 android.app.Instrumentation.callActivityOnStart:1712 
03-23 08:39:02.667  2337  6553 D ActivityManager: Logging bindService for com.android.htmlviewer, stopped=false, firstLaunch=false
03-23 08:39:02.668 13327 13327 D Activity: Activity = ActivityInfo{4e532ff com.android.settings.SubSettings}, Resume onConfigurationChanged = {1.0471566 460mcc?mnc [zh_CN] ldltr sw411dp w411dp h914dp 440dpi nrml long hdr widecg port finger -keyb/v/h -nav/h winConfig={ mBounds=Rect(0, 0 - 1080, 2400) mAppBounds=Rect(0, 0 - 1080, 2400) mMaxBounds=Rect(0, 0 - 1080, 2400) mDisplayRotation=ROTATION_0 mWindowingMode=fullscreen mActivityType=standard mAlwaysOnTop=undefined mRotation=ROTATION_0 mInSplitScreen=false letterBoxed=false foScaled=false isSpecificEmbedded=false embeddingScale=1.0} as.3 s.1 fontWeightAdjustment=0/dc themeChanged=0 themeChangedFlags=0 display=0 extraData = Bundle[{}] screenType=0c}
03-23 08:39:02.669  2337  2527 D BroadcastQueue: Logging broadcast for com.android.settings, stopped=false, firstLaunch=false
03-23 08:39:02.669 13327 13327 D MiuiMultiWindowUtils: supportMultiWindow: isSupportDevice = -1
03-23 08:39:02.669  2337  6647 I DataHub : registerUIAgentListener packageName: com.android.settings~1000, client:miui.security.IUIAgentInteractionClient$Stub$Proxy@b8ec7b0
03-23 08:39:02.669  2337  6647 I RemoteCallbackList: register success, put callback for com.android.settings~1000
03-23 08:39:02.670 10858  7454 D MiuiMultiWindowUtils: supportMultiWindow: isSupportDevice = -1
03-23 08:39:02.671 13327 13327 D MiuiMultiWindowUtils: supportMultiWindow: isSupportDevice = -1
03-23 08:39:02.671 13327 13327 D MiuiMultiWindowUtils: supportMultiWindow: isSupportDevice = -1
03-23 08:39:02.671 10858 20046 D MiuiMultiWindowUtils: supportMultiWindow: isSupportDevice = -1
03-23 08:39:02.671 10858 20046 D MiuiMultiWindowUtils: supportMultiWindow: isSupportDevice = -1
03-23 08:39:02.675 13327 13327 D MiuiMultiWindowUtils: supportMultiWindow: isSupportDevice = -1
03-23 08:39:02.675 13327 13327 D MiuiMultiWindowUtils: supportMultiWindow: isSupportDevice = -1
03-23 08:39:02.676  2337  4648 W ActivityManager: pid 2337 system sent binder code 31101 with flags 0 to frozen apps and got error -74
03-23 08:39:02.678  2337  2490 I MiuiSplitInputMethodImpl: Skpi check shouldUpdateImeTargetForBackScreen.
03-23 08:39:02.678  2337  2490 I MiuiSplitInputMethodImpl: Skpi check shouldUpdateImeTargetForBackScreen.
03-23 08:39:02.678  2337  2490 I MiuiSplitInputMethodImpl: Skpi check shouldUpdateImeTargetForBackScreen.
03-23 08:39:02.678  2337  2490 I MiuiSplitInputMethodImpl: Skpi check shouldUpdateImeTargetForBackScreen.
03-23 08:39:02.678  2337  2490 I MiuiSplitInputMethodImpl: Skpi check shouldUpdateImeTargetForBackScreen.
03-23 08:39:02.678  2337  2490 I MiuiSplitInputMethodImpl: Skpi check shouldUpdateImeTargetForBackScreen.
03-23 08:39:02.678  2337  2490 I MiuiSplitInputMethodImpl: Skpi check shouldUpdateImeTargetForBackScreen.
03-23 08:39:02.678  2337  2490 I MiuiSplitInputMethodImpl: Skpi check shouldUpdateImeTargetForBackScreen.
03-23 08:39:02.678  2337  2490 I MiuiSplitInputMethodImpl: Skpi check shouldUpdateImeTargetForBackScreen.
03-23 08:39:02.678  2337  2490 I MiuiSplitInputMethodImpl: Skpi check shouldUpdateImeTargetForBackScreen.
03-23 08:39:02.678  2337  2490 I MiuiSplitInputMethodImpl: Skpi check shouldUpdateImeTargetForBackScreen.
03-23 08:39:02.678  2337  2490 I MiuiSplitInputMethodImpl: Skpi check shouldUpdateImeTargetForBackScreen.
03-23 08:39:02.678  2337  2490 I MiuiSplitInputMethodImpl: Skpi check shouldUpdateImeTargetForBackScreen.
03-23 08:39:02.678  2337  2490 I MiuiSplitInputMethodImpl: Skpi check shouldUpdateImeTargetForBackScreen.
03-23 08:39:02.678  2337  2490 I MiuiSplitInputMethodImpl: Skpi check shouldUpdateImeTargetForBackScreen.
03-23 08:39:02.678  2337  2490 I MiuiSplitInputMethodImpl: Skpi check shouldUpdateImeTargetForBackScreen.
03-23 08:39:02.678  2337  2490 I MiuiSplitInputMethodImpl: Skpi check shouldUpdateImeTargetForBackScreen.
03-23 08:39:02.678  2337  2490 I MiuiSplitInputMethodImpl: Skpi check shouldUpdateImeTargetForBackScreen.
03-23 08:39:02.678  2337  2490 I MiuiSplitInputMethodImpl: Skpi check shouldUpdateImeTargetForBackScreen.
03-23 08:39:02.678  2337  2490 I MiuiSplitInputMethodImpl: Skpi check shouldUpdateImeTargetForBackScreen.
03-23 08:39:02.682  2337  6553 D BarFollowAnimation: onTaskInfoChanedForCaptionBar Task{5761c97 #1505 type=standard A=1000:com.android.settings.root} shouldbeVisible:true isVisible:true isOnTop:true windowMode:1 preDisplayId:-1 displayId:0 mCaptionAssociatedTask:null mIsTouchedInCaption:false
03-23 08:39:02.685  2337  2490 D BarFollowAnimation: pairAppearanceRegionAndWin win=Window{c89bee7 u0 com.android.settings/com.android.settings.MainSettings} 8
03-23 08:39:02.685  2337  2490 D BarFollowAnimation: isAppTaskBarOnTop win:Window{c89bee7 u0 com.android.settings/com.android.settings.MainSettings} (mCurrentTopTask:Task{5761c97 #1505 type=standard A=1000:com.android.settings.root} : true); (mAssociatedTask:Task{5761c97 #1505 type=standard A=1000:com.android.settings.root} : true); (mHomeTask:Task{8b0ad35 #1 type=home} : false); mReparentToOriginParent:false mLastAppBarVisible:true mLastHomeBarVisible:false
03-23 08:39:02.685  2337  2490 D MiuiRefreshRatePolicy: reset
03-23 08:39:02.685  2337  2490 I BLASTSyncEngine: SyncGroup 2044:  Unfinished container:ActivityRecord{654157 u0 com.android.settings/.SubSettings t1505}
03-23 08:39:02.685  2337  2490 I BLASTSyncEngine: isActivitySyncFinished isSyncFinished false ActivityRecord{654157 u0 com.android.settings/.SubSettings t1505}
03-23 08:39:02.685  2337  2490 I MiuiSplitInputMethodImpl: Skpi check shouldUpdateImeTargetForBackScreen.
03-23 08:39:02.685  2337  2490 I MiuiSplitInputMethodImpl: Skpi check shouldUpdateImeTargetForBackScreen.
03-23 08:39:02.685  2337  2490 I MiuiSplitInputMethodImpl: Skpi check shouldUpdateImeTargetForBackScreen.
03-23 08:39:02.685  2337  2490 I MiuiSplitInputMethodImpl: Skpi check shouldUpdateImeTargetForBackScreen.
03-23 08:39:02.685  2337  2490 I MiuiSplitInputMethodImpl: Skpi check shouldUpdateImeTargetForBackScreen.
03-23 08:39:02.685  2337  2490 I MiuiSplitInputMethodImpl: Skpi check shouldUpdateImeTargetForBackScreen.
03-23 08:39:02.685  2337  2490 I MiuiSplitInputMethodImpl: Skpi check shouldUpdateImeTargetForBackScreen.
03-23 08:39:02.685  2337  2490 I MiuiSplitInputMethodImpl: Skpi check shouldUpdateImeTargetForBackScreen.
03-23 08:39:02.685  2337  2490 I MiuiSplitInputMethodImpl: Skpi check shouldUpdateImeTargetForBackScreen.
03-23 08:39:02.685  2337  2490 I MiuiSplitInputMethodImpl: Skpi check shouldUpdateImeTargetForBackScreen.
03-23 08:39:02.686  2337  2490 I MiuiSplitInputMethodImpl: Skpi check shouldUpdateImeTargetForBackScreen.
03-23 08:39:02.686  2337  2490 I MiuiSplitInputMethodImpl: Skpi check shouldUpdateImeTargetForBackScreen.
03-23 08:39:02.686  2337  2490 I MiuiSplitInputMethodImpl: Skpi check shouldUpdateImeTargetForBackScreen.
03-23 08:39:02.686  2337  2490 I MiuiSplitInputMethodImpl: Skpi check shouldUpdateImeTargetForBackScreen.
03-23 08:39:02.686  2337  2490 I MiuiSplitInputMethodImpl: Skpi check shouldUpdateImeTargetForBackScreen.
03-23 08:39:02.686  2337  2490 I MiuiSplitInputMethodImpl: Skpi check shouldUpdateImeTargetForBackScreen.
03-23 08:39:02.686  2337  2490 I MiuiSplitInputMethodImpl: Skpi check shouldUpdateImeTargetForBackScreen.
03-23 08:39:02.686  2337  2490 I MiuiSplitInputMethodImpl: Skpi check shouldUpdateImeTargetForBackScreen.
03-23 08:39:02.686  2337  2490 I MiuiSplitInputMethodImpl: Skpi check shouldUpdateImeTargetForBackScreen.
03-23 08:39:02.686  5421  5594 I MultiTaskingTaskInfo: MultiTaskingBaseTaskInfo::update::mTaskBounds = Rect(0, 0 - 1080, 2400), mTaskId = 1505
03-23 08:39:02.686  5421  5594 D MultiTaskingTransitionsHelper: skip updateBaseAnimParam taskId: 1505 pendingTransitions: [android.os.BinderProxy@9eb5b99] readyDuringSync: [] tracks: [Track #0 readyTransitions: []Track #1 readyTransitions: []Track #2 readyTransitions: []]
03-23 08:39:02.686  5421  5594 I MultiTaskingTaskRepository: onTaskInfoChanged::taskId = 1505, windowingMode = 1, mMultiWindowTaskIdsInZOrder = [5, 4], mFullscreenTaskIdsInZOrder = [1505, 1416, 1504, 1498, 1501, 1497, 1500, 1422, 1461, 1482, 1470], mFreeformTaskIdsInZOrder = [], mTasks: 1505, 1504, 1501, 1500, 1498, 1497, 1482, 1470, 1461, 1422, 1416, 8, 7, 6, 5, 4, 3, 1, 
03-23 08:39:02.686  5421  5594 D MiuiDecorationController: relayout:: taskId=1505 mRunningTaskInfo.mStatusBarParent=Surface(name=StatusBar Container of Task = 1505#34341)/@0x5164b36 taskInfo.mStatusBarParent=Surface(name=StatusBar Container of Task = 1505#34341)/@0x860fd0d
03-23 08:39:02.686  5421  5594 D MiuiDecorationController: relayout:: taskId=1505 mRunningTaskInfo.mNavBarParent=Surface(name=NavigationBar Container of Task = 1505#34340)/@0x72caa37 taskInfo.mNavBarParent=Surface(name=NavigationBar Container of Task = 1505#34340)/@0x373e4c2
03-23 08:39:02.687  2337  2490 D BarFollowAnimation: isAppTaskBarOnTop win:Window{53e2147 u0 com.android.settings/com.android.settings.SubSettings} (mCurrentTopTask:Task{5761c97 #1505 type=standard A=1000:com.android.settings.root} : true); (mAssociatedTask:Task{5761c97 #1505 type=standard A=1000:com.android.settings.root} : true); (mHomeTask:Task{8b0ad35 #1 type=home} : false); mReparentToOriginParent:false mLastAppBarVisible:true mLastHomeBarVisible:false
03-23 08:39:02.687  5421  5594 D MiuiDecorationController: relayout::taskId=1505, visible=true, bounds=Rect(0, 0 - 1080, 2400), focused=true, oldImmersive=false, newImmersive=false, windowMode=1, activityType=1, displayId=0, baseActivity=ComponentInfo{com.android.settings/com.android.settings.MiuiSettings}, topActivity=ComponentInfo{com.android.settings/com.android.settings.SubSettings}, callers=com.android.wm.shell.multitasking.miuimultiwinswitch.miuiwindowdecor.decoration.MiuiDecorationController.relayout:4 com.android.wm.shell.multitasking.miuimultiwinswitch.miuiwindowdecor.MulWinSwitchDecorViewModel.onTaskInfoChanged:18 com.android.wm.shell.multitasking.common.taskmanager.MultiTaskingTaskListener.onTaskInfoChanged:47 com.android.wm.shell.ShellTaskOrganizer.onTaskInfoChanged:136 android.window.TaskOrganizer$1.lambda$onTaskInfoChanged$6:300 
